<?xml version="1.0" encoding="UTF-8" ?>
<testsuites name="vitest tests" tests="4133" failures="0" errors="0" time="272.186181941">
    <testsuite name="src/build-version.spec.ts" timestamp="2026-08-04T22:49:30.150Z" hostname="ali-Inspiron-15-3520" tests="7" failures="0" errors="0" skipped="0" time="0.015019934">
        <testcase classname="src/build-version.spec.ts" name="build-version: renderVersionArtifacts &gt; with an explicit build number (deterministic) &gt; embeds both the build number and version into version.prod.ts" time="0.001352836">
        </testcase>
        <testcase classname="src/build-version.spec.ts" name="build-version: renderVersionArtifacts &gt; with an explicit build number (deterministic) &gt; marks version.prod.ts as auto-generated so it is not hand-edited" time="0.000675822">
        </testcase>
        <testcase classname="src/build-version.spec.ts" name="build-version: renderVersionArtifacts &gt; with an explicit build number (deterministic) &gt; produces a manifest that the running app can parse, carrying the same build number" time="0.005116074">
        </testcase>
        <testcase classname="src/build-version.spec.ts" name="build-version: renderVersionArtifacts &gt; with an explicit build number (deterministic) &gt; keeps the bundle&apos;s build number and the manifest&apos;s build number identical (the comparison the service relies on)" time="0.000855388">
        </testcase>
        <testcase classname="src/build-version.spec.ts" name="build-version: renderVersionArtifacts &gt; with an explicit build number (deterministic) &gt; emits a TypeScript module that can be evaluated to the expected Version object" time="0.000894277">
        </testcase>
        <testcase classname="src/build-version.spec.ts" name="build-version: renderVersionArtifacts &gt; string-safety of interpolated values &gt; JSON-escapes a version containing quotes so the generated module stays valid" time="0.004031899">
        </testcase>
        <testcase classname="src/build-version.spec.ts" name="build-version: renderVersionArtifacts &gt; with a generated build number (default argument) &gt; derives a non-empty build number from the version when none is supplied" time="0.001309656">
        </testcase>
    </testsuite>
    <testsuite name="src/test-zone-setup.spec.ts" timestamp="2026-08-04T22:49:30.152Z" hostname="ali-Inspiron-15-3520" tests="3" failures="0" errors="0" skipped="0" time="0.012630878">
        <testcase classname="src/test-zone-setup.spec.ts" name="test-zone-setup &gt; runs each spec body inside a ProxyZone forked directly from the root zone" time="0.001827498">
        </testcase>
        <testcase classname="src/test-zone-setup.spec.ts" name="test-zone-setup &gt; supports fakeAsync, which requires an active ProxyZone" time="0.001472967">
        </testcase>
        <testcase classname="src/test-zone-setup.spec.ts" name="test-zone-setup &gt; supports waitForAsync, which requires an active ProxyZone" time="0.008859969">
        </testcase>
    </testsuite>
    <testsuite name="src/app/app.component.spec.ts" timestamp="2026-08-04T22:49:30.153Z" hostname="ali-Inspiron-15-3520" tests="9" failures="0" errors="0" skipped="0" time="0.086151955">
        <testcase classname="src/app/app.component.spec.ts" name="AppComponent &gt; config-loaded detection &gt; marks config as loaded when env is accessible" time="0.009418381">
        </testcase>
        <testcase classname="src/app/app.component.spec.ts" name="AppComponent &gt; config-loaded detection &gt; marks config as not loaded when accessing env throws" time="0.007981491">
        </testcase>
        <testcase classname="src/app/app.component.spec.ts" name="AppComponent &gt; config-loaded detection &gt; renders the configuration-error panel when config is not loaded" time="0.015033263">
        </testcase>
        <testcase classname="src/app/app.component.spec.ts" name="AppComponent &gt; config-loaded detection &gt; does not render the configuration-error panel when config is loaded" time="0.0153529">
        </testcase>
        <testcase classname="src/app/app.component.spec.ts" name="AppComponent &gt; deployment-version polling guard &gt; does not start polling for the &apos;dev&apos; placeholder build" time="0.006870649">
        </testcase>
        <testcase classname="src/app/app.component.spec.ts" name="AppComponent &gt; deployment-version polling guard &gt; does not start polling when the config flag is disabled" time="0.005969509">
        </testcase>
        <testcase classname="src/app/app.component.spec.ts" name="AppComponent &gt; deployment-version polling guard &gt; does not start polling when config failed to load" time="0.006569834">
        </testcase>
        <testcase classname="src/app/app.component.spec.ts" name="AppComponent &gt; deployment-version polling guard &gt; starts polling for a real build when the config flag is enabled" time="0.006901993">
        </testcase>
        <testcase classname="src/app/app.component.spec.ts" name="AppComponent &gt; retry &gt; reloads the page" time="0.011047986">
        </testcase>
    </testsuite>
    <testsuite name="src/environments/version.spec.ts" timestamp="2026-08-04T22:49:30.155Z" hostname="ali-Inspiron-15-3520" tests="2" failures="0" errors="0" skipped="0" time="0.001974971">
        <testcase classname="src/environments/version.spec.ts" name="Version (dev environment) &gt; exposes the version from package.json" time="0.001020268">
        </testcase>
        <testcase classname="src/environments/version.spec.ts" name="Version (dev environment) &gt; uses the &quot;dev&quot; build number placeholder" time="0.000587485">
        </testcase>
    </testsuite>
    <testsuite name="src/app/common/formly/formly-config.spec.ts" timestamp="2026-08-04T22:49:30.156Z" hostname="ali-Inspiron-15-3520" tests="11" failures="0" errors="0" skipped="0" time="0.00510986">
        <testcase classname="src/app/common/formly/formly-config.spec.ts" name="formly validation messages &gt; minItemsValidationMessage reports the minItems bound" time="0.000812594">
        </testcase>
        <testcase classname="src/app/common/formly/formly-config.spec.ts" name="formly validation messages &gt; maxItemsValidationMessage reports the maxItems bound" time="0.000467431">
        </testcase>
        <testcase classname="src/app/common/formly/formly-config.spec.ts" name="formly validation messages &gt; minlengthValidationMessage reports the minLength bound" time="0.000525297">
        </testcase>
        <testcase classname="src/app/common/formly/formly-config.spec.ts" name="formly validation messages &gt; maxlengthValidationMessage reports the maxLength bound" time="0.00041608">
        </testcase>
        <testcase classname="src/app/common/formly/formly-config.spec.ts" name="formly validation messages &gt; minValidationMessage reports the min bound" time="0.000356081">
        </testcase>
        <testcase classname="src/app/common/formly/formly-config.spec.ts" name="formly validation messages &gt; maxValidationMessage reports the max bound" time="0.000312924">
        </testcase>
        <testcase classname="src/app/common/formly/formly-config.spec.ts" name="formly validation messages &gt; multipleOfValidationMessage reports the step value" time="0.000349276">
        </testcase>
        <testcase classname="src/app/common/formly/formly-config.spec.ts" name="formly validation messages &gt; exclusiveMinimumValidationMessage reports the exclusive minimum" time="0.000361112">
        </testcase>
        <testcase classname="src/app/common/formly/formly-config.spec.ts" name="formly validation messages &gt; exclusiveMaximumValidationMessage reports the exclusive maximum" time="0.000332256">
        </testcase>
        <testcase classname="src/app/common/formly/formly-config.spec.ts" name="formly validation messages &gt; constValidationMessage quotes the expected constant" time="0.000321421">
        </testcase>
        <testcase classname="src/app/common/formly/formly-config.spec.ts" name="formly validation messages &gt; renders the literal &apos;undefined&apos; when the relevant prop is missing" time="0.000324103">
        </testcase>
    </testsuite>
    <testsuite name="src/app/common/formly/formly-utils.spec.ts" timestamp="2026-08-04T22:49:30.157Z" hostname="ali-Inspiron-15-3520" tests="16" failures="0" errors="0" skipped="0" time="0.028713399">
        <testcase classname="src/app/common/formly/formly-utils.spec.ts" name="getFieldByName &gt; returns the field whose key matches the name" time="0.000867248">
        </testcase>
        <testcase classname="src/app/common/formly/formly-utils.spec.ts" name="getFieldByName &gt; returns undefined when no field matches" time="0.000514051">
        </testcase>
        <testcase classname="src/app/common/formly/formly-utils.spec.ts" name="getFieldByName &gt; returns the first match when several fields share a key" time="0.000871919">
        </testcase>
        <testcase classname="src/app/common/formly/formly-utils.spec.ts" name="setHideExpression &gt; sets the hide expression on each named field that exists" time="0.001554413">
        </testcase>
        <testcase classname="src/app/common/formly/formly-utils.spec.ts" name="setHideExpression &gt; is a no-op for names that are not present" time="0.000777746">
        </testcase>
        <testcase classname="src/app/common/formly/formly-utils.spec.ts" name="createShouldHideFieldFunc &gt; returns false when the parent model is missing" time="0.001770975">
        </testcase>
        <testcase classname="src/app/common/formly/formly-utils.spec.ts" name="createShouldHideFieldFunc &gt; returns hideOnNull when the target value is null/undefined" time="0.001055346">
        </testcase>
        <testcase classname="src/app/common/formly/formly-utils.spec.ts" name="createShouldHideFieldFunc &gt; hides in regex mode iff the value matches ^(expected)$" time="0.001027759">
        </testcase>
        <testcase classname="src/app/common/formly/formly-utils.spec.ts" name="createShouldHideFieldFunc &gt; hides in equals mode iff value.toString() equals the expected value" time="0.000827206">
        </testcase>
        <testcase classname="src/app/common/formly/formly-utils.spec.ts" name="setChildTypeDependency &gt; collects timestamp attribute names across all ports and sets a description expression on the child" time="0.001281275">
        </testcase>
        <testcase classname="src/app/common/formly/formly-utils.spec.ts" name="setChildTypeDependency &gt; emits an empty timestamp list when there are no timestamp-typed attributes" time="0.000830213">
        </testcase>
        <testcase classname="src/app/common/formly/formly-utils.spec.ts" name="setChildTypeDependency &gt; treats undefined attributes as an empty timestamp list" time="0.000664903">
        </testcase>
        <testcase classname="src/app/common/formly/formly-utils.spec.ts" name="setChildTypeDependency &gt; is a no-op when the named child field is not present" time="0.000578719">
        </testcase>
        <testcase classname="src/app/common/formly/formly-utils.spec.ts" name="createOutputFormChangeEventStream &gt; debounces bursts, emitting only the latest value once the debounce window elapses" time="0.009600611">
        </testcase>
        <testcase classname="src/app/common/formly/formly-utils.spec.ts" name="createOutputFormChangeEventStream &gt; drops a repeated identical value via distinctUntilChanged" time="0.002593649">
        </testcase>
        <testcase classname="src/app/common/formly/formly-utils.spec.ts" name="createOutputFormChangeEventStream &gt; gates emissions through the modelCheck predicate" time="0.002682619">
        </testcase>
    </testsuite>
    <testsuite name="src/app/common/service/blob-error-http-interceptor.service.spec.ts" timestamp="2026-08-04T22:49:30.160Z" hostname="ali-Inspiron-15-3520" tests="8" failures="0" errors="0" skipped="0" time="0.033172321">
        <testcase classname="src/app/common/service/blob-error-http-interceptor.service.spec.ts" name="BlobErrorHttpInterceptor &gt; passes a successful response through unchanged" time="0.00243244">
        </testcase>
        <testcase classname="src/app/common/service/blob-error-http-interceptor.service.spec.ts" name="BlobErrorHttpInterceptor &gt; re-throws an error that is not an HttpErrorResponse unchanged" time="0.003311848">
        </testcase>
        <testcase classname="src/app/common/service/blob-error-http-interceptor.service.spec.ts" name="BlobErrorHttpInterceptor &gt; re-throws an HttpErrorResponse whose error is not a Blob unchanged" time="0.001101065">
        </testcase>
        <testcase classname="src/app/common/service/blob-error-http-interceptor.service.spec.ts" name="BlobErrorHttpInterceptor &gt; re-throws an HttpErrorResponse with a non-json Blob unchanged" time="0.001226354">
        </testcase>
        <testcase classname="src/app/common/service/blob-error-http-interceptor.service.spec.ts" name="BlobErrorHttpInterceptor &gt; parses an application/json Blob error into a new HttpErrorResponse, preserving status/headers/url" time="0.015616864">
        </testcase>
        <testcase classname="src/app/common/service/blob-error-http-interceptor.service.spec.ts" name="BlobErrorHttpInterceptor &gt; builds a new error with a null url when the original error has no url" time="0.00301804">
        </testcase>
        <testcase classname="src/app/common/service/blob-error-http-interceptor.service.spec.ts" name="BlobErrorHttpInterceptor &gt; re-throws the original error when the Blob contains malformed JSON" time="0.002018836">
        </testcase>
        <testcase classname="src/app/common/service/blob-error-http-interceptor.service.spec.ts" name="BlobErrorHttpInterceptor &gt; re-throws the original error when the FileReader fails" time="0.003725411">
        </testcase>
    </testsuite>
    <testsuite name="src/app/common/service/gui-config.service.spec.ts" timestamp="2026-08-04T22:49:30.161Z" hostname="ali-Inspiron-15-3520" tests="15" failures="0" errors="0" skipped="0" time="0.082796766">
        <testcase classname="src/app/common/service/gui-config.service.spec.ts" name="GuiConfigService &gt; loadPreLogin fetches /config/pre-login and merges the response into env" time="0.016220582">
        </testcase>
        <testcase classname="src/app/common/service/gui-config.service.spec.ts" name="GuiConfigService &gt; loadPreLogin propagates errors so APP_INITIALIZER can surface them" time="0.007784471">
            <system-err>
Failed to load pre-login configuration: HttpErrorResponse {
  headers: HttpHeaders {
    headers: Map(0) {},
    normalizedNames: Map(0) {},
    lazyInit: undefined,
    lazyUpdate: null
  },
  status: 0,
  statusText: &apos;Unknown Error&apos;,
  url: &apos;api/config/pre-login&apos;,
  ok: false,
  type: undefined,
  redirected: undefined,
  responseType: undefined,
  name: &apos;HttpErrorResponse&apos;,
  message: &apos;Http failure response for api/config/pre-login: 0 &apos;,
  error: ProgressEvent { isTrusted: [Getter] }
}

            </system-err>
        </testcase>
        <testcase classname="src/app/common/service/gui-config.service.spec.ts" name="GuiConfigService &gt; loadPostLogin fetches /config/gui, /config/amber and /config/user-system in parallel and merges" time="0.006869234">
        </testcase>
        <testcase classname="src/app/common/service/gui-config.service.spec.ts" name="GuiConfigService &gt; loadPostLogin preserves pre-login fields when both phases run" time="0.004325387">
        </testcase>
        <testcase classname="src/app/common/service/gui-config.service.spec.ts" name="GuiConfigService &gt; load() only hits /config/pre-login when no access token is in localStorage" time="0.005293795">
        </testcase>
        <testcase classname="src/app/common/service/gui-config.service.spec.ts" name="GuiConfigService &gt; load() chains /config/gui + /config/amber + /config/user-system when a token is stored" time="0.004255329">
        </testcase>
        <testcase classname="src/app/common/service/gui-config.service.spec.ts" name="GuiConfigService &gt; load() swallows post-login 403s so bootstrap is not blocked by an expired token" time="0.006457872">
            <system-err>
Failed to load authenticated config; continuing with pre-login only. HttpErrorResponse {
  headers: HttpHeaders {
    headers: Map(0) {},
    normalizedNames: Map(0) {},
    lazyInit: undefined,
    lazyUpdate: null
  },
  status: 403,
  statusText: &apos;Forbidden&apos;,
  url: &apos;api/config/gui&apos;,
  ok: false,
  type: undefined,
  redirected: undefined,
  responseType: undefined,
  name: &apos;HttpErrorResponse&apos;,
  message: &apos;Http failure response for api/config/gui: 403 Forbidden&apos;,
  error: {}
}

            </system-err>
        </testcase>
        <testcase classname="src/app/common/service/gui-config.service.spec.ts" name="GuiConfigService &gt; load() rejects when /config/pre-login itself fails so the bootstrap error is surfaced" time="0.004111406">
            <system-err>
Failed to load pre-login configuration: HttpErrorResponse {
  headers: HttpHeaders {
    headers: Map(0) {},
    normalizedNames: Map(0) {},
    lazyInit: undefined,
    lazyUpdate: null
  },
  status: 0,
  statusText: &apos;Unknown Error&apos;,
  url: &apos;api/config/pre-login&apos;,
  ok: false,
  type: undefined,
  redirected: undefined,
  responseType: undefined,
  name: &apos;HttpErrorResponse&apos;,
  message: &apos;Http failure response for api/config/pre-login: 0 &apos;,
  error: ProgressEvent { isTrusted: [Getter] }
}

            </system-err>
        </testcase>
        <testcase classname="src/app/common/service/gui-config.service.spec.ts" name="GuiConfigService &gt; source() keeps each endpoint&apos;s payload retrievable in isolation" time="0.003236632">
        </testcase>
        <testcase classname="src/app/common/service/gui-config.service.spec.ts" name="GuiConfigService &gt; source() does not bleed keys across sources" time="0.005134274">
        </testcase>
        <testcase classname="src/app/common/service/gui-config.service.spec.ts" name="GuiConfigService &gt; source() returns an empty object for an endpoint that has not loaded" time="0.002720545">
        </testcase>
        <testcase classname="src/app/common/service/gui-config.service.spec.ts" name="GuiConfigService &gt; env returns a stable reference between loads so two-way bindings persist" time="0.00324569">
        </testcase>
        <testcase classname="src/app/common/service/gui-config.service.spec.ts" name="GuiConfigService &gt; env reference is rebuilt after a new source loads" time="0.004305281">
        </testcase>
        <testcase classname="src/app/common/service/gui-config.service.spec.ts" name="GuiConfigService &gt; a write through env is discarded when a source reloads" time="0.00406434">
        </testcase>
        <testcase classname="src/app/common/service/gui-config.service.spec.ts" name="GuiConfigService &gt; env merges sources in MERGE_ORDER so a later source wins on a shared key" time="0.003636424">
        </testcase>
    </testsuite>
    <testsuite name="src/app/common/service/unauthorized-http-interceptor.service.spec.ts" timestamp="2026-08-04T22:49:30.164Z" hostname="ali-Inspiron-15-3520" tests="12" failures="0" errors="0" skipped="0" time="0.072624437">
        <testcase classname="src/app/common/service/unauthorized-http-interceptor.service.spec.ts" name="UnauthorizedHttpInterceptor &gt; logs out, notifies, and redirects to ABOUT on 401 for an authenticated request" time="0.012107042">
        </testcase>
        <testcase classname="src/app/common/service/unauthorized-http-interceptor.service.spec.ts" name="UnauthorizedHttpInterceptor &gt; leaves the session untouched when 401 comes back for an anonymous request" time="0.005334117">
        </testcase>
        <testcase classname="src/app/common/service/unauthorized-http-interceptor.service.spec.ts" name="UnauthorizedHttpInterceptor &gt; does not log out on non-401 errors even when Authorization was sent" time="0.005684084">
        </testcase>
        <testcase classname="src/app/common/service/unauthorized-http-interceptor.service.spec.ts" name="UnauthorizedHttpInterceptor &gt; omits returnUrl when the current route is the root" time="0.006865661">
        </testcase>
        <testcase classname="src/app/common/service/unauthorized-http-interceptor.service.spec.ts" name="UnauthorizedHttpInterceptor &gt; auth-endpoint allowlist &gt; does not log out on 401 from /api/auth/login" time="0.005064862">
        </testcase>
        <testcase classname="src/app/common/service/unauthorized-http-interceptor.service.spec.ts" name="UnauthorizedHttpInterceptor &gt; auth-endpoint allowlist &gt; does not log out on 401 from /api/auth/register" time="0.004949743">
        </testcase>
        <testcase classname="src/app/common/service/unauthorized-http-interceptor.service.spec.ts" name="UnauthorizedHttpInterceptor &gt; auth-endpoint allowlist &gt; does not log out on 401 from /api/auth/refresh" time="0.004611834">
        </testcase>
        <testcase classname="src/app/common/service/unauthorized-http-interceptor.service.spec.ts" name="UnauthorizedHttpInterceptor &gt; auth-endpoint allowlist &gt; does not log out on 401 from /api/auth/google/login" time="0.004479776">
        </testcase>
        <testcase classname="src/app/common/service/unauthorized-http-interceptor.service.spec.ts" name="UnauthorizedHttpInterceptor &gt; auth-endpoint allowlist &gt; does not log out on 401 from /api/auth/login?next=/dashboard" time="0.006530444">
        </testcase>
        <testcase classname="src/app/common/service/unauthorized-http-interceptor.service.spec.ts" name="UnauthorizedHttpInterceptor &gt; auth-endpoint allowlist &gt; still logs out on 401 from a URL that merely contains &apos;login&apos; in a non-auth segment" time="0.00502464">
        </testcase>
        <testcase classname="src/app/common/service/unauthorized-http-interceptor.service.spec.ts" name="UnauthorizedHttpInterceptor &gt; concurrent 401 deduplication &gt; fires logout side effects exactly once for a burst of 401s" time="0.005257028">
        </testcase>
        <testcase classname="src/app/common/service/unauthorized-http-interceptor.service.spec.ts" name="UnauthorizedHttpInterceptor &gt; concurrent 401 deduplication &gt; re-arms after a successful re-login so a later 401 triggers logout again" time="0.005555053">
        </testcase>
    </testsuite>
    <testsuite name="src/app/common/type/datasetVersionFileTree.spec.ts" timestamp="2026-08-04T22:49:30.166Z" hostname="ali-Inspiron-15-3520" tests="23" failures="0" errors="0" skipped="0" time="0.015284632">
        <testcase classname="src/app/common/type/datasetVersionFileTree.spec.ts" name="getFullPathFromDatasetFileNode &gt; joins parentDir and name with a slash" time="0.000713122">
        </testcase>
        <testcase classname="src/app/common/type/datasetVersionFileTree.spec.ts" name="getFullPathFromDatasetFileNode &gt; produces a leading slash for a node whose parentDir is empty" time="0.00048556">
        </testcase>
        <testcase classname="src/app/common/type/datasetVersionFileTree.spec.ts" name="getRelativePathFromDatasetFileNode &gt; strips the datasets/owner/dataset/version prefix (4 segments)" time="0.000559562">
        </testcase>
        <testcase classname="src/app/common/type/datasetVersionFileTree.spec.ts" name="getRelativePathFromDatasetFileNode &gt; returns the bare file name for a file at the version root" time="0.000492506">
        </testcase>
        <testcase classname="src/app/common/type/datasetVersionFileTree.spec.ts" name="getRelativePathFromDatasetFileNode &gt; returns an empty string when there is no path below the version" time="0.000426312">
        </testcase>
        <testcase classname="src/app/common/type/datasetVersionFileTree.spec.ts" name="getRelativePathFromDatasetFileNode &gt; ignores empty segments from duplicate slashes when counting" time="0.000297804">
        </testcase>
        <testcase classname="src/app/common/type/datasetVersionFileTree.spec.ts" name="getPathsUnderOrEqualDatasetFileNode &gt; returns the single path for a file node" time="0.000422004">
        </testcase>
        <testcase classname="src/app/common/type/datasetVersionFileTree.spec.ts" name="getPathsUnderOrEqualDatasetFileNode &gt; collects every file path under a directory" time="0.000394676">
        </testcase>
        <testcase classname="src/app/common/type/datasetVersionFileTree.spec.ts" name="getPathsUnderOrEqualDatasetFileNode &gt; recurses into nested directories" time="0.000346112">
        </testcase>
        <testcase classname="src/app/common/type/datasetVersionFileTree.spec.ts" name="getPathsUnderOrEqualDatasetFileNode &gt; returns an empty array for an empty directory" time="0.000298134">
        </testcase>
        <testcase classname="src/app/common/type/datasetVersionFileTree.spec.ts" name="DatasetVersionFileTreeManager &gt; addNodeWithPath &gt; starts with no root nodes" time="0.000426082">
        </testcase>
        <testcase classname="src/app/common/type/datasetVersionFileTree.spec.ts" name="DatasetVersionFileTreeManager &gt; addNodeWithPath &gt; builds the intermediate directory structure and returns the leaf file node" time="0.000910204">
        </testcase>
        <testcase classname="src/app/common/type/datasetVersionFileTree.spec.ts" name="DatasetVersionFileTreeManager &gt; addNodeWithPath &gt; is idempotent when adding the same path twice" time="0.001568477">
        </testcase>
        <testcase classname="src/app/common/type/datasetVersionFileTree.spec.ts" name="DatasetVersionFileTreeManager &gt; addNodeWithPath &gt; adds siblings under an existing directory" time="0.000960099">
        </testcase>
        <testcase classname="src/app/common/type/datasetVersionFileTree.spec.ts" name="DatasetVersionFileTreeManager &gt; addNodeWithPath &gt; handles paths without a leading slash" time="0.000625005">
        </testcase>
        <testcase classname="src/app/common/type/datasetVersionFileTree.spec.ts" name="DatasetVersionFileTreeManager &gt; initializeWithRootNodes / constructor &gt; exposes provided root nodes" time="0.000845266">
        </testcase>
        <testcase classname="src/app/common/type/datasetVersionFileTree.spec.ts" name="DatasetVersionFileTreeManager &gt; removeNode &gt; removes a leaf node found by identity via BFS" time="0.000738828">
        </testcase>
        <testcase classname="src/app/common/type/datasetVersionFileTree.spec.ts" name="DatasetVersionFileTreeManager &gt; removeNode &gt; removes a whole subtree when removing an inner directory" time="0.000692502">
        </testcase>
        <testcase classname="src/app/common/type/datasetVersionFileTree.spec.ts" name="DatasetVersionFileTreeManager &gt; removeNode &gt; does nothing for a node that is not present in the tree" time="0.000567317">
        </testcase>
        <testcase classname="src/app/common/type/datasetVersionFileTree.spec.ts" name="DatasetVersionFileTreeManager &gt; removeNode &gt; refuses to remove the synthetic root node" time="0.000449648">
        </testcase>
        <testcase classname="src/app/common/type/datasetVersionFileTree.spec.ts" name="DatasetVersionFileTreeManager &gt; removeNodeWithPath &gt; removes a node from its parent&apos;s children and the internal map" time="0.000649894">
        </testcase>
        <testcase classname="src/app/common/type/datasetVersionFileTree.spec.ts" name="DatasetVersionFileTreeManager &gt; removeNodeWithPath &gt; removes a whole subtree when removing a directory path" time="0.000538456">
        </testcase>
        <testcase classname="src/app/common/type/datasetVersionFileTree.spec.ts" name="DatasetVersionFileTreeManager &gt; removeNodeWithPath &gt; does nothing for an unknown path" time="0.000768269">
        </testcase>
    </testsuite>
    <testsuite name="src/app/common/util/array-utils.spec.ts" timestamp="2026-08-04T22:49:30.170Z" hostname="ali-Inspiron-15-3520" tests="4" failures="0" errors="0" skipped="0" time="0.008193725">
        <testcase classname="src/app/common/util/array-utils.spec.ts" name="replaceOneImmutable &gt; should return a new array reference with the matched element replaced" time="0.001576587">
        </testcase>
        <testcase classname="src/app/common/util/array-utils.spec.ts" name="replaceOneImmutable &gt; should not mutate the original input array" time="0.003491075">
        </testcase>
        <testcase classname="src/app/common/util/array-utils.spec.ts" name="replaceOneImmutable &gt; should return the same array reference when the predicate matches nothing" time="0.001364746">
        </testcase>
        <testcase classname="src/app/common/util/array-utils.spec.ts" name="replaceOneImmutable &gt; should pass the element index as the second argument to the predicate" time="0.001255525">
        </testcase>
    </testsuite>
    <testsuite name="src/app/common/util/assert.spec.ts" timestamp="2026-08-04T22:49:30.171Z" hostname="ali-Inspiron-15-3520" tests="22" failures="0" errors="0" skipped="0" time="0.022085392">
        <testcase classname="src/app/common/util/assert.spec.ts" name="assertType &gt; does not throw for defined values, including falsy ones" time="0.001941364">
        </testcase>
        <testcase classname="src/app/common/util/assert.spec.ts" name="assertType &gt; throws a TypeError for null" time="0.000974752">
        </testcase>
        <testcase classname="src/app/common/util/assert.spec.ts" name="assertType &gt; throws a TypeError for undefined" time="0.000837565">
        </testcase>
        <testcase classname="src/app/common/util/assert.spec.ts" name="assertType &gt; reports the received value in the error message" time="0.001542336">
        </testcase>
        <testcase classname="src/app/common/util/assert.spec.ts" name="assert &gt; does not throw when the condition is true" time="0.00100369">
        </testcase>
        <testcase classname="src/app/common/util/assert.spec.ts" name="assert &gt; throws an Error when the condition is false" time="0.000784435">
        </testcase>
        <testcase classname="src/app/common/util/assert.spec.ts" name="assert &gt; uses the supplied message on failure" time="0.000909186">
        </testcase>
        <testcase classname="src/app/common/util/assert.spec.ts" name="assert &gt; throws with an empty message when none is provided" time="0.000865691">
        </testcase>
        <testcase classname="src/app/common/util/assert.spec.ts" name="isType &gt; matches primitive types by typeof" time="0.000867525">
        </testcase>
        <testcase classname="src/app/common/util/assert.spec.ts" name="isType &gt; returns false when the primitive type does not match" time="0.000665592">
        </testcase>
        <testcase classname="src/app/common/util/assert.spec.ts" name="isType &gt; matches instances via instanceof for constructor types" time="0.000593844">
        </testcase>
        <testcase classname="src/app/common/util/assert.spec.ts" name="isType &gt; returns false for instances of an unrelated constructor" time="0.000582133">
        </testcase>
        <testcase classname="src/app/common/util/assert.spec.ts" name="asType &gt; returns the value unchanged when the type matches" time="0.000646702">
        </testcase>
        <testcase classname="src/app/common/util/assert.spec.ts" name="asType &gt; throws a TypeError when the type does not match" time="0.000764014">
        </testcase>
        <testcase classname="src/app/common/util/assert.spec.ts" name="isNull &gt; returns true for null and undefined" time="0.000652858">
        </testcase>
        <testcase classname="src/app/common/util/assert.spec.ts" name="isNull &gt; returns false for defined values, including falsy ones" time="0.000701135">
        </testcase>
        <testcase classname="src/app/common/util/assert.spec.ts" name="isNotNull &gt; returns false for null and undefined" time="0.000656283">
        </testcase>
        <testcase classname="src/app/common/util/assert.spec.ts" name="isNotNull &gt; returns true for defined values, including falsy ones" time="0.000581454">
        </testcase>
        <testcase classname="src/app/common/util/assert.spec.ts" name="isNotNull &gt; is the logical inverse of isNull" time="0.000860429">
        </testcase>
        <testcase classname="src/app/common/util/assert.spec.ts" name="nonNull &gt; returns the value unchanged for defined values" time="0.001002051">
        </testcase>
        <testcase classname="src/app/common/util/assert.spec.ts" name="nonNull &gt; throws a TypeError for null" time="0.00080924">
        </testcase>
        <testcase classname="src/app/common/util/assert.spec.ts" name="nonNull &gt; throws a TypeError for undefined" time="0.000648441">
        </testcase>
    </testsuite>
    <testsuite name="src/app/common/util/computing-unit.util.spec.ts" timestamp="2026-08-04T22:49:30.174Z" hostname="ali-Inspiron-15-3520" tests="49" failures="0" errors="0" skipped="0" time="0.084683032">
        <testcase classname="src/app/common/util/computing-unit.util.spec.ts" name="parseResourceUnit &gt; should extract the unit from a resource string" time="0.001528956">
        </testcase>
        <testcase classname="src/app/common/util/computing-unit.util.spec.ts" name="parseResourceUnit &gt; should return an empty string for a unitless number" time="0.00082674">
        </testcase>
        <testcase classname="src/app/common/util/computing-unit.util.spec.ts" name="parseResourceUnit &gt; should return &quot;NaN&quot; for empty or &quot;NaN&quot; input" time="0.001596775">
        </testcase>
        <testcase classname="src/app/common/util/computing-unit.util.spec.ts" name="parseResourceUnit &gt; should return an empty string for a value that does not match the pattern" time="0.000608196">
        </testcase>
        <testcase classname="src/app/common/util/computing-unit.util.spec.ts" name="parseResourceNumber &gt; should extract the numeric value from a resource string" time="0.000809977">
        </testcase>
        <testcase classname="src/app/common/util/computing-unit.util.spec.ts" name="parseResourceNumber &gt; should handle decimal values" time="0.000534459">
        </testcase>
        <testcase classname="src/app/common/util/computing-unit.util.spec.ts" name="parseResourceNumber &gt; should return 0 for empty, invalid, or NaN input" time="0.000625761">
        </testcase>
        <testcase classname="src/app/common/util/computing-unit.util.spec.ts" name="cpuResourceConversion &gt; should convert millicores to cores with 4 decimals" time="0.000927846">
        </testcase>
        <testcase classname="src/app/common/util/computing-unit.util.spec.ts" name="cpuResourceConversion &gt; should convert cores to millicores with 2 decimals" time="0.000580902">
        </testcase>
        <testcase classname="src/app/common/util/computing-unit.util.spec.ts" name="cpuResourceConversion &gt; should round to whole numbers for smaller units" time="0.000624003">
        </testcase>
        <testcase classname="src/app/common/util/computing-unit.util.spec.ts" name="memoryResourceConversion &gt; should convert between memory units with 4 decimals" time="0.002248785">
        </testcase>
        <testcase classname="src/app/common/util/computing-unit.util.spec.ts" name="cpuPercentage &gt; should return 0 when usage or limit is &quot;N/A&quot;" time="0.001385185">
        </testcase>
        <testcase classname="src/app/common/util/computing-unit.util.spec.ts" name="cpuPercentage &gt; should return 0 when the limit is not positive" time="0.000729629">
        </testcase>
        <testcase classname="src/app/common/util/computing-unit.util.spec.ts" name="cpuPercentage &gt; should compute the usage percentage" time="0.004634589">
        </testcase>
        <testcase classname="src/app/common/util/computing-unit.util.spec.ts" name="cpuPercentage &gt; should clamp the percentage at 100" time="0.001088552">
        </testcase>
        <testcase classname="src/app/common/util/computing-unit.util.spec.ts" name="memoryPercentage &gt; should return 0 when usage or limit is &quot;N/A&quot;" time="0.000787587">
        </testcase>
        <testcase classname="src/app/common/util/computing-unit.util.spec.ts" name="memoryPercentage &gt; should compute the usage percentage" time="0.000758942">
        </testcase>
        <testcase classname="src/app/common/util/computing-unit.util.spec.ts" name="memoryPercentage &gt; should clamp the percentage at 100" time="0.000589847">
        </testcase>
        <testcase classname="src/app/common/util/computing-unit.util.spec.ts" name="validateName &gt; should return an error for an empty name" time="0.000708816">
        </testcase>
        <testcase classname="src/app/common/util/computing-unit.util.spec.ts" name="validateName &gt; should return an error for names longer than 128 characters" time="0.000686557">
        </testcase>
        <testcase classname="src/app/common/util/computing-unit.util.spec.ts" name="validateName &gt; should return null for valid names" time="0.000638074">
        </testcase>
        <testcase classname="src/app/common/util/computing-unit.util.spec.ts" name="getComputingUnitBadgeColor &gt; should map known statuses to colors" time="0.000662397">
        </testcase>
        <testcase classname="src/app/common/util/computing-unit.util.spec.ts" name="getComputingUnitBadgeColor &gt; should default to red for unknown statuses" time="0.000507834">
        </testcase>
        <testcase classname="src/app/common/util/computing-unit.util.spec.ts" name="getComputingUnitStatusTooltip &gt; should map statuses to tooltip text" time="0.000685305">
        </testcase>
        <testcase classname="src/app/common/util/computing-unit.util.spec.ts" name="getComputingUnitStatusTooltip &gt; should fall back to the raw status for unknown statuses" time="0.000502403">
        </testcase>
        <testcase classname="src/app/common/util/computing-unit.util.spec.ts" name="getComputingUnitCpuStatus / getComputingUnitMemoryStatus &gt; should derive status from the usage percentage" time="0.000916745">
        </testcase>
        <testcase classname="src/app/common/util/computing-unit.util.spec.ts" name="getComputingUnitCpuLimitUnit &gt; should return &quot;CPU&quot; for an empty unit and the unit otherwise" time="0.000661889">
        </testcase>
        <testcase classname="src/app/common/util/computing-unit.util.spec.ts" name="isComputingUnitShmTooLarge &gt; should return true only when shared memory exceeds the selected memory" time="0.001039443">
        </testcase>
        <testcase classname="src/app/common/util/computing-unit.util.spec.ts" name="isComputingUnitShmTooLarge &gt; should return false when shared memory equals the selected memory" time="0.000699456">
        </testcase>
        <testcase classname="src/app/common/util/computing-unit.util.spec.ts" name="isComputingUnitShmTooLarge &gt; should compare across mixed units" time="0.00056283">
        </testcase>
        <testcase classname="src/app/common/util/computing-unit.util.spec.ts" name="getJvmMemorySliderConfig &gt; should hide the slider for small memory sizes" time="0.001297">
        </testcase>
        <testcase classname="src/app/common/util/computing-unit.util.spec.ts" name="getJvmMemorySliderConfig &gt; should show the slider and build doubling steps for larger memory sizes" time="0.000960569">
        </testcase>
        <testcase classname="src/app/common/util/computing-unit.util.spec.ts" name="buildLocalComputingUnitUri &gt; should build a uri including the port when present" time="0.000725751">
        </testcase>
        <testcase classname="src/app/common/util/computing-unit.util.spec.ts" name="buildLocalComputingUnitUri &gt; should omit the port when it is empty" time="0.000528734">
        </testcase>
        <testcase classname="src/app/common/util/computing-unit.util.spec.ts" name="cpuResourceConversion (fallback units) &gt; should fall back to the millicore scale for an unknown source unit" time="0.000517949">
        </testcase>
        <testcase classname="src/app/common/util/computing-unit.util.spec.ts" name="cpuResourceConversion (fallback units) &gt; should fall back to the core scale for an unknown target unit" time="0.00049504">
        </testcase>
        <testcase classname="src/app/common/util/computing-unit.util.spec.ts" name="memoryResourceConversion (edge branches) &gt; should treat a unitless source value as bytes" time="0.000538798">
        </testcase>
        <testcase classname="src/app/common/util/computing-unit.util.spec.ts" name="memoryResourceConversion (edge branches) &gt; should treat a unitless target unit as bytes" time="0.00048234">
        </testcase>
        <testcase classname="src/app/common/util/computing-unit.util.spec.ts" name="memoryResourceConversion (edge branches) &gt; should fall back to a byte scale for an unknown source unit" time="0.000488769">
        </testcase>
        <testcase classname="src/app/common/util/computing-unit.util.spec.ts" name="memoryResourceConversion (edge branches) &gt; should fall back to a byte scale for an unknown target unit" time="0.000674544">
        </testcase>
        <testcase classname="src/app/common/util/computing-unit.util.spec.ts" name="memoryPercentage (limit guard) &gt; should return 0 when the limit is not positive" time="0.000534426">
        </testcase>
        <testcase classname="src/app/common/util/computing-unit.util.spec.ts" name="isComputingUnitShmTooLarge (non-Gi selected memory) &gt; should treat a Mi selected memory as-is when comparing" time="0.000541891">
        </testcase>
        <testcase classname="src/app/common/util/computing-unit.util.spec.ts" name="getJvmMemorySliderConfig (memory unit handling) &gt; should convert a Mi memory value to whole GiB" time="0.000922378">
        </testcase>
        <testcase classname="src/app/common/util/computing-unit.util.spec.ts" name="getJvmMemorySliderConfig (memory unit handling) &gt; should floor sub-GiB Mi values up to a minimum of 1 GiB" time="0.000743034">
        </testcase>
        <testcase classname="src/app/common/util/computing-unit.util.spec.ts" name="getJvmMemorySliderConfig (memory unit handling) &gt; should build slider steps from a larger Mi value" time="0.000781105">
        </testcase>
        <testcase classname="src/app/common/util/computing-unit.util.spec.ts" name="getJvmMemorySliderConfig (memory unit handling) &gt; should default to 1 GiB for a value with an unrecognized memory unit" time="0.000961483">
        </testcase>
        <testcase classname="src/app/common/util/computing-unit.util.spec.ts" name="ComputingUnitMetadataComponent &gt; should expose the injected unit and a formatted creation time" time="0.023067918">
        </testcase>
        <testcase classname="src/app/common/util/computing-unit.util.spec.ts" name="ComputingUnitMetadataComponent &gt; should render owner access and the gpu limit when present" time="0.009695515">
        </testcase>
        <testcase classname="src/app/common/util/computing-unit.util.spec.ts" name="ComputingUnitMetadataComponent &gt; should render the access privilege and &quot;None&quot; when there is no gpu limit" time="0.00867249">
        </testcase>
    </testsuite>
    <testsuite name="src/app/common/util/context.spec.ts" timestamp="2026-08-04T22:49:30.184Z" hostname="ali-Inspiron-15-3520" tests="23" failures="0" errors="0" skipped="0" time="0.030071638">
        <testcase classname="src/app/common/util/context.spec.ts" name="ContextManager &gt; should return the default context initially" time="0.001142994">
        </testcase>
        <testcase classname="src/app/common/util/context.spec.ts" name="ContextManager &gt; should throw when prevContext is called in the default context" time="0.001365042">
        </testcase>
        <testcase classname="src/app/common/util/context.spec.ts" name="ContextManager &gt; should expose the entered context and the previous context inside withContext" time="0.001179926">
        </testcase>
        <testcase classname="src/app/common/util/context.spec.ts" name="ContextManager &gt; should restore the default context after withContext completes" time="0.001063292">
        </testcase>
        <testcase classname="src/app/common/util/context.spec.ts" name="ContextManager &gt; should return the value returned by the callable" time="0.000766493">
        </testcase>
        <testcase classname="src/app/common/util/context.spec.ts" name="ContextManager &gt; should restore the context and re-throw when the callable throws" time="0.001014304">
        </testcase>
        <testcase classname="src/app/common/util/context.spec.ts" name="ContextManager &gt; should restore each level correctly for nested withContext calls" time="0.001017979">
        </testcase>
        <testcase classname="src/app/common/util/context.spec.ts" name="ContextManager &gt; should keep context stacks of separately created managers isolated" time="0.000695817">
        </testcase>
        <testcase classname="src/app/common/util/context.spec.ts" name="ObservableContextManager &gt; should emit [exiting, entering] on the enter stream when a context is entered" time="0.001011079">
        </testcase>
        <testcase classname="src/app/common/util/context.spec.ts" name="ObservableContextManager &gt; should emit [exiting, entering] on the exit stream when a context is exited" time="0.000942597">
        </testcase>
        <testcase classname="src/app/common/util/context.spec.ts" name="ObservableContextManager &gt; should emit the enter event after the context stack is updated" time="0.000935245">
        </testcase>
        <testcase classname="src/app/common/util/context.spec.ts" name="ObservableContextManager &gt; should emit the exit event after the context stack is popped" time="0.000836717">
        </testcase>
        <testcase classname="src/app/common/util/context.spec.ts" name="ObservableContextManager &gt; should deliver both enter and exit events on the change context stream" time="0.001018493">
        </testcase>
        <testcase classname="src/app/common/util/context.spec.ts" name="ObservableContextManager &gt; should emit events in the correct order across nested withContext calls" time="0.001505803">
        </testcase>
        <testcase classname="src/app/common/util/context.spec.ts" name="ObservableContextManager &gt; should emit enter and exit events when the callable throws" time="0.002071919">
        </testcase>
        <testcase classname="src/app/common/util/context.spec.ts" name="ObservableContextManager &gt; should still provide the basic ContextManager behavior" time="0.001112168">
        </testcase>
        <testcase classname="src/app/common/util/context.spec.ts" name="ObservableContextManager &gt; should preserve object references through the stack and in emitted tuples" time="0.001734948">
        </testcase>
        <testcase classname="src/app/common/util/context.spec.ts" name="ObservableContextManager &gt; should unwind both levels via finally blocks when a nested callable throws" time="0.001793683">
        </testcase>
        <testcase classname="src/app/common/util/context.spec.ts" name="ObservableContextManager &gt; should not replay earlier events to a late subscriber" time="0.000955483">
        </testcase>
        <testcase classname="src/app/common/util/context.spec.ts" name="ObservableContextManager &gt; should allow prevContext() to be called inside the enter subscriber" time="0.002759237">
        </testcase>
        <testcase classname="src/app/common/util/context.spec.ts" name="ObservableContextManager &gt; should emit correctly for sequential sibling withContext calls" time="0.001205414">
        </testcase>
        <testcase classname="src/app/common/util/context.spec.ts" name="ObservableContextManager &gt; should handle entering the same context value as the current one" time="0.001183446">
        </testcase>
        <testcase classname="src/app/common/util/context.spec.ts" name="ObservableContextManager &gt; should return falsy values produced by the callable unchanged" time="0.001125066">
        </testcase>
    </testsuite>
    <testsuite name="src/app/common/util/error.spec.ts" timestamp="2026-08-04T22:49:30.186Z" hostname="ali-Inspiron-15-3520" tests="8" failures="0" errors="0" skipped="0" time="0.007848689">
        <testcase classname="src/app/common/util/error.spec.ts" name="extractErrorMessage &gt; should return the message from an Error instance" time="0.001466925">
        </testcase>
        <testcase classname="src/app/common/util/error.spec.ts" name="extractErrorMessage &gt; should return the error string when error is a plain string" time="0.000999686">
        </testcase>
        <testcase classname="src/app/common/util/error.spec.ts" name="extractErrorMessage &gt; should return the nested message when error is an object with a message" time="0.000900421">
        </testcase>
        <testcase classname="src/app/common/util/error.spec.ts" name="extractErrorMessage &gt; should return the fallback message for when error is null" time="0.000711603">
        </testcase>
        <testcase classname="src/app/common/util/error.spec.ts" name="extractErrorMessage &gt; should return the fallback message when error is a number" time="0.000630939">
        </testcase>
        <testcase classname="src/app/common/util/error.spec.ts" name="extractErrorMessage &gt; should return the fallback message when error is an empty object" time="0.000683203">
        </testcase>
        <testcase classname="src/app/common/util/error.spec.ts" name="extractErrorMessage &gt; should return the fallback message when error key value is neither a string nor an object with a message" time="0.000669461">
        </testcase>
        <testcase classname="src/app/common/util/error.spec.ts" name="extractErrorMessage &gt; should return the fallback message when error key value is null" time="0.000656944">
        </testcase>
    </testsuite>
    <testsuite name="src/app/common/util/format.util.spec.ts" timestamp="2026-08-04T22:49:30.187Z" hostname="ali-Inspiron-15-3520" tests="23" failures="0" errors="0" skipped="0" time="0.027726035">
        <testcase classname="src/app/common/util/format.util.spec.ts" name="formatSpeed &gt; returns &quot;0.0 MB/s&quot; for zero, negative, or undefined input" time="0.002502922">
        </testcase>
        <testcase classname="src/app/common/util/format.util.spec.ts" name="formatSpeed &gt; converts bytes/s to MB/s with one decimal place" time="0.00196156">
        </testcase>
        <testcase classname="src/app/common/util/format.util.spec.ts" name="formatSpeed &gt; handles sub-MB throughput by rounding to one decimal" time="0.000775591">
        </testcase>
        <testcase classname="src/app/common/util/format.util.spec.ts" name="formatSpeed &gt; handles very large throughput without overflow" time="0.000661448">
        </testcase>
        <testcase classname="src/app/common/util/format.util.spec.ts" name="formatTime &gt; returns &quot;1s&quot; for undefined, zero, or negative input" time="0.000808865">
        </testcase>
        <testcase classname="src/app/common/util/format.util.spec.ts" name="formatTime &gt; formats sub-minute durations in seconds" time="0.000896705">
        </testcase>
        <testcase classname="src/app/common/util/format.util.spec.ts" name="formatTime &gt; rounds fractional seconds" time="0.000773263">
        </testcase>
        <testcase classname="src/app/common/util/format.util.spec.ts" name="formatTime &gt; formats durations under one hour as minutes with optional seconds" time="0.000871473">
        </testcase>
        <testcase classname="src/app/common/util/format.util.spec.ts" name="formatTime &gt; formats durations of one hour or more as hours with optional minutes" time="0.000892706">
        </testcase>
        <testcase classname="src/app/common/util/format.util.spec.ts" name="formatRelativeTime &gt; returns &quot;Unknown&quot; when timestamp is undefined" time="0.003006593">
        </testcase>
        <testcase classname="src/app/common/util/format.util.spec.ts" name="formatRelativeTime &gt; formats sub-hour differences in minutes" time="0.001914505">
        </testcase>
        <testcase classname="src/app/common/util/format.util.spec.ts" name="formatRelativeTime &gt; formats sub-day differences in hours" time="0.001728714">
        </testcase>
        <testcase classname="src/app/common/util/format.util.spec.ts" name="formatRelativeTime &gt; formats sub-week differences in days" time="0.001762333">
        </testcase>
        <testcase classname="src/app/common/util/format.util.spec.ts" name="formatRelativeTime &gt; formats sub-month differences in weeks" time="0.001480129">
        </testcase>
        <testcase classname="src/app/common/util/format.util.spec.ts" name="formatRelativeTime &gt; falls back to a locale date string for differences beyond four weeks" time="0.001431903">
        </testcase>
        <testcase classname="src/app/common/util/format.util.spec.ts" name="formatCount &gt; renders counts under 1000 as plain integers" time="0.000835198">
        </testcase>
        <testcase classname="src/app/common/util/format.util.spec.ts" name="formatCount &gt; abbreviates counts of 1000+ to one-decimal thousands" time="0.000667155">
        </testcase>
        <testcase classname="src/app/common/util/format.util.spec.ts" name="parseIntOrDefault &gt; parses a well-formed integer string" time="0.00067628">
        </testcase>
        <testcase classname="src/app/common/util/format.util.spec.ts" name="parseIntOrDefault &gt; parses a leading integer and ignores the trailing non-numeric part" time="0.000504222">
        </testcase>
        <testcase classname="src/app/common/util/format.util.spec.ts" name="parseIntOrDefault &gt; preserves a legitimately stored 0 instead of falling back" time="0.000505121">
        </testcase>
        <testcase classname="src/app/common/util/format.util.spec.ts" name="parseIntOrDefault &gt; returns the fallback for null or undefined" time="0.000546842">
        </testcase>
        <testcase classname="src/app/common/util/format.util.spec.ts" name="parseIntOrDefault &gt; returns the fallback for an empty or whitespace-only string" time="0.000596465">
        </testcase>
        <testcase classname="src/app/common/util/format.util.spec.ts" name="parseIntOrDefault &gt; returns the fallback for an unparsable, non-numeric string" time="0.000583528">
        </testcase>
    </testsuite>
    <testsuite name="src/app/common/util/logical-operator-port-serde.spec.ts" timestamp="2026-08-04T22:49:30.189Z" hostname="ali-Inspiron-15-3520" tests="6" failures="0" errors="0" skipped="0" time="0.004739163">
        <testcase classname="src/app/common/util/logical-operator-port-serde.spec.ts" name="parseLogicalOperatorPortID &gt; should parse a valid input port ID" time="0.001229369">
        </testcase>
        <testcase classname="src/app/common/util/logical-operator-port-serde.spec.ts" name="parseLogicalOperatorPortID &gt; should parse a valid output port ID with a multi-digit port number" time="0.000747903">
        </testcase>
        <testcase classname="src/app/common/util/logical-operator-port-serde.spec.ts" name="parseLogicalOperatorPortID &gt; should return undefined for an unknown port type" time="0.000484636">
        </testcase>
        <testcase classname="src/app/common/util/logical-operator-port-serde.spec.ts" name="parseLogicalOperatorPortID &gt; should return undefined when the port number is missing" time="0.000458871">
        </testcase>
        <testcase classname="src/app/common/util/logical-operator-port-serde.spec.ts" name="parseLogicalOperatorPortID &gt; should return undefined for a malformed port ID with extra segments" time="0.000611513">
        </testcase>
        <testcase classname="src/app/common/util/logical-operator-port-serde.spec.ts" name="parseLogicalOperatorPortID &gt; should return undefined for an empty string" time="0.000612919">
        </testcase>
    </testsuite>
    <testsuite name="src/app/common/util/media-type.util.spec.ts" timestamp="2026-08-04T22:49:30.190Z" hostname="ali-Inspiron-15-3520" tests="22" failures="0" errors="0" skipped="0" time="0.008707768">
        <testcase classname="src/app/common/util/media-type.util.spec.ts" name="isImageUrl &gt; should return true for data:image/ data URLs" time="0.000899958">
        </testcase>
        <testcase classname="src/app/common/util/media-type.util.spec.ts" name="isImageUrl &gt; should return true for common image file extensions" time="0.000643726">
        </testcase>
        <testcase classname="src/app/common/util/media-type.util.spec.ts" name="isImageUrl &gt; should be case-insensitive for extensions" time="0.000430967">
        </testcase>
        <testcase classname="src/app/common/util/media-type.util.spec.ts" name="isImageUrl &gt; should return true for URLs with query strings" time="0.000304403">
        </testcase>
        <testcase classname="src/app/common/util/media-type.util.spec.ts" name="isImageUrl &gt; should return false for audio and video URLs" time="0.000336986">
        </testcase>
        <testcase classname="src/app/common/util/media-type.util.spec.ts" name="isImageUrl &gt; should return false for plain text strings" time="0.000235113">
        </testcase>
        <testcase classname="src/app/common/util/media-type.util.spec.ts" name="isAudioUrl &gt; should return true for data:audio/ data URLs" time="0.000283422">
        </testcase>
        <testcase classname="src/app/common/util/media-type.util.spec.ts" name="isAudioUrl &gt; should return true for common audio file extensions" time="0.000287168">
        </testcase>
        <testcase classname="src/app/common/util/media-type.util.spec.ts" name="isAudioUrl &gt; should be case-insensitive for extensions" time="0.00032879">
        </testcase>
        <testcase classname="src/app/common/util/media-type.util.spec.ts" name="isAudioUrl &gt; should return true for URLs with query strings" time="0.000258235">
        </testcase>
        <testcase classname="src/app/common/util/media-type.util.spec.ts" name="isAudioUrl &gt; should return false for image and video URLs" time="0.000227068">
        </testcase>
        <testcase classname="src/app/common/util/media-type.util.spec.ts" name="isAudioUrl &gt; should return false for plain text strings" time="0.000200929">
        </testcase>
        <testcase classname="src/app/common/util/media-type.util.spec.ts" name="isVideoUrl &gt; should return true for data:video/ data URLs" time="0.000188759">
        </testcase>
        <testcase classname="src/app/common/util/media-type.util.spec.ts" name="isVideoUrl &gt; should return true for common video file extensions" time="0.000278759">
        </testcase>
        <testcase classname="src/app/common/util/media-type.util.spec.ts" name="isVideoUrl &gt; should return true for fal.media CDN URLs" time="0.000252581">
        </testcase>
        <testcase classname="src/app/common/util/media-type.util.spec.ts" name="isVideoUrl &gt; should be case-insensitive for extensions" time="0.000243128">
        </testcase>
        <testcase classname="src/app/common/util/media-type.util.spec.ts" name="isVideoUrl &gt; should return true for URLs with query strings" time="0.000251434">
        </testcase>
        <testcase classname="src/app/common/util/media-type.util.spec.ts" name="isVideoUrl &gt; should return false for image and audio URLs" time="0.000483664">
        </testcase>
        <testcase classname="src/app/common/util/media-type.util.spec.ts" name="isVideoUrl &gt; should return false for plain text strings" time="0.000492696">
        </testcase>
        <testcase classname="src/app/common/util/media-type.util.spec.ts" name="isVideoUrl &gt; should return false for non-string types" time="0.00043836">
        </testcase>
        <testcase classname="src/app/common/util/media-type.util.spec.ts" name="non-string type guard (shared) &gt; isAudioUrl should return false for non-string types" time="0.000327965">
        </testcase>
        <testcase classname="src/app/common/util/media-type.util.spec.ts" name="non-string type guard (shared) &gt; isImageUrl should return false for non-string types" time="0.000359906">
        </testcase>
    </testsuite>
    <testsuite name="src/app/common/util/panel-dock.spec.ts" timestamp="2026-08-04T22:49:30.192Z" hostname="ali-Inspiron-15-3520" tests="6" failures="0" errors="0" skipped="0" time="0.008732611">
        <testcase classname="src/app/common/util/panel-dock.spec.ts" name="calculateTotalTranslate3d &gt; should parse a single translate3d fragment" time="0.001750928">
        </testcase>
        <testcase classname="src/app/common/util/panel-dock.spec.ts" name="calculateTotalTranslate3d &gt; should parse two translate3d fragments by summing" time="0.001210954">
        </testcase>
        <testcase classname="src/app/common/util/panel-dock.spec.ts" name="calculateTotalTranslate3d &gt; should parse decimal values in translate3d fragment" time="0.00102639">
        </testcase>
        <testcase classname="src/app/common/util/panel-dock.spec.ts" name="calculateTotalTranslate3d &gt; should parse negative values in translate3d fragment" time="0.000969566">
        </testcase>
        <testcase classname="src/app/common/util/panel-dock.spec.ts" name="calculateTotalTranslate3d &gt; should return [0, 0, 0] when no translate3d pattern exists" time="0.001125818">
        </testcase>
        <testcase classname="src/app/common/util/panel-dock.spec.ts" name="calculateTotalTranslate3d &gt; should treat a translate3d fragment without px units as [0, 0, 0]" time="0.001239634">
        </testcase>
    </testsuite>
    <testsuite name="src/app/common/util/port-identity-serde.spec.ts" timestamp="2026-08-04T22:49:30.193Z" hostname="ali-Inspiron-15-3520" tests="12" failures="0" errors="0" skipped="0" time="0.027837487">
        <testcase classname="src/app/common/util/port-identity-serde.spec.ts" name="serializePortIdentity &gt; should serialize an external port as id_internal" time="0.003663688">
        </testcase>
        <testcase classname="src/app/common/util/port-identity-serde.spec.ts" name="serializePortIdentity &gt; should serialize an internal port" time="0.000697423">
        </testcase>
        <testcase classname="src/app/common/util/port-identity-serde.spec.ts" name="serializePortIdentity &gt; should serialize port id zero" time="0.00502991">
        </testcase>
        <testcase classname="src/app/common/util/port-identity-serde.spec.ts" name="serializePortIdentity &gt; should serialize a large multi-digit port id" time="0.000864906">
        </testcase>
        <testcase classname="src/app/common/util/port-identity-serde.spec.ts" name="serializePortIdentity &gt; should serialize a large multi-digit internal port id" time="0.000903815">
        </testcase>
        <testcase classname="src/app/common/util/port-identity-serde.spec.ts" name="serializePortIdentity &gt; should pass a negative port id through without validation" time="0.000999659">
        </testcase>
        <testcase classname="src/app/common/util/port-identity-serde.spec.ts" name="serializePortIdentity &gt; should pass a negative internal port id through without validation" time="0.000770183">
        </testcase>
        <testcase classname="src/app/common/util/port-identity-serde.spec.ts" name="serializePortIdentity &gt; should produce different keys for internal and external ports with the same id" time="0.000804808">
        </testcase>
        <testcase classname="src/app/common/util/port-identity-serde.spec.ts" name="serializePortIdentity &gt; should produce different keys for different ids" time="0.000736086">
        </testcase>
        <testcase classname="src/app/common/util/port-identity-serde.spec.ts" name="serializePortIdentity &gt; should be deterministic for equal inputs" time="0.004459517">
        </testcase>
        <testcase classname="src/app/common/util/port-identity-serde.spec.ts" name="serializePortIdentity &gt; should work as an object key for schema lookup" time="0.001043937">
        </testcase>
        <testcase classname="src/app/common/util/port-identity-serde.spec.ts" name="serializePortIdentity &gt; should stay parseable by the backend deserializer format" time="0.000870587">
        </testcase>
    </testsuite>
    <testsuite name="src/app/common/util/predicate.spec.ts" timestamp="2026-08-04T22:49:30.194Z" hostname="ali-Inspiron-15-3520" tests="11" failures="0" errors="0" skipped="0" time="0.010700429">
        <testcase classname="src/app/common/util/predicate.spec.ts" name="isNonNullObject &gt; should return true for plain objects" time="0.001440504">
        </testcase>
        <testcase classname="src/app/common/util/predicate.spec.ts" name="isNonNullObject &gt; should return true for arrays" time="0.000734756">
        </testcase>
        <testcase classname="src/app/common/util/predicate.spec.ts" name="isNonNullObject &gt; should return false for null and undefined" time="0.001764679">
        </testcase>
        <testcase classname="src/app/common/util/predicate.spec.ts" name="isNonNullObject &gt; should return false for primitives" time="0.000736312">
        </testcase>
        <testcase classname="src/app/common/util/predicate.spec.ts" name="isNonNullObject &gt; should return false for functions" time="0.000616473">
        </testcase>
        <testcase classname="src/app/common/util/predicate.spec.ts" name="isDefined &gt; returns false for undefined" time="0.000537293">
        </testcase>
        <testcase classname="src/app/common/util/predicate.spec.ts" name="isDefined &gt; returns false for null" time="0.000772046">
        </testcase>
        <testcase classname="src/app/common/util/predicate.spec.ts" name="isDefined &gt; returns true for defined primitive values" time="0.001264267">
        </testcase>
        <testcase classname="src/app/common/util/predicate.spec.ts" name="isDefined &gt; returns true for defined object and array values" time="0.000791371">
        </testcase>
        <testcase classname="src/app/common/util/predicate.spec.ts" name="isDefined &gt; narrows the type so the value is usable without a nullable guard" time="0.000638879">
        </testcase>
        <testcase classname="src/app/common/util/predicate.spec.ts" name="isDefined &gt; filters nullish entries out of a collection" time="0.000642772">
        </testcase>
    </testsuite>
    <testsuite name="src/app/common/util/set.spec.ts" timestamp="2026-08-04T22:49:30.194Z" hostname="ali-Inspiron-15-3520" tests="8" failures="0" errors="0" skipped="0" time="0.007022752">
        <testcase classname="src/app/common/util/set.spec.ts" name="intersection &gt; returns only the elements common to both sets" time="0.001612275">
        </testcase>
        <testcase classname="src/app/common/util/set.spec.ts" name="intersection &gt; returns an empty set when there are no common elements" time="0.000728384">
        </testcase>
        <testcase classname="src/app/common/util/set.spec.ts" name="intersection &gt; returns an empty set when either input is empty" time="0.000482344">
        </testcase>
        <testcase classname="src/app/common/util/set.spec.ts" name="intersection &gt; works with string elements" time="0.00042414">
        </testcase>
        <testcase classname="src/app/common/util/set.spec.ts" name="intersection &gt; uses reference identity for object elements (SameValueZero)" time="0.000386186">
        </testcase>
        <testcase classname="src/app/common/util/set.spec.ts" name="intersection &gt; does not mutate either input set" time="0.000465212">
        </testcase>
        <testcase classname="src/app/common/util/set.spec.ts" name="intersection &gt; returns a brand-new set, not one of the inputs" time="0.001511214">
        </testcase>
        <testcase classname="src/app/common/util/set.spec.ts" name="intersection &gt; is symmetric in the elements it selects" time="0.000775016">
        </testcase>
    </testsuite>
    <testsuite name="src/app/common/util/size-formatter.util.spec.ts" timestamp="2026-08-04T22:49:30.195Z" hostname="ali-Inspiron-15-3520" tests="6" failures="0" errors="0" skipped="0" time="0.004133732">
        <testcase classname="src/app/common/util/size-formatter.util.spec.ts" name="formatSize &gt; should correctly format a valid file size" time="0.000976544">
        </testcase>
        <testcase classname="src/app/common/util/size-formatter.util.spec.ts" name="formatSize &gt; should return &quot;0 Bytes&quot; for undefined or non-positive input" time="0.000511149">
        </testcase>
        <testcase classname="src/app/common/util/size-formatter.util.spec.ts" name="formatSize &gt; should correctly format large file sizes" time="0.000558208">
        </testcase>
        <testcase classname="src/app/common/util/size-formatter.util.spec.ts" name="formatSize &gt; should handle decimal places correctly" time="0.00043673">
        </testcase>
        <testcase classname="src/app/common/util/size-formatter.util.spec.ts" name="formatSize &gt; should successfully format a typical file size" time="0.000468453">
        </testcase>
        <testcase classname="src/app/common/util/size-formatter.util.spec.ts" name="formatSize &gt; should handle extremely large file sizes without failure" time="0.00073702">
        </testcase>
    </testsuite>
    <testsuite name="src/app/common/util/storage.spec.ts" timestamp="2026-08-04T22:49:30.196Z" hostname="ali-Inspiron-15-3520" tests="12" failures="0" errors="0" skipped="0" time="0.019041327">
        <testcase classname="src/app/common/util/storage.spec.ts" name="storage util &gt; jsonCast &gt; parses a JSON string back into its original value" time="0.002431279">
        </testcase>
        <testcase classname="src/app/common/util/storage.spec.ts" name="storage util &gt; jsonCast &gt; throws when the input is not valid JSON" time="0.001901631">
        </testcase>
        <testcase classname="src/app/common/util/storage.spec.ts" name="storage util &gt; localStorage helpers &gt; stringifies the object when setting" time="0.00155045">
        </testcase>
        <testcase classname="src/app/common/util/storage.spec.ts" name="storage util &gt; localStorage helpers &gt; round-trips an object through set then get" time="0.00178211">
        </testcase>
        <testcase classname="src/app/common/util/storage.spec.ts" name="storage util &gt; localStorage helpers &gt; returns undefined when the key is absent" time="0.001314658">
        </testcase>
        <testcase classname="src/app/common/util/storage.spec.ts" name="storage util &gt; localStorage helpers &gt; returns undefined for an empty-string value (falsy guard)" time="0.001007071">
        </testcase>
        <testcase classname="src/app/common/util/storage.spec.ts" name="storage util &gt; localStorage helpers &gt; removes the stored key" time="0.001239976">
        </testcase>
        <testcase classname="src/app/common/util/storage.spec.ts" name="storage util &gt; localStorage helpers &gt; preserves falsy-but-defined values such as false and 0" time="0.001269785">
        </testcase>
        <testcase classname="src/app/common/util/storage.spec.ts" name="storage util &gt; sessionStorage helpers &gt; stringifies the object when setting" time="0.001415391">
        </testcase>
        <testcase classname="src/app/common/util/storage.spec.ts" name="storage util &gt; sessionStorage helpers &gt; round-trips an object through set then get" time="0.001546422">
        </testcase>
        <testcase classname="src/app/common/util/storage.spec.ts" name="storage util &gt; sessionStorage helpers &gt; returns null (not undefined) when the key is absent" time="0.001114943">
        </testcase>
        <testcase classname="src/app/common/util/storage.spec.ts" name="storage util &gt; sessionStorage helpers &gt; removes the stored key" time="0.001384917">
        </testcase>
    </testsuite>
    <testsuite name="src/app/common/util/switch.spec.ts" timestamp="2026-08-04T22:49:30.198Z" hostname="ali-Inspiron-15-3520" tests="4" failures="0" errors="0" skipped="0" time="0.006174196">
        <testcase classname="src/app/common/util/switch.spec.ts" name="exhaustiveGuard &gt; always throws when reached at runtime" time="0.001599693">
        </testcase>
        <testcase classname="src/app/common/util/switch.spec.ts" name="exhaustiveGuard &gt; includes the offending value in the error message" time="0.001089174">
        </testcase>
        <testcase classname="src/app/common/util/switch.spec.ts" name="exhaustiveGuard &gt; serializes object values with JSON.stringify in the message" time="0.001170864">
        </testcase>
        <testcase classname="src/app/common/util/switch.spec.ts" name="exhaustiveGuard &gt; acts as the default branch of an exhaustive switch" time="0.001632614">
        </testcase>
    </testsuite>
    <testsuite name="src/app/common/util/url.spec.ts" timestamp="2026-08-04T22:49:30.199Z" hostname="ali-Inspiron-15-3520" tests="7" failures="0" errors="0" skipped="0" time="0.01887593">
        <testcase classname="src/app/common/util/url.spec.ts" name="getWebsocketUrl &gt; when no explicit port is given &gt; rewrites an http base URI to the ws protocol" time="0.001398905">
        </testcase>
        <testcase classname="src/app/common/util/url.spec.ts" name="getWebsocketUrl &gt; when no explicit port is given &gt; rewrites an https base URI to the wss protocol" time="0.000837883">
        </testcase>
        <testcase classname="src/app/common/util/url.spec.ts" name="getWebsocketUrl &gt; when no explicit port is given &gt; resolves a relative endpoint against the base URI path" time="0.004301755">
        </testcase>
        <testcase classname="src/app/common/util/url.spec.ts" name="getWebsocketUrl &gt; when no explicit port is given &gt; preserves a non-default port already present in the base URI" time="0.001150904">
        </testcase>
        <testcase classname="src/app/common/util/url.spec.ts" name="getWebsocketUrl &gt; when an explicit port is given &gt; targets the base URI hostname on that port" time="0.000915963">
        </testcase>
        <testcase classname="src/app/common/util/url.spec.ts" name="getWebsocketUrl &gt; when an explicit port is given &gt; always uses the unencrypted ws protocol regardless of the base scheme" time="0.000810141">
        </testcase>
        <testcase classname="src/app/common/util/url.spec.ts" name="getWebsocketUrl &gt; when an explicit port is given &gt; uses only the hostname of the base URI, dropping its original port" time="0.007785178">
        </testcase>
    </testsuite>
    <testsuite name="src/app/common/util/workflow-check.spec.ts" timestamp="2026-08-04T22:49:30.204Z" hostname="ali-Inspiron-15-3520" tests="4" failures="0" errors="0" skipped="0" time="0.012293574">
        <testcase classname="src/app/common/util/workflow-check.spec.ts" name="checkIfWorkflowBroken &gt; should return false when every link references existing operators" time="0.0019987">
        </testcase>
        <testcase classname="src/app/common/util/workflow-check.spec.ts" name="checkIfWorkflowBroken &gt; should return true when a link source references a missing operator" time="0.007935927">
        </testcase>
        <testcase classname="src/app/common/util/workflow-check.spec.ts" name="checkIfWorkflowBroken &gt; should return true when a link target references a missing operator" time="0.000898971">
        </testcase>
        <testcase classname="src/app/common/util/workflow-check.spec.ts" name="checkIfWorkflowBroken &gt; should return false when the workflow has no links" time="0.000815757">
        </testcase>
    </testsuite>
    <testsuite name="src/app/common/util/workflow-compilation-utils.spec.ts" timestamp="2026-08-04T22:49:30.206Z" hostname="ali-Inspiron-15-3520" tests="11" failures="0" errors="0" skipped="0" time="0.024948345">
        <testcase classname="src/app/common/util/workflow-compilation-utils.spec.ts" name="areAllPortSchemasEqual &gt; should return true for an empty schema array" time="0.001158102">
        </testcase>
        <testcase classname="src/app/common/util/workflow-compilation-utils.spec.ts" name="areAllPortSchemasEqual &gt; should return true for a single schema" time="0.000714374">
        </testcase>
        <testcase classname="src/app/common/util/workflow-compilation-utils.spec.ts" name="areAllPortSchemasEqual &gt; should return true for deeply equal schemas" time="0.00893063">
        </testcase>
        <testcase classname="src/app/common/util/workflow-compilation-utils.spec.ts" name="areAllPortSchemasEqual &gt; should return true when every schema is undefined" time="0.005132367">
        </testcase>
        <testcase classname="src/app/common/util/workflow-compilation-utils.spec.ts" name="areAllPortSchemasEqual &gt; should return false when defined schemas differ" time="0.000859256">
        </testcase>
        <testcase classname="src/app/common/util/workflow-compilation-utils.spec.ts" name="areAllPortSchemasEqual &gt; should return false when defined and undefined schemas are mixed" time="0.000652017">
        </testcase>
        <testcase classname="src/app/common/util/workflow-compilation-utils.spec.ts" name="addCompilationError &gt; should create a failed state with the new operator error" time="0.003826411">
        </testcase>
        <testcase classname="src/app/common/util/workflow-compilation-utils.spec.ts" name="addCompilationError &gt; should default omitted error details to an empty string" time="0.000617054">
        </testcase>
        <testcase classname="src/app/common/util/workflow-compilation-utils.spec.ts" name="addCompilationError &gt; should initialize the output-schema map for an uninitialized state" time="0.000466049">
        </testcase>
        <testcase classname="src/app/common/util/workflow-compilation-utils.spec.ts" name="addCompilationError &gt; should preserve earlier errors when the input state is already failed" time="0.000897906">
        </testcase>
        <testcase classname="src/app/common/util/workflow-compilation-utils.spec.ts" name="addCompilationError &gt; should carry over the output-schema map from a succeeded state" time="0.000561941">
        </testcase>
    </testsuite>
    <testsuite name="src/app/dashboard/component/dashboard.component.spec.ts" timestamp="2026-08-04T22:49:30.207Z" hostname="ali-Inspiron-15-3520" tests="19" failures="0" errors="0" skipped="0" time="1.488944287">
        <testcase classname="src/app/dashboard/component/dashboard.component.spec.ts" name="DashboardComponent &gt; should create the component" time="0.097725229">
        </testcase>
        <testcase classname="src/app/dashboard/component/dashboard.component.spec.ts" name="DashboardComponent &gt; should render Google sign-in button when user is NOT logged in" time="0.064363318">
        </testcase>
        <testcase classname="src/app/dashboard/component/dashboard.component.spec.ts" name="DashboardComponent &gt; should render the powered-by attribution when attributionEnabled is true" time="0.061784448">
        </testcase>
        <testcase classname="src/app/dashboard/component/dashboard.component.spec.ts" name="DashboardComponent &gt; forumLogin &gt; stores the flarum_remember cookie on successful auth and does not register" time="0.078776129">
        </testcase>
        <testcase classname="src/app/dashboard/component/dashboard.component.spec.ts" name="DashboardComponent &gt; forumLogin &gt; hides the forum and does not register when auth fails with 404/500" time="0.061621115">
        </testcase>
        <testcase classname="src/app/dashboard/component/dashboard.component.spec.ts" name="DashboardComponent &gt; forumLogin &gt; registers at most once and stops when auth keeps failing (no infinite loop)" time="0.051295349">
        </testcase>
        <testcase classname="src/app/dashboard/component/dashboard.component.spec.ts" name="DashboardComponent &gt; forumLogin &gt; hides the forum when registration fails" time="0.054084694">
        </testcase>
        <testcase classname="src/app/dashboard/component/dashboard.component.spec.ts" name="DashboardComponent &gt; forumLogin &gt; does nothing when a flarum_remember cookie is already present" time="0.051484893">
        </testcase>
        <testcase classname="src/app/dashboard/component/dashboard.component.spec.ts" name="DashboardComponent &gt; should hide the navbar on workflow workspace routes" time="0.044192473">
        </testcase>
        <testcase classname="src/app/dashboard/component/dashboard.component.spec.ts" name="DashboardComponent &gt; exposes route constants without the legacy /dashboard prefix" time="0.042297449">
        </testcase>
        <testcase classname="src/app/dashboard/component/dashboard.component.spec.ts" name="DashboardComponent &gt; renders every sidebar tab&apos;s routerLink when fully enabled" time="0.250799821">
        </testcase>
        <testcase classname="src/app/dashboard/component/dashboard.component.spec.ts" name="DashboardComponent &gt; sidebar active-route highlighting (#3490) &gt; enables nzMatchRouter on the About item so it highlights when active" time="0.107278239">
        </testcase>
        <testcase classname="src/app/dashboard/component/dashboard.component.spec.ts" name="DashboardComponent &gt; sidebar active-route highlighting (#3490) &gt; enables nzMatchRouter on the Feedback item so it highlights when active" time="0.146381781">
        </testcase>
        <testcase classname="src/app/dashboard/component/dashboard.component.spec.ts" name="DashboardComponent &gt; sidebar active-route highlighting (#3490) &gt; (reference) Your Work items already enable nzMatchRouter" time="0.200718974">
        </testcase>
        <testcase classname="src/app/dashboard/component/dashboard.component.spec.ts" name="DashboardComponent &gt; public settings consumption &gt; applies logo, mini logo, and favicon from the public settings" time="0.036957997">
        </testcase>
        <testcase classname="src/app/dashboard/component/dashboard.component.spec.ts" name="DashboardComponent &gt; public settings consumption &gt; keeps the default branding when the settings are missing or the fetch fails" time="0.034033978">
        </testcase>
        <testcase classname="src/app/dashboard/component/dashboard.component.spec.ts" name="DashboardComponent &gt; public settings consumption &gt; toggles sidebar tabs from the public settings and treats missing keys as disabled" time="0.030912046">
        </testcase>
        <testcase classname="src/app/dashboard/component/dashboard.component.spec.ts" name="DashboardComponent &gt; public settings consumption &gt; leaves tabs unchanged when the settings fetch fails" time="0.035531188">
        </testcase>
        <testcase classname="src/app/dashboard/component/dashboard.component.spec.ts" name="DashboardComponent &gt; public settings consumption &gt; hides every tab until the settings load (no hardcoded default copy)" time="0.037210513">
        </testcase>
    </testsuite>
    <testsuite name="src/app/dashboard/type/dashboard-entry.spec.ts" timestamp="2026-08-04T22:49:30.209Z" hostname="ali-Inspiron-15-3520" tests="24" failures="0" errors="0" skipped="0" time="0.028664795">
        <testcase classname="src/app/dashboard/type/dashboard-entry.spec.ts" name="DashboardEntry &gt; constructor type mapping &gt; maps a DashboardWorkflow to the Workflow entity and copies workflow fields" time="0.002144754">
        </testcase>
        <testcase classname="src/app/dashboard/type/dashboard-entry.spec.ts" name="DashboardEntry &gt; constructor type mapping &gt; leaves coverImageUrl undefined when a workflow has no cover image" time="0.000863608">
        </testcase>
        <testcase classname="src/app/dashboard/type/dashboard-entry.spec.ts" name="DashboardEntry &gt; constructor type mapping &gt; maps a DashboardProject to the Project entity with empty description and creationTime as both timestamps" time="0.0013565">
        </testcase>
        <testcase classname="src/app/dashboard/type/dashboard-entry.spec.ts" name="DashboardEntry &gt; constructor type mapping &gt; maps a DashboardFile to the File entity and copies file fields" time="0.001457644">
        </testcase>
        <testcase classname="src/app/dashboard/type/dashboard-entry.spec.ts" name="DashboardEntry &gt; constructor type mapping &gt; maps a DashboardDataset to the Dataset entity and copies dataset fields" time="0.001463973">
        </testcase>
        <testcase classname="src/app/dashboard/type/dashboard-entry.spec.ts" name="DashboardEntry &gt; constructor type mapping &gt; maps a DashboardModel to the Model entity and copies model fields" time="0.001488012">
        </testcase>
        <testcase classname="src/app/dashboard/type/dashboard-entry.spec.ts" name="DashboardEntry &gt; constructor type mapping &gt; copies the model cover image into coverImageUrl" time="0.000841181">
        </testcase>
        <testcase classname="src/app/dashboard/type/dashboard-entry.spec.ts" name="DashboardEntry &gt; constructor type mapping &gt; leaves coverImageUrl undefined for a model with no cover image" time="0.000793977">
        </testcase>
        <testcase classname="src/app/dashboard/type/dashboard-entry.spec.ts" name="DashboardEntry &gt; constructor type mapping &gt; maps a DashboardWorkflowComputingUnit to the ComputingUnit entity and copies computing-unit fields" time="0.001722365">
        </testcase>
        <testcase classname="src/app/dashboard/type/dashboard-entry.spec.ts" name="DashboardEntry &gt; constructor type mapping &gt; initializes the shared counters and flags to their defaults" time="0.001088115">
        </testcase>
        <testcase classname="src/app/dashboard/type/dashboard-entry.spec.ts" name="DashboardEntry &gt; constructor type mapping &gt; throws for a value that matches no type predicate" time="0.001124759">
        </testcase>
        <testcase classname="src/app/dashboard/type/dashboard-entry.spec.ts" name="DashboardEntry &gt; setters &gt; setOwnerName updates ownerName" time="0.00094332">
        </testcase>
        <testcase classname="src/app/dashboard/type/dashboard-entry.spec.ts" name="DashboardEntry &gt; setters &gt; setOwnerGoogleAvatar updates ownerGoogleAvatar" time="0.000798442">
        </testcase>
        <testcase classname="src/app/dashboard/type/dashboard-entry.spec.ts" name="DashboardEntry &gt; setters &gt; setCount updates viewCount, cloneCount and likeCount together" time="0.000822101">
        </testcase>
        <testcase classname="src/app/dashboard/type/dashboard-entry.spec.ts" name="DashboardEntry &gt; setters &gt; setIsLiked updates isLiked" time="0.000642579">
        </testcase>
        <testcase classname="src/app/dashboard/type/dashboard-entry.spec.ts" name="DashboardEntry &gt; setters &gt; setAccessUsers replaces accessibleUserIds" time="0.000672428">
        </testcase>
        <testcase classname="src/app/dashboard/type/dashboard-entry.spec.ts" name="DashboardEntry &gt; setters &gt; setSize updates size" time="0.000643744">
        </testcase>
        <testcase classname="src/app/dashboard/type/dashboard-entry.spec.ts" name="DashboardEntry &gt; getters &gt; workflow getter returns the value for a workflow entry and throws for others" time="0.001170668">
        </testcase>
        <testcase classname="src/app/dashboard/type/dashboard-entry.spec.ts" name="DashboardEntry &gt; getters &gt; project getter returns the value for a project entry and throws for others" time="0.001313003">
        </testcase>
        <testcase classname="src/app/dashboard/type/dashboard-entry.spec.ts" name="DashboardEntry &gt; getters &gt; file getter returns the value for a file entry and throws for others" time="0.001219595">
        </testcase>
        <testcase classname="src/app/dashboard/type/dashboard-entry.spec.ts" name="DashboardEntry &gt; getters &gt; dataset getter returns the value for a dataset entry and throws for others" time="0.001161545">
        </testcase>
        <testcase classname="src/app/dashboard/type/dashboard-entry.spec.ts" name="DashboardEntry &gt; getters &gt; model getter returns the value for a model entry and throws for others" time="0.001146802">
        </testcase>
        <testcase classname="src/app/dashboard/type/dashboard-entry.spec.ts" name="DashboardEntry &gt; getters &gt; does not confuse a model with a dataset" time="0.001235768">
        </testcase>
        <testcase classname="src/app/dashboard/type/dashboard-entry.spec.ts" name="DashboardEntry &gt; getters &gt; computingUnit getter returns the value for a computing-unit entry and throws for others" time="0.001125705">
        </testcase>
    </testsuite>
    <testsuite name="src/app/dashboard/type/search-filter-parameters.spec.ts" timestamp="2026-08-04T22:49:30.210Z" hostname="ali-Inspiron-15-3520" tests="30" failures="0" errors="0" skipped="0" time="0.020352072">
        <testcase classname="src/app/dashboard/type/search-filter-parameters.spec.ts" name="toQueryStrings &gt; should return an empty string for empty keywords, an empty filter, and no optional arguments" time="0.001241455">
        </testcase>
        <testcase classname="src/app/dashboard/type/search-filter-parameters.spec.ts" name="toQueryStrings &gt; should emit one query parameter per keyword, preserving order" time="0.00083719">
        </testcase>
        <testcase classname="src/app/dashboard/type/search-filter-parameters.spec.ts" name="toQueryStrings &gt; should trim keywords and drop whitespace-only keywords" time="0.000825072">
        </testcase>
        <testcase classname="src/app/dashboard/type/search-filter-parameters.spec.ts" name="toQueryStrings &gt; should URL-encode keyword values" time="0.000835792">
        </testcase>
        <testcase classname="src/app/dashboard/type/search-filter-parameters.spec.ts" name="toQueryStrings &gt; should serialize all four date filters as UTC YYYY-MM-DD in a fixed order" time="0.000721436">
        </testcase>
        <testcase classname="src/app/dashboard/type/search-filter-parameters.spec.ts" name="toQueryStrings &gt; should omit date filters that are null" time="0.000554321">
        </testcase>
        <testcase classname="src/app/dashboard/type/search-filter-parameters.spec.ts" name="toQueryStrings &gt; should emit repeated owner, id, and operator parameters, preserving order" time="0.00076741">
        </testcase>
        <testcase classname="src/app/dashboard/type/search-filter-parameters.spec.ts" name="toQueryStrings &gt; should stringify numeric projectIds and keep projectId 0" time="0.000519428">
        </testcase>
        <testcase classname="src/app/dashboard/type/search-filter-parameters.spec.ts" name="toQueryStrings &gt; should URL-encode filter values" time="0.000542672">
        </testcase>
        <testcase classname="src/app/dashboard/type/search-filter-parameters.spec.ts" name="toQueryStrings &gt; should silently drop empty-string filter values" time="0.00062326">
        </testcase>
        <testcase classname="src/app/dashboard/type/search-filter-parameters.spec.ts" name="toQueryStrings &gt; should emit start and count when they are positive" time="0.000572558">
        </testcase>
        <testcase classname="src/app/dashboard/type/search-filter-parameters.spec.ts" name="toQueryStrings &gt; should omit start and count when they are 0" time="0.000657278">
        </testcase>
        <testcase classname="src/app/dashboard/type/search-filter-parameters.spec.ts" name="toQueryStrings &gt; should emit resourceType for a non-null type and omit it for null or undefined" time="0.000636387">
        </testcase>
        <testcase classname="src/app/dashboard/type/search-filter-parameters.spec.ts" name="toQueryStrings &gt; should emit orderBy for SortMethod.NameAsc even though its enum value is 0" time="0.000503199">
        </testcase>
        <testcase classname="src/app/dashboard/type/search-filter-parameters.spec.ts" name="toQueryStrings &gt; should emit the enum member name for other sort methods and omit orderBy when undefined" time="0.000571859">
        </testcase>
        <testcase classname="src/app/dashboard/type/search-filter-parameters.spec.ts" name="toQueryStrings &gt; should emit all parameter groups in the documented order when everything is populated" time="0.000649623">
        </testcase>
        <testcase classname="src/app/dashboard/type/search-filter-parameters.spec.ts" name="toQueryStrings &gt; should omit start, count, resourceType, and orderBy when called with only keywords and filters" time="0.000497743">
        </testcase>
        <testcase classname="src/app/dashboard/type/search-filter-parameters.spec.ts" name="searchTestEntries &gt; returns all entries untouched when nothing is constraining" time="0.001314813">
        </testcase>
        <testcase classname="src/app/dashboard/type/search-filter-parameters.spec.ts" name="searchTestEntries &gt; keeps only entries whose name contains a keyword substring" time="0.000746793">
        </testcase>
        <testcase classname="src/app/dashboard/type/search-filter-parameters.spec.ts" name="searchTestEntries &gt; matches when any of several keywords is a substring" time="0.00070749">
        </testcase>
        <testcase classname="src/app/dashboard/type/search-filter-parameters.spec.ts" name="searchTestEntries &gt; filters by createDateStart, keeping entries created on or after the start" time="0.000579299">
        </testcase>
        <testcase classname="src/app/dashboard/type/search-filter-parameters.spec.ts" name="searchTestEntries &gt; filters by createDateEnd inclusively through the end of that day" time="0.000491637">
        </testcase>
        <testcase classname="src/app/dashboard/type/search-filter-parameters.spec.ts" name="searchTestEntries &gt; filters by modifiedDateStart and modifiedDateEnd against lastModifiedTime" time="0.000518543">
        </testcase>
        <testcase classname="src/app/dashboard/type/search-filter-parameters.spec.ts" name="searchTestEntries &gt; filters by owner name, matching any listed owner" time="0.000580633">
        </testcase>
        <testcase classname="src/app/dashboard/type/search-filter-parameters.spec.ts" name="searchTestEntries &gt; filters by workflow id, comparing the wid as a string" time="0.00038508">
        </testcase>
        <testcase classname="src/app/dashboard/type/search-filter-parameters.spec.ts" name="searchTestEntries &gt; filters by operator type present in the workflow content" time="0.00076145">
        </testcase>
        <testcase classname="src/app/dashboard/type/search-filter-parameters.spec.ts" name="searchTestEntries &gt; filters by projectId membership" time="0.000498921">
        </testcase>
        <testcase classname="src/app/dashboard/type/search-filter-parameters.spec.ts" name="searchTestEntries &gt; excludes non-workflow entries when a workflow-only filter is applied" time="0.000434657">
        </testcase>
        <testcase classname="src/app/dashboard/type/search-filter-parameters.spec.ts" name="searchTestEntries &gt; filters by resource type when a type is given" time="0.000309207">
        </testcase>
        <testcase classname="src/app/dashboard/type/search-filter-parameters.spec.ts" name="searchTestEntries &gt; applies all filters sequentially, keeping only entries that satisfy every one" time="0.000572125">
        </testcase>
    </testsuite>
    <testsuite name="src/app/dashboard/type/type-predicates.spec.ts" timestamp="2026-08-04T22:49:30.213Z" hostname="ali-Inspiron-15-3520" tests="59" failures="0" errors="0" skipped="0" time="0.022365466">
        <testcase classname="src/app/dashboard/type/type-predicates.spec.ts" name="isDashboardWorkflow &gt; should return true for a realistic DashboardWorkflow" time="0.000896247">
        </testcase>
        <testcase classname="src/app/dashboard/type/type-predicates.spec.ts" name="isDashboardWorkflow &gt; should return false for null and undefined" time="0.000492101">
        </testcase>
        <testcase classname="src/app/dashboard/type/type-predicates.spec.ts" name="isDashboardWorkflow &gt; should return false for an object without a workflow field" time="0.000347346">
        </testcase>
        <testcase classname="src/app/dashboard/type/type-predicates.spec.ts" name="isDashboardWorkflow &gt; should return false when workflow is not an object" time="0.000386836">
        </testcase>
        <testcase classname="src/app/dashboard/type/type-predicates.spec.ts" name="isDashboardWorkflow &gt; should return false when workflow is null" time="0.000334346">
        </testcase>
        <testcase classname="src/app/dashboard/type/type-predicates.spec.ts" name="isDashboardProject &gt; should return true for a realistic DashboardProject" time="0.000393266">
        </testcase>
        <testcase classname="src/app/dashboard/type/type-predicates.spec.ts" name="isDashboardProject &gt; should return false for null and undefined" time="0.000386699">
        </testcase>
        <testcase classname="src/app/dashboard/type/type-predicates.spec.ts" name="isDashboardProject &gt; should return false for an object without a name field" time="0.000368919">
        </testcase>
        <testcase classname="src/app/dashboard/type/type-predicates.spec.ts" name="isDashboardProject &gt; should return false when name is not a string" time="0.000514469">
        </testcase>
        <testcase classname="src/app/dashboard/type/type-predicates.spec.ts" name="isDashboardProject &gt; should return false when a workflow field is also present" time="0.000291458">
        </testcase>
        <testcase classname="src/app/dashboard/type/type-predicates.spec.ts" name="isDashboardProject &gt; should return true when name is a string and workflow is null" time="0.000965895">
        </testcase>
        <testcase classname="src/app/dashboard/type/type-predicates.spec.ts" name="isDashboardFile &gt; should return true for a realistic DashboardFile" time="0.0008746">
        </testcase>
        <testcase classname="src/app/dashboard/type/type-predicates.spec.ts" name="isDashboardFile &gt; should return false for null and undefined" time="0.000765816">
        </testcase>
        <testcase classname="src/app/dashboard/type/type-predicates.spec.ts" name="isDashboardFile &gt; should return false for an empty object" time="0.000626464">
        </testcase>
        <testcase classname="src/app/dashboard/type/type-predicates.spec.ts" name="isDashboardFile &gt; should return false when ownerEmail is missing" time="0.000875702">
        </testcase>
        <testcase classname="src/app/dashboard/type/type-predicates.spec.ts" name="isDashboardFile &gt; should return false when file is missing" time="0.000885122">
        </testcase>
        <testcase classname="src/app/dashboard/type/type-predicates.spec.ts" name="isDashboardFile &gt; should return false when ownerEmail is not a string" time="0.000965296">
        </testcase>
        <testcase classname="src/app/dashboard/type/type-predicates.spec.ts" name="isDashboardFile &gt; should return false when file is null" time="0.000646197">
        </testcase>
        <testcase classname="src/app/dashboard/type/type-predicates.spec.ts" name="isDashboardDataset &gt; should return true for a realistic DashboardDataset" time="0.000649929">
        </testcase>
        <testcase classname="src/app/dashboard/type/type-predicates.spec.ts" name="isDashboardDataset &gt; should return false for null and undefined" time="0.000649628">
        </testcase>
        <testcase classname="src/app/dashboard/type/type-predicates.spec.ts" name="isDashboardDataset &gt; should return false for an object without a dataset field" time="0.000566205">
        </testcase>
        <testcase classname="src/app/dashboard/type/type-predicates.spec.ts" name="isDashboardDataset &gt; should return false when dataset is not an object" time="0.000684384">
        </testcase>
        <testcase classname="src/app/dashboard/type/type-predicates.spec.ts" name="isDashboardDataset &gt; should return false when dataset is null" time="0.000483478">
        </testcase>
        <testcase classname="src/app/dashboard/type/type-predicates.spec.ts" name="isDashboardModel &gt; should return true for a realistic DashboardModel" time="0.000383117">
        </testcase>
        <testcase classname="src/app/dashboard/type/type-predicates.spec.ts" name="isDashboardModel &gt; should return false for null and undefined" time="0.000300404">
        </testcase>
        <testcase classname="src/app/dashboard/type/type-predicates.spec.ts" name="isDashboardModel &gt; should return false for an object without a model field" time="0.000304368">
        </testcase>
        <testcase classname="src/app/dashboard/type/type-predicates.spec.ts" name="isDashboardModel &gt; should return false when model is not an object" time="0.00038585">
        </testcase>
        <testcase classname="src/app/dashboard/type/type-predicates.spec.ts" name="isDashboardModel &gt; should return false when model is null" time="0.000253646">
        </testcase>
        <testcase classname="src/app/dashboard/type/type-predicates.spec.ts" name="isDashboardModel &gt; should not claim a dataset, and no other predicate should claim a model" time="0.000312796">
        </testcase>
        <testcase classname="src/app/dashboard/type/type-predicates.spec.ts" name="isDashboardWorkflowComputingUnit &gt; should return true for a realistic DashboardWorkflowComputingUnit" time="0.00042265">
        </testcase>
        <testcase classname="src/app/dashboard/type/type-predicates.spec.ts" name="isDashboardWorkflowComputingUnit &gt; should return false for null and undefined" time="0.000354738">
        </testcase>
        <testcase classname="src/app/dashboard/type/type-predicates.spec.ts" name="isDashboardWorkflowComputingUnit &gt; should return false for an object without a computingUnit field" time="0.000193414">
        </testcase>
        <testcase classname="src/app/dashboard/type/type-predicates.spec.ts" name="isDashboardWorkflowComputingUnit &gt; should return false when computingUnit is not an object" time="0.000156155">
        </testcase>
        <testcase classname="src/app/dashboard/type/type-predicates.spec.ts" name="isDashboardWorkflowComputingUnit &gt; should return false when computingUnit is null" time="0.000164058">
        </testcase>
        <testcase classname="src/app/dashboard/type/type-predicates.spec.ts" name="type predicate cross-classification &gt; isDashboardWorkflow should return true for the DashboardWorkflow fixture" time="0.000172123">
        </testcase>
        <testcase classname="src/app/dashboard/type/type-predicates.spec.ts" name="type predicate cross-classification &gt; isDashboardProject should return false for the DashboardWorkflow fixture" time="0.000122604">
        </testcase>
        <testcase classname="src/app/dashboard/type/type-predicates.spec.ts" name="type predicate cross-classification &gt; isDashboardFile should return false for the DashboardWorkflow fixture" time="0.000327451">
        </testcase>
        <testcase classname="src/app/dashboard/type/type-predicates.spec.ts" name="type predicate cross-classification &gt; isDashboardDataset should return false for the DashboardWorkflow fixture" time="0.000265945">
        </testcase>
        <testcase classname="src/app/dashboard/type/type-predicates.spec.ts" name="type predicate cross-classification &gt; isDashboardWorkflowComputingUnit should return false for the DashboardWorkflow fixture" time="0.000242707">
        </testcase>
        <testcase classname="src/app/dashboard/type/type-predicates.spec.ts" name="type predicate cross-classification &gt; isDashboardWorkflow should return false for the DashboardProject fixture" time="0.000176751">
        </testcase>
        <testcase classname="src/app/dashboard/type/type-predicates.spec.ts" name="type predicate cross-classification &gt; isDashboardProject should return true for the DashboardProject fixture" time="0.000121685">
        </testcase>
        <testcase classname="src/app/dashboard/type/type-predicates.spec.ts" name="type predicate cross-classification &gt; isDashboardFile should return false for the DashboardProject fixture" time="0.000107915">
        </testcase>
        <testcase classname="src/app/dashboard/type/type-predicates.spec.ts" name="type predicate cross-classification &gt; isDashboardDataset should return false for the DashboardProject fixture" time="0.000103602">
        </testcase>
        <testcase classname="src/app/dashboard/type/type-predicates.spec.ts" name="type predicate cross-classification &gt; isDashboardWorkflowComputingUnit should return false for the DashboardProject fixture" time="0.000151384">
        </testcase>
        <testcase classname="src/app/dashboard/type/type-predicates.spec.ts" name="type predicate cross-classification &gt; isDashboardWorkflow should return false for the DashboardFile fixture" time="0.000130981">
        </testcase>
        <testcase classname="src/app/dashboard/type/type-predicates.spec.ts" name="type predicate cross-classification &gt; isDashboardProject should return false for the DashboardFile fixture" time="0.000133457">
        </testcase>
        <testcase classname="src/app/dashboard/type/type-predicates.spec.ts" name="type predicate cross-classification &gt; isDashboardFile should return true for the DashboardFile fixture" time="0.000167085">
        </testcase>
        <testcase classname="src/app/dashboard/type/type-predicates.spec.ts" name="type predicate cross-classification &gt; isDashboardDataset should return false for the DashboardFile fixture" time="0.000188681">
        </testcase>
        <testcase classname="src/app/dashboard/type/type-predicates.spec.ts" name="type predicate cross-classification &gt; isDashboardWorkflowComputingUnit should return false for the DashboardFile fixture" time="0.0001468">
        </testcase>
        <testcase classname="src/app/dashboard/type/type-predicates.spec.ts" name="type predicate cross-classification &gt; isDashboardWorkflow should return false for the DashboardDataset fixture" time="0.000110273">
        </testcase>
        <testcase classname="src/app/dashboard/type/type-predicates.spec.ts" name="type predicate cross-classification &gt; isDashboardProject should return false for the DashboardDataset fixture" time="0.000172393">
        </testcase>
        <testcase classname="src/app/dashboard/type/type-predicates.spec.ts" name="type predicate cross-classification &gt; isDashboardFile should return false for the DashboardDataset fixture" time="0.000109492">
        </testcase>
        <testcase classname="src/app/dashboard/type/type-predicates.spec.ts" name="type predicate cross-classification &gt; isDashboardDataset should return true for the DashboardDataset fixture" time="0.000122949">
        </testcase>
        <testcase classname="src/app/dashboard/type/type-predicates.spec.ts" name="type predicate cross-classification &gt; isDashboardWorkflowComputingUnit should return false for the DashboardDataset fixture" time="0.000131328">
        </testcase>
        <testcase classname="src/app/dashboard/type/type-predicates.spec.ts" name="type predicate cross-classification &gt; isDashboardWorkflow should return false for the DashboardWorkflowComputingUnit fixture" time="0.000110753">
        </testcase>
        <testcase classname="src/app/dashboard/type/type-predicates.spec.ts" name="type predicate cross-classification &gt; isDashboardProject should return false for the DashboardWorkflowComputingUnit fixture" time="0.000101982">
        </testcase>
        <testcase classname="src/app/dashboard/type/type-predicates.spec.ts" name="type predicate cross-classification &gt; isDashboardFile should return false for the DashboardWorkflowComputingUnit fixture" time="0.000121577">
        </testcase>
        <testcase classname="src/app/dashboard/type/type-predicates.spec.ts" name="type predicate cross-classification &gt; isDashboardDataset should return false for the DashboardWorkflowComputingUnit fixture" time="0.000106663">
        </testcase>
        <testcase classname="src/app/dashboard/type/type-predicates.spec.ts" name="type predicate cross-classification &gt; isDashboardWorkflowComputingUnit should return true for the DashboardWorkflowComputingUnit fixture" time="0.000147313">
        </testcase>
    </testsuite>
    <testsuite name="src/app/hub/component/hub.component.spec.ts" timestamp="2026-08-04T22:49:30.217Z" hostname="ali-Inspiron-15-3520" tests="11" failures="0" errors="0" skipped="0" time="0.360765718">
        <testcase classname="src/app/hub/component/hub.component.spec.ts" name="HubComponent &gt; creates with default isLogin = false and an empty sidebarTabs (no menu items render)" time="0.031006422">
        </testcase>
        <testcase classname="src/app/hub/component/hub.component.spec.ts" name="HubComponent &gt; passes the isLogin input through to the component" time="0.014408176">
        </testcase>
        <testcase classname="src/app/hub/component/hub.component.spec.ts" name="HubComponent &gt; injects GuiConfigService and exposes it for template gating" time="0.012613902">
        </testcase>
        <testcase classname="src/app/hub/component/hub.component.spec.ts" name="HubComponent &gt; renders only the Home item when home_enabled is the only flag set" time="0.051474764">
        </testcase>
        <testcase classname="src/app/hub/component/hub.component.spec.ts" name="HubComponent &gt; renders only the Workflows item when workflow_enabled is the only flag set" time="0.03748727">
        </testcase>
        <testcase classname="src/app/hub/component/hub.component.spec.ts" name="HubComponent &gt; renders only the Datasets item when dataset_enabled is the only flag set" time="0.025906896">
        </testcase>
        <testcase classname="src/app/hub/component/hub.component.spec.ts" name="HubComponent &gt; renders only the Models item when models_enabled is the only flag set" time="0.036694511">
        </testcase>
        <testcase classname="src/app/hub/component/hub.component.spec.ts" name="HubComponent &gt; hides the Models item when models_enabled is off" time="0.024006712">
        </testcase>
        <testcase classname="src/app/hub/component/hub.component.spec.ts" name="HubComponent &gt; renders all three menu items when home, workflow, and dataset flags are enabled" time="0.059177098">
        </testcase>
        <testcase classname="src/app/hub/component/hub.component.spec.ts" name="HubComponent &gt; excludes disabled tabs while rendering enabled ones" time="0.038359774">
        </testcase>
        <testcase classname="src/app/hub/component/hub.component.spec.ts" name="HubComponent &gt; binds each menu item&apos;s routerLink to the correct routing constant" time="0.028874868">
        </testcase>
    </testsuite>
    <testsuite name="src/app/hub/service/hub.service.spec.ts" timestamp="2026-08-04T22:49:30.218Z" hostname="ali-Inspiron-15-3520" tests="15" failures="0" errors="0" skipped="0" time="0.090731055">
        <testcase classname="src/app/hub/service/hub.service.spec.ts" name="HubService &gt; should be created" time="0.006991614">
        </testcase>
        <testcase classname="src/app/hub/service/hub.service.spec.ts" name="HubService &gt; getCount GETs /count with the entityType param and emits the count" time="0.005609061">
        </testcase>
        <testcase classname="src/app/hub/service/hub.service.spec.ts" name="HubService &gt; cloneWorkflow POSTs to /workflow/clone/:wid with a null body and emits the new wid" time="0.005651109">
        </testcase>
        <testcase classname="src/app/hub/service/hub.service.spec.ts" name="HubService &gt; isLiked GETs /isLiked appending every id and type, and emits the statuses" time="0.005730068">
        </testcase>
        <testcase classname="src/app/hub/service/hub.service.spec.ts" name="HubService &gt; postLike POSTs /like with a json body and emits the boolean result" time="0.006081128">
        </testcase>
        <testcase classname="src/app/hub/service/hub.service.spec.ts" name="HubService &gt; postUnlike POSTs /unlike with a json body and emits the boolean result" time="0.004401389">
        </testcase>
        <testcase classname="src/app/hub/service/hub.service.spec.ts" name="HubService &gt; toggleLike likes (not currently liked) then re-fetches the like count" time="0.005166113">
        </testcase>
        <testcase classname="src/app/hub/service/hub.service.spec.ts" name="HubService &gt; toggleLike unlikes (currently liked) then re-fetches the like count" time="0.007992755">
        </testcase>
        <testcase classname="src/app/hub/service/hub.service.spec.ts" name="HubService &gt; toggleLike keeps the current state when the action fails and defaults the count to 0" time="0.007050911">
        </testcase>
        <testcase classname="src/app/hub/service/hub.service.spec.ts" name="HubService &gt; postView POSTs /view with a json body and emits the view count" time="0.005610986">
        </testcase>
        <testcase classname="src/app/hub/service/hub.service.spec.ts" name="HubService &gt; getTops GETs /getTops with entityType, uid, limit and appended actionTypes" time="0.005233875">
        </testcase>
        <testcase classname="src/app/hub/service/hub.service.spec.ts" name="HubService &gt; getTops defaults uid to -1 and omits limit when it is not provided" time="0.00539431">
        </testcase>
        <testcase classname="src/app/hub/service/hub.service.spec.ts" name="HubService &gt; getCounts GETs /counts appending types, ids and actionTypes" time="0.00892401">
        </testcase>
        <testcase classname="src/app/hub/service/hub.service.spec.ts" name="HubService &gt; getCounts omits the actionType param when no actionTypes are given" time="0.00459808">
        </testcase>
        <testcase classname="src/app/hub/service/hub.service.spec.ts" name="HubService &gt; getUserAccess GETs /user-access appending types and ids, and emits the access list" time="0.005413509">
        </testcase>
    </testsuite>
    <testsuite name="src/app/workspace/component/workspace.component.spec.ts" timestamp="2026-08-04T22:49:30.219Z" hostname="ali-Inspiron-15-3520" tests="24" failures="0" errors="0" skipped="0" time="0.813102282">
        <testcase classname="src/app/workspace/component/workspace.component.spec.ts" name="WorkspaceComponent &gt; ngOnInit &gt; parses numeric pid from route query params" time="0.115606491">
        </testcase>
        <testcase classname="src/app/workspace/component/workspace.component.spec.ts" name="WorkspaceComponent &gt; ngOnInit &gt; treats non-numeric pid as undefined" time="0.034769185">
        </testcase>
        <testcase classname="src/app/workspace/component/workspace.component.spec.ts" name="WorkspaceComponent &gt; ngOnInit &gt; enables highlighting on the workflow action service" time="0.016458278">
        </testcase>
        <testcase classname="src/app/workspace/component/workspace.component.spec.ts" name="WorkspaceComponent &gt; ngAfterViewInit &gt; cold start (no wid in route): does not flip isLoading and registers metadata listener" time="0.035438856">
        </testcase>
        <testcase classname="src/app/workspace/component/workspace.component.spec.ts" name="WorkspaceComponent &gt; ngAfterViewInit &gt; warm start (wid in route): sets isLoading=true and disables modification before load" time="0.021274187">
        </testcase>
        <testcase classname="src/app/workspace/component/workspace.component.spec.ts" name="WorkspaceComponent &gt; loadWorkflowWithId &gt; on success: hands the workflow to the action service, clears undo/redo, and turns off loading" time="0.022325837">
        </testcase>
        <testcase classname="src/app/workspace/component/workspace.component.spec.ts" name="WorkspaceComponent &gt; loadWorkflowWithId &gt; on failure: resets to a new workflow, surfaces an access error, and turns off loading" time="0.016252476">
        </testcase>
        <testcase classname="src/app/workspace/component/workspace.component.spec.ts" name="WorkspaceComponent &gt; loadWorkflowWithId &gt; flags broken workflows via NotificationService.error but still loads them" time="0.016698771">
        </testcase>
        <testcase classname="src/app/workspace/component/workspace.component.spec.ts" name="WorkspaceComponent &gt; loadWorkflowWithId &gt; when URL fragment matches an element in the graph, highlights it" time="0.06477267">
        </testcase>
        <testcase classname="src/app/workspace/component/workspace.component.spec.ts" name="WorkspaceComponent &gt; loadWorkflowWithId &gt; when URL fragment does not match any element, surfaces an error and clears the fragment" time="0.031068138">
        </testcase>
        <testcase classname="src/app/workspace/component/workspace.component.spec.ts" name="WorkspaceComponent &gt; triggerCenter &gt; delegates to the texera graph" time="0.021481183">
        </testcase>
        <testcase classname="src/app/workspace/component/workspace.component.spec.ts" name="WorkspaceComponent &gt; registerAutoPersistWorkflow &gt; is idempotent — only subscribes to workflowChanged once across repeated calls" time="0.024203229">
        </testcase>
        <testcase classname="src/app/workspace/component/workspace.component.spec.ts" name="WorkspaceComponent &gt; registerAutoPersistWorkflow &gt; updates the URL via location.go to /user/workflow/&lt;wid&gt; (no /dashboard prefix) when the persisted wid differs" time="0.035547625">
        </testcase>
        <testcase classname="src/app/workspace/component/workspace.component.spec.ts" name="WorkspaceComponent &gt; registerAutoPersistWorkflow &gt; skips the URL update when the persisted wid matches the current metadata" time="0.038545834">
        </testcase>
        <testcase classname="src/app/workspace/component/workspace.component.spec.ts" name="WorkspaceComponent &gt; updateViewCount &gt; posts a view event with the route&apos;s wid and the current user&apos;s uid" time="0.02726188">
        </testcase>
        <testcase classname="src/app/workspace/component/workspace.component.spec.ts" name="WorkspaceComponent &gt; updateViewCount &gt; falls back to uid=0 when no user is signed in" time="0.025112183">
        </testcase>
        <testcase classname="src/app/workspace/component/workspace.component.spec.ts" name="WorkspaceComponent &gt; onWIDChange &gt; syncs writeAccess from metadata.readonly each time the metadata changes" time="0.029872805">
        </testcase>
        <testcase classname="src/app/workspace/component/workspace.component.spec.ts" name="WorkspaceComponent &gt; onWIDChange &gt; ignores metadata emissions that have no wid yet" time="0.022207238">
        </testcase>
        <testcase classname="src/app/workspace/component/workspace.component.spec.ts" name="WorkspaceComponent &gt; ngOnDestroy &gt; persists the workflow on destroy when the user is signed in and persist is enabled" time="0.038520651">
        </testcase>
        <testcase classname="src/app/workspace/component/workspace.component.spec.ts" name="WorkspaceComponent &gt; ngOnDestroy &gt; skips the persist call when the user is not signed in" time="0.039706551">
        </testcase>
        <testcase classname="src/app/workspace/component/workspace.component.spec.ts" name="WorkspaceComponent &gt; ngOnDestroy &gt; tears down every piece of websocket-derived state when leaving the workspace (issue #3120)" time="0.027415215">
        </testcase>
        <testcase classname="src/app/workspace/component/workspace.component.spec.ts" name="WorkspaceComponent &gt; ngOnDestroy &gt; clears the workflow session state when the computing unit is switched in-canvas (issue #3120)" time="0.025099273">
        </testcase>
        <testcase classname="src/app/workspace/component/workspace.component.spec.ts" name="WorkspaceComponent &gt; copilotEnabled &gt; passes through to GuiConfigService.env.copilotEnabled" time="0.053238998">
        </testcase>
        <testcase classname="src/app/workspace/component/workspace.component.spec.ts" name="WorkspaceComponent &gt; child rendering side effects &gt; publishes the resolved ViewContainerRef to CodeEditorService.vc on view init" time="0.027970267">
        </testcase>
    </testsuite>
    <testsuite name="src/app/workspace/types/execute-workflow.interface.spec.ts" timestamp="2026-08-04T22:49:30.221Z" hostname="ali-Inspiron-15-3520" tests="7" failures="0" errors="0" skipped="0" time="0.015445885">
        <testcase classname="src/app/workspace/types/execute-workflow.interface.spec.ts" name="isWebPaginationUpdate &gt; returns true for a pagination-mode update" time="0.00377933">
        </testcase>
        <testcase classname="src/app/workspace/types/execute-workflow.interface.spec.ts" name="isWebPaginationUpdate &gt; returns false for snapshot- and delta-mode updates" time="0.000921737">
        </testcase>
        <testcase classname="src/app/workspace/types/execute-workflow.interface.spec.ts" name="isWebDataUpdate &gt; returns true for snapshot- and delta-mode updates" time="0.001572181">
        </testcase>
        <testcase classname="src/app/workspace/types/execute-workflow.interface.spec.ts" name="isWebDataUpdate &gt; returns false for a pagination-mode update" time="0.001540379">
        </testcase>
        <testcase classname="src/app/workspace/types/execute-workflow.interface.spec.ts" name="isWebDataUpdate &gt; returns false for an undefined update without throwing" time="0.002244927">
        </testcase>
        <testcase classname="src/app/workspace/types/execute-workflow.interface.spec.ts" name="isNotInExecution &gt; returns true for terminal or uninitialized states" time="0.003025242">
        </testcase>
        <testcase classname="src/app/workspace/types/execute-workflow.interface.spec.ts" name="isNotInExecution &gt; returns false for active execution states" time="0.001298496">
        </testcase>
    </testsuite>
    <testsuite name="src/app/workspace/types/operator-schema.interface.spec.ts" timestamp="2026-08-04T22:49:30.222Z" hostname="ali-Inspiron-15-3520" tests="17" failures="0" errors="0" skipped="0" time="0.008792076">
        <testcase classname="src/app/workspace/types/operator-schema.interface.spec.ts" name="areOperatorSchemasEqual &gt; returns true for two identically-shaped schemas" time="0.001568053">
        </testcase>
        <testcase classname="src/app/workspace/types/operator-schema.interface.spec.ts" name="areOperatorSchemasEqual &gt; returns false when operatorType differs" time="0.000768061">
        </testcase>
        <testcase classname="src/app/workspace/types/operator-schema.interface.spec.ts" name="areOperatorSchemasEqual &gt; returns false when operatorVersion differs" time="0.000551182">
        </testcase>
        <testcase classname="src/app/workspace/types/operator-schema.interface.spec.ts" name="areOperatorSchemasEqual &gt; returns false when a nested jsonSchema field differs" time="0.00039984">
        </testcase>
        <testcase classname="src/app/workspace/types/operator-schema.interface.spec.ts" name="areOperatorSchemasEqual &gt; returns false when jsonSchema arrays differ only in order" time="0.000429924">
        </testcase>
        <testcase classname="src/app/workspace/types/operator-schema.interface.spec.ts" name="areOperatorSchemasEqual &gt; returns false when additionalMetadata.userFriendlyName differs" time="0.000419108">
        </testcase>
        <testcase classname="src/app/workspace/types/operator-schema.interface.spec.ts" name="areOperatorSchemasEqual &gt; returns false when additionalMetadata.operatorGroupName differs" time="0.000369773">
        </testcase>
        <testcase classname="src/app/workspace/types/operator-schema.interface.spec.ts" name="areOperatorSchemasEqual &gt; returns false when a boolean metadata flag differs" time="0.000321188">
        </testcase>
        <testcase classname="src/app/workspace/types/operator-schema.interface.spec.ts" name="areOperatorSchemasEqual &gt; returns false when additionalMetadata.operatorDescription differs" time="0.000324493">
        </testcase>
        <testcase classname="src/app/workspace/types/operator-schema.interface.spec.ts" name="areOperatorSchemasEqual &gt; returns false when additionalMetadata.allowPortCustomization differs" time="0.00032199">
        </testcase>
        <testcase classname="src/app/workspace/types/operator-schema.interface.spec.ts" name="areOperatorSchemasEqual &gt; returns false when the number of input ports differs" time="0.000334432">
        </testcase>
        <testcase classname="src/app/workspace/types/operator-schema.interface.spec.ts" name="areOperatorSchemasEqual &gt; returns false when an input port&apos;s displayName differs" time="0.000271012">
        </testcase>
        <testcase classname="src/app/workspace/types/operator-schema.interface.spec.ts" name="areOperatorSchemasEqual &gt; returns false when an input port&apos;s disallowMultiLinks differs" time="0.000749437">
        </testcase>
        <testcase classname="src/app/workspace/types/operator-schema.interface.spec.ts" name="areOperatorSchemasEqual &gt; returns false when input ports match as a set but differ in order" time="0.000358726">
        </testcase>
        <testcase classname="src/app/workspace/types/operator-schema.interface.spec.ts" name="areOperatorSchemasEqual &gt; returns false when the number of output ports differs" time="0.000363287">
        </testcase>
        <testcase classname="src/app/workspace/types/operator-schema.interface.spec.ts" name="areOperatorSchemasEqual &gt; returns false when an output port&apos;s displayName differs" time="0.000309239">
        </testcase>
        <testcase classname="src/app/workspace/types/operator-schema.interface.spec.ts" name="areOperatorSchemasEqual &gt; returns false when output ports match as a set but differ in order" time="0.00031761">
        </testcase>
    </testsuite>
    <testsuite name="src/app/workspace/types/shared-editing.interface.spec.ts" timestamp="2026-08-04T22:49:30.223Z" hostname="ali-Inspiron-15-3520" tests="18" failures="0" errors="0" skipped="0" time="0.032534309">
        <testcase classname="src/app/workspace/types/shared-editing.interface.spec.ts" name="createYTypeFromObject &gt; returns primitive numbers and booleans unchanged" time="0.000763487">
        </testcase>
        <testcase classname="src/app/workspace/types/shared-editing.interface.spec.ts" name="createYTypeFromObject &gt; returns null and undefined as-is" time="0.000487137">
        </testcase>
        <testcase classname="src/app/workspace/types/shared-editing.interface.spec.ts" name="createYTypeFromObject &gt; converts a string into a Y.Text carrying the same content" time="0.001250986">
        </testcase>
        <testcase classname="src/app/workspace/types/shared-editing.interface.spec.ts" name="createYTypeFromObject &gt; converts an array into a Y.Array preserving order and values" time="0.001214571">
        </testcase>
        <testcase classname="src/app/workspace/types/shared-editing.interface.spec.ts" name="createYTypeFromObject &gt; skips undefined entries when building a Y.Array" time="0.00107488">
        </testcase>
        <testcase classname="src/app/workspace/types/shared-editing.interface.spec.ts" name="createYTypeFromObject &gt; converts a plain object into a Y.Map whose string values become Y.Text" time="0.002603698">
        </testcase>
        <testcase classname="src/app/workspace/types/shared-editing.interface.spec.ts" name="createYTypeFromObject &gt; skips undefined object values" time="0.001247348">
        </testcase>
        <testcase classname="src/app/workspace/types/shared-editing.interface.spec.ts" name="createYTypeFromObject &gt; recursively converts nested objects and arrays" time="0.001802282">
        </testcase>
        <testcase classname="src/app/workspace/types/shared-editing.interface.spec.ts" name="createYTypeFromObject &gt; throws a TypeError for unsupported object kinds" time="0.000651598">
        </testcase>
        <testcase classname="src/app/workspace/types/shared-editing.interface.spec.ts" name="updateYTypeFromObject &gt; returns false for null or undefined arguments" time="0.001817381">
        </testcase>
        <testcase classname="src/app/workspace/types/shared-editing.interface.spec.ts" name="updateYTypeFromObject &gt; returns false when the top-level new value is a primitive" time="0.001354208">
        </testcase>
        <testcase classname="src/app/workspace/types/shared-editing.interface.spec.ts" name="updateYTypeFromObject &gt; returns false and leaves the value untouched on a structural type mismatch" time="0.001279616">
        </testcase>
        <testcase classname="src/app/workspace/types/shared-editing.interface.spec.ts" name="updateYTypeFromObject &gt; updates a Y.Map&apos;s scalar and string fields in place" time="0.005337157">
        </testcase>
        <testcase classname="src/app/workspace/types/shared-editing.interface.spec.ts" name="updateYTypeFromObject &gt; adds new object keys but leaves keys absent from the new object in place" time="0.001498439">
        </testcase>
        <testcase classname="src/app/workspace/types/shared-editing.interface.spec.ts" name="updateYTypeFromObject &gt; appends new items to a Y.Array in place" time="0.002699842">
        </testcase>
        <testcase classname="src/app/workspace/types/shared-editing.interface.spec.ts" name="updateYTypeFromObject &gt; deletes removed items from a Y.Array in place" time="0.002116146">
        </testcase>
        <testcase classname="src/app/workspace/types/shared-editing.interface.spec.ts" name="updateYTypeFromObject &gt; mutates an existing array element in place when it stays an object" time="0.002822876">
        </testcase>
        <testcase classname="src/app/workspace/types/shared-editing.interface.spec.ts" name="updateYTypeFromObject &gt; recursively updates deeply nested structures" time="0.001851574">
        </testcase>
    </testsuite>
    <testsuite name="src/app/common/component/computing-unit-create-modal/computing-unit-create-modal.component.spec.ts" timestamp="2026-08-04T22:49:30.224Z" hostname="ali-Inspiron-15-3520" tests="37" failures="0" errors="0" skipped="0" time="2.583537268">
        <testcase classname="src/app/common/component/computing-unit-create-modal/computing-unit-create-modal.component.spec.ts" name="ComputingUnitCreateModalComponent &gt; should create" time="0.022014264">
        </testcase>
        <testcase classname="src/app/common/component/computing-unit-create-modal/computing-unit-create-modal.component.spec.ts" name="ComputingUnitCreateModalComponent &gt; prefers the kubernetes type when available" time="0.019786425">
        </testcase>
        <testcase classname="src/app/common/component/computing-unit-create-modal/computing-unit-create-modal.component.spec.ts" name="ComputingUnitCreateModalComponent &gt; falls back to the first available type when kubernetes is absent" time="0.025149745">
        </testcase>
        <testcase classname="src/app/common/component/computing-unit-create-modal/computing-unit-create-modal.component.spec.ts" name="ComputingUnitCreateModalComponent &gt; applies fetched limit options with first-option defaults" time="0.015070248">
        </testcase>
        <testcase classname="src/app/common/component/computing-unit-create-modal/computing-unit-create-modal.component.spec.ts" name="ComputingUnitCreateModalComponent &gt; falls back to hardcoded defaults when option lists are empty" time="0.010334109">
        </testcase>
        <testcase classname="src/app/common/component/computing-unit-create-modal/computing-unit-create-modal.component.spec.ts" name="ComputingUnitCreateModalComponent &gt; rejects a kubernetes create with an empty name but still closes the modal on Ok" time="0.013420294">
        </testcase>
        <testcase classname="src/app/common/component/computing-unit-create-modal/computing-unit-create-modal.component.spec.ts" name="ComputingUnitCreateModalComponent &gt; rejects a local create with a blank URI" time="0.011989373">
        </testcase>
        <testcase classname="src/app/common/component/computing-unit-create-modal/computing-unit-create-modal.component.spec.ts" name="ComputingUnitCreateModalComponent &gt; rejects a create without a selected type" time="0.01245511">
        </testcase>
        <testcase classname="src/app/common/component/computing-unit-create-modal/computing-unit-create-modal.component.spec.ts" name="ComputingUnitCreateModalComponent &gt; emits unitCreated and a success toast on a successful kubernetes create" time="0.011605957">
        </testcase>
        <testcase classname="src/app/common/component/computing-unit-create-modal/computing-unit-create-modal.component.spec.ts" name="ComputingUnitCreateModalComponent &gt; closes without creating on Cancel" time="0.021958874">
        </testcase>
        <testcase classname="src/app/common/component/computing-unit-create-modal/computing-unit-create-modal.component.spec.ts" name="ComputingUnitCreateModalComponent &gt; reconfigures the JVM memory slider when the memory selection changes" time="0.014056242">
        </testcase>
        <testcase classname="src/app/common/component/computing-unit-create-modal/computing-unit-create-modal.component.spec.ts" name="ComputingUnitCreateModalComponent &gt; flags shared memory larger than total memory" time="0.010938848">
        </testcase>
        <testcase classname="src/app/common/component/computing-unit-create-modal/computing-unit-create-modal.component.spec.ts" name="ComputingUnitCreateModalComponent &gt; toggles the advanced-settings panel" time="0.013141432">
        </testcase>
        <testcase classname="src/app/common/component/computing-unit-create-modal/computing-unit-create-modal.component.spec.ts" name="ComputingUnitCreateModalComponent &gt; re-collapses the advanced-settings panel each time the modal opens" time="0.027100993">
        </testcase>
        <testcase classname="src/app/common/component/computing-unit-create-modal/computing-unit-create-modal.component.spec.ts" name="ComputingUnitCreateModalComponent &gt; resets the advanced values each time the modal opens" time="0.022665537">
        </testcase>
        <testcase classname="src/app/common/component/computing-unit-create-modal/computing-unit-create-modal.component.spec.ts" name="ComputingUnitCreateModalComponent &gt; surfaces the max-JVM warning on the collapsed header" time="0.015432659">
        </testcase>
        <testcase classname="src/app/common/component/computing-unit-create-modal/computing-unit-create-modal.component.spec.ts" name="ComputingUnitCreateModalComponent &gt; prefers the shm warning over the JVM warning when both apply" time="0.024689472">
        </testcase>
        <testcase classname="src/app/common/component/computing-unit-create-modal/computing-unit-create-modal.component.spec.ts" name="ComputingUnitCreateModalComponent &gt; flags a collapsed warning only when collapsed and shm exceeds memory" time="0.014340096">
        </testcase>
        <testcase classname="src/app/common/component/computing-unit-create-modal/computing-unit-create-modal.component.spec.ts" name="ComputingUnitCreateModalComponent &gt; suppresses the shm warning until the memory options have loaded" time="0.018611491">
        </testcase>
        <testcase classname="src/app/common/component/computing-unit-create-modal/computing-unit-create-modal.component.spec.ts" name="ComputingUnitCreateModalComponent &gt; does not flag a warning when shm fits within memory" time="0.018167573">
        </testcase>
        <testcase classname="src/app/common/component/computing-unit-create-modal/computing-unit-create-modal.component.spec.ts" name="ComputingUnitCreateModalComponent &gt; initializes the local computing unit URI from the window location" time="0.020138753">
        </testcase>
        <testcase classname="src/app/common/component/computing-unit-create-modal/computing-unit-create-modal.component.spec.ts" name="ComputingUnitCreateModalComponent &gt; builds the local URI with and without a port" time="0.022276369">
        </testcase>
        <testcase classname="src/app/common/component/computing-unit-create-modal/computing-unit-create-modal.component.spec.ts" name="ComputingUnitCreateModalComponent &gt; toasts when fetching computing unit types fails" time="0.031881639">
        </testcase>
        <testcase classname="src/app/common/component/computing-unit-create-modal/computing-unit-create-modal.component.spec.ts" name="ComputingUnitCreateModalComponent &gt; toasts when fetching resource limit options fails" time="0.023997409">
        </testcase>
        <testcase classname="src/app/common/component/computing-unit-create-modal/computing-unit-create-modal.component.spec.ts" name="ComputingUnitCreateModalComponent &gt; toasts when the create request fails" time="0.025177008">
        </testcase>
        <testcase classname="src/app/common/component/computing-unit-create-modal/computing-unit-create-modal.component.spec.ts" name="ComputingUnitCreateModalComponent &gt; shows GPU selection for a single non-zero option and hides it for a single zero option" time="0.017400362">
        </testcase>
        <testcase classname="src/app/common/component/computing-unit-create-modal/computing-unit-create-modal.component.spec.ts" name="ComputingUnitCreateModalComponent &gt; snaps the JVM memory slider to the nearest valid step" time="0.031676502">
        </testcase>
        <testcase classname="src/app/common/component/computing-unit-create-modal/computing-unit-create-modal.component.spec.ts" name="ComputingUnitCreateModalComponent &gt; flags max JVM memory only when the slider is shown at its maximum" time="0.026820074">
        </testcase>
        <testcase classname="src/app/common/component/computing-unit-create-modal/computing-unit-create-modal.component.spec.ts" name="ComputingUnitCreateModalComponent &gt; preserves a valid previous JVM selection when switching between large memory options" time="0.013243141">
        </testcase>
        <testcase classname="src/app/common/component/computing-unit-create-modal/computing-unit-create-modal.component.spec.ts" name="ComputingUnitCreateModalComponent &gt; resets the JVM selection when switching to an unrecognized memory unit" time="0.010220735">
        </testcase>
        <testcase classname="src/app/common/component/computing-unit-create-modal/computing-unit-create-modal.component.spec.ts" name="ComputingUnitCreateModalComponent &gt; template rendering &gt; renders the full kubernetes form with GPU select, shm warning, JVM slider and max-memory alert" time="0.509764022">
        </testcase>
        <testcase classname="src/app/common/component/computing-unit-create-modal/computing-unit-create-modal.component.spec.ts" name="ComputingUnitCreateModalComponent &gt; template rendering &gt; expands and collapses the advanced panel when the toggle button is clicked" time="0.273895743">
        </testcase>
        <testcase classname="src/app/common/component/computing-unit-create-modal/computing-unit-create-modal.component.spec.ts" name="ComputingUnitCreateModalComponent &gt; template rendering &gt; renders the minimal kubernetes form without GPU select, warnings, or slider" time="0.161985432">
        </testcase>
        <testcase classname="src/app/common/component/computing-unit-create-modal/computing-unit-create-modal.component.spec.ts" name="ComputingUnitCreateModalComponent &gt; template rendering &gt; renders the local form with name and URI inputs" time="0.064071615">
        </testcase>
        <testcase classname="src/app/common/component/computing-unit-create-modal/computing-unit-create-modal.component.spec.ts" name="ComputingUnitCreateModalComponent &gt; template rendering &gt; updates the form state through the rendered controls" time="0.566670127">
        </testcase>
        <testcase classname="src/app/common/component/computing-unit-create-modal/computing-unit-create-modal.component.spec.ts" name="ComputingUnitCreateModalComponent &gt; template rendering &gt; falls back to a slider minimum of 0 when no JVM steps are configured" time="0.225147891">
        </testcase>
        <testcase classname="src/app/common/component/computing-unit-create-modal/computing-unit-create-modal.component.spec.ts" name="ComputingUnitCreateModalComponent &gt; template rendering &gt; wires the footer buttons to cancel and create" time="0.210632456">
        </testcase>
    </testsuite>
    <testsuite name="src/app/common/formly/preset-wrapper/preset-wrapper.component.spec.ts" timestamp="2026-08-04T22:49:30.227Z" hostname="ali-Inspiron-15-3520" tests="24" failures="0" errors="0" skipped="0" time="0.514941766">
        <testcase classname="src/app/common/formly/preset-wrapper/preset-wrapper.component.spec.ts" name="PresetWrapperComponent &gt; should create" time="0.066805039">
        </testcase>
        <testcase classname="src/app/common/formly/preset-wrapper/preset-wrapper.component.spec.ts" name="PresetWrapperComponent &gt; ngOnInit &gt; throws when field.key is missing" time="0.016207883">
        </testcase>
        <testcase classname="src/app/common/formly/preset-wrapper/preset-wrapper.component.spec.ts" name="PresetWrapperComponent &gt; ngOnInit &gt; throws when templateOptions is missing" time="0.020484592">
        </testcase>
        <testcase classname="src/app/common/formly/preset-wrapper/preset-wrapper.component.spec.ts" name="PresetWrapperComponent &gt; ngOnInit &gt; throws when templateOptions.presetKey is missing" time="0.027507092">
        </testcase>
        <testcase classname="src/app/common/formly/preset-wrapper/preset-wrapper.component.spec.ts" name="PresetWrapperComponent &gt; ngOnInit &gt; populates searchResults from presetService.getPresets on init" time="0.018381697">
        </testcase>
        <testcase classname="src/app/common/formly/preset-wrapper/preset-wrapper.component.spec.ts" name="PresetWrapperComponent &gt; functional api &gt; applyPreset forwards to PresetService with the configured presetType + applyTarget" time="0.015589907">
        </testcase>
        <testcase classname="src/app/common/formly/preset-wrapper/preset-wrapper.component.spec.ts" name="PresetWrapperComponent &gt; functional api &gt; deletePreset forwards to PresetService with the configured presetType + saveTarget" time="0.03284874">
        </testcase>
        <testcase classname="src/app/common/formly/preset-wrapper/preset-wrapper.component.spec.ts" name="PresetWrapperComponent &gt; functional api &gt; getEntryTitle returns the value at field.key" time="0.027532085">
        </testcase>
        <testcase classname="src/app/common/formly/preset-wrapper/preset-wrapper.component.spec.ts" name="PresetWrapperComponent &gt; functional api &gt; getEntryDescription joins all non-key values with commas" time="0.017093909">
        </testcase>
        <testcase classname="src/app/common/formly/preset-wrapper/preset-wrapper.component.spec.ts" name="PresetWrapperComponent &gt; functional api &gt; getSearchResults &gt; returns a copy of all presets when showAllResults is true" time="0.018268927">
        </testcase>
        <testcase classname="src/app/common/formly/preset-wrapper/preset-wrapper.component.spec.ts" name="PresetWrapperComponent &gt; functional api &gt; getSearchResults &gt; returns all presets when showAllResults is true even if the search term doesn&apos;t match" time="0.017731573">
        </testcase>
        <testcase classname="src/app/common/formly/preset-wrapper/preset-wrapper.component.spec.ts" name="PresetWrapperComponent &gt; functional api &gt; getSearchResults &gt; filters by case-insensitive prefix match on the entry title when showAllResults is false" time="0.01826962">
        </testcase>
        <testcase classname="src/app/common/formly/preset-wrapper/preset-wrapper.component.spec.ts" name="PresetWrapperComponent &gt; functional api &gt; getSearchResults &gt; returns the full list when search term is empty and showAllResults is false" time="0.015651791">
        </testcase>
        <testcase classname="src/app/common/formly/preset-wrapper/preset-wrapper.component.spec.ts" name="PresetWrapperComponent &gt; functional api &gt; getSearchResults &gt; returns an empty list when the search term matches nothing" time="0.026704061">
        </testcase>
        <testcase classname="src/app/common/formly/preset-wrapper/preset-wrapper.component.spec.ts" name="PresetWrapperComponent &gt; dropdown visibility &gt; re-fetches presets and updates searchResults when the dropdown opens" time="0.032234781">
        </testcase>
        <testcase classname="src/app/common/formly/preset-wrapper/preset-wrapper.component.spec.ts" name="PresetWrapperComponent &gt; dropdown visibility &gt; does not refetch when the dropdown closes" time="0.015794536">
        </testcase>
        <testcase classname="src/app/common/formly/preset-wrapper/preset-wrapper.component.spec.ts" name="PresetWrapperComponent &gt; PresetService stream subscriptions &gt; updates searchResults when savePresetsStream emits a matching event" time="0.01533226">
        </testcase>
        <testcase classname="src/app/common/formly/preset-wrapper/preset-wrapper.component.spec.ts" name="PresetWrapperComponent &gt; PresetService stream subscriptions &gt; ignores savePresetsStream events for a different presetType" time="0.015083268">
        </testcase>
        <testcase classname="src/app/common/formly/preset-wrapper/preset-wrapper.component.spec.ts" name="PresetWrapperComponent &gt; PresetService stream subscriptions &gt; ignores savePresetsStream events for a different saveTarget" time="0.014766315">
        </testcase>
        <testcase classname="src/app/common/formly/preset-wrapper/preset-wrapper.component.spec.ts" name="PresetWrapperComponent &gt; PresetService stream subscriptions &gt; does not refresh searchResults from form value changes while the dropdown is closed" time="0.014932871">
        </testcase>
        <testcase classname="src/app/common/formly/preset-wrapper/preset-wrapper.component.spec.ts" name="PresetWrapperComponent &gt; PresetService stream subscriptions &gt; refreshes searchResults from form value changes while the dropdown is open" time="0.020094765">
        </testcase>
        <testcase classname="src/app/common/formly/preset-wrapper/preset-wrapper.component.spec.ts" name="PresetWrapperComponent &gt; PresetService stream subscriptions &gt; stops responding to stream events after ngOnDestroy" time="0.01526959">
        </testcase>
        <testcase classname="src/app/common/formly/preset-wrapper/preset-wrapper.component.spec.ts" name="PresetWrapperComponent &gt; savePreset &gt; creates a preset built from sibling preset-wrapper fields when the preset is valid" time="0.015428494">
        </testcase>
        <testcase classname="src/app/common/formly/preset-wrapper/preset-wrapper.component.spec.ts" name="PresetWrapperComponent &gt; savePreset &gt; shows an error toast and does not create a preset when the preset is invalid" time="0.014738459">
        </testcase>
    </testsuite>
    <testsuite name="src/app/common/formly/repeat-dnd/repeat-dnd.component.spec.ts" timestamp="2026-08-04T22:49:30.229Z" hostname="ali-Inspiron-15-3520" tests="4" failures="0" errors="0" skipped="0" time="0.108186178">
        <testcase classname="src/app/common/formly/repeat-dnd/repeat-dnd.component.spec.ts" name="FormlyRepeatDndComponent &gt; should create" time="0.035651707">
        </testcase>
        <testcase classname="src/app/common/formly/repeat-dnd/repeat-dnd.component.spec.ts" name="FormlyRepeatDndComponent &gt; should do nothing when previousIndex equals currentIndex" time="0.02333411">
        </testcase>
        <testcase classname="src/app/common/formly/repeat-dnd/repeat-dnd.component.spec.ts" name="FormlyRepeatDndComponent &gt; should do nothing when model is undefined" time="0.02432856">
        </testcase>
        <testcase classname="src/app/common/formly/repeat-dnd/repeat-dnd.component.spec.ts" name="FormlyRepeatDndComponent &gt; should reorder model, fieldGroup, formControl, and call reorder callback" time="0.024310715">
        </testcase>
    </testsuite>
    <testsuite name="src/app/common/service/deployment-version/deployment-version.service.spec.ts" timestamp="2026-08-04T22:49:30.229Z" hostname="ali-Inspiron-15-3520" tests="18" failures="0" errors="0" skipped="0" time="0.105413728">
        <testcase classname="src/app/common/service/deployment-version/deployment-version.service.spec.ts" name="DeploymentVersionService &gt; checkForUpdate (positive) &gt; reports an update when the deployed build differs from the running one" time="0.009380515">
        </testcase>
        <testcase classname="src/app/common/service/deployment-version/deployment-version.service.spec.ts" name="DeploymentVersionService &gt; checkForUpdate (no update / negative) &gt; reports no update when the build matches the running one" time="0.009246531">
        </testcase>
        <testcase classname="src/app/common/service/deployment-version/deployment-version.service.spec.ts" name="DeploymentVersionService &gt; checkForUpdate (malformed manifest) &gt; ignores a manifest with no buildNumber field" time="0.006651396">
        </testcase>
        <testcase classname="src/app/common/service/deployment-version/deployment-version.service.spec.ts" name="DeploymentVersionService &gt; checkForUpdate (malformed manifest) &gt; ignores an empty-string buildNumber" time="0.007675616">
        </testcase>
        <testcase classname="src/app/common/service/deployment-version/deployment-version.service.spec.ts" name="DeploymentVersionService &gt; checkForUpdate (malformed manifest) &gt; ignores a non-string buildNumber" time="0.004148605">
        </testcase>
        <testcase classname="src/app/common/service/deployment-version/deployment-version.service.spec.ts" name="DeploymentVersionService &gt; checkForUpdate (malformed manifest) &gt; ignores a null response body" time="0.005207297">
        </testcase>
        <testcase classname="src/app/common/service/deployment-version/deployment-version.service.spec.ts" name="DeploymentVersionService &gt; checkForUpdate (transport failures stay silent) &gt; returns false on a network error" time="0.009935355">
        </testcase>
        <testcase classname="src/app/common/service/deployment-version/deployment-version.service.spec.ts" name="DeploymentVersionService &gt; checkForUpdate (transport failures stay silent) &gt; returns false on a 404 (manifest not deployed)" time="0.00930134">
        </testcase>
        <testcase classname="src/app/common/service/deployment-version/deployment-version.service.spec.ts" name="DeploymentVersionService &gt; checkForUpdate (transport failures stay silent) &gt; returns false on a 500 server error" time="0.005848579">
        </testcase>
        <testcase classname="src/app/common/service/deployment-version/deployment-version.service.spec.ts" name="DeploymentVersionService &gt; checkForUpdate (request shape) &gt; requests the manifest with a cache-busting query param so a CDN/browser cache cannot mask a deploy" time="0.004070386">
        </testcase>
        <testcase classname="src/app/common/service/deployment-version/deployment-version.service.spec.ts" name="DeploymentVersionService &gt; promptReload &gt; shows exactly one sticky, dismissible notification with a refresh message" time="0.003457311">
        </testcase>
        <testcase classname="src/app/common/service/deployment-version/deployment-version.service.spec.ts" name="DeploymentVersionService &gt; promptReload &gt; reloads the page when the notification is clicked" time="0.003095095">
        </testcase>
        <testcase classname="src/app/common/service/deployment-version/deployment-version.service.spec.ts" name="DeploymentVersionService &gt; startPollingForUpdates &gt; polls after the interval and prompts once when a new deployment is detected" time="0.003622862">
        </testcase>
        <testcase classname="src/app/common/service/deployment-version/deployment-version.service.spec.ts" name="DeploymentVersionService &gt; startPollingForUpdates &gt; does not prompt while the deployed build is unchanged" time="0.00357204">
        </testcase>
        <testcase classname="src/app/common/service/deployment-version/deployment-version.service.spec.ts" name="DeploymentVersionService &gt; startPollingForUpdates &gt; prompts only once and stops polling after an update is found" time="0.006362318">
        </testcase>
        <testcase classname="src/app/common/service/deployment-version/deployment-version.service.spec.ts" name="DeploymentVersionService &gt; startPollingForUpdates &gt; uses a 5 minute default poll interval" time="0.003919024">
        </testcase>
        <testcase classname="src/app/common/service/deployment-version/deployment-version.service.spec.ts" name="DeploymentVersionService &gt; startPollingForUpdates &gt; does not poll before the default 5 minute interval elapses" time="0.003823263">
        </testcase>
        <testcase classname="src/app/common/service/deployment-version/deployment-version.service.spec.ts" name="DeploymentVersionService &gt; startPollingForUpdates &gt; keeps polling and still prompts after a transient request failure" time="0.004126345">
        </testcase>
    </testsuite>
    <testsuite name="src/app/common/service/global-error-handler/global-error-handler.service.spec.ts" timestamp="2026-08-04T22:49:30.230Z" hostname="ali-Inspiron-15-3520" tests="16" failures="0" errors="0" skipped="0" time="0.022428138">
        <testcase classname="src/app/common/service/global-error-handler/global-error-handler.service.spec.ts" name="isChunkLoadError &gt; detects chunk-load failures" time="0.001923421">
        </testcase>
        <testcase classname="src/app/common/service/global-error-handler/global-error-handler.service.spec.ts" name="isChunkLoadError &gt; detects chunk-load failures from a plain object message" time="0.00082633">
        </testcase>
        <testcase classname="src/app/common/service/global-error-handler/global-error-handler.service.spec.ts" name="isChunkLoadError &gt; matches case-insensitively" time="0.000790945">
        </testcase>
        <testcase classname="src/app/common/service/global-error-handler/global-error-handler.service.spec.ts" name="isChunkLoadError &gt; ignores unrelated errors" time="0.000876209">
        </testcase>
        <testcase classname="src/app/common/service/global-error-handler/global-error-handler.service.spec.ts" name="isChunkLoadError &gt; ignores errors whose name matches loosely but is not ChunkLoadError" time="0.000614952">
        </testcase>
        <testcase classname="src/app/common/service/global-error-handler/global-error-handler.service.spec.ts" name="isChunkLoadError &gt; ignores values with a non-string message and non-string body" time="0.001133997">
        </testcase>
        <testcase classname="src/app/common/service/global-error-handler/global-error-handler.service.spec.ts" name="GlobalErrorHandler &gt; reloads once on a chunk-load error and records the guard" time="0.002182256">
        </testcase>
        <testcase classname="src/app/common/service/global-error-handler/global-error-handler.service.spec.ts" name="GlobalErrorHandler &gt; does not forward a recovered chunk error to the default handler" time="0.001381086">
        </testcase>
        <testcase classname="src/app/common/service/global-error-handler/global-error-handler.service.spec.ts" name="GlobalErrorHandler &gt; does not reload again within the guard window" time="0.001309032">
        </testcase>
        <testcase classname="src/app/common/service/global-error-handler/global-error-handler.service.spec.ts" name="GlobalErrorHandler &gt; forwards a chunk error to the default handler once reload is guarded" time="0.00145246">
        </testcase>
        <testcase classname="src/app/common/service/global-error-handler/global-error-handler.service.spec.ts" name="GlobalErrorHandler &gt; does not reload on a non-chunk error and forwards it to the default handler" time="0.001668503">
        </testcase>
        <testcase classname="src/app/common/service/global-error-handler/global-error-handler.service.spec.ts" name="GlobalErrorHandler &gt; reloads again once the guard window has elapsed" time="0.001180224">
        </testcase>
        <testcase classname="src/app/common/service/global-error-handler/global-error-handler.service.spec.ts" name="GlobalErrorHandler &gt; does not reload when a fresh guard timestamp is present" time="0.001053905">
        </testcase>
        <testcase classname="src/app/common/service/global-error-handler/global-error-handler.service.spec.ts" name="GlobalErrorHandler &gt; reloads when the stored guard value is not a usable number" time="0.001118239">
        </testcase>
        <testcase classname="src/app/common/service/global-error-handler/global-error-handler.service.spec.ts" name="GlobalErrorHandler &gt; reloads when the stored guard value is non-positive" time="0.001287903">
        </testcase>
        <testcase classname="src/app/common/service/global-error-handler/global-error-handler.service.spec.ts" name="GlobalErrorHandler.reload (default implementation) &gt; delegates to window.location.reload on a chunk-load error" time="0.002496444">
        </testcase>
    </testsuite>
    <testsuite name="src/app/common/service/gmail/gmail.service.spec.ts" timestamp="2026-08-04T22:49:30.232Z" hostname="ali-Inspiron-15-3520" tests="8" failures="0" errors="0" skipped="0" time="0.031642681">
        <testcase classname="src/app/common/service/gmail/gmail.service.spec.ts" name="GmailService &gt; should show a success toast when the backend accepts the send request" time="0.004977139">
        </testcase>
        <testcase classname="src/app/common/service/gmail/gmail.service.spec.ts" name="GmailService &gt; sends the correct PUT body for sendEmail with an explicit receiver" time="0.003451672">
        </testcase>
        <testcase classname="src/app/common/service/gmail/gmail.service.spec.ts" name="GmailService &gt; defaults the receiver to an empty string when it is omitted" time="0.003095811">
        </testcase>
        <testcase classname="src/app/common/service/gmail/gmail.service.spec.ts" name="GmailService &gt; shows an error toast and logs to the console on a failed send" time="0.003870388">
        </testcase>
        <testcase classname="src/app/common/service/gmail/gmail.service.spec.ts" name="GmailService &gt; issues a GET to the sender-email endpoint and emits the response without notifying" time="0.003516657">
        </testcase>
        <testcase classname="src/app/common/service/gmail/gmail.service.spec.ts" name="GmailService &gt; sends the correct POST body for notifyUnauthorizedLogin" time="0.004383105">
        </testcase>
        <testcase classname="src/app/common/service/gmail/gmail.service.spec.ts" name="GmailService &gt; shows a success toast when the unauthorized-login notification is accepted" time="0.003433546">
        </testcase>
        <testcase classname="src/app/common/service/gmail/gmail.service.spec.ts" name="GmailService &gt; shows an error toast and logs to the console when the notification fails" time="0.004213956">
        </testcase>
    </testsuite>
    <testsuite name="src/app/common/service/notification/notification.service.spec.ts" timestamp="2026-08-04T22:49:30.233Z" hostname="ali-Inspiron-15-3520" tests="6" failures="0" errors="0" skipped="0" time="0.037034569">
        <testcase classname="src/app/common/service/notification/notification.service.spec.ts" name="NotificationService &gt; should be created" time="0.007099534">
        </testcase>
        <testcase classname="src/app/common/service/notification/notification.service.spec.ts" name="NotificationService &gt; success / info / error / warning delegate to the message service with the content and options" time="0.006978162">
        </testcase>
        <testcase classname="src/app/common/service/notification/notification.service.spec.ts" name="NotificationService &gt; defaults to empty options when none are given" time="0.005694576">
        </testcase>
        <testcase classname="src/app/common/service/notification/notification.service.spec.ts" name="NotificationService &gt; loading delegates to the message service and returns its ref" time="0.005236861">
        </testcase>
        <testcase classname="src/app/common/service/notification/notification.service.spec.ts" name="NotificationService &gt; blank delegates to the notification service and returns its ref" time="0.005812518">
        </testcase>
        <testcase classname="src/app/common/service/notification/notification.service.spec.ts" name="NotificationService &gt; remove delegates to the notification service" time="0.005313603">
        </testcase>
    </testsuite>
    <testsuite name="src/app/common/service/user/auth-guard.service.spec.ts" timestamp="2026-08-04T22:49:30.235Z" hostname="ali-Inspiron-15-3520" tests="3" failures="0" errors="0" skipped="0" time="0.019973982">
        <testcase classname="src/app/common/service/user/auth-guard.service.spec.ts" name="AuthGuardService &gt; allows navigation and does not redirect when the user is logged in" time="0.007671516">
        </testcase>
        <testcase classname="src/app/common/service/user/auth-guard.service.spec.ts" name="AuthGuardService &gt; blocks navigation and redirects to ABOUT with a null returnUrl from the root url" time="0.005121693">
        </testcase>
        <testcase classname="src/app/common/service/user/auth-guard.service.spec.ts" name="AuthGuardService &gt; blocks navigation and preserves the return url for a deep link" time="0.0065165">
        </testcase>
    </testsuite>
    <testsuite name="src/app/common/service/user/auth.service.spec.ts" timestamp="2026-08-04T22:49:30.235Z" hostname="ali-Inspiron-15-3520" tests="17" failures="0" errors="0" skipped="0" time="0.164041719">
        <testcase classname="src/app/common/service/user/auth.service.spec.ts" name="AuthService &gt; should be created" time="0.01148285">
        </testcase>
        <testcase classname="src/app/common/service/user/auth.service.spec.ts" name="AuthService &gt; static access-token helpers &gt; set/get/remove roundtrip through localStorage" time="0.006283598">
        </testcase>
        <testcase classname="src/app/common/service/user/auth.service.spec.ts" name="AuthService &gt; HTTP auth endpoints &gt; register() POSTs username/email/password to the register endpoint" time="0.034683529">
        </testcase>
        <testcase classname="src/app/common/service/user/auth.service.spec.ts" name="AuthService &gt; HTTP auth endpoints &gt; auth() POSTs username/password to the login endpoint" time="0.021204816">
        </testcase>
        <testcase classname="src/app/common/service/user/auth.service.spec.ts" name="AuthService &gt; HTTP auth endpoints &gt; googleAuth() POSTs the raw credential with a text/plain content type" time="0.015749476">
        </testcase>
        <testcase classname="src/app/common/service/user/auth.service.spec.ts" name="AuthService &gt; HTTP auth endpoints &gt; register() propagates HTTP errors to the subscriber" time="0.006322546">
        </testcase>
        <testcase classname="src/app/common/service/user/auth.service.spec.ts" name="AuthService &gt; HTTP auth endpoints &gt; auth() propagates HTTP errors to the subscriber" time="0.003825757">
        </testcase>
        <testcase classname="src/app/common/service/user/auth.service.spec.ts" name="AuthService &gt; HTTP auth endpoints &gt; googleAuth() propagates HTTP errors to the subscriber" time="0.006667237">
        </testcase>
        <testcase classname="src/app/common/service/user/auth.service.spec.ts" name="AuthService &gt; logout &gt; removes the stored access token and returns undefined" time="0.007237719">
        </testcase>
        <testcase classname="src/app/common/service/user/auth.service.spec.ts" name="AuthService &gt; loginWithExistingToken &gt; logs out and returns undefined when no token is stored" time="0.008517158">
        </testcase>
        <testcase classname="src/app/common/service/user/auth.service.spec.ts" name="AuthService &gt; loginWithExistingToken &gt; errors and logs out when the stored token is expired" time="0.006111112">
        </testcase>
        <testcase classname="src/app/common/service/user/auth.service.spec.ts" name="AuthService &gt; loginWithExistingToken &gt; returns a User built from the decoded claims for a valid token" time="0.003607901">
        </testcase>
        <testcase classname="src/app/common/service/user/auth.service.spec.ts" name="AuthService &gt; loginWithExistingToken &gt; in invite-only mode, an inactive user is logged out and registration is checked" time="0.004422487">
        </testcase>
        <testcase classname="src/app/common/service/user/auth.service.spec.ts" name="AuthService &gt; registerAutoLogout &gt; schedules a logout that fires once the token expiry elapses" time="0.006948129">
        </testcase>
        <testcase classname="src/app/common/service/user/auth.service.spec.ts" name="AuthService &gt; registerAutoLogout &gt; does not schedule a logout when the token is already expired" time="0.004947082">
        </testcase>
        <testcase classname="src/app/common/service/user/auth.service.spec.ts" name="AuthService &gt; invite-only registration gating &gt; opens the registration modal when registration is required" time="0.005378069">
        </testcase>
        <testcase classname="src/app/common/service/user/auth.service.spec.ts" name="AuthService &gt; invite-only registration gating &gt; submitRegistration PUTs the affiliation/reason when the modal is confirmed" time="0.008996164">
        </testcase>
    </testsuite>
    <testsuite name="src/app/common/service/user/google-auth.service.spec.ts" timestamp="2026-08-04T22:49:30.238Z" hostname="ali-Inspiron-15-3520" tests="1" failures="0" errors="0" skipped="0" time="0.009037858">
        <testcase classname="src/app/common/service/user/google-auth.service.spec.ts" name="GoogleAuthService &gt; issues a GET to the client-id endpoint and emits the returned id" time="0.008626092">
        </testcase>
    </testsuite>
    <testsuite name="src/app/common/service/user/user.service.spec.ts" timestamp="2026-08-04T22:49:30.238Z" hostname="ali-Inspiron-15-3520" tests="16" failures="0" errors="0" skipped="0" time="0.108570778">
        <testcase classname="src/app/common/service/user/user.service.spec.ts" name="UserService &gt; should be created" time="0.008252012">
        </testcase>
        <testcase classname="src/app/common/service/user/user.service.spec.ts" name="UserService &gt; should login after register user" time="0.005139201">
        </testcase>
        <testcase classname="src/app/common/service/user/user.service.spec.ts" name="UserService &gt; should login after login user" time="0.003913691">
        </testcase>
        <testcase classname="src/app/common/service/user/user.service.spec.ts" name="UserService &gt; should not login after register failed" time="0.003732446">
        </testcase>
        <testcase classname="src/app/common/service/user/user.service.spec.ts" name="UserService &gt; should not login after login failed" time="0.003805679">
        </testcase>
        <testcase classname="src/app/common/service/user/user.service.spec.ts" name="UserService &gt; should log out when called log out function" time="0.00707015">
        </testcase>
        <testcase classname="src/app/common/service/user/user.service.spec.ts" name="UserService &gt; loads the authenticated config when a fresh login succeeds" time="0.003341388">
        </testcase>
        <testcase classname="src/app/common/service/user/user.service.spec.ts" name="UserService &gt; loads the authenticated config when a googleLogin succeeds" time="0.003362774">
        </testcase>
        <testcase classname="src/app/common/service/user/user.service.spec.ts" name="UserService &gt; orders the post-login config fetch before the userChanged event fires" time="0.005944345">
        </testcase>
        <testcase classname="src/app/common/service/user/user.service.spec.ts" name="UserService &gt; still completes login when loadPostLogin fails" time="0.015486948">
            <system-err>
Failed to load authenticated config after login; continuing. Error: simulated 500
    at /home/ali/IdeaProjects/texera-worktrees/forks/rodeo-pipeline/frontend/src/app/common/service/user/user.service.spec.ts:170:72
    at Observable.init [as _subscribe] (/home/ali/IdeaProjects/texera-worktrees/forks/rodeo-pipeline/frontend/node_modules/rxjs/dist/cjs/internal/observable/throwError.js:8:64)
    at Observable._trySubscribe (/home/ali/IdeaProjects/texera-worktrees/forks/rodeo-pipeline/frontend/node_modules/rxjs/dist/cjs/internal/Observable.js:41:25)
    at /home/ali/IdeaProjects/texera-worktrees/forks/rodeo-pipeline/frontend/node_modules/rxjs/dist/cjs/internal/Observable.js:35:31
    at Object.errorContext (/home/ali/IdeaProjects/texera-worktrees/forks/rodeo-pipeline/frontend/node_modules/rxjs/dist/cjs/internal/util/errorContext.js:22:9)
    at Observable.subscribe (/home/ali/IdeaProjects/texera-worktrees/forks/rodeo-pipeline/frontend/node_modules/rxjs/dist/cjs/internal/Observable.js:26:24)
    at /home/ali/IdeaProjects/texera-worktrees/forks/rodeo-pipeline/frontend/node_modules/rxjs/dist/cjs/internal/operators/catchError.js:12:27
    at OperatorSubscriber.&lt;anonymous&gt; (/home/ali/IdeaProjects/texera-worktrees/forks/rodeo-pipeline/frontend/node_modules/rxjs/dist/cjs/internal/util/lift.js:14:28)
    at /home/ali/IdeaProjects/texera-worktrees/forks/rodeo-pipeline/frontend/node_modules/rxjs/dist/cjs/internal/Observable.js:30:30
    at Object.errorContext (/home/ali/IdeaProjects/texera-worktrees/forks/rodeo-pipeline/frontend/node_modules/rxjs/dist/cjs/internal/util/errorContext.js:22:9)

            </system-err>
        </testcase>
        <testcase classname="src/app/common/service/user/user.service.spec.ts" name="UserService &gt; changeUser sets the current user (assigning a color) and emits it on userChanged" time="0.009016513">
        </testcase>
        <testcase classname="src/app/common/service/user/user.service.spec.ts" name="UserService &gt; isAdmin reflects only the ADMIN role of the current user" time="0.007283624">
        </testcase>
        <testcase classname="src/app/common/service/user/user.service.spec.ts" name="UserService &gt; getAvatar returns undefined for an empty avatar id" time="0.006685077">
        </testcase>
        <testcase classname="src/app/common/service/user/user.service.spec.ts" name="UserService &gt; getAvatar returns the cached object URL while the entry is still fresh" time="0.004623441">
        </testcase>
        <testcase classname="src/app/common/service/user/user.service.spec.ts" name="UserService &gt; getAvatar network path &gt; fetches the avatar, wraps the blob in an object URL, and caches it" time="0.008694893">
        </testcase>
        <testcase classname="src/app/common/service/user/user.service.spec.ts" name="UserService &gt; getAvatar network path &gt; returns undefined when the avatar fetch fails" time="0.007774729">
        </testcase>
    </testsuite>
    <testsuite name="src/app/common/service/workflow-persist/workflow-persist.service.spec.ts" timestamp="2026-08-04T22:49:30.241Z" hostname="ali-Inspiron-15-3520" tests="31" failures="0" errors="0" skipped="0" time="0.152712507">
        <testcase classname="src/app/common/service/workflow-persist/workflow-persist.service.spec.ts" name="WorkflowPersistService &gt; should be created" time="0.003784784">
        </testcase>
        <testcase classname="src/app/common/service/workflow-persist/workflow-persist.service.spec.ts" name="WorkflowPersistService &gt; should send http post request once" time="0.005104015">
        </testcase>
        <testcase classname="src/app/common/service/workflow-persist/workflow-persist.service.spec.ts" name="WorkflowPersistService &gt; should check if workflow content and name returned correctly" time="0.003232959">
        </testcase>
        <testcase classname="src/app/common/service/workflow-persist/workflow-persist.service.spec.ts" name="WorkflowPersistService &gt; retrieveWorkflow issues a GET and parses the workflow content" time="0.005199305">
        </testcase>
        <testcase classname="src/app/common/service/workflow-persist/workflow-persist.service.spec.ts" name="WorkflowPersistService &gt; retrieveWorkflowIDs issues a GET to the workflow-ids url" time="0.006101559">
        </testcase>
        <testcase classname="src/app/common/service/workflow-persist/workflow-persist.service.spec.ts" name="WorkflowPersistService &gt; retrieveOwners issues a GET to the owners url" time="0.006190802">
        </testcase>
        <testcase classname="src/app/common/service/workflow-persist/workflow-persist.service.spec.ts" name="WorkflowPersistService &gt; searchWorkflows issues a GET to the search url and maps each entry" time="0.005571062">
        </testcase>
        <testcase classname="src/app/common/service/workflow-persist/workflow-persist.service.spec.ts" name="WorkflowPersistService &gt; uncovered persist/retrieve/duplicate/delete endpoints &gt; persistWorkflow POSTs the serialized body and parses the response content" time="0.006090827">
        </testcase>
        <testcase classname="src/app/common/service/workflow-persist/workflow-persist.service.spec.ts" name="WorkflowPersistService &gt; uncovered persist/retrieve/duplicate/delete endpoints &gt; persistWorkflow notifies the user when the workflow is broken but still POSTs" time="0.005520001">
        </testcase>
        <testcase classname="src/app/common/service/workflow-persist/workflow-persist.service.spec.ts" name="WorkflowPersistService &gt; uncovered persist/retrieve/duplicate/delete endpoints &gt; persistWorkflow filters out a null response so no value is emitted" time="0.00497164">
        </testcase>
        <testcase classname="src/app/common/service/workflow-persist/workflow-persist.service.spec.ts" name="WorkflowPersistService &gt; uncovered persist/retrieve/duplicate/delete endpoints &gt; createWorkflow POSTs the name and serialized content and emits the created workflow" time="0.006639303">
        </testcase>
        <testcase classname="src/app/common/service/workflow-persist/workflow-persist.service.spec.ts" name="WorkflowPersistService &gt; uncovered persist/retrieve/duplicate/delete endpoints &gt; createWorkflow filters out a null response so no value is emitted" time="0.005665946">
        </testcase>
        <testcase classname="src/app/common/service/workflow-persist/workflow-persist.service.spec.ts" name="WorkflowPersistService &gt; uncovered persist/retrieve/duplicate/delete endpoints &gt; duplicateWorkflow POSTs only wids when no pid is provided" time="0.004270177">
        </testcase>
        <testcase classname="src/app/common/service/workflow-persist/workflow-persist.service.spec.ts" name="WorkflowPersistService &gt; uncovered persist/retrieve/duplicate/delete endpoints &gt; duplicateWorkflow includes pid in the body when provided" time="0.00371264">
        </testcase>
        <testcase classname="src/app/common/service/workflow-persist/workflow-persist.service.spec.ts" name="WorkflowPersistService &gt; uncovered persist/retrieve/duplicate/delete endpoints &gt; duplicateWorkflow filters out an empty-array response" time="0.00357497">
        </testcase>
        <testcase classname="src/app/common/service/workflow-persist/workflow-persist.service.spec.ts" name="WorkflowPersistService &gt; uncovered persist/retrieve/duplicate/delete endpoints &gt; retrieveWorkflowsBySessionUser GETs the list url and maps each entry" time="0.003742733">
        </testcase>
        <testcase classname="src/app/common/service/workflow-persist/workflow-persist.service.spec.ts" name="WorkflowPersistService &gt; uncovered persist/retrieve/duplicate/delete endpoints &gt; deleteWorkflow POSTs the wids to the delete url" time="0.004433648">
        </testcase>
        <testcase classname="src/app/common/service/workflow-persist/workflow-persist.service.spec.ts" name="WorkflowPersistService &gt; uncovered persist/retrieve/duplicate/delete endpoints &gt; updateWorkflowName POSTs wid and name on success" time="0.004090151">
        </testcase>
        <testcase classname="src/app/common/service/workflow-persist/workflow-persist.service.spec.ts" name="WorkflowPersistService &gt; uncovered persist/retrieve/duplicate/delete endpoints &gt; updateWorkflowName notifies with the server message and rethrows on error" time="0.004631101">
        </testcase>
        <testcase classname="src/app/common/service/workflow-persist/workflow-persist.service.spec.ts" name="WorkflowPersistService &gt; uncovered persist/retrieve/duplicate/delete endpoints &gt; updateWorkflowDescription POSTs wid and description on success" time="0.00437073">
        </testcase>
        <testcase classname="src/app/common/service/workflow-persist/workflow-persist.service.spec.ts" name="WorkflowPersistService &gt; uncovered persist/retrieve/duplicate/delete endpoints &gt; updateWorkflowDescription notifies with the server message and rethrows on error" time="0.004258751">
        </testcase>
        <testcase classname="src/app/common/service/workflow-persist/workflow-persist.service.spec.ts" name="WorkflowPersistService &gt; uncovered persist/retrieve/duplicate/delete endpoints &gt; getWorkflowIsPublished GETs the type url as text" time="0.003639269">
        </testcase>
        <testcase classname="src/app/common/service/workflow-persist/workflow-persist.service.spec.ts" name="WorkflowPersistService &gt; uncovered persist/retrieve/duplicate/delete endpoints &gt; updateWorkflowIsPublished PUTs to the public url when publishing" time="0.003768039">
        </testcase>
        <testcase classname="src/app/common/service/workflow-persist/workflow-persist.service.spec.ts" name="WorkflowPersistService &gt; uncovered persist/retrieve/duplicate/delete endpoints &gt; updateWorkflowIsPublished PUTs to the private url when unpublishing" time="0.003268418">
        </testcase>
        <testcase classname="src/app/common/service/workflow-persist/workflow-persist.service.spec.ts" name="WorkflowPersistService &gt; uncovered persist/retrieve/duplicate/delete endpoints &gt; setWorkflowPersistFlag toggles the value read by isWorkflowPersistEnabled" time="0.002417714">
        </testcase>
        <testcase classname="src/app/common/service/workflow-persist/workflow-persist.service.spec.ts" name="WorkflowPersistService &gt; uncovered persist/retrieve/duplicate/delete endpoints &gt; getOwnerName GETs the owner-name url with a wid param as text" time="0.004993294">
        </testcase>
        <testcase classname="src/app/common/service/workflow-persist/workflow-persist.service.spec.ts" name="WorkflowPersistService &gt; uncovered persist/retrieve/duplicate/delete endpoints &gt; getWorkflowName GETs the workflow-name url with a wid param as text" time="0.007053587">
        </testcase>
        <testcase classname="src/app/common/service/workflow-persist/workflow-persist.service.spec.ts" name="WorkflowPersistService &gt; uncovered persist/retrieve/duplicate/delete endpoints &gt; retrievePublicWorkflow GETs the publicised url and parses the content" time="0.005244613">
        </testcase>
        <testcase classname="src/app/common/service/workflow-persist/workflow-persist.service.spec.ts" name="WorkflowPersistService &gt; uncovered persist/retrieve/duplicate/delete endpoints &gt; retrievePublicWorkflow filters out a null response" time="0.004290163">
        </testcase>
        <testcase classname="src/app/common/service/workflow-persist/workflow-persist.service.spec.ts" name="WorkflowPersistService &gt; uncovered persist/retrieve/duplicate/delete endpoints &gt; getWorkflowDescription GETs the description url with a wid param as text" time="0.005952306">
        </testcase>
        <testcase classname="src/app/common/service/workflow-persist/workflow-persist.service.spec.ts" name="WorkflowPersistService &gt; uncovered persist/retrieve/duplicate/delete endpoints &gt; getSizes GETs the size url appending every wid as a separate param" time="0.009540263">
        </testcase>
    </testsuite>
    <testsuite name="src/app/dashboard/service/user/search.service.spec.ts" timestamp="2026-08-04T22:49:30.244Z" hostname="ali-Inspiron-15-3520" tests="16" failures="0" errors="0" skipped="0" time="0.119104971">
        <testcase classname="src/app/dashboard/service/user/search.service.spec.ts" name="SearchService &gt; search &gt; hits dashboard/search with includePublic=true when logged in and asking for public" time="0.005683285">
        </testcase>
        <testcase classname="src/app/dashboard/service/user/search.service.spec.ts" name="SearchService &gt; search &gt; hits dashboard/search with includePublic=false when logged in and asking for private only" time="0.004421666">
        </testcase>
        <testcase classname="src/app/dashboard/service/user/search.service.spec.ts" name="SearchService &gt; search &gt; hits dashboard/publicSearch and forces includePublic=true when anonymous" time="0.006385819">
        </testcase>
        <testcase classname="src/app/dashboard/service/user/search.service.spec.ts" name="SearchService &gt; getUserInfo encodes each user id as a repeated `userIds` query param" time="0.007374727">
        </testcase>
        <testcase classname="src/app/dashboard/service/user/search.service.spec.ts" name="SearchService &gt; executeSearch &gt; filters null/mismatched datasets and surfaces hasMismatch" time="0.008432467">
        </testcase>
        <testcase classname="src/app/dashboard/service/user/search.service.spec.ts" name="SearchService &gt; executeSearch &gt; leaves hasMismatch undefined and skips filtering for non-dataset searches" time="0.00671501">
        </testcase>
        <testcase classname="src/app/dashboard/service/user/search.service.spec.ts" name="SearchService &gt; extendSearchResultsWithHubActivityInfo &gt; skips hub fetches and persist size lookup when there are no items" time="0.005515043">
        </testcase>
        <testcase classname="src/app/dashboard/service/user/search.service.spec.ts" name="SearchService &gt; extendSearchResultsWithHubActivityInfo &gt; hydrates counts, like flags, access ids, and sizes for a workflow item" time="0.007124572">
        </testcase>
        <testcase classname="src/app/dashboard/service/user/search.service.spec.ts" name="SearchService &gt; extendSearchResultsWithHubActivityInfo &gt; skips like lookup when the user is not logged in" time="0.005047432">
        </testcase>
        <testcase classname="src/app/dashboard/service/user/search.service.spec.ts" name="SearchService &gt; extendSearchResultsWithHubActivityInfo &gt; honors a narrowed activities list (counts only)" time="0.008721">
        </testcase>
        <testcase classname="src/app/dashboard/service/user/search.service.spec.ts" name="SearchService &gt; extendSearchResultsWithHubActivityInfo &gt; uses Project entity routing for project items" time="0.012903895">
        </testcase>
        <testcase classname="src/app/dashboard/service/user/search.service.spec.ts" name="SearchService &gt; extendSearchResultsWithHubActivityInfo &gt; uses Dataset entity routing and pulls ownerUid for dataset items" time="0.011357416">
        </testcase>
        <testcase classname="src/app/dashboard/service/user/search.service.spec.ts" name="SearchService &gt; extendSearchResultsWithHubActivityInfo &gt; uses Model entity routing and pulls ownerUid for model items" time="0.008844853">
        </testcase>
        <testcase classname="src/app/dashboard/service/user/search.service.spec.ts" name="SearchService &gt; extendSearchResultsWithHubActivityInfo &gt; does not request workflow sizes for a model-only result set" time="0.007161215">
        </testcase>
        <testcase classname="src/app/dashboard/service/user/search.service.spec.ts" name="SearchService &gt; extendSearchResultsWithHubActivityInfo &gt; keeps each entry on its own type in a mixed workflow/dataset/model batch" time="0.004630436">
        </testcase>
        <testcase classname="src/app/dashboard/service/user/search.service.spec.ts" name="SearchService &gt; extendSearchResultsWithHubActivityInfo &gt; does not request sizes when there are no workflow items" time="0.004412642">
        </testcase>
    </testsuite>
    <testsuite name="src/app/hub/component/about/about.component.spec.ts" timestamp="2026-08-04T22:49:30.245Z" hostname="ali-Inspiron-15-3520" tests="4" failures="0" errors="0" skipped="0" time="0.315482573">
        <testcase classname="src/app/hub/component/about/about.component.spec.ts" name="AboutComponent &gt; should create" time="0.036369858">
        </testcase>
        <testcase classname="src/app/hub/component/about/about.component.spec.ts" name="AboutComponent &gt; hides the local login form when the user is already logged in" time="0.029072785">
        </testcase>
        <testcase classname="src/app/hub/component/about/about.component.spec.ts" name="AboutComponent &gt; shows the local login form when logged out and localLogin is enabled" time="0.228243689">
        </testcase>
        <testcase classname="src/app/hub/component/about/about.component.spec.ts" name="AboutComponent &gt; hides the local login form when localLogin is disabled in config" time="0.021009717">
        </testcase>
    </testsuite>
    <testsuite name="src/app/hub/component/browse-section/browse-section.component.spec.ts" timestamp="2026-08-04T22:49:30.245Z" hostname="ali-Inspiron-15-3520" tests="12" failures="0" errors="0" skipped="0" time="0.082708068">
        <testcase classname="src/app/hub/component/browse-section/browse-section.component.spec.ts" name="BrowseSectionComponent &gt; should create" time="0.009638138">
        </testcase>
        <testcase classname="src/app/hub/component/browse-section/browse-section.component.spec.ts" name="BrowseSectionComponent &gt; entityRoutes initialization &gt; routes owned workflows to the user workspace" time="0.010948275">
        </testcase>
        <testcase classname="src/app/hub/component/browse-section/browse-section.component.spec.ts" name="BrowseSectionComponent &gt; entityRoutes initialization &gt; routes non-owned workflows to the hub workflow detail page" time="0.005732634">
        </testcase>
        <testcase classname="src/app/hub/component/browse-section/browse-section.component.spec.ts" name="BrowseSectionComponent &gt; entityRoutes initialization &gt; routes owned datasets to the user dataset page" time="0.006279692">
        </testcase>
        <testcase classname="src/app/hub/component/browse-section/browse-section.component.spec.ts" name="BrowseSectionComponent &gt; entityRoutes initialization &gt; routes non-owned datasets to the hub dataset detail page" time="0.005199551">
        </testcase>
        <testcase classname="src/app/hub/component/browse-section/browse-section.component.spec.ts" name="BrowseSectionComponent &gt; entityRoutes initialization &gt; routes owned models to the user model page" time="0.005137589">
        </testcase>
        <testcase classname="src/app/hub/component/browse-section/browse-section.component.spec.ts" name="BrowseSectionComponent &gt; entityRoutes initialization &gt; routes non-owned models to the hub model detail page" time="0.005921555">
        </testcase>
        <testcase classname="src/app/hub/component/browse-section/browse-section.component.spec.ts" name="BrowseSectionComponent &gt; initializeEntry edge cases &gt; skips entries whose id is not a number" time="0.005905535">
        </testcase>
        <testcase classname="src/app/hub/component/browse-section/browse-section.component.spec.ts" name="BrowseSectionComponent &gt; initializeEntry edge cases &gt; throws on an unexpected entity type" time="0.006606695">
        </testcase>
        <testcase classname="src/app/hub/component/browse-section/browse-section.component.spec.ts" name="BrowseSectionComponent &gt; cover images &gt; builds and caches the cover URL for a dataset that has a cover image" time="0.008718909">
        </testcase>
        <testcase classname="src/app/hub/component/browse-section/browse-section.component.spec.ts" name="BrowseSectionComponent &gt; cover images &gt; builds the cover URL against the model endpoint for a model entity" time="0.005547928">
        </testcase>
        <testcase classname="src/app/hub/component/browse-section/browse-section.component.spec.ts" name="BrowseSectionComponent &gt; cover images &gt; falls back to the default background when no cover was cached" time="0.006087526">
        </testcase>
    </testsuite>
    <testsuite name="src/app/hub/component/hub-search-result/hub-search-result.component.spec.ts" timestamp="2026-08-04T22:49:30.246Z" hostname="ali-Inspiron-15-3520" tests="22" failures="0" errors="0" skipped="0" time="1.01640719">
        <testcase classname="src/app/hub/component/hub-search-result/hub-search-result.component.spec.ts" name="HubSearchResultComponent &gt; ngOnInit / searchType resolution &gt; resolves &apos;dataset&apos; and defaults sortMethod to CreateTimeDesc when the url contains &apos;dataset&apos;" time="0.096961789">
        </testcase>
        <testcase classname="src/app/hub/component/hub-search-result/hub-search-result.component.spec.ts" name="HubSearchResultComponent &gt; ngOnInit / searchType resolution &gt; resolves &apos;workflow&apos; and keeps the default EditTimeDesc when the url contains &apos;workflow&apos;" time="0.034211071">
        </testcase>
        <testcase classname="src/app/hub/component/hub-search-result/hub-search-result.component.spec.ts" name="HubSearchResultComponent &gt; ngOnInit / searchType resolution &gt; resolves &apos;model&apos; and defaults to CreateTimeDesc when the url contains &apos;model&apos;" time="0.077538588">
        </testcase>
        <testcase classname="src/app/hub/component/hub-search-result/hub-search-result.component.spec.ts" name="HubSearchResultComponent &gt; ngOnInit / searchType resolution &gt; keeps the default &apos;workflow&apos; searchType when the url matches neither branch" time="0.028525388">
        </testcase>
        <testcase classname="src/app/hub/component/hub-search-result/hub-search-result.component.spec.ts" name="HubSearchResultComponent &gt; viewMode initialization &gt; reads &apos;card&apos; from localStorage" time="0.058313293">
        </testcase>
        <testcase classname="src/app/hub/component/hub-search-result/hub-search-result.component.spec.ts" name="HubSearchResultComponent &gt; viewMode initialization &gt; falls back to &apos;list&apos; when localStorage holds a non-&apos;card&apos; value" time="0.069054989">
        </testcase>
        <testcase classname="src/app/hub/component/hub-search-result/hub-search-result.component.spec.ts" name="HubSearchResultComponent &gt; viewMode initialization &gt; falls back to &apos;list&apos; when localStorage is empty" time="0.045077026">
        </testcase>
        <testcase classname="src/app/hub/component/hub-search-result/hub-search-result.component.spec.ts" name="HubSearchResultComponent &gt; viewMode is keyed per resource type &gt; does not let a dataset preference leak into the model page" time="0.037430543">
        </testcase>
        <testcase classname="src/app/hub/component/hub-search-result/hub-search-result.component.spec.ts" name="HubSearchResultComponent &gt; viewMode is keyed per resource type &gt; reads the model-specific key on the model page" time="0.07722017">
        </testcase>
        <testcase classname="src/app/hub/component/hub-search-result/hub-search-result.component.spec.ts" name="HubSearchResultComponent &gt; viewMode is keyed per resource type &gt; persists under the model key when set from the model page" time="0.055397253">
        </testcase>
        <testcase classname="src/app/hub/component/hub-search-result/hub-search-result.component.spec.ts" name="HubSearchResultComponent &gt; setViewMode &gt; is a no-op (no localStorage write) when the mode is unchanged" time="0.042254535">
        </testcase>
        <testcase classname="src/app/hub/component/hub-search-result/hub-search-result.component.spec.ts" name="HubSearchResultComponent &gt; setViewMode &gt; updates viewMode and persists to localStorage when the mode changes" time="0.056137547">
        </testcase>
        <testcase classname="src/app/hub/component/hub-search-result/hub-search-result.component.spec.ts" name="HubSearchResultComponent &gt; template rendering &gt; renders the dataset view-toggle when searchType is &apos;dataset&apos;" time="0.054816495">
        </testcase>
        <testcase classname="src/app/hub/component/hub-search-result/hub-search-result.component.spec.ts" name="HubSearchResultComponent &gt; template rendering &gt; renders the view-toggle and filters when searchType is &apos;model&apos;" time="0.042903968">
        </testcase>
        <testcase classname="src/app/hub/component/hub-search-result/hub-search-result.component.spec.ts" name="HubSearchResultComponent &gt; template rendering &gt; hides the dataset view-toggle when searchType is &apos;workflow&apos;" time="0.037750489">
        </testcase>
        <testcase classname="src/app/hub/component/hub-search-result/hub-search-result.component.spec.ts" name="HubSearchResultComponent &gt; search &gt; early-returns when filters is unset" time="0.029277308">
        </testcase>
        <testcase classname="src/app/hub/component/hub-search-result/hub-search-result.component.spec.ts" name="HubSearchResultComponent &gt; search &gt; early-returns when searchResultsComponent is unset" time="0.024220531">
        </testcase>
        <testcase classname="src/app/hub/component/hub-search-result/hub-search-result.component.spec.ts" name="HubSearchResultComponent &gt; search &gt; resets with a loader and calls loadMore on the first search" time="0.02211216">
        </testcase>
        <testcase classname="src/app/hub/component/hub-search-result/hub-search-result.component.spec.ts" name="HubSearchResultComponent &gt; search &gt; skips a repeated search with the same filter list and sortMethod, but honors forced=true" time="0.028213359">
        </testcase>
        <testcase classname="src/app/hub/component/hub-search-result/hub-search-result.component.spec.ts" name="HubSearchResultComponent &gt; search &gt; re-searches when the sortMethod changes even if the filter list is identical" time="0.026793711">
        </testcase>
        <testcase classname="src/app/hub/component/hub-search-result/hub-search-result.component.spec.ts" name="HubSearchResultComponent &gt; search &gt; passes projectIds=[pid] into the executeSearch loader when pid is set" time="0.023554003">
        </testcase>
        <testcase classname="src/app/hub/component/hub-search-result/hub-search-result.component.spec.ts" name="HubSearchResultComponent &gt; search &gt; does not inject projectIds when pid is undefined" time="0.047004609">
        </testcase>
    </testsuite>
    <testsuite name="src/app/hub/component/landing-page/landing-page.component.spec.ts" timestamp="2026-08-04T22:49:30.248Z" hostname="ali-Inspiron-15-3520" tests="11" failures="0" errors="0" skipped="0" time="0.148537422">
        <testcase classname="src/app/hub/component/landing-page/landing-page.component.spec.ts" name="LandingPageComponent &gt; should create" time="0.015609122">
        </testcase>
        <testcase classname="src/app/hub/component/landing-page/landing-page.component.spec.ts" name="LandingPageComponent &gt; updates isLogin and currentUid when userChanged() emits" time="0.01079998">
        </testcase>
        <testcase classname="src/app/hub/component/landing-page/landing-page.component.spec.ts" name="LandingPageComponent &gt; ngOnInit invokes loadCounts and loadTops" time="0.012429622">
        </testcase>
        <testcase classname="src/app/hub/component/landing-page/landing-page.component.spec.ts" name="LandingPageComponent &gt; loadCounts populates workflow, dataset and model counts from HubService.getCount" time="0.013862238">
        </testcase>
        <testcase classname="src/app/hub/component/landing-page/landing-page.component.spec.ts" name="LandingPageComponent &gt; loadTops resolves workflow Like/Clone and dataset Like buckets" time="0.012162288">
        </testcase>
        <testcase classname="src/app/hub/component/landing-page/landing-page.component.spec.ts" name="LandingPageComponent &gt; loadTops swallows errors and logs them via console.error" time="0.021957054">
        </testcase>
        <testcase classname="src/app/hub/component/landing-page/landing-page.component.spec.ts" name="LandingPageComponent &gt; getTopLovedEntries extends each action&apos;s items with SearchService and returns a map keyed by action" time="0.012114143">
        </testcase>
        <testcase classname="src/app/hub/component/landing-page/landing-page.component.spec.ts" name="LandingPageComponent &gt; navigateToSearch routes to the workflow hub result for &apos;workflow&apos;" time="0.011074079">
        </testcase>
        <testcase classname="src/app/hub/component/landing-page/landing-page.component.spec.ts" name="LandingPageComponent &gt; navigateToSearch routes to the dataset hub result for &apos;dataset&apos;" time="0.012167807">
        </testcase>
        <testcase classname="src/app/hub/component/landing-page/landing-page.component.spec.ts" name="LandingPageComponent &gt; navigateToSearch routes to the model hub result for &apos;model&apos;" time="0.012976671">
        </testcase>
        <testcase classname="src/app/hub/component/landing-page/landing-page.component.spec.ts" name="LandingPageComponent &gt; navigateToSearch routes to the dashboard home for an unknown type" time="0.012205495">
        </testcase>
    </testsuite>
    <testsuite name="src/app/workspace/component/code-editor-dialog/annotation-suggestion.component.spec.ts" timestamp="2026-08-04T22:49:30.248Z" hostname="ali-Inspiron-15-3520" tests="6" failures="0" errors="0" skipped="0" time="0.061656679">
        <testcase classname="src/app/workspace/component/code-editor-dialog/annotation-suggestion.component.spec.ts" name="AnnotationSuggestionComponent &gt; creates" time="0.013241757">
        </testcase>
        <testcase classname="src/app/workspace/component/code-editor-dialog/annotation-suggestion.component.spec.ts" name="AnnotationSuggestionComponent &gt; defaults its inputs to empty / zero" time="0.007711229">
        </testcase>
        <testcase classname="src/app/workspace/component/code-editor-dialog/annotation-suggestion.component.spec.ts" name="AnnotationSuggestionComponent &gt; emits accept when onAccept is called" time="0.012929452">
        </testcase>
        <testcase classname="src/app/workspace/component/code-editor-dialog/annotation-suggestion.component.spec.ts" name="AnnotationSuggestionComponent &gt; emits decline when onDecline is called" time="0.007632403">
        </testcase>
        <testcase classname="src/app/workspace/component/code-editor-dialog/annotation-suggestion.component.spec.ts" name="AnnotationSuggestionComponent &gt; emits accept and decline independently — onAccept does not fire decline, and vice versa" time="0.00830871">
        </testcase>
        <testcase classname="src/app/workspace/component/code-editor-dialog/annotation-suggestion.component.spec.ts" name="AnnotationSuggestionComponent &gt; respects the latest values bound to its @Input fields" time="0.011140313">
        </testcase>
    </testsuite>
    <testsuite name="src/app/workspace/component/code-editor-dialog/code-debugger.component.spec.ts" timestamp="2026-08-04T22:49:30.249Z" hostname="ali-Inspiron-15-3520" tests="16" failures="0" errors="0" skipped="0" time="0.092698165">
        <testcase classname="src/app/workspace/component/code-editor-dialog/code-debugger.component.spec.ts" name="CodeDebuggerComponent &gt; should create the component" time="0.011172857">
        </testcase>
        <testcase classname="src/app/workspace/component/code-editor-dialog/code-debugger.component.spec.ts" name="CodeDebuggerComponent &gt; should setup monaco breakpoint methods when state is Running" time="0.008684912">
            <system-out>
enable true

            </system-out>
        </testcase>
        <testcase classname="src/app/workspace/component/code-editor-dialog/code-debugger.component.spec.ts" name="CodeDebuggerComponent &gt; should remove monaco breakpoint methods when state changes to Uninitialized" time="0.006506792">
            <system-out>
enable false

            </system-out>
        </testcase>
        <testcase classname="src/app/workspace/component/code-editor-dialog/code-debugger.component.spec.ts" name="CodeDebuggerComponent &gt; should call doModifyBreakpoint on left click" time="0.005357958">
        </testcase>
        <testcase classname="src/app/workspace/component/code-editor-dialog/code-debugger.component.spec.ts" name="CodeDebuggerComponent &gt; should set breakpoint condition input on right click" time="0.0061484">
        </testcase>
        <testcase classname="src/app/workspace/component/code-editor-dialog/code-debugger.component.spec.ts" name="CodeDebuggerComponent &gt; should reset the breakpoint condition input when closed" time="0.005437134">
        </testcase>
        <testcase classname="src/app/workspace/component/code-editor-dialog/code-debugger.component.spec.ts" name="CodeDebuggerComponent &gt; registerBreakpointRenderingHandler &gt; draws a decoration when a debug-state entry with breakpointId is added" time="0.006315767">
        </testcase>
        <testcase classname="src/app/workspace/component/code-editor-dialog/code-debugger.component.spec.ts" name="CodeDebuggerComponent &gt; registerBreakpointRenderingHandler &gt; does not draw a decoration when the added entry has no breakpointId" time="0.005745281">
        </testcase>
        <testcase classname="src/app/workspace/component/code-editor-dialog/code-debugger.component.spec.ts" name="CodeDebuggerComponent &gt; registerBreakpointRenderingHandler &gt; removes the decoration when a debug-state entry with breakpointId is deleted" time="0.007687322">
        </testcase>
        <testcase classname="src/app/workspace/component/code-editor-dialog/code-debugger.component.spec.ts" name="CodeDebuggerComponent &gt; registerBreakpointRenderingHandler &gt; does not call removeSpecifyDecoration when the deleted entry had no breakpointId" time="0.006011536">
        </testcase>
        <testcase classname="src/app/workspace/component/code-editor-dialog/code-debugger.component.spec.ts" name="CodeDebuggerComponent &gt; registerBreakpointRenderingHandler &gt; calls setLineHighlight when an entry&apos;s hit flag flips on" time="0.004262059">
        </testcase>
        <testcase classname="src/app/workspace/component/code-editor-dialog/code-debugger.component.spec.ts" name="CodeDebuggerComponent &gt; registerBreakpointRenderingHandler &gt; calls removeHighlight when an entry&apos;s hit flag flips off" time="0.003726372">
        </testcase>
        <testcase classname="src/app/workspace/component/code-editor-dialog/code-debugger.component.spec.ts" name="CodeDebuggerComponent &gt; registerBreakpointRenderingHandler &gt; re-creates the decoration when the condition string changes on an existing entry" time="0.003791856">
        </testcase>
        <testcase classname="src/app/workspace/component/code-editor-dialog/code-debugger.component.spec.ts" name="CodeDebuggerComponent &gt; rerenderExistingBreakpoints &gt; re-creates a decoration for every existing entry that has a breakpointId" time="0.0041366">
        </testcase>
        <testcase classname="src/app/workspace/component/code-editor-dialog/code-debugger.component.spec.ts" name="CodeDebuggerComponent &gt; removeMonacoBreakpointMethods &gt; disposes the mouseDownDisposable and the breakpoint instance when defined" time="0.003152698">
        </testcase>
        <testcase classname="src/app/workspace/component/code-editor-dialog/code-debugger.component.spec.ts" name="CodeDebuggerComponent &gt; removeMonacoBreakpointMethods &gt; returns early without touching anything when monacoBreakpoint is undefined" time="0.003850051">
        </testcase>
    </testsuite>
    <testsuite name="src/app/workspace/component/code-editor-dialog/code-editor.component.spec.ts" timestamp="2026-08-04T22:49:30.250Z" hostname="ali-Inspiron-15-3520" tests="23" failures="0" errors="0" skipped="0" time="3.105893663">
        <testcase classname="src/app/workspace/component/code-editor-dialog/code-editor.component.spec.ts" name="CodeEditorComponent &gt; creates with the highlighted operator" time="0.356544673">
            <system-err>
DEPRECATED: DI is instantiating a token &quot;AugmentedStubMetadataService&quot; that inherits its @Injectable decorator but does not provide one itself.
This will become an error in a future version of Angular. Please add @Injectable() to the &quot;AugmentedStubMetadataService&quot; class.

            </system-err>
        </testcase>
        <testcase classname="src/app/workspace/component/code-editor-dialog/code-editor.component.spec.ts" name="CodeEditorComponent &gt; picks language=&quot;r&quot; for operatorType=RUDFSource" time="0.457971792">
            <system-err>
DEPRECATED: DI is instantiating a token &quot;AugmentedStubMetadataService&quot; that inherits its @Injectable decorator but does not provide one itself.
This will become an error in a future version of Angular. Please add @Injectable() to the &quot;AugmentedStubMetadataService&quot; class.

            </system-err>
        </testcase>
        <testcase classname="src/app/workspace/component/code-editor-dialog/code-editor.component.spec.ts" name="CodeEditorComponent &gt; picks language=&quot;r&quot; for operatorType=RUDF" time="0.306873007">
            <system-err>
DEPRECATED: DI is instantiating a token &quot;AugmentedStubMetadataService&quot; that inherits its @Injectable decorator but does not provide one itself.
This will become an error in a future version of Angular. Please add @Injectable() to the &quot;AugmentedStubMetadataService&quot; class.

            </system-err>
        </testcase>
        <testcase classname="src/app/workspace/component/code-editor-dialog/code-editor.component.spec.ts" name="CodeEditorComponent &gt; picks language=&quot;python&quot; for operatorType=PythonUDFV2" time="0.08988694">
            <system-err>
DEPRECATED: DI is instantiating a token &quot;AugmentedStubMetadataService&quot; that inherits its @Injectable decorator but does not provide one itself.
This will become an error in a future version of Angular. Please add @Injectable() to the &quot;AugmentedStubMetadataService&quot; class.

            </system-err>
        </testcase>
        <testcase classname="src/app/workspace/component/code-editor-dialog/code-editor.component.spec.ts" name="CodeEditorComponent &gt; picks language=&quot;python&quot; for operatorType=PythonUDFSourceV2" time="0.11397221">
            <system-err>
DEPRECATED: DI is instantiating a token &quot;AugmentedStubMetadataService&quot; that inherits its @Injectable decorator but does not provide one itself.
This will become an error in a future version of Angular. Please add @Injectable() to the &quot;AugmentedStubMetadataService&quot; class.

            </system-err>
        </testcase>
        <testcase classname="src/app/workspace/component/code-editor-dialog/code-editor.component.spec.ts" name="CodeEditorComponent &gt; picks language=&quot;python&quot; for operatorType=DualInputPortsPythonUDFV2" time="0.301572931">
            <system-err>
DEPRECATED: DI is instantiating a token &quot;AugmentedStubMetadataService&quot; that inherits its @Injectable decorator but does not provide one itself.
This will become an error in a future version of Angular. Please add @Injectable() to the &quot;AugmentedStubMetadataService&quot; class.

            </system-err>
        </testcase>
        <testcase classname="src/app/workspace/component/code-editor-dialog/code-editor.component.spec.ts" name="CodeEditorComponent &gt; picks language=&quot;java&quot; for plain JavaUDF" time="0.106542397">
            <system-err>
DEPRECATED: DI is instantiating a token &quot;AugmentedStubMetadataService&quot; that inherits its @Injectable decorator but does not provide one itself.
This will become an error in a future version of Angular. Please add @Injectable() to the &quot;AugmentedStubMetadataService&quot; class.

            </system-err>
        </testcase>
        <testcase classname="src/app/workspace/component/code-editor-dialog/code-editor.component.spec.ts" name="CodeEditorComponent &gt; picks language=&quot;java&quot; for unknown operator types" time="0.069148621">
            <system-err>
DEPRECATED: DI is instantiating a token &quot;AugmentedStubMetadataService&quot; that inherits its @Injectable decorator but does not provide one itself.
This will become an error in a future version of Angular. Please add @Injectable() to the &quot;AugmentedStubMetadataService&quot; class.

TypeError: fetch failed
    at node:internal/deps/undici/undici:16416:13
    at _ZoneDelegate.invoke (/home/ali/IdeaProjects/texera-worktrees/forks/rodeo-pipeline/frontend/node_modules/zone.js/fesm2015/zone.js:398:28)
    at ZoneImpl.run (/home/ali/IdeaProjects/texera-worktrees/forks/rodeo-pipeline/frontend/node_modules/zone.js/fesm2015/zone.js:113:43)
    at /home/ali/IdeaProjects/texera-worktrees/forks/rodeo-pipeline/frontend/node_modules/zone.js/fesm2015/zone.js:2537:40
    at _ZoneDelegate.invokeTask (/home/ali/IdeaProjects/texera-worktrees/forks/rodeo-pipeline/frontend/node_modules/zone.js/fesm2015/zone.js:431:33)
    at ZoneImpl.runTask (/home/ali/IdeaProjects/texera-worktrees/forks/rodeo-pipeline/frontend/node_modules/zone.js/fesm2015/zone.js:161:47)
    at drainMicroTaskQueue (/home/ali/IdeaProjects/texera-worktrees/forks/rodeo-pipeline/frontend/node_modules/zone.js/fesm2015/zone.js:612:35)
    at processTicksAndRejections (node:internal/process/task_queues:103:5) {
  [cause]: Error: not implemented... yet...
      at makeNetworkError (node:internal/deps/undici/undici:10705:35)
      at schemeFetch (node:internal/deps/undici/undici:12251:34)
      at mainFetch (node:internal/deps/undici/undici:12099:30)
      at fetching (node:internal/deps/undici/undici:12068:7)
      at fetch (node:internal/deps/undici/undici:11934:20)
      at fetch (node:internal/deps/undici/undici:16414:10)
      at fetch (node:internal/bootstrap/web/exposed-window-or-worker:83:12)
      at /home/ali/IdeaProjects/texera-worktrees/forks/rodeo-pipeline/frontend/node_modules/zone.js/fesm2015/zone.js:2788:40
      at proto.&lt;computed&gt; (/home/ali/IdeaProjects/texera-worktrees/forks/rodeo-pipeline/frontend/node_modules/zone.js/fesm2015/zone.js:1038:24)
      at RegisteredUriFile.fetch (file:///home/ali/IdeaProjects/texera-worktrees/forks/rodeo-pipeline/frontend/node_modules/@codingame/monaco-vscode-files-service-override/index.js:144:32)
}

            </system-err>
        </testcase>
        <testcase classname="src/app/workspace/component/code-editor-dialog/code-editor.component.spec.ts" name="CodeEditorComponent &gt; derives languageTitle as Capitalized(language) + &apos; UDF&apos;" time="0.06327213">
            <system-err>
DEPRECATED: DI is instantiating a token &quot;AugmentedStubMetadataService&quot; that inherits its @Injectable decorator but does not provide one itself.
This will become an error in a future version of Angular. Please add @Injectable() to the &quot;AugmentedStubMetadataService&quot; class.

            </system-err>
        </testcase>
        <testcase classname="src/app/workspace/component/code-editor-dialog/code-editor.component.spec.ts" name="CodeEditorComponent &gt; produces a SafeHtml for a coeditor with a numeric clientId and a hex colour" time="0.092753715">
            <system-err>
DEPRECATED: DI is instantiating a token &quot;AugmentedStubMetadataService&quot; that inherits its @Injectable decorator but does not provide one itself.
This will become an error in a future version of Angular. Please add @Injectable() to the &quot;AugmentedStubMetadataService&quot; class.

            </system-err>
        </testcase>
        <testcase classname="src/app/workspace/component/code-editor-dialog/code-editor.component.spec.ts" name="CodeEditorComponent &gt; produces a SafeHtml for a coeditor with an rgba colour" time="0.083867251">
            <system-err>
DEPRECATED: DI is instantiating a token &quot;AugmentedStubMetadataService&quot; that inherits its @Injectable decorator but does not provide one itself.
This will become an error in a future version of Angular. Please add @Injectable() to the &quot;AugmentedStubMetadataService&quot; class.

            </system-err>
        </testcase>
        <testcase classname="src/app/workspace/component/code-editor-dialog/code-editor.component.spec.ts" name="CodeEditorComponent &gt; getFileSuffixByLanguage &gt; maps python → .py" time="0.069199206">
            <system-err>
DEPRECATED: DI is instantiating a token &quot;AugmentedStubMetadataService&quot; that inherits its @Injectable decorator but does not provide one itself.
This will become an error in a future version of Angular. Please add @Injectable() to the &quot;AugmentedStubMetadataService&quot; class.

            </system-err>
        </testcase>
        <testcase classname="src/app/workspace/component/code-editor-dialog/code-editor.component.spec.ts" name="CodeEditorComponent &gt; getFileSuffixByLanguage &gt; maps r → .r" time="0.068032311">
            <system-err>
DEPRECATED: DI is instantiating a token &quot;AugmentedStubMetadataService&quot; that inherits its @Injectable decorator but does not provide one itself.
This will become an error in a future version of Angular. Please add @Injectable() to the &quot;AugmentedStubMetadataService&quot; class.

            </system-err>
        </testcase>
        <testcase classname="src/app/workspace/component/code-editor-dialog/code-editor.component.spec.ts" name="CodeEditorComponent &gt; getFileSuffixByLanguage &gt; maps javascript → .js" time="0.129079253">
            <system-err>
DEPRECATED: DI is instantiating a token &quot;AugmentedStubMetadataService&quot; that inherits its @Injectable decorator but does not provide one itself.
This will become an error in a future version of Angular. Please add @Injectable() to the &quot;AugmentedStubMetadataService&quot; class.

            </system-err>
        </testcase>
        <testcase classname="src/app/workspace/component/code-editor-dialog/code-editor.component.spec.ts" name="CodeEditorComponent &gt; getFileSuffixByLanguage &gt; maps java → .java" time="0.075839481">
            <system-err>
DEPRECATED: DI is instantiating a token &quot;AugmentedStubMetadataService&quot; that inherits its @Injectable decorator but does not provide one itself.
This will become an error in a future version of Angular. Please add @Injectable() to the &quot;AugmentedStubMetadataService&quot; class.

            </system-err>
        </testcase>
        <testcase classname="src/app/workspace/component/code-editor-dialog/code-editor.component.spec.ts" name="CodeEditorComponent &gt; getFileSuffixByLanguage &gt; is case-insensitive on the language name" time="0.088576969">
            <system-err>
DEPRECATED: DI is instantiating a token &quot;AugmentedStubMetadataService&quot; that inherits its @Injectable decorator but does not provide one itself.
This will become an error in a future version of Angular. Please add @Injectable() to the &quot;AugmentedStubMetadataService&quot; class.

            </system-err>
        </testcase>
        <testcase classname="src/app/workspace/component/code-editor-dialog/code-editor.component.spec.ts" name="CodeEditorComponent &gt; getFileSuffixByLanguage &gt; falls back to .py for unknown languages so the default Monaco grammar is python" time="0.10803515">
            <system-err>
DEPRECATED: DI is instantiating a token &quot;AugmentedStubMetadataService&quot; that inherits its @Injectable decorator but does not provide one itself.
This will become an error in a future version of Angular. Please add @Injectable() to the &quot;AugmentedStubMetadataService&quot; class.

            </system-err>
        </testcase>
        <testcase classname="src/app/workspace/component/code-editor-dialog/code-editor.component.spec.ts" name="CodeEditorComponent &gt; onFocus &gt; highlights the operator the editor is bound to" time="0.105313185">
            <system-err>
DEPRECATED: DI is instantiating a token &quot;AugmentedStubMetadataService&quot; that inherits its @Injectable decorator but does not provide one itself.
This will become an error in a future version of Angular. Please add @Injectable() to the &quot;AugmentedStubMetadataService&quot; class.

            </system-err>
        </testcase>
        <testcase classname="src/app/workspace/component/code-editor-dialog/code-editor.component.spec.ts" name="CodeEditorComponent &gt; rejectCurrentAnnotation &gt; hides the suggestion UI and clears the staged code + suggestion" time="0.062486039">
            <system-err>
DEPRECATED: DI is instantiating a token &quot;AugmentedStubMetadataService&quot; that inherits its @Injectable decorator but does not provide one itself.
This will become an error in a future version of Angular. Please add @Injectable() to the &quot;AugmentedStubMetadataService&quot; class.

            </system-err>
        </testcase>
        <testcase classname="src/app/workspace/component/code-editor-dialog/code-editor.component.spec.ts" name="CodeEditorComponent &gt; rejectCurrentAnnotation &gt; emits on the multi-variable response subject when one is staged" time="0.042271287">
            <system-err>
DEPRECATED: DI is instantiating a token &quot;AugmentedStubMetadataService&quot; that inherits its @Injectable decorator but does not provide one itself.
This will become an error in a future version of Angular. Please add @Injectable() to the &quot;AugmentedStubMetadataService&quot; class.

            </system-err>
        </testcase>
        <testcase classname="src/app/workspace/component/code-editor-dialog/code-editor.component.spec.ts" name="CodeEditorComponent &gt; acceptCurrentAnnotation &gt; is a no-op when the suggestion UI is not currently shown" time="0.059011677">
            <system-err>
DEPRECATED: DI is instantiating a token &quot;AugmentedStubMetadataService&quot; that inherits its @Injectable decorator but does not provide one itself.
This will become an error in a future version of Angular. Please add @Injectable() to the &quot;AugmentedStubMetadataService&quot; class.

            </system-err>
        </testcase>
        <testcase classname="src/app/workspace/component/code-editor-dialog/code-editor.component.spec.ts" name="CodeEditorComponent &gt; acceptCurrentAnnotation &gt; hides the suggestion UI after accepting" time="0.042965267">
            <system-err>
DEPRECATED: DI is instantiating a token &quot;AugmentedStubMetadataService&quot; that inherits its @Injectable decorator but does not provide one itself.
This will become an error in a future version of Angular. Please add @Injectable() to the &quot;AugmentedStubMetadataService&quot; class.

            </system-err>
        </testcase>
        <testcase classname="src/app/workspace/component/code-editor-dialog/code-editor.component.spec.ts" name="CodeEditorComponent &gt; AI assistant action wiring &gt; emits &apos;OpenAI&apos; from the AI assistant gate when configured that way" time="0.08357483">
            <system-err>
DEPRECATED: DI is instantiating a token &quot;AugmentedStubMetadataService&quot; that inherits its @Injectable decorator but does not provide one itself.
This will become an error in a future version of Angular. Please add @Injectable() to the &quot;AugmentedStubMetadataService&quot; class.

DEPRECATED: DI is instantiating a token &quot;AugmentedStubMetadataService&quot; that inherits its @Injectable decorator but does not provide one itself.
This will become an error in a future version of Angular. Please add @Injectable() to the &quot;AugmentedStubMetadataService&quot; class.

            </system-err>
        </testcase>
    </testsuite>
    <testsuite name="src/app/workspace/component/codearea-custom-template/codearea-custom-template.component.spec.ts" timestamp="2026-08-04T22:49:30.253Z" hostname="ali-Inspiron-15-3520" tests="1" failures="0" errors="0" skipped="0" time="0.026363418">
        <testcase classname="src/app/workspace/component/codearea-custom-template/codearea-custom-template.component.spec.ts" name="CodeareaCustomTemplateComponent &gt; should create" time="0.025872431">
        </testcase>
    </testsuite>
    <testsuite name="src/app/workspace/component/dataset-file-selector/dataset-file-selector.component.spec.ts" timestamp="2026-08-04T22:49:30.253Z" hostname="ali-Inspiron-15-3520" tests="5" failures="0" errors="0" skipped="0" time="0.038743909">
        <testcase classname="src/app/workspace/component/dataset-file-selector/dataset-file-selector.component.spec.ts" name="DatasetFileSelectorComponent &gt; should create" time="0.011603707">
        </testcase>
        <testcase classname="src/app/workspace/component/dataset-file-selector/dataset-file-selector.component.spec.ts" name="DatasetFileSelectorComponent &gt; opens the dataset selection modal once when clicked" time="0.009329751">
        </testcase>
        <testcase classname="src/app/workspace/component/dataset-file-selector/dataset-file-selector.component.spec.ts" name="DatasetFileSelectorComponent &gt; writes the chosen path back into the form control when a path is selected" time="0.007750163">
        </testcase>
        <testcase classname="src/app/workspace/component/dataset-file-selector/dataset-file-selector.component.spec.ts" name="DatasetFileSelectorComponent &gt; leaves the form control unchanged when the modal is dismissed without a path" time="0.005479469">
        </testcase>
        <testcase classname="src/app/workspace/component/dataset-file-selector/dataset-file-selector.component.spec.ts" name="DatasetFileSelectorComponent &gt; exposes isFileSelectionEnabled from the GUI config" time="0.003861524">
        </testcase>
    </testsuite>
    <testsuite name="src/app/workspace/component/dataset-selection-modal/dataset-search.util.spec.ts" timestamp="2026-08-04T22:49:30.253Z" hostname="ali-Inspiron-15-3520" tests="14" failures="0" errors="0" skipped="0" time="0.028526489">
        <testcase classname="src/app/workspace/component/dataset-selection-modal/dataset-search.util.spec.ts" name="datasetMatchesQuery &gt; matches by name, case-insensitively" time="0.001282444">
        </testcase>
        <testcase classname="src/app/workspace/component/dataset-selection-modal/dataset-search.util.spec.ts" name="datasetMatchesQuery &gt; matches by numeric id" time="0.000810862">
        </testcase>
        <testcase classname="src/app/workspace/component/dataset-selection-modal/dataset-search.util.spec.ts" name="datasetMatchesQuery &gt; matches the id typed with the leading # shown in the dropdown label" time="0.001170693">
        </testcase>
        <testcase classname="src/app/workspace/component/dataset-selection-modal/dataset-search.util.spec.ts" name="datasetMatchesQuery &gt; does not match when neither name nor id contains the query" time="0.005219196">
        </testcase>
        <testcase classname="src/app/workspace/component/dataset-selection-modal/dataset-search.util.spec.ts" name="datasetMatchesQuery &gt; treats an empty or whitespace query as matching everything" time="0.001244943">
        </testcase>
        <testcase classname="src/app/workspace/component/dataset-selection-modal/dataset-search.util.spec.ts" name="datasetMatchesQuery &gt; trims and lowercases the query" time="0.00074573">
        </testcase>
        <testcase classname="src/app/workspace/component/dataset-selection-modal/dataset-search.util.spec.ts" name="datasetMatchesQuery &gt; handles missing name or id safely" time="0.001458345">
        </testcase>
        <testcase classname="src/app/workspace/component/dataset-selection-modal/dataset-search.util.spec.ts" name="datasetMatchesQuery &gt; matches when the query appears in the name but not the id (and vice versa)" time="0.00392461">
        </testcase>
        <testcase classname="src/app/workspace/component/dataset-selection-modal/dataset-search.util.spec.ts" name="datasetMatchesQuery &gt; does not partially match across the name/id boundary" time="0.002925832">
        </testcase>
        <testcase classname="src/app/workspace/component/dataset-selection-modal/dataset-search.util.spec.ts" name="filterDatasetOption &gt; matches by dataset name pulled from the option value" time="0.001214071">
        </testcase>
        <testcase classname="src/app/workspace/component/dataset-selection-modal/dataset-search.util.spec.ts" name="filterDatasetOption &gt; matches by dataset #id pulled from the option value" time="0.00079697">
        </testcase>
        <testcase classname="src/app/workspace/component/dataset-selection-modal/dataset-search.util.spec.ts" name="filterDatasetOption &gt; matches the #&lt;id&gt; form typed as displayed in the UI label" time="0.000773388">
        </testcase>
        <testcase classname="src/app/workspace/component/dataset-selection-modal/dataset-search.util.spec.ts" name="filterDatasetOption &gt; is safe (and matches only on empty query) when the option has no value" time="0.00496579">
        </testcase>
        <testcase classname="src/app/workspace/component/dataset-selection-modal/dataset-search.util.spec.ts" name="filterDatasetOption &gt; treats a null/undefined query as an empty query (matches everything)" time="0.000949848">
        </testcase>
    </testsuite>
    <testsuite name="src/app/workspace/component/dataset-selection-modal/dataset-selection-modal.component.spec.ts" timestamp="2026-08-04T22:49:30.254Z" hostname="ali-Inspiron-15-3520" tests="6" failures="0" errors="0" skipped="0" time="0.517526442">
        <testcase classname="src/app/workspace/component/dataset-selection-modal/dataset-selection-modal.component.spec.ts" name="DatasetSelectionModalComponent &gt; creates and renders, loading the accessible datasets" time="0.159432879">
        </testcase>
        <testcase classname="src/app/workspace/component/dataset-selection-modal/dataset-selection-modal.component.spec.ts" name="DatasetSelectionModalComponent &gt; ngOnInit initializes selectedDataset and selectedVersion from data.selectedPath" time="0.094457397">
        </testcase>
        <testcase classname="src/app/workspace/component/dataset-selection-modal/dataset-selection-modal.component.spec.ts" name="DatasetSelectionModalComponent &gt; onDatasetChange loads the version list and auto-selects a version in file mode" time="0.101293836">
        </testcase>
        <testcase classname="src/app/workspace/component/dataset-selection-modal/dataset-selection-modal.component.spec.ts" name="DatasetSelectionModalComponent &gt; onVersionChange composes selectedPath from the dataset/version in non-file mode" time="0.072622035">
        </testcase>
        <testcase classname="src/app/workspace/component/dataset-selection-modal/dataset-selection-modal.component.spec.ts" name="DatasetSelectionModalComponent &gt; onFileSelected sets selectedPath to the node&apos;s full path in file mode" time="0.046128572">
        </testcase>
        <testcase classname="src/app/workspace/component/dataset-selection-modal/dataset-selection-modal.component.spec.ts" name="DatasetSelectionModalComponent &gt; onConfirmSelection closes the modal with the selected path" time="0.042574863">
        </testcase>
    </testsuite>
    <testsuite name="src/app/workspace/component/dataset-version-selector/dataset-version-selector.component.spec.ts" timestamp="2026-08-04T22:49:30.255Z" hostname="ali-Inspiron-15-3520" tests="4" failures="0" errors="0" skipped="0" time="0.049729217">
        <testcase classname="src/app/workspace/component/dataset-version-selector/dataset-version-selector.component.spec.ts" name="DatasetVersionSelectorComponent &gt; should create" time="0.010788001">
        </testcase>
        <testcase classname="src/app/workspace/component/dataset-version-selector/dataset-version-selector.component.spec.ts" name="DatasetVersionSelectorComponent &gt; opens the dataset selection modal once when clicked" time="0.014166462">
        </testcase>
        <testcase classname="src/app/workspace/component/dataset-version-selector/dataset-version-selector.component.spec.ts" name="DatasetVersionSelectorComponent &gt; writes the chosen path back into the form control when a version is selected" time="0.010471345">
        </testcase>
        <testcase classname="src/app/workspace/component/dataset-version-selector/dataset-version-selector.component.spec.ts" name="DatasetVersionSelectorComponent &gt; leaves the form control unchanged when the modal is dismissed without a value" time="0.013489899">
        </testcase>
    </testsuite>
    <testsuite name="src/app/workspace/component/hugging-face/hugging-face.component.spec.ts" timestamp="2026-08-04T22:49:30.255Z" hostname="ali-Inspiron-15-3520" tests="85" failures="0" errors="0" skipped="0" time="8.702706005">
        <testcase classname="src/app/workspace/component/hugging-face/hugging-face.component.spec.ts" name="HuggingFaceComponent (unit) &gt; should export a non-empty static task list" time="0.006182121">
        </testcase>
        <testcase classname="src/app/workspace/component/hugging-face/hugging-face.component.spec.ts" name="HuggingFaceComponent (unit) &gt; should include text-generation in static task options" time="0.00156005">
        </testcase>
        <testcase classname="src/app/workspace/component/hugging-face/hugging-face.component.spec.ts" name="HuggingFaceComponent (unit) &gt; should include image tasks in static task options" time="0.000951555">
        </testcase>
        <testcase classname="src/app/workspace/component/hugging-face/hugging-face.component.spec.ts" name="HuggingFaceComponent (unit) &gt; should include audio tasks in static task options" time="0.000788669">
        </testcase>
        <testcase classname="src/app/workspace/component/hugging-face/hugging-face.component.spec.ts" name="HuggingFaceComponent (unit) &gt; should include QA/ranking tasks in static task options" time="0.000970709">
        </testcase>
        <testcase classname="src/app/workspace/component/hugging-face/hugging-face.component.spec.ts" name="HuggingFaceComponent (unit) &gt; should clear caches on invalidateHuggingFaceModelCache" time="0.001906173">
        </testcase>
        <testcase classname="src/app/workspace/component/hugging-face/hugging-face.component.spec.ts" name="HuggingFaceComponent (unit) &gt; should have unique tags in static task options" time="0.000643383">
        </testcase>
        <testcase classname="src/app/workspace/component/hugging-face/hugging-face.component.spec.ts" name="HuggingFaceComponent (TestBed) &gt; should create the component" time="0.31719713">
        </testcase>
        <testcase classname="src/app/workspace/component/hugging-face/hugging-face.component.spec.ts" name="HuggingFaceComponent (TestBed) &gt; should default selectedTaskTag to text-generation" time="0.142039044">
        </testcase>
        <testcase classname="src/app/workspace/component/hugging-face/hugging-face.component.spec.ts" name="HuggingFaceComponent (TestBed) &gt; task loading &gt; should fetch tasks from the API on init" time="0.103265035">
        </testcase>
        <testcase classname="src/app/workspace/component/hugging-face/hugging-face.component.spec.ts" name="HuggingFaceComponent (TestBed) &gt; task loading &gt; should fall back to STATIC_TASK_OPTIONS when API returns empty array" time="0.062179069">
        </testcase>
        <testcase classname="src/app/workspace/component/hugging-face/hugging-face.component.spec.ts" name="HuggingFaceComponent (TestBed) &gt; task loading &gt; should fall back to STATIC_TASK_OPTIONS on task fetch error" time="0.140422629">
            <system-err>
Failed to load HuggingFace tasks: HttpErrorResponse {
  headers: HttpHeaders {
    headers: Map(0) {},
    normalizedNames: Map(0) {},
    lazyInit: undefined,
    lazyUpdate: null
  },
  status: 0,
  statusText: &apos;Unknown Error&apos;,
  url: &apos;api/huggingface/tasks&apos;,
  ok: false,
  type: undefined,
  redirected: undefined,
  responseType: undefined,
  name: &apos;HttpErrorResponse&apos;,
  message: &apos;Http failure response for api/huggingface/tasks: 0 &apos;,
  error: ProgressEvent { isTrusted: [Getter] }
}

            </system-err>
        </testcase>
        <testcase classname="src/app/workspace/component/hugging-face/hugging-face.component.spec.ts" name="HuggingFaceComponent (TestBed) &gt; task loading &gt; retryTasksLoad should clear error and re-fetch tasks" time="0.13109006">
        </testcase>
        <testcase classname="src/app/workspace/component/hugging-face/hugging-face.component.spec.ts" name="HuggingFaceComponent (TestBed) &gt; model loading &gt; should fetch models for the selected task on init" time="0.108231696">
        </testcase>
        <testcase classname="src/app/workspace/component/hugging-face/hugging-face.component.spec.ts" name="HuggingFaceComponent (TestBed) &gt; model loading &gt; should show loading state while models are being fetched" time="0.090736455">
        </testcase>
        <testcase classname="src/app/workspace/component/hugging-face/hugging-face.component.spec.ts" name="HuggingFaceComponent (TestBed) &gt; model loading &gt; should set truncated flag from X-Texera-Truncated header" time="0.125994731">
        </testcase>
        <testcase classname="src/app/workspace/component/hugging-face/hugging-face.component.spec.ts" name="HuggingFaceComponent (TestBed) &gt; model loading &gt; should not set truncated when header is absent" time="0.113290734">
        </testcase>
        <testcase classname="src/app/workspace/component/hugging-face/hugging-face.component.spec.ts" name="HuggingFaceComponent (TestBed) &gt; model loading &gt; should display error on model fetch failure" time="0.067766053">
            <system-err>
Failed to load HuggingFace models for task &apos;text-generation&apos;: HttpErrorResponse {
  headers: HttpHeaders {
    headers: Map(0) {},
    normalizedNames: Map(0) {},
    lazyInit: undefined,
    lazyUpdate: null
  },
  status: 0,
  statusText: &apos;Unknown Error&apos;,
  url: &apos;api/huggingface/models?task=text-generation&apos;,
  ok: false,
  type: undefined,
  redirected: undefined,
  responseType: undefined,
  name: &apos;HttpErrorResponse&apos;,
  message: &apos;Http failure response for api/huggingface/models?task=text-generation: 0 &apos;,
  error: ProgressEvent { isTrusted: [Getter] }
}

            </system-err>
        </testcase>
        <testcase classname="src/app/workspace/component/hugging-face/hugging-face.component.spec.ts" name="HuggingFaceComponent (TestBed) &gt; model loading &gt; retryLoad should clear error and re-fetch models" time="0.075161008">
            <system-err>
Failed to load HuggingFace models for task &apos;text-generation&apos;: HttpErrorResponse {
  headers: HttpHeaders {
    headers: Map(0) {},
    normalizedNames: Map(0) {},
    lazyInit: undefined,
    lazyUpdate: null
  },
  status: 0,
  statusText: &apos;Unknown Error&apos;,
  url: &apos;api/huggingface/models?task=text-generation&apos;,
  ok: false,
  type: undefined,
  redirected: undefined,
  responseType: undefined,
  name: &apos;HttpErrorResponse&apos;,
  message: &apos;Http failure response for api/huggingface/models?task=text-generation: 0 &apos;,
  error: ProgressEvent { isTrusted: [Getter] }
}

            </system-err>
        </testcase>
        <testcase classname="src/app/workspace/component/hugging-face/hugging-face.component.spec.ts" name="HuggingFaceComponent (TestBed) &gt; model loading &gt; should use cached models on second access for the same task" time="0.070938188">
        </testcase>
        <testcase classname="src/app/workspace/component/hugging-face/hugging-face.component.spec.ts" name="HuggingFaceComponent (TestBed) &gt; pagination &gt; should page models with PAGE_SIZE of 50" time="0.302894877">
        </testcase>
        <testcase classname="src/app/workspace/component/hugging-face/hugging-face.component.spec.ts" name="HuggingFaceComponent (TestBed) &gt; pagination &gt; should navigate to next page" time="0.418257665">
        </testcase>
        <testcase classname="src/app/workspace/component/hugging-face/hugging-face.component.spec.ts" name="HuggingFaceComponent (TestBed) &gt; pagination &gt; should navigate to previous page" time="0.503912476">
        </testcase>
        <testcase classname="src/app/workspace/component/hugging-face/hugging-face.component.spec.ts" name="HuggingFaceComponent (TestBed) &gt; pagination &gt; should not go below page 0" time="0.184109918">
        </testcase>
        <testcase classname="src/app/workspace/component/hugging-face/hugging-face.component.spec.ts" name="HuggingFaceComponent (TestBed) &gt; pagination &gt; should not go past the last page" time="0.312795483">
        </testcase>
        <testcase classname="src/app/workspace/component/hugging-face/hugging-face.component.spec.ts" name="HuggingFaceComponent (TestBed) &gt; pagination &gt; hasNextPage should return correct value" time="0.285607113">
        </testcase>
        <testcase classname="src/app/workspace/component/hugging-face/hugging-face.component.spec.ts" name="HuggingFaceComponent (TestBed) &gt; pagination &gt; goToPage should clamp to valid range" time="0.30588925">
        </testcase>
        <testcase classname="src/app/workspace/component/hugging-face/hugging-face.component.spec.ts" name="HuggingFaceComponent (TestBed) &gt; pagination &gt; should show single page for small model lists" time="0.06238964">
        </testcase>
        <testcase classname="src/app/workspace/component/hugging-face/hugging-face.component.spec.ts" name="HuggingFaceComponent (TestBed) &gt; pagination &gt; should handle empty model list" time="0.025782734">
        </testcase>
        <testcase classname="src/app/workspace/component/hugging-face/hugging-face.component.spec.ts" name="HuggingFaceComponent (TestBed) &gt; search &gt; should filter models locally when list is not truncated" time="0.049749568">
        </testcase>
        <testcase classname="src/app/workspace/component/hugging-face/hugging-face.component.spec.ts" name="HuggingFaceComponent (TestBed) &gt; search &gt; should be case-insensitive for local search" time="0.055386273">
        </testcase>
        <testcase classname="src/app/workspace/component/hugging-face/hugging-face.component.spec.ts" name="HuggingFaceComponent (TestBed) &gt; search &gt; should clear filter when search text is empty" time="0.078758268">
        </testcase>
        <testcase classname="src/app/workspace/component/hugging-face/hugging-face.component.spec.ts" name="HuggingFaceComponent (TestBed) &gt; search &gt; should clear filter when search text is whitespace" time="0.080861689">
        </testcase>
        <testcase classname="src/app/workspace/component/hugging-face/hugging-face.component.spec.ts" name="HuggingFaceComponent (TestBed) &gt; search &gt; clearSearch should reset search state" time="0.062939345">
        </testcase>
        <testcase classname="src/app/workspace/component/hugging-face/hugging-face.component.spec.ts" name="HuggingFaceComponent (TestBed) &gt; search &gt; isSearching should return true when filtered models exist" time="0.067235084">
        </testcase>
        <testcase classname="src/app/workspace/component/hugging-face/hugging-face.component.spec.ts" name="HuggingFaceComponent (TestBed) &gt; search &gt; should use server-side search when list is truncated" time="0.04977736">
        </testcase>
        <testcase classname="src/app/workspace/component/hugging-face/hugging-face.component.spec.ts" name="HuggingFaceComponent (TestBed) &gt; search &gt; should reset pagination to page 0 on search" time="0.27011469">
        </testcase>
        <testcase classname="src/app/workspace/component/hugging-face/hugging-face.component.spec.ts" name="HuggingFaceComponent (TestBed) &gt; task selection &gt; onTaskSelected should update selectedTaskTag" time="0.056169675">
        </testcase>
        <testcase classname="src/app/workspace/component/hugging-face/hugging-face.component.spec.ts" name="HuggingFaceComponent (TestBed) &gt; task selection &gt; onTaskSelected should load models for the new task" time="0.062045611">
        </testcase>
        <testcase classname="src/app/workspace/component/hugging-face/hugging-face.component.spec.ts" name="HuggingFaceComponent (TestBed) &gt; task selection &gt; onTaskSelected should clear search state" time="0.039625391">
        </testcase>
        <testcase classname="src/app/workspace/component/hugging-face/hugging-face.component.spec.ts" name="HuggingFaceComponent (TestBed) &gt; task selection &gt; should persist task to model and form control" time="0.035060727">
        </testcase>
        <testcase classname="src/app/workspace/component/hugging-face/hugging-face.component.spec.ts" name="HuggingFaceComponent (TestBed) &gt; task selection &gt; should restore task-scoped field state when switching back" time="0.037367952">
        </testcase>
        <testcase classname="src/app/workspace/component/hugging-face/hugging-face.component.spec.ts" name="HuggingFaceComponent (TestBed) &gt; task selection &gt; should read initial task tag from the form model" time="0.046501194">
        </testcase>
        <testcase classname="src/app/workspace/component/hugging-face/hugging-face.component.spec.ts" name="HuggingFaceComponent (TestBed) &gt; model selection &gt; onModelSelected should set the formControl value" time="0.045687067">
        </testcase>
        <testcase classname="src/app/workspace/component/hugging-face/hugging-face.component.spec.ts" name="HuggingFaceComponent (TestBed) &gt; cleanup &gt; should clean up on destroy without errors" time="0.068592709">
        </testcase>
        <testcase classname="src/app/workspace/component/hugging-face/hugging-face.component.spec.ts" name="HuggingFaceComponent (TestBed) &gt; cleanup &gt; should clear taskPollInterval on destroy" time="0.057603294">
        </testcase>
        <testcase classname="src/app/workspace/component/hugging-face/hugging-face.component.spec.ts" name="HuggingFaceComponent (TestBed) &gt; cached error states &gt; should show cached tasks error for a second component without re-fetching" time="0.060768184">
            <system-err>
Failed to load HuggingFace tasks: HttpErrorResponse {
  headers: HttpHeaders {
    headers: Map(0) {},
    normalizedNames: Map(0) {},
    lazyInit: undefined,
    lazyUpdate: null
  },
  status: 0,
  statusText: &apos;Unknown Error&apos;,
  url: &apos;api/huggingface/tasks&apos;,
  ok: false,
  type: undefined,
  redirected: undefined,
  responseType: undefined,
  name: &apos;HttpErrorResponse&apos;,
  message: &apos;Http failure response for api/huggingface/tasks: 0 &apos;,
  error: ProgressEvent { isTrusted: [Getter] }
}

            </system-err>
        </testcase>
        <testcase classname="src/app/workspace/component/hugging-face/hugging-face.component.spec.ts" name="HuggingFaceComponent (TestBed) &gt; cached error states &gt; should show cached model error for a second component without re-fetching models" time="0.041878782">
            <system-err>
Failed to load HuggingFace models for task &apos;text-generation&apos;: HttpErrorResponse {
  headers: HttpHeaders {
    headers: Map(0) {},
    normalizedNames: Map(0) {},
    lazyInit: undefined,
    lazyUpdate: null
  },
  status: 0,
  statusText: &apos;Unknown Error&apos;,
  url: &apos;api/huggingface/models?task=text-generation&apos;,
  ok: false,
  type: undefined,
  redirected: undefined,
  responseType: undefined,
  name: &apos;HttpErrorResponse&apos;,
  message: &apos;Http failure response for api/huggingface/models?task=text-generation: 0 &apos;,
  error: ProgressEvent { isTrusted: [Getter] }
}

            </system-err>
        </testcase>
        <testcase classname="src/app/workspace/component/hugging-face/hugging-face.component.spec.ts" name="HuggingFaceComponent (TestBed) &gt; polling &gt; should enter model poll path (loading=true) when another instance is already fetching models" time="0.043625671">
        </testcase>
        <testcase classname="src/app/workspace/component/hugging-face/hugging-face.component.spec.ts" name="HuggingFaceComponent (TestBed) &gt; polling &gt; should enter task poll path (tasksLoading=true) when another instance is already fetching tasks" time="0.0419166">
        </testcase>
        <testcase classname="src/app/workspace/component/hugging-face/hugging-face.component.spec.ts" name="HuggingFaceComponent (TestBed) &gt; polling &gt; should clear error and re-fetch models on retryLoad" time="0.062893801">
            <system-err>
Failed to load HuggingFace models for task &apos;image-classification&apos;: HttpErrorResponse {
  headers: HttpHeaders {
    headers: Map(0) {},
    normalizedNames: Map(0) {},
    lazyInit: undefined,
    lazyUpdate: null
  },
  status: 0,
  statusText: &apos;Unknown Error&apos;,
  url: &apos;api/huggingface/models?task=image-classification&apos;,
  ok: false,
  type: undefined,
  redirected: undefined,
  responseType: undefined,
  name: &apos;HttpErrorResponse&apos;,
  message: &apos;Http failure response for api/huggingface/models?task=image-classification: 0 &apos;,
  error: ProgressEvent { isTrusted: [Getter] }
}

            </system-err>
        </testcase>
        <testcase classname="src/app/workspace/component/hugging-face/hugging-face.component.spec.ts" name="HuggingFaceComponent (TestBed) &gt; pagination edge cases &gt; prevPage at page 0 should keep currentPage at 0" time="0.192051458">
        </testcase>
        <testcase classname="src/app/workspace/component/hugging-face/hugging-face.component.spec.ts" name="HuggingFaceComponent (TestBed) &gt; pagination edge cases &gt; goToPage(0) on empty list should not throw" time="0.038790229">
        </testcase>
        <testcase classname="src/app/workspace/component/hugging-face/hugging-face.component.spec.ts" name="HuggingFaceComponent (TestBed) &gt; task state snapshots &gt; should reset task-scoped fields to defaults on first visit to a new task" time="0.042766848">
        </testcase>
        <testcase classname="src/app/workspace/component/hugging-face/hugging-face.component.spec.ts" name="HuggingFaceComponent (TestBed) &gt; task state snapshots &gt; should preserve task state across multiple switches" time="0.046359365">
        </testcase>
        <testcase classname="src/app/workspace/component/hugging-face/hugging-face.component.spec.ts" name="HuggingFaceComponent (TestBed) &gt; server search edge cases &gt; should handle server search error gracefully" time="0.06163835">
            <system-err>
Server-side search failed: HttpErrorResponse {
  headers: HttpHeaders {
    headers: Map(0) {},
    normalizedNames: Map(0) {},
    lazyInit: undefined,
    lazyUpdate: null
  },
  status: 0,
  statusText: &apos;Unknown Error&apos;,
  url: &apos;api/huggingface/models?task=text-generation&amp;search=fail-query&apos;,
  ok: false,
  type: undefined,
  redirected: undefined,
  responseType: undefined,
  name: &apos;HttpErrorResponse&apos;,
  message: &apos;Http failure response for api/huggingface/models?task=text-generation&amp;search=fail-query: 0 &apos;,
  error: ProgressEvent { isTrusted: [Getter] }
}

            </system-err>
        </testcase>
        <testcase classname="src/app/workspace/component/hugging-face/hugging-face.component.spec.ts" name="HuggingFaceComponent (TestBed) &gt; server search edge cases &gt; should replace search results when a new query supersedes the previous one" time="0.065750821">
        </testcase>
        <testcase classname="src/app/workspace/component/hugging-face/hugging-face.component.spec.ts" name="HuggingFaceComponent (TestBed) &gt; getCurrentTaskTag &gt; should read task from model.task when available" time="0.059684229">
        </testcase>
        <testcase classname="src/app/workspace/component/hugging-face/hugging-face.component.spec.ts" name="HuggingFaceComponent (TestBed) &gt; getCurrentTaskTag &gt; should read task from formControl.parent when model.task is empty" time="0.046732862">
        </testcase>
        <testcase classname="src/app/workspace/component/hugging-face/hugging-face.component.spec.ts" name="HuggingFaceComponent (TestBed) &gt; model selection edge cases &gt; onModelSelected should mark formControl as dirty" time="0.052269726">
        </testcase>
        <testcase classname="src/app/workspace/component/hugging-face/hugging-face.component.spec.ts" name="HuggingFaceComponent (TestBed) &gt; model selection edge cases &gt; onModelSelected should overwrite previous selection" time="0.061809799">
        </testcase>
        <testcase classname="src/app/workspace/component/hugging-face/hugging-face.component.spec.ts" name="HuggingFaceComponent (TestBed) &gt; retryLoad &gt; should clear the cached error and refetch models" time="0.083493723">
            <system-err>
Failed to load HuggingFace models for task &apos;text-generation&apos;: HttpErrorResponse {
  headers: HttpHeaders {
    headers: Map(0) {},
    normalizedNames: Map(0) {},
    lazyInit: undefined,
    lazyUpdate: null
  },
  status: 0,
  statusText: &apos;Unknown Error&apos;,
  url: &apos;api/huggingface/models?task=text-generation&apos;,
  ok: false,
  type: undefined,
  redirected: undefined,
  responseType: undefined,
  name: &apos;HttpErrorResponse&apos;,
  message: &apos;Http failure response for api/huggingface/models?task=text-generation: 0 &apos;,
  error: ProgressEvent { isTrusted: [Getter] }
}

            </system-err>
        </testcase>
        <testcase classname="src/app/workspace/component/hugging-face/hugging-face.component.spec.ts" name="HuggingFaceComponent (TestBed) &gt; poll-path resolution &gt; resolves both the task and model poll callbacks when the in-flight fetch succeeds" time="0.330913611">
        </testcase>
        <testcase classname="src/app/workspace/component/hugging-face/hugging-face.component.spec.ts" name="HuggingFaceComponent (TestBed) &gt; poll-path resolution &gt; resolves both poll callbacks to the error state when the in-flight fetch fails" time="0.262675071">
            <system-err>
Failed to load HuggingFace tasks: HttpErrorResponse {
  headers: HttpHeaders {
    headers: Map(0) {},
    normalizedNames: Map(0) {},
    lazyInit: undefined,
    lazyUpdate: null
  },
  status: 0,
  statusText: &apos;Unknown Error&apos;,
  url: &apos;api/huggingface/tasks&apos;,
  ok: false,
  type: undefined,
  redirected: undefined,
  responseType: undefined,
  name: &apos;HttpErrorResponse&apos;,
  message: &apos;Http failure response for api/huggingface/tasks: 0 &apos;,
  error: ProgressEvent { isTrusted: [Getter] }
}
Failed to load HuggingFace models for task &apos;text-generation&apos;: HttpErrorResponse {
  headers: HttpHeaders {
    headers: Map(0) {},
    normalizedNames: Map(0) {},
    lazyInit: undefined,
    lazyUpdate: null
  },
  status: 0,
  statusText: &apos;Unknown Error&apos;,
  url: &apos;api/huggingface/models?task=text-generation&apos;,
  ok: false,
  type: undefined,
  redirected: undefined,
  responseType: undefined,
  name: &apos;HttpErrorResponse&apos;,
  message: &apos;Http failure response for api/huggingface/models?task=text-generation: 0 &apos;,
  error: ProgressEvent { isTrusted: [Getter] }
}

            </system-err>
        </testcase>
        <testcase classname="src/app/workspace/component/hugging-face/hugging-face.component.spec.ts" name="HuggingFaceComponent (TestBed) &gt; poll-path resolution &gt; stops polling and falls back when the in-flight fetch is invalidated before it resolves" time="0.265039604">
        </testcase>
        <testcase classname="src/app/workspace/component/hugging-face/hugging-face.component.spec.ts" name="HuggingFaceComponent (TestBed) &gt; poll-path resolution &gt; replaces (does not leak) an existing poll interval when re-entering a poll path" time="0.060842837">
        </testcase>
        <testcase classname="src/app/workspace/component/hugging-face/hugging-face.component.spec.ts" name="HuggingFaceComponent (TestBed) &gt; getCurrentTaskTag field.form fallback &gt; reads the task from field.form when model.task and the parent control are empty" time="0.044032209">
        </testcase>
        <testcase classname="src/app/workspace/component/hugging-face/hugging-face.component.spec.ts" name="HuggingFaceComponent (TestBed) &gt; persistTaskSelection with a distinct parent control &gt; writes the task to BOTH the field-form control and a different parent control" time="0.046535192">
        </testcase>
        <testcase classname="src/app/workspace/component/hugging-face/hugging-face.component.spec.ts" name="HuggingFaceComponent (TestBed) &gt; snapshotTaskState guard &gt; does not record a snapshot for an empty tag" time="0.059311998">
        </testcase>
        <testcase classname="src/app/workspace/component/hugging-face/hugging-face.component.spec.ts" name="HuggingFaceComponent (TestBed) &gt; field value model fallback &gt; snapshots from and restores to the model when the form lacks those controls" time="0.068450629">
        </testcase>
        <testcase classname="src/app/workspace/component/hugging-face/hugging-face.component.spec.ts" name="HuggingFaceComponent (TestBed) &gt; field value model fallback &gt; does not throw when the field has no backing model" time="0.053549492">
        </testcase>
        <testcase classname="src/app/workspace/component/hugging-face/hugging-face.component.spec.ts" name="HuggingFaceComponent (TestBed) &gt; null response body &gt; treats a null model response body as an empty list" time="0.061539699">
        </testcase>
        <testcase classname="src/app/workspace/component/hugging-face/hugging-face.component.spec.ts" name="HuggingFaceComponent (TestBed) &gt; template interactions &gt; clicking a model item selects it" time="0.0879803">
        </testcase>
        <testcase classname="src/app/workspace/component/hugging-face/hugging-face.component.spec.ts" name="HuggingFaceComponent (TestBed) &gt; template interactions &gt; clicking the close icon on the selected model clears the value" time="0.088804169">
        </testcase>
        <testcase classname="src/app/workspace/component/hugging-face/hugging-face.component.spec.ts" name="HuggingFaceComponent (TestBed) &gt; template interactions &gt; the pagination buttons move to the next and previous page" time="0.484814119">
        </testcase>
        <testcase classname="src/app/workspace/component/hugging-face/hugging-face.component.spec.ts" name="HuggingFaceComponent (TestBed) &gt; template interactions &gt; clicking Retry re-fetches the models after a load failure" time="0.056525236">
            <system-err>
Failed to load HuggingFace models for task &apos;text-generation&apos;: HttpErrorResponse {
  headers: HttpHeaders {
    headers: Map(0) {},
    normalizedNames: Map(0) {},
    lazyInit: undefined,
    lazyUpdate: null
  },
  status: 500,
  statusText: &apos;Server Error&apos;,
  url: &apos;api/huggingface/models?task=text-generation&apos;,
  ok: false,
  type: undefined,
  redirected: undefined,
  responseType: undefined,
  name: &apos;HttpErrorResponse&apos;,
  message: &apos;Http failure response for api/huggingface/models?task=text-generation: 500 Server Error&apos;,
  error: &apos;boom&apos;
}

            </system-err>
        </testcase>
        <testcase classname="src/app/workspace/component/hugging-face/hugging-face.component.spec.ts" name="HuggingFaceComponent (TestBed) &gt; template interactions &gt; clicking Retry re-fetches the tasks after a tasks-load failure" time="0.054811991">
            <system-err>
Failed to load HuggingFace tasks: HttpErrorResponse {
  headers: HttpHeaders {
    headers: Map(0) {},
    normalizedNames: Map(0) {},
    lazyInit: undefined,
    lazyUpdate: null
  },
  status: 500,
  statusText: &apos;Server Error&apos;,
  url: &apos;api/huggingface/tasks&apos;,
  ok: false,
  type: undefined,
  redirected: undefined,
  responseType: undefined,
  name: &apos;HttpErrorResponse&apos;,
  message: &apos;Http failure response for api/huggingface/tasks: 500 Server Error&apos;,
  error: &apos;boom&apos;
}

            </system-err>
        </testcase>
        <testcase classname="src/app/workspace/component/hugging-face/hugging-face.component.spec.ts" name="HuggingFaceComponent (TestBed) &gt; template interactions &gt; the search box forwards typed text to onSearchInput" time="0.057222868">
        </testcase>
        <testcase classname="src/app/workspace/component/hugging-face/hugging-face.component.spec.ts" name="HuggingFaceComponent (TestBed) &gt; template interactions &gt; clicking the clear icon resets the search" time="0.067522832">
        </testcase>
        <testcase classname="src/app/workspace/component/hugging-face/hugging-face.component.spec.ts" name="HuggingFaceComponent (TestBed) &gt; template interactions &gt; changing the task dropdown loads the models for the new task" time="0.068445604">
        </testcase>
        <testcase classname="src/app/workspace/component/hugging-face/hugging-face.component.spec.ts" name="HuggingFaceComponent (TestBed) &gt; template interactions &gt; shows the search-specific empty message when a search matches nothing" time="0.05916469">
        </testcase>
        <testcase classname="src/app/workspace/component/hugging-face/hugging-face.component.spec.ts" name="HuggingFaceComponent (TestBed) &gt; fallback branches &gt; falls back to the text-generation tag when the selected tag is empty" time="0.048860397">
        </testcase>
        <testcase classname="src/app/workspace/component/hugging-face/hugging-face.component.spec.ts" name="HuggingFaceComponent (TestBed) &gt; fallback branches &gt; server-side search falls back to the text-generation tag when the tag is empty" time="0.085226993">
        </testcase>
        <testcase classname="src/app/workspace/component/hugging-face/hugging-face.component.spec.ts" name="HuggingFaceComponent (TestBed) &gt; fallback branches &gt; uses the current selection when no task is present on the model or form" time="0.057807019">
        </testcase>
        <testcase classname="src/app/workspace/component/hugging-face/hugging-face.component.spec.ts" name="HuggingFaceComponent (TestBed) &gt; fallback branches &gt; persists the task when the field has no parent and the form has no task control" time="0.094571529">
        </testcase>
    </testsuite>
    <testsuite name="src/app/workspace/component/hugging-face-audio-upload/hugging-face-audio-upload.component.spec.ts" timestamp="2026-08-04T22:49:30.261Z" hostname="ali-Inspiron-15-3520" tests="63" failures="0" errors="0" skipped="0" time="1.125782756">
        <testcase classname="src/app/workspace/component/hugging-face-audio-upload/hugging-face-audio-upload.component.spec.ts" name="HuggingFaceAudioUploadComponent &gt; should be defined" time="0.044991627">
        </testcase>
        <testcase classname="src/app/workspace/component/hugging-face-audio-upload/hugging-face-audio-upload.component.spec.ts" name="HuggingFaceAudioUploadComponent &gt; ngOnInit &gt; should set fileName from existing formControl value" time="0.013914501">
        </testcase>
        <testcase classname="src/app/workspace/component/hugging-face-audio-upload/hugging-face-audio-upload.component.spec.ts" name="HuggingFaceAudioUploadComponent &gt; ngOnInit &gt; should set fileName to &apos;Selected audio&apos; for data:audio values" time="0.011763486">
        </testcase>
        <testcase classname="src/app/workspace/component/hugging-face-audio-upload/hugging-face-audio-upload.component.spec.ts" name="HuggingFaceAudioUploadComponent &gt; ngOnInit &gt; should not set fileName when formControl is empty" time="0.009190243">
        </testcase>
        <testcase classname="src/app/workspace/component/hugging-face-audio-upload/hugging-face-audio-upload.component.spec.ts" name="HuggingFaceAudioUploadComponent &gt; ngOnInit &gt; should not set fileName when formControl is whitespace" time="0.00914828">
        </testcase>
        <testcase classname="src/app/workspace/component/hugging-face-audio-upload/hugging-face-audio-upload.component.spec.ts" name="HuggingFaceAudioUploadComponent &gt; previewSrc &gt; should return empty string when formControl is empty and no local preview" time="0.010136062">
        </testcase>
        <testcase classname="src/app/workspace/component/hugging-face-audio-upload/hugging-face-audio-upload.component.spec.ts" name="HuggingFaceAudioUploadComponent &gt; previewSrc &gt; should return empty for a stored server path (blob URL loaded asynchronously)" time="0.008995053">
        </testcase>
        <testcase classname="src/app/workspace/component/hugging-face-audio-upload/hugging-face-audio-upload.component.spec.ts" name="HuggingFaceAudioUploadComponent &gt; previewSrc &gt; should return data:audio value as-is" time="0.009146336">
        </testcase>
        <testcase classname="src/app/workspace/component/hugging-face-audio-upload/hugging-face-audio-upload.component.spec.ts" name="HuggingFaceAudioUploadComponent &gt; previewSrc &gt; should return empty string for whitespace-only value" time="0.010110292">
        </testcase>
        <testcase classname="src/app/workspace/component/hugging-face-audio-upload/hugging-face-audio-upload.component.spec.ts" name="HuggingFaceAudioUploadComponent &gt; previewSrc &gt; should return localPreviewUrl when a file has been selected but upload is in progress" time="0.046606175">
        </testcase>
        <testcase classname="src/app/workspace/component/hugging-face-audio-upload/hugging-face-audio-upload.component.spec.ts" name="HuggingFaceAudioUploadComponent &gt; onFileSelected &gt; should reject a non-audio file" time="0.025042045">
        </testcase>
        <testcase classname="src/app/workspace/component/hugging-face-audio-upload/hugging-face-audio-upload.component.spec.ts" name="HuggingFaceAudioUploadComponent &gt; onFileSelected &gt; should upload an audio file and set formControl value" time="0.014121829">
        </testcase>
        <testcase classname="src/app/workspace/component/hugging-face-audio-upload/hugging-face-audio-upload.component.spec.ts" name="HuggingFaceAudioUploadComponent &gt; onFileSelected &gt; should guard against concurrent uploads" time="0.014167943">
        </testcase>
        <testcase classname="src/app/workspace/component/hugging-face-audio-upload/hugging-face-audio-upload.component.spec.ts" name="HuggingFaceAudioUploadComponent &gt; onFileSelected &gt; should do nothing when no file is selected" time="0.012429684">
        </testcase>
        <testcase classname="src/app/workspace/component/hugging-face-audio-upload/hugging-face-audio-upload.component.spec.ts" name="HuggingFaceAudioUploadComponent &gt; onFileSelected &gt; should set isUploading while upload is in progress" time="0.011690506">
        </testcase>
        <testcase classname="src/app/workspace/component/hugging-face-audio-upload/hugging-face-audio-upload.component.spec.ts" name="HuggingFaceAudioUploadComponent &gt; onFileSelected &gt; should clear error message before new upload" time="0.012588086">
        </testcase>
        <testcase classname="src/app/workspace/component/hugging-face-audio-upload/hugging-face-audio-upload.component.spec.ts" name="HuggingFaceAudioUploadComponent &gt; onFileSelected &gt; should show error on upload failure" time="0.036311363">
            <system-err>
Audio upload failed: HttpErrorResponse {
  headers: HttpHeaders {
    headers: Map(0) {},
    normalizedNames: Map(0) {},
    lazyInit: undefined,
    lazyUpdate: null
  },
  status: 0,
  statusText: &apos;Unknown Error&apos;,
  url: &apos;api/huggingface/upload-audio?filename=clip.wav&apos;,
  ok: false,
  type: undefined,
  redirected: undefined,
  responseType: undefined,
  name: &apos;HttpErrorResponse&apos;,
  message: &apos;Http failure response for api/huggingface/upload-audio?filename=clip.wav: 0 &apos;,
  error: ProgressEvent { isTrusted: [Getter] }
}

            </system-err>
        </testcase>
        <testcase classname="src/app/workspace/component/hugging-face-audio-upload/hugging-face-audio-upload.component.spec.ts" name="HuggingFaceAudioUploadComponent &gt; onFileSelected &gt; should use file.name as fallback when response.fileName is empty" time="0.020930041">
        </testcase>
        <testcase classname="src/app/workspace/component/hugging-face-audio-upload/hugging-face-audio-upload.component.spec.ts" name="HuggingFaceAudioUploadComponent &gt; onFileSelected &gt; should update the model when key is a string" time="0.012507249">
        </testcase>
        <testcase classname="src/app/workspace/component/hugging-face-audio-upload/hugging-face-audio-upload.component.spec.ts" name="HuggingFaceAudioUploadComponent &gt; onFileSelected &gt; should send correct Content-Type and URL" time="0.014047317">
        </testcase>
        <testcase classname="src/app/workspace/component/hugging-face-audio-upload/hugging-face-audio-upload.component.spec.ts" name="HuggingFaceAudioUploadComponent &gt; onFileSelected &gt; should discard stale upload response when cleared during upload" time="0.015834387">
        </testcase>
        <testcase classname="src/app/workspace/component/hugging-face-audio-upload/hugging-face-audio-upload.component.spec.ts" name="HuggingFaceAudioUploadComponent &gt; onFileSelected &gt; should discard stale upload error when cleared during upload" time="0.020245965">
            <system-err>
Audio upload failed: HttpErrorResponse {
  headers: HttpHeaders {
    headers: Map(0) {},
    normalizedNames: Map(0) {},
    lazyInit: undefined,
    lazyUpdate: null
  },
  status: 0,
  statusText: &apos;Unknown Error&apos;,
  url: &apos;api/huggingface/upload-audio?filename=clip.wav&apos;,
  ok: false,
  type: undefined,
  redirected: undefined,
  responseType: undefined,
  name: &apos;HttpErrorResponse&apos;,
  message: &apos;Http failure response for api/huggingface/upload-audio?filename=clip.wav: 0 &apos;,
  error: ProgressEvent { isTrusted: [Getter] }
}

            </system-err>
        </testcase>
        <testcase classname="src/app/workspace/component/hugging-face-audio-upload/hugging-face-audio-upload.component.spec.ts" name="HuggingFaceAudioUploadComponent &gt; clearAudio &gt; should reset all state" time="0.024163558">
        </testcase>
        <testcase classname="src/app/workspace/component/hugging-face-audio-upload/hugging-face-audio-upload.component.spec.ts" name="HuggingFaceAudioUploadComponent &gt; clearAudio &gt; should preserve error message when clearError is false" time="0.015598454">
        </testcase>
        <testcase classname="src/app/workspace/component/hugging-face-audio-upload/hugging-face-audio-upload.component.spec.ts" name="HuggingFaceAudioUploadComponent &gt; clearAudio &gt; should clear model value when key is a string" time="0.018415037">
        </testcase>
        <testcase classname="src/app/workspace/component/hugging-face-audio-upload/hugging-face-audio-upload.component.spec.ts" name="HuggingFaceAudioUploadComponent &gt; clearAudio &gt; should mark formControl as dirty and touched" time="0.021973913">
        </testcase>
        <testcase classname="src/app/workspace/component/hugging-face-audio-upload/hugging-face-audio-upload.component.spec.ts" name="HuggingFaceAudioUploadComponent &gt; loadServerAudioPreview &gt; should set localPreviewUrl on successful blob fetch" time="0.01397093">
        </testcase>
        <testcase classname="src/app/workspace/component/hugging-face-audio-upload/hugging-face-audio-upload.component.spec.ts" name="HuggingFaceAudioUploadComponent &gt; loadServerAudioPreview &gt; should set errorMessage on blob fetch failure" time="0.051533978">
            <system-err>
Failed to load audio preview: HttpErrorResponse {
  headers: HttpHeaders {
    headers: Map(0) {},
    normalizedNames: Map(0) {},
    lazyInit: undefined,
    lazyUpdate: null
  },
  status: 0,
  statusText: &apos;Unknown Error&apos;,
  url: &apos;api/huggingface/audio-preview?path=%2Fuploads%2Fclip.wav&apos;,
  ok: false,
  type: undefined,
  redirected: undefined,
  responseType: undefined,
  name: &apos;HttpErrorResponse&apos;,
  message: &apos;Http failure response for api/huggingface/audio-preview?path=%2Fuploads%2Fclip.wav: 0 &apos;,
  error: ProgressEvent { isTrusted: [Getter] }
}

            </system-err>
        </testcase>
        <testcase classname="src/app/workspace/component/hugging-face-audio-upload/hugging-face-audio-upload.component.spec.ts" name="HuggingFaceAudioUploadComponent &gt; loadServerAudioPreview &gt; should discard blob fetch result if formControl value changed" time="0.014183229">
        </testcase>
        <testcase classname="src/app/workspace/component/hugging-face-audio-upload/hugging-face-audio-upload.component.spec.ts" name="HuggingFaceAudioUploadComponent &gt; loadServerAudioPreview &gt; should discard error if formControl value changed before fetch fails" time="0.013465111">
            <system-err>
Failed to load audio preview: HttpErrorResponse {
  headers: HttpHeaders {
    headers: Map(0) {},
    normalizedNames: Map(0) {},
    lazyInit: undefined,
    lazyUpdate: null
  },
  status: 0,
  statusText: &apos;Unknown Error&apos;,
  url: &apos;api/huggingface/audio-preview?path=%2Fuploads%2Fclip.wav&apos;,
  ok: false,
  type: undefined,
  redirected: undefined,
  responseType: undefined,
  name: &apos;HttpErrorResponse&apos;,
  message: &apos;Http failure response for api/huggingface/audio-preview?path=%2Fuploads%2Fclip.wav: 0 &apos;,
  error: ProgressEvent { isTrusted: [Getter] }
}

            </system-err>
        </testcase>
        <testcase classname="src/app/workspace/component/hugging-face-audio-upload/hugging-face-audio-upload.component.spec.ts" name="HuggingFaceAudioUploadComponent &gt; loadServerAudioPreview &gt; should not fetch for data:audio values in ngOnInit" time="0.016278527">
        </testcase>
        <testcase classname="src/app/workspace/component/hugging-face-audio-upload/hugging-face-audio-upload.component.spec.ts" name="HuggingFaceAudioUploadComponent &gt; loadServerAudioPreview &gt; should encode server path in the fetch URL" time="0.015662363">
        </testcase>
        <testcase classname="src/app/workspace/component/hugging-face-audio-upload/hugging-face-audio-upload.component.spec.ts" name="HuggingFaceAudioUploadComponent &gt; previewSrc with localPreviewUrl &gt; should return localPreviewUrl when set via file upload" time="0.011201322">
        </testcase>
        <testcase classname="src/app/workspace/component/hugging-face-audio-upload/hugging-face-audio-upload.component.spec.ts" name="HuggingFaceAudioUploadComponent &gt; stale upload guards &gt; should discard successful upload if cleared during flight" time="0.01588981">
        </testcase>
        <testcase classname="src/app/workspace/component/hugging-face-audio-upload/hugging-face-audio-upload.component.spec.ts" name="HuggingFaceAudioUploadComponent &gt; stale upload guards &gt; should discard upload error if cleared during flight" time="0.01390076">
            <system-err>
Audio upload failed: HttpErrorResponse {
  headers: HttpHeaders {
    headers: Map(0) {},
    normalizedNames: Map(0) {},
    lazyInit: undefined,
    lazyUpdate: null
  },
  status: 0,
  statusText: &apos;Unknown Error&apos;,
  url: &apos;api/huggingface/upload-audio?filename=clip.wav&apos;,
  ok: false,
  type: undefined,
  redirected: undefined,
  responseType: undefined,
  name: &apos;HttpErrorResponse&apos;,
  message: &apos;Http failure response for api/huggingface/upload-audio?filename=clip.wav: 0 &apos;,
  error: ProgressEvent { isTrusted: [Getter] }
}

            </system-err>
        </testcase>
        <testcase classname="src/app/workspace/component/hugging-face-audio-upload/hugging-face-audio-upload.component.spec.ts" name="HuggingFaceAudioUploadComponent &gt; ngOnDestroy &gt; should not throw on destroy" time="0.011138811">
        </testcase>
        <testcase classname="src/app/workspace/component/hugging-face-audio-upload/hugging-face-audio-upload.component.spec.ts" name="HuggingFaceAudioUploadComponent &gt; ngOnDestroy &gt; should revoke localPreviewUrl on destroy when upload preview exists" time="0.015700983">
        </testcase>
        <testcase classname="src/app/workspace/component/hugging-face-audio-upload/hugging-face-audio-upload.component.spec.ts" name="HuggingFaceAudioUploadComponent &gt; ngOnDestroy &gt; should revoke localPreviewUrl on destroy" time="0.011958245">
        </testcase>
        <testcase classname="src/app/workspace/component/hugging-face-audio-upload/hugging-face-audio-upload.component.spec.ts" name="HuggingFaceAudioUploadComponent &gt; getDisplayName (via ngOnInit) &gt; should extract filename from path with forward slashes" time="0.009662269">
        </testcase>
        <testcase classname="src/app/workspace/component/hugging-face-audio-upload/hugging-face-audio-upload.component.spec.ts" name="HuggingFaceAudioUploadComponent &gt; getDisplayName (via ngOnInit) &gt; should extract filename from path with backslashes" time="0.009853438">
        </testcase>
        <testcase classname="src/app/workspace/component/hugging-face-audio-upload/hugging-face-audio-upload.component.spec.ts" name="HuggingFaceAudioUploadComponent &gt; getDisplayName (via ngOnInit) &gt; should return &apos;Selected audio&apos; for path ending with separator" time="0.010165566">
        </testcase>
        <testcase classname="src/app/workspace/component/hugging-face-audio-upload/hugging-face-audio-upload.component.spec.ts" name="HuggingFaceAudioUploadComponent &gt; getDisplayName (via ngOnInit) &gt; should return filename for flat name without path" time="0.009443071">
        </testcase>
        <testcase classname="src/app/workspace/component/hugging-face-audio-upload/hugging-face-audio-upload.component.spec.ts" name="HuggingFaceAudioUploadComponent &gt; formControl state after upload &gt; should mark formControl as dirty and touched after successful upload" time="0.026283012">
        </testcase>
        <testcase classname="src/app/workspace/component/hugging-face-audio-upload/hugging-face-audio-upload.component.spec.ts" name="HuggingFaceAudioUploadComponent &gt; formControl state after upload &gt; should mark formControl as dirty and touched after clear" time="0.010969466">
        </testcase>
        <testcase classname="src/app/workspace/component/hugging-face-audio-upload/hugging-face-audio-upload.component.spec.ts" name="HuggingFaceAudioUploadComponent &gt; model update on upload &gt; should not update model when key is not a string" time="0.013007109">
        </testcase>
        <testcase classname="src/app/workspace/component/hugging-face-audio-upload/hugging-face-audio-upload.component.spec.ts" name="HuggingFaceAudioUploadComponent &gt; revokePreviewUrl &gt; should not throw when destroying without any preview" time="0.009760759">
        </testcase>
        <testcase classname="src/app/workspace/component/hugging-face-audio-upload/hugging-face-audio-upload.component.spec.ts" name="HuggingFaceAudioUploadComponent &gt; previewSrc edge cases &gt; should return empty for non-audio data URL" time="0.009814601">
        </testcase>
        <testcase classname="src/app/workspace/component/hugging-face-audio-upload/hugging-face-audio-upload.component.spec.ts" name="HuggingFaceAudioUploadComponent &gt; previewSrc edge cases &gt; should return data:audio value with different audio type" time="0.010408396">
        </testcase>
        <testcase classname="src/app/workspace/component/hugging-face-audio-upload/hugging-face-audio-upload.component.spec.ts" name="HuggingFaceAudioUploadComponent &gt; consecutive uploads &gt; should replace previous upload value with new upload" time="0.012613839">
        </testcase>
        <testcase classname="src/app/workspace/component/hugging-face-audio-upload/hugging-face-audio-upload.component.spec.ts" name="HuggingFaceAudioUploadComponent &gt; template rendering &gt; should render the file input" time="0.015222023">
        </testcase>
        <testcase classname="src/app/workspace/component/hugging-face-audio-upload/hugging-face-audio-upload.component.spec.ts" name="HuggingFaceAudioUploadComponent &gt; template rendering &gt; should not render the preview section when there is no audio" time="0.014412906">
        </testcase>
        <testcase classname="src/app/workspace/component/hugging-face-audio-upload/hugging-face-audio-upload.component.spec.ts" name="HuggingFaceAudioUploadComponent &gt; template rendering &gt; should render the preview section when formControl has a data:audio value" time="0.021733502">
        </testcase>
        <testcase classname="src/app/workspace/component/hugging-face-audio-upload/hugging-face-audio-upload.component.spec.ts" name="HuggingFaceAudioUploadComponent &gt; template rendering &gt; should bind audio [src] to previewSrc for a data:audio value" time="0.023606459">
        </testcase>
        <testcase classname="src/app/workspace/component/hugging-face-audio-upload/hugging-face-audio-upload.component.spec.ts" name="HuggingFaceAudioUploadComponent &gt; template rendering &gt; should show fileName in the preview meta" time="0.022194382">
        </testcase>
        <testcase classname="src/app/workspace/component/hugging-face-audio-upload/hugging-face-audio-upload.component.spec.ts" name="HuggingFaceAudioUploadComponent &gt; template rendering &gt; should fall back to &apos;Selected audio&apos; when fileName is empty and preview is shown" time="0.019535047">
        </testcase>
        <testcase classname="src/app/workspace/component/hugging-face-audio-upload/hugging-face-audio-upload.component.spec.ts" name="HuggingFaceAudioUploadComponent &gt; template rendering &gt; should show the Uploading status span when isUploading is true and preview is visible" time="0.022240943">
        </testcase>
        <testcase classname="src/app/workspace/component/hugging-face-audio-upload/hugging-face-audio-upload.component.spec.ts" name="HuggingFaceAudioUploadComponent &gt; template rendering &gt; should hide the Uploading status span when isUploading is false" time="0.022094896">
        </testcase>
        <testcase classname="src/app/workspace/component/hugging-face-audio-upload/hugging-face-audio-upload.component.spec.ts" name="HuggingFaceAudioUploadComponent &gt; template rendering &gt; should disable the Clear button when isUploading is true" time="0.022572566">
        </testcase>
        <testcase classname="src/app/workspace/component/hugging-face-audio-upload/hugging-face-audio-upload.component.spec.ts" name="HuggingFaceAudioUploadComponent &gt; template rendering &gt; should enable the Clear button when isUploading is false" time="0.022220182">
        </testcase>
        <testcase classname="src/app/workspace/component/hugging-face-audio-upload/hugging-face-audio-upload.component.spec.ts" name="HuggingFaceAudioUploadComponent &gt; template rendering &gt; should disable the file input when isUploading is true" time="0.023032032">
        </testcase>
        <testcase classname="src/app/workspace/component/hugging-face-audio-upload/hugging-face-audio-upload.component.spec.ts" name="HuggingFaceAudioUploadComponent &gt; template rendering &gt; should show the error message when errorMessage is set" time="0.021068334">
        </testcase>
        <testcase classname="src/app/workspace/component/hugging-face-audio-upload/hugging-face-audio-upload.component.spec.ts" name="HuggingFaceAudioUploadComponent &gt; template rendering &gt; should not render the error div when errorMessage is empty" time="0.015591325">
        </testcase>
        <testcase classname="src/app/workspace/component/hugging-face-audio-upload/hugging-face-audio-upload.component.spec.ts" name="HuggingFaceAudioUploadComponent &gt; template rendering &gt; should call clearAudio when the Clear button is clicked" time="0.048288795">
        </testcase>
    </testsuite>
    <testsuite name="src/app/workspace/component/hugging-face-image-upload/hugging-face-image-upload.component.spec.ts" timestamp="2026-08-04T22:49:30.265Z" hostname="ali-Inspiron-15-3520" tests="35" failures="0" errors="0" skipped="0" time="0.739984606">
        <testcase classname="src/app/workspace/component/hugging-face-image-upload/hugging-face-image-upload.component.spec.ts" name="HuggingFaceImageUploadComponent &gt; should create" time="0.034398428">
        </testcase>
        <testcase classname="src/app/workspace/component/hugging-face-image-upload/hugging-face-image-upload.component.spec.ts" name="HuggingFaceImageUploadComponent &gt; derived view state &gt; reports no image when formControl is empty" time="0.011793976">
        </testcase>
        <testcase classname="src/app/workspace/component/hugging-face-image-upload/hugging-face-image-upload.component.spec.ts" name="HuggingFaceImageUploadComponent &gt; derived view state &gt; reports an image when formControl holds a data URL" time="0.014399516">
        </testcase>
        <testcase classname="src/app/workspace/component/hugging-face-image-upload/hugging-face-image-upload.component.spec.ts" name="HuggingFaceImageUploadComponent &gt; derived view state &gt; prefers the explicit filename over the fallback label" time="0.029170118">
        </testcase>
        <testcase classname="src/app/workspace/component/hugging-face-image-upload/hugging-face-image-upload.component.spec.ts" name="HuggingFaceImageUploadComponent &gt; onFileSelected &gt; clears prior error and returns early when no file is provided" time="0.023669926">
        </testcase>
        <testcase classname="src/app/workspace/component/hugging-face-image-upload/hugging-face-image-upload.component.spec.ts" name="HuggingFaceImageUploadComponent &gt; onFileSelected &gt; rejects non-image files and resets the input" time="0.011660472">
        </testcase>
        <testcase classname="src/app/workspace/component/hugging-face-image-upload/hugging-face-image-upload.component.spec.ts" name="HuggingFaceImageUploadComponent &gt; onFileSelected &gt; reports an error when image compression fails" time="0.025150091">
        </testcase>
        <testcase classname="src/app/workspace/component/hugging-face-image-upload/hugging-face-image-upload.component.spec.ts" name="HuggingFaceImageUploadComponent &gt; clearImage &gt; resets file state, the form control, and any model value" time="0.015997115">
        </testcase>
        <testcase classname="src/app/workspace/component/hugging-face-image-upload/hugging-face-image-upload.component.spec.ts" name="HuggingFaceImageUploadComponent &gt; hasImage edge cases &gt; returns false for a server path string" time="0.011312081">
        </testcase>
        <testcase classname="src/app/workspace/component/hugging-face-image-upload/hugging-face-image-upload.component.spec.ts" name="HuggingFaceImageUploadComponent &gt; hasImage edge cases &gt; returns false for null value" time="0.019897572">
        </testcase>
        <testcase classname="src/app/workspace/component/hugging-face-image-upload/hugging-face-image-upload.component.spec.ts" name="HuggingFaceImageUploadComponent &gt; hasImage edge cases &gt; returns false for non-image data URL" time="0.016416325">
        </testcase>
        <testcase classname="src/app/workspace/component/hugging-face-image-upload/hugging-face-image-upload.component.spec.ts" name="HuggingFaceImageUploadComponent &gt; hasImage edge cases &gt; returns true for data:image/png URL" time="0.018932323">
        </testcase>
        <testcase classname="src/app/workspace/component/hugging-face-image-upload/hugging-face-image-upload.component.spec.ts" name="HuggingFaceImageUploadComponent &gt; previewSrc &gt; returns data URL when formControl has image" time="0.021964775">
        </testcase>
        <testcase classname="src/app/workspace/component/hugging-face-image-upload/hugging-face-image-upload.component.spec.ts" name="HuggingFaceImageUploadComponent &gt; previewSrc &gt; returns empty string when formControl has no image" time="0.022334608">
        </testcase>
        <testcase classname="src/app/workspace/component/hugging-face-image-upload/hugging-face-image-upload.component.spec.ts" name="HuggingFaceImageUploadComponent &gt; previewSrc &gt; returns empty string for server path" time="0.023956114">
        </testcase>
        <testcase classname="src/app/workspace/component/hugging-face-image-upload/hugging-face-image-upload.component.spec.ts" name="HuggingFaceImageUploadComponent &gt; displayFileName &gt; returns empty string when no image and no fileName" time="0.03148533">
        </testcase>
        <testcase classname="src/app/workspace/component/hugging-face-image-upload/hugging-face-image-upload.component.spec.ts" name="HuggingFaceImageUploadComponent &gt; displayFileName &gt; returns &apos;Uploaded image&apos; when image present but no fileName" time="0.013218952">
        </testcase>
        <testcase classname="src/app/workspace/component/hugging-face-image-upload/hugging-face-image-upload.component.spec.ts" name="HuggingFaceImageUploadComponent &gt; displayFileName &gt; returns fileName when set, even without image" time="0.018385235">
        </testcase>
        <testcase classname="src/app/workspace/component/hugging-face-image-upload/hugging-face-image-upload.component.spec.ts" name="HuggingFaceImageUploadComponent &gt; successful upload &gt; sets fileName, formControl, model, and marks dirty/touched" time="0.023013909">
        </testcase>
        <testcase classname="src/app/workspace/component/hugging-face-image-upload/hugging-face-image-upload.component.spec.ts" name="HuggingFaceImageUploadComponent &gt; successful upload &gt; clears a previous error on successful upload" time="0.011042171">
        </testcase>
        <testcase classname="src/app/workspace/component/hugging-face-image-upload/hugging-face-image-upload.component.spec.ts" name="HuggingFaceImageUploadComponent &gt; compressImage rejection paths &gt; rejects when FileReader.result is not a string (ArrayBuffer)" time="0.019511647">
        </testcase>
        <testcase classname="src/app/workspace/component/hugging-face-image-upload/hugging-face-image-upload.component.spec.ts" name="HuggingFaceImageUploadComponent &gt; compressImage rejection paths &gt; rejects when FileReader.result is null" time="0.01926355">
        </testcase>
        <testcase classname="src/app/workspace/component/hugging-face-image-upload/hugging-face-image-upload.component.spec.ts" name="HuggingFaceImageUploadComponent &gt; compressImage rejection paths &gt; rejects when Image fires onerror" time="0.020121304">
        </testcase>
        <testcase classname="src/app/workspace/component/hugging-face-image-upload/hugging-face-image-upload.component.spec.ts" name="HuggingFaceImageUploadComponent &gt; renderCompressedDataUrl (via onFileSelected) &gt; returns empty when canvas context is null" time="0.012189424">
        </testcase>
        <testcase classname="src/app/workspace/component/hugging-face-image-upload/hugging-face-image-upload.component.spec.ts" name="HuggingFaceImageUploadComponent &gt; renderCompressedDataUrl (via onFileSelected) &gt; accepts a data URL that fits within the size limit on first attempt" time="0.019619998">
        </testcase>
        <testcase classname="src/app/workspace/component/hugging-face-image-upload/hugging-face-image-upload.component.spec.ts" name="HuggingFaceImageUploadComponent &gt; renderCompressedDataUrl (via onFileSelected) &gt; reduces quality when the first toDataURL result exceeds the size limit" time="0.060190045">
        </testcase>
        <testcase classname="src/app/workspace/component/hugging-face-image-upload/hugging-face-image-upload.component.spec.ts" name="HuggingFaceImageUploadComponent &gt; renderCompressedDataUrl (via onFileSelected) &gt; reduces dimension when quality loop alone is not enough" time="0.022619203">
        </testcase>
        <testcase classname="src/app/workspace/component/hugging-face-image-upload/hugging-face-image-upload.component.spec.ts" name="HuggingFaceImageUploadComponent &gt; renderCompressedDataUrl (via onFileSelected) &gt; rejects when compressed result never fits within size limit" time="0.013698363">
        </testcase>
        <testcase classname="src/app/workspace/component/hugging-face-image-upload/hugging-face-image-upload.component.spec.ts" name="HuggingFaceImageUploadComponent &gt; renderCompressedDataUrl (via onFileSelected) &gt; rejects when toDataURL returns a non-image data URL" time="0.039457647">
        </testcase>
        <testcase classname="src/app/workspace/component/hugging-face-image-upload/hugging-face-image-upload.component.spec.ts" name="HuggingFaceImageUploadComponent &gt; renderCompressedDataUrl (via onFileSelected) &gt; handles a 1x1 pixel image without error" time="0.031024005">
        </testcase>
        <testcase classname="src/app/workspace/component/hugging-face-image-upload/hugging-face-image-upload.component.spec.ts" name="HuggingFaceImageUploadComponent &gt; renderCompressedDataUrl (via onFileSelected) &gt; handles a very wide image (extreme aspect ratio)" time="0.024404094">
        </testcase>
        <testcase classname="src/app/workspace/component/hugging-face-image-upload/hugging-face-image-upload.component.spec.ts" name="HuggingFaceImageUploadComponent &gt; clearImage edge cases &gt; does not update model when key is not a string" time="0.020382632">
        </testcase>
        <testcase classname="src/app/workspace/component/hugging-face-image-upload/hugging-face-image-upload.component.spec.ts" name="HuggingFaceImageUploadComponent &gt; clearImage edge cases &gt; marks formControl dirty and touched" time="0.008907104">
        </testcase>
        <testcase classname="src/app/workspace/component/hugging-face-image-upload/hugging-face-image-upload.component.spec.ts" name="HuggingFaceImageUploadComponent &gt; consecutive uploads &gt; replaces previous upload value with new upload" time="0.012174203">
        </testcase>
        <testcase classname="src/app/workspace/component/hugging-face-image-upload/hugging-face-image-upload.component.spec.ts" name="HuggingFaceImageUploadComponent &gt; onFileSelected model update &gt; does not update model when key is not a string" time="0.015384662">
        </testcase>
    </testsuite>
    <testsuite name="src/app/workspace/component/left-panel/left-panel.component.spec.ts" timestamp="2026-08-04T22:49:30.267Z" hostname="ali-Inspiron-15-3520" tests="19" failures="0" errors="0" skipped="0" time="1.513072387">
        <testcase classname="src/app/workspace/component/left-panel/left-panel.component.spec.ts" name="LeftPanelComponent &gt; should create" time="0.176051428">
        </testcase>
        <testcase classname="src/app/workspace/component/left-panel/left-panel.component.spec.ts" name="LeftPanelComponent &gt; should switch to versions frame component when get all versions is clicked" time="0.125435169">
        </testcase>
        <testcase classname="src/app/workspace/component/left-panel/left-panel.component.spec.ts" name="LeftPanelComponent &gt; openFrame(0) collapses the panel to the docked bar" time="0.052776833">
        </testcase>
        <testcase classname="src/app/workspace/component/left-panel/left-panel.component.spec.ts" name="LeftPanelComponent &gt; openFrame re-opens a collapsed panel using MIN_PANEL_WIDTH and minPanelHeight" time="0.061620625">
        </testcase>
        <testcase classname="src/app/workspace/component/left-panel/left-panel.component.spec.ts" name="LeftPanelComponent &gt; openFrame preserves the current width when switching frames on an already-open panel" time="0.074000905">
        </testcase>
        <testcase classname="src/app/workspace/component/left-panel/left-panel.component.spec.ts" name="LeftPanelComponent &gt; constructor falls back to the Operators frame when the saved index points to a disabled tab" time="0.062186489">
        </testcase>
        <testcase classname="src/app/workspace/component/left-panel/left-panel.component.spec.ts" name="LeftPanelComponent &gt; onDrop reorders the tab order array in place" time="0.061531189">
        </testcase>
        <testcase classname="src/app/workspace/component/left-panel/left-panel.component.spec.ts" name="LeftPanelComponent &gt; onResize applies the new dimensions through requestAnimationFrame" time="0.05198138">
        </testcase>
        <testcase classname="src/app/workspace/component/left-panel/left-panel.component.spec.ts" name="LeftPanelComponent &gt; resetPanelPosition docks the panel back onto its return position" time="0.139084111">
        </testcase>
        <testcase classname="src/app/workspace/component/left-panel/left-panel.component.spec.ts" name="LeftPanelComponent &gt; handleDragStart marks the panel as undocked" time="0.077804501">
        </testcase>
        <testcase classname="src/app/workspace/component/left-panel/left-panel.component.spec.ts" name="LeftPanelComponent &gt; closePanelStream collapses the panel via openFrame(0)" time="0.065341784">
        </testcase>
        <testcase classname="src/app/workspace/component/left-panel/left-panel.component.spec.ts" name="LeftPanelComponent &gt; resetPanelStream resets the position and re-opens the Operators frame" time="0.081265002">
        </testcase>
        <testcase classname="src/app/workspace/component/left-panel/left-panel.component.spec.ts" name="LeftPanelComponent &gt; ngAfterViewInit sizes minPanelHeight/height from the top-level operator categories" time="0.075050085">
        </testcase>
        <testcase classname="src/app/workspace/component/left-panel/left-panel.component.spec.ts" name="LeftPanelComponent &gt; ngAfterViewInit leaves the height untouched when there are no top-level categories" time="0.051812843">
        </testcase>
        <testcase classname="src/app/workspace/component/left-panel/left-panel.component.spec.ts" name="LeftPanelComponent &gt; persists panel state to localStorage on the beforeunload host listener" time="0.051481846">
        </testcase>
        <testcase classname="src/app/workspace/component/left-panel/left-panel.component.spec.ts" name="LeftPanelComponent &gt; ngOnDestroy skips style persistence when the left-container element is absent" time="0.062789032">
        </testcase>
        <testcase classname="src/app/workspace/component/left-panel/left-panel.component.spec.ts" name="LeftPanelComponent &gt; constructor restores a valid saved tab order from localStorage" time="0.068594382">
        </testcase>
        <testcase classname="src/app/workspace/component/left-panel/left-panel.component.spec.ts" name="LeftPanelComponent &gt; constructor ignores a saved tab order whose unique-entry count differs from the default" time="0.096360181">
        </testcase>
        <testcase classname="src/app/workspace/component/left-panel/left-panel.component.spec.ts" name="LeftPanelComponent &gt; restores the saved left-container style on its first ngOnInit" time="0.074260921">
        </testcase>
    </testsuite>
    <testsuite name="src/app/workspace/component/menu/menu.component.spec.ts" timestamp="2026-08-04T22:49:30.268Z" hostname="ali-Inspiron-15-3520" tests="55" failures="0" errors="0" skipped="0" time="12.933817482">
        <testcase classname="src/app/workspace/component/menu/menu.component.spec.ts" name="MenuComponent &gt; should create" time="0.605638604">
        </testcase>
        <testcase classname="src/app/workspace/component/menu/menu.component.spec.ts" name="MenuComponent &gt; getRunButtonBehavior &gt; returns &apos;Invalid Workflow&apos; when the workflow is invalid" time="0.291260495">
        </testcase>
        <testcase classname="src/app/workspace/component/menu/menu.component.spec.ts" name="MenuComponent &gt; getRunButtonBehavior &gt; returns &apos;Empty Workflow&apos; when the workflow has no operators" time="0.30378486">
        </testcase>
        <testcase classname="src/app/workspace/component/menu/menu.component.spec.ts" name="MenuComponent &gt; getRunButtonBehavior &gt; returns &apos;Connect&apos; when no computing unit is attached" time="0.342166023">
        </testcase>
        <testcase classname="src/app/workspace/component/menu/menu.component.spec.ts" name="MenuComponent &gt; getRunButtonBehavior &gt; returns &apos;Run&apos; when connected and execution is uninitialized" time="0.215990551">
        </testcase>
        <testcase classname="src/app/workspace/component/menu/menu.component.spec.ts" name="MenuComponent &gt; getRunButtonBehavior &gt; returns &apos;Pause&apos; while a workflow is running" time="0.186758814">
        </testcase>
        <testcase classname="src/app/workspace/component/menu/menu.component.spec.ts" name="MenuComponent &gt; getRunButtonBehavior &gt; returns &apos;Resume&apos; when execution is paused" time="0.186767139">
        </testcase>
        <testcase classname="src/app/workspace/component/menu/menu.component.spec.ts" name="MenuComponent &gt; getRunButtonBehavior &gt; returns &apos;Connecting&apos; when a unit exists but the websocket is not connected" time="0.277946955">
        </testcase>
        <testcase classname="src/app/workspace/component/menu/menu.component.spec.ts" name="MenuComponent &gt; applyRunButtonBehavior copies the behavior onto the bound fields" time="0.256373811">
        </testcase>
        <testcase classname="src/app/workspace/component/menu/menu.component.spec.ts" name="MenuComponent &gt; re-applies run button behavior when the validation stream reports an empty workflow" time="0.163158501">
        </testcase>
        <testcase classname="src/app/workspace/component/menu/menu.component.spec.ts" name="MenuComponent &gt; hasOperators &gt; returns false on an empty graph" time="0.191017283">
        </testcase>
        <testcase classname="src/app/workspace/component/menu/menu.component.spec.ts" name="MenuComponent &gt; hasOperators &gt; returns true once an operator is added" time="0.33481707">
        </testcase>
        <testcase classname="src/app/workspace/component/menu/menu.component.spec.ts" name="MenuComponent &gt; onClickAddCommentBox delegates to the workflow action service" time="0.238642033">
        </testcase>
        <testcase classname="src/app/workspace/component/menu/menu.component.spec.ts" name="MenuComponent &gt; onClickDeleteAllOperators removes every operator from the graph" time="0.246122798">
        </testcase>
        <testcase classname="src/app/workspace/component/menu/menu.component.spec.ts" name="MenuComponent &gt; onClickAutoLayout is a no-op when there are no operators" time="0.144072869">
        </testcase>
        <testcase classname="src/app/workspace/component/menu/menu.component.spec.ts" name="MenuComponent &gt; onClickAutoLayout invokes auto layout when operators are present" time="0.168646708">
        </testcase>
        <testcase classname="src/app/workspace/component/menu/menu.component.spec.ts" name="MenuComponent &gt; handleKill delegates to executeWorkflowService.killWorkflow" time="0.148939556">
        </testcase>
        <testcase classname="src/app/workspace/component/menu/menu.component.spec.ts" name="MenuComponent &gt; handleCheckpoint delegates to executeWorkflowService.takeGlobalCheckpoint" time="0.149884448">
        </testcase>
        <testcase classname="src/app/workspace/component/menu/menu.component.spec.ts" name="MenuComponent &gt; onClickClosePanels and onClickResetPanels delegate to PanelService" time="0.132087836">
        </testcase>
        <testcase classname="src/app/workspace/component/menu/menu.component.spec.ts" name="MenuComponent &gt; runWorkflow &gt; does nothing when the workflow is invalid" time="0.208079225">
        </testcase>
        <testcase classname="src/app/workspace/component/menu/menu.component.spec.ts" name="MenuComponent &gt; runWorkflow &gt; does nothing when the workflow is empty" time="0.19386037">
        </testcase>
        <testcase classname="src/app/workspace/component/menu/menu.component.spec.ts" name="MenuComponent &gt; runWorkflow &gt; opens the add-computing-unit modal when no unit is connected" time="0.153256813">
        </testcase>
        <testcase classname="src/app/workspace/component/menu/menu.component.spec.ts" name="MenuComponent &gt; runWorkflow &gt; submits the execution when connected" time="0.17721046">
        </testcase>
        <testcase classname="src/app/workspace/component/menu/menu.component.spec.ts" name="MenuComponent &gt; onWorkflowNameChange forwards the new name to the workflow action service" time="0.189441481">
        </testcase>
        <testcase classname="src/app/workspace/component/menu/menu.component.spec.ts" name="MenuComponent &gt; onClickExportWorkflow (save) &gt; serializes the workflow content as JSON and downloads it under the workflow name" time="0.218350682">
        </testcase>
        <testcase classname="src/app/workspace/component/menu/menu.component.spec.ts" name="MenuComponent &gt; version history &gt; onClickGetAllVersions delegates to workflowVersionService.displayWorkflowVersions" time="0.209798961">
        </testcase>
        <testcase classname="src/app/workspace/component/menu/menu.component.spec.ts" name="MenuComponent &gt; version history &gt; closeParticularVersionDisplay delegates to workflowVersionService" time="0.219735744">
        </testcase>
        <testcase classname="src/app/workspace/component/menu/menu.component.spec.ts" name="MenuComponent &gt; version history &gt; revertToVersion reverts and then persists the workflow" time="0.184501554">
        </testcase>
        <testcase classname="src/app/workspace/component/menu/menu.component.spec.ts" name="MenuComponent &gt; version history &gt; cloneVersion notifies success and closes the version panel when cloning succeeds" time="0.216443364">
        </testcase>
        <testcase classname="src/app/workspace/component/menu/menu.component.spec.ts" name="MenuComponent &gt; version history &gt; cloneVersion shows an error notification and does not close the panel when cloning fails" time="0.224791695">
        </testcase>
        <testcase classname="src/app/workspace/component/menu/menu.component.spec.ts" name="MenuComponent &gt; onClickOpenShareAccess (share) &gt; looks up workflow owners and opens the share-access modal" time="0.177766858">
        </testcase>
        <testcase classname="src/app/workspace/component/menu/menu.component.spec.ts" name="MenuComponent &gt; onClickOpenShareAccess (share) &gt; navigates to /user/workflow (no /dashboard prefix) when the modal reports the owner revoked their own access" time="0.149955588">
        </testcase>
        <testcase classname="src/app/workspace/component/menu/menu.component.spec.ts" name="MenuComponent &gt; onClickOpenShareAccess (share) &gt; does not navigate when the share-access modal closes without revoking own access" time="0.120308576">
        </testcase>
        <testcase classname="src/app/workspace/component/menu/menu.component.spec.ts" name="MenuComponent &gt; onClickCreateNewWorkflow resets the graph and navigates back to root" time="0.134401027">
        </testcase>
        <testcase classname="src/app/workspace/component/menu/menu.component.spec.ts" name="MenuComponent &gt; onClickRestoreZoomOffsetDefault delegates to the joint graph wrapper" time="0.191358707">
        </testcase>
        <testcase classname="src/app/workspace/component/menu/menu.component.spec.ts" name="MenuComponent &gt; onClickEditDescription opens the markdown description modal seeded with the current description" time="0.245416476">
        </testcase>
        <testcase classname="src/app/workspace/component/menu/menu.component.spec.ts" name="MenuComponent &gt; onClickExportExecutionResult opens the result-exportation modal with the current workflow name" time="0.210283243">
        </testcase>
        <testcase classname="src/app/workspace/component/menu/menu.component.spec.ts" name="MenuComponent &gt; canvas display toggles &gt; toggleRegion &gt; publishes the displayed flag to the joint graph wrapper when enabled" time="0.203591141">
        </testcase>
        <testcase classname="src/app/workspace/component/menu/menu.component.spec.ts" name="MenuComponent &gt; canvas display toggles &gt; toggleRegion &gt; publishes the displayed flag to the joint graph wrapper when disabled" time="0.164587697">
        </testcase>
        <testcase classname="src/app/workspace/component/menu/menu.component.spec.ts" name="MenuComponent &gt; canvas display toggles &gt; toggleStatus &gt; removes hide-operator-status when enabled and repositions the status label" time="0.159186601">
        </testcase>
        <testcase classname="src/app/workspace/component/menu/menu.component.spec.ts" name="MenuComponent &gt; canvas display toggles &gt; toggleStatus &gt; adds hide-operator-status when disabled" time="0.155497361">
        </testcase>
        <testcase classname="src/app/workspace/component/menu/menu.component.spec.ts" name="MenuComponent &gt; canvas display toggles &gt; toggleStatus &gt; offsets the status label higher when worker counts are shown" time="0.218022465">
        </testcase>
        <testcase classname="src/app/workspace/component/menu/menu.component.spec.ts" name="MenuComponent &gt; execution duration timer &gt; sets executionDuration to the event&apos;s base duration on each event" time="0.346085221">
        </testcase>
        <testcase classname="src/app/workspace/component/menu/menu.component.spec.ts" name="MenuComponent &gt; execution duration timer &gt; advances the duration by 1s every second while running" time="0.409493914">
        </testcase>
        <testcase classname="src/app/workspace/component/menu/menu.component.spec.ts" name="MenuComponent &gt; execution duration timer &gt; does not start a timer when the execution is not running" time="0.375462755">
        </testcase>
        <testcase classname="src/app/workspace/component/menu/menu.component.spec.ts" name="MenuComponent &gt; execution duration timer &gt; restarts the 1s timer on each new running event, cancelling the previous one" time="0.259369417">
        </testcase>
        <testcase classname="src/app/workspace/component/menu/menu.component.spec.ts" name="MenuComponent &gt; execution duration timer &gt; stops the timer when a running execution transitions to not running" time="0.289224994">
        </testcase>
        <testcase classname="src/app/workspace/component/menu/menu.component.spec.ts" name="MenuComponent &gt; execution duration timer &gt; tears down the timer on destroy so the duration stops advancing" time="0.587504287">
        </testcase>
        <testcase classname="src/app/workspace/component/menu/menu.component.spec.ts" name="MenuComponent &gt; computing unit status subscription &gt; updates computingUnitStatus and re-applies the run button behavior on each status emission" time="0.217934363">
        </testcase>
        <testcase classname="src/app/workspace/component/menu/menu.component.spec.ts" name="MenuComponent &gt; computing unit status subscription &gt; stops updating computingUnitStatus once the component is destroyed" time="0.301155362">
        </testcase>
        <testcase classname="src/app/workspace/component/menu/menu.component.spec.ts" name="MenuComponent &gt; grid / worker-count toggles, report, and name sizing &gt; toggleGrid sets the joint paper grid size from the flag" time="0.106908152">
        </testcase>
        <testcase classname="src/app/workspace/component/menu/menu.component.spec.ts" name="MenuComponent &gt; grid / worker-count toggles, report, and name sizing &gt; toggleNumWorkers toggles the hide-worker-count class from the flag" time="0.174549656">
        </testcase>
        <testcase classname="src/app/workspace/component/menu/menu.component.spec.ts" name="MenuComponent &gt; grid / worker-count toggles, report, and name sizing &gt; onClickGenerateReport shows a blocking notification and builds the report html" time="0.395443827">
        </testcase>
        <testcase classname="src/app/workspace/component/menu/menu.component.spec.ts" name="MenuComponent &gt; grid / worker-count toggles, report, and name sizing &gt; adjustWorkflowNameWidth is a no-op when the name input is absent" time="0.227177146">
        </testcase>
        <testcase classname="src/app/workspace/component/menu/menu.component.spec.ts" name="MenuComponent &gt; grid / worker-count toggles, report, and name sizing &gt; adjustWorkflowNameWidth sizes the input in px to fit its text" time="0.325370262">
        </testcase>
    </testsuite>
    <testsuite name="src/app/workspace/component/power-button/computing-unit-selection.component.spec.ts" timestamp="2026-08-04T22:49:30.271Z" hostname="ali-Inspiron-15-3520" tests="100" failures="0" errors="0" skipped="0" time="5.424851075">
        <testcase classname="src/app/workspace/component/power-button/computing-unit-selection.component.spec.ts" name="PowerButtonComponent &gt; should create" time="0.10465841">
        </testcase>
        <testcase classname="src/app/workspace/component/power-button/computing-unit-selection.component.spec.ts" name="PowerButtonComponent &gt; showAddComputeUnitModalVisible &gt; forwards the seeded default name to the embedded create modal" time="0.051259778">
        </testcase>
        <testcase classname="src/app/workspace/component/power-button/computing-unit-selection.component.spec.ts" name="PowerButtonComponent &gt; showAddComputeUnitModalVisible &gt; opens the modal without touching the name when no default is given" time="0.05851939">
        </testcase>
        <testcase classname="src/app/workspace/component/power-button/computing-unit-selection.component.spec.ts" name="PowerButtonComponent &gt; showAddComputeUnitModalVisible &gt; still opens when the embedded modal is not available" time="0.040816307">
        </testcase>
        <testcase classname="src/app/workspace/component/power-button/computing-unit-selection.component.spec.ts" name="PowerButtonComponent &gt; showAddComputeUnitModalVisible &gt; syncs visibility when the embedded modal closes itself" time="0.048536692">
        </testcase>
        <testcase classname="src/app/workspace/component/power-button/computing-unit-selection.component.spec.ts" name="PowerButtonComponent &gt; onComputingUnitCreated &gt; selects the created unit for the current workflow when the modal emits unitCreated" time="0.042614015">
        </testcase>
        <testcase classname="src/app/workspace/component/power-button/computing-unit-selection.component.spec.ts" name="PowerButtonComponent &gt; showGpuSelection &gt; reflects the fetched GPU limit options" time="0.071605135">
        </testcase>
        <testcase classname="src/app/workspace/component/power-button/computing-unit-selection.component.spec.ts" name="PowerButtonComponent &gt; showGpuSelection &gt; hides the GPU row when the deployment reports no GPU support" time="0.057689765">
        </testcase>
        <testcase classname="src/app/workspace/component/power-button/computing-unit-selection.component.spec.ts" name="PowerButtonComponent &gt; showGpuSelection &gt; falls back to showing GPU metrics when the limit-options fetch fails" time="0.126468686">
        </testcase>
        <testcase classname="src/app/workspace/component/power-button/computing-unit-selection.component.spec.ts" name="PowerButtonComponent &gt; isSavedPveInstalledInCu &gt; returns true when a locked card with the same trimmed name exists" time="0.093878886">
        </testcase>
        <testcase classname="src/app/workspace/component/power-button/computing-unit-selection.component.spec.ts" name="PowerButtonComponent &gt; isSavedPveInstalledInCu &gt; returns false when the same-name card is not locked (draft only)" time="0.053988564">
        </testcase>
        <testcase classname="src/app/workspace/component/power-button/computing-unit-selection.component.spec.ts" name="PowerButtonComponent &gt; isSavedPveInstalledInCu &gt; returns false when no card matches" time="0.047830909">
        </testcase>
        <testcase classname="src/app/workspace/component/power-button/computing-unit-selection.component.spec.ts" name="PowerButtonComponent &gt; installFromSavedPve &gt; pushes a new unlocked card and schedules create when no matching locked card exists" time="0.048399355">
        </testcase>
        <testcase classname="src/app/workspace/component/power-button/computing-unit-selection.component.spec.ts" name="PowerButtonComponent &gt; installFromSavedPve &gt; routes to the locked card and installs only packages that are new in the DB" time="0.04241515">
        </testcase>
        <testcase classname="src/app/workspace/component/power-button/computing-unit-selection.component.spec.ts" name="PowerButtonComponent &gt; installFromSavedPve &gt; routes to the locked card and deletes packages that were removed from the DB" time="0.04031894">
        </testcase>
        <testcase classname="src/app/workspace/component/power-button/computing-unit-selection.component.spec.ts" name="PowerButtonComponent &gt; installFromSavedPve &gt; treats a version change as delete-then-install on the locked card" time="0.049239782">
        </testcase>
        <testcase classname="src/app/workspace/component/power-button/computing-unit-selection.component.spec.ts" name="PowerButtonComponent &gt; installFromSavedPve &gt; is a no-op (with a success toast) when DB and CU contents match exactly" time="0.040865218">
        </testcase>
        <testcase classname="src/app/workspace/component/power-button/computing-unit-selection.component.spec.ts" name="PowerButtonComponent &gt; installFromSavedPve &gt; is a no-op when the veid is not in availableDbPves" time="0.037381203">
        </testcase>
        <testcase classname="src/app/workspace/component/power-button/computing-unit-selection.component.spec.ts" name="PowerButtonComponent &gt; installFromSavedPve &gt; matches an existing locked card when the saved name has surrounding whitespace" time="0.040412248">
        </testcase>
        <testcase classname="src/app/workspace/component/power-button/computing-unit-selection.component.spec.ts" name="PowerButtonComponent &gt; installFromSavedPve &gt; matches an existing locked card when the locked card name has surrounding whitespace" time="0.040667597">
        </testcase>
        <testcase classname="src/app/workspace/component/power-button/computing-unit-selection.component.spec.ts" name="PowerButtonComponent &gt; installFromSavedPve &gt; treats names that differ only in case as different (case-sensitive match)" time="0.050887828">
        </testcase>
        <testcase classname="src/app/workspace/component/power-button/computing-unit-selection.component.spec.ts" name="PowerButtonComponent &gt; installFromSavedPve &gt; preserves the saved name verbatim (with whitespace) on the newly pushed card" time="0.03840291">
        </testcase>
        <testcase classname="src/app/workspace/component/power-button/computing-unit-selection.component.spec.ts" name="PowerButtonComponent &gt; parseDbPackages &gt; returns an empty array for null packages" time="0.061455104">
        </testcase>
        <testcase classname="src/app/workspace/component/power-button/computing-unit-selection.component.spec.ts" name="PowerButtonComponent &gt; parseDbPackages &gt; returns an empty array for undefined packages" time="0.036848032">
        </testcase>
        <testcase classname="src/app/workspace/component/power-button/computing-unit-selection.component.spec.ts" name="PowerButtonComponent &gt; parseDbPackages &gt; parses ==X.Y.Z entries" time="0.048785792">
        </testcase>
        <testcase classname="src/app/workspace/component/power-button/computing-unit-selection.component.spec.ts" name="PowerButtonComponent &gt; parseDbPackages &gt; parses &gt;= and &lt;= operators" time="0.049444367">
        </testcase>
        <testcase classname="src/app/workspace/component/power-button/computing-unit-selection.component.spec.ts" name="PowerButtonComponent &gt; parseDbPackages &gt; defaults to == when there is no recognized operator prefix" time="0.046648459">
        </testcase>
        <testcase classname="src/app/workspace/component/power-button/computing-unit-selection.component.spec.ts" name="PowerButtonComponent &gt; parseDbPackages &gt; treats an empty string as no version, defaulting versionOp to ==" time="0.043786063">
        </testcase>
        <testcase classname="src/app/workspace/component/power-button/computing-unit-selection.component.spec.ts" name="PowerButtonComponent &gt; parseDbPackages &gt; parses multiple packages and preserves the package name verbatim" time="0.03658216">
        </testcase>
        <testcase classname="src/app/workspace/component/power-button/computing-unit-selection.component.spec.ts" name="PowerButtonComponent &gt; refreshAvailableDbPves &gt; populates availableDbPves from listUserPves on success" time="0.068826163">
        </testcase>
        <testcase classname="src/app/workspace/component/power-button/computing-unit-selection.component.spec.ts" name="PowerButtonComponent &gt; refreshAvailableDbPves &gt; clears availableDbPves and logs when listUserPves errors" time="0.03932918">
        </testcase>
        <testcase classname="src/app/workspace/component/power-button/computing-unit-selection.component.spec.ts" name="PowerButtonComponent &gt; getPVEs() systemPackagesLoading flag &gt; sets systemPackagesLoading=true immediately and keeps it true while /pve/system is in flight" time="0.034752848">
        </testcase>
        <testcase classname="src/app/workspace/component/power-button/computing-unit-selection.component.spec.ts" name="PowerButtonComponent &gt; getPVEs() systemPackagesLoading flag &gt; clears systemPackagesLoading when /pve/system errors" time="0.041275433">
        </testcase>
        <testcase classname="src/app/workspace/component/power-button/computing-unit-selection.component.spec.ts" name="PowerButtonComponent &gt; getPVEs() systemPackagesLoading flag &gt; clears systemPackagesLoading and resets state when /pve/pves errors" time="0.042076502">
        </testcase>
        <testcase classname="src/app/workspace/component/power-button/computing-unit-selection.component.spec.ts" name="PowerButtonComponent &gt; createVirtualEnvironment name validation &gt; rejects underscore (&quot;my_env&quot;) and does not invoke the websocket" time="0.054011394">
        </testcase>
        <testcase classname="src/app/workspace/component/power-button/computing-unit-selection.component.spec.ts" name="PowerButtonComponent &gt; createVirtualEnvironment name validation &gt; rejects dash (&quot;my-env&quot;) and does not invoke the websocket" time="0.06412645">
        </testcase>
        <testcase classname="src/app/workspace/component/power-button/computing-unit-selection.component.spec.ts" name="PowerButtonComponent &gt; createVirtualEnvironment name validation &gt; rejects internal whitespace (&quot;my env&quot;) and does not invoke the websocket" time="0.032933875">
        </testcase>
        <testcase classname="src/app/workspace/component/power-button/computing-unit-selection.component.spec.ts" name="PowerButtonComponent &gt; createVirtualEnvironment name validation &gt; rejects dot (&quot;my.env&quot;) and does not invoke the websocket" time="0.037280352">
        </testcase>
        <testcase classname="src/app/workspace/component/power-button/computing-unit-selection.component.spec.ts" name="PowerButtonComponent &gt; createVirtualEnvironment name validation &gt; rejects exclamation mark (&quot;env!&quot;) and does not invoke the websocket" time="0.030627393">
        </testcase>
        <testcase classname="src/app/workspace/component/power-button/computing-unit-selection.component.spec.ts" name="PowerButtonComponent &gt; createVirtualEnvironment name validation &gt; rejects slash (&quot;env/1&quot;) and does not invoke the websocket" time="0.02645589">
        </testcase>
        <testcase classname="src/app/workspace/component/power-button/computing-unit-selection.component.spec.ts" name="PowerButtonComponent &gt; createVirtualEnvironment name validation &gt; rejects only whitespace (empty after trim) (&quot;   &quot;) and does not invoke the websocket" time="0.034866184">
        </testcase>
        <testcase classname="src/app/workspace/component/power-button/computing-unit-selection.component.spec.ts" name="PowerButtonComponent &gt; createVirtualEnvironment name validation &gt; rejects empty string (&quot;&quot;) and does not invoke the websocket" time="0.0351413">
        </testcase>
        <testcase classname="src/app/workspace/component/power-button/computing-unit-selection.component.spec.ts" name="PowerButtonComponent &gt; createVirtualEnvironment name validation &gt; accepts &quot;env&quot; (alphanumeric only) and proceeds to create" time="0.030084673">
        </testcase>
        <testcase classname="src/app/workspace/component/power-button/computing-unit-selection.component.spec.ts" name="PowerButtonComponent &gt; createVirtualEnvironment name validation &gt; accepts &quot;env1&quot; (alphanumeric only) and proceeds to create" time="0.030873393">
        </testcase>
        <testcase classname="src/app/workspace/component/power-button/computing-unit-selection.component.spec.ts" name="PowerButtonComponent &gt; createVirtualEnvironment name validation &gt; accepts &quot;123&quot; (alphanumeric only) and proceeds to create" time="0.038693509">
        </testcase>
        <testcase classname="src/app/workspace/component/power-button/computing-unit-selection.component.spec.ts" name="PowerButtonComponent &gt; createVirtualEnvironment name validation &gt; accepts &quot;ScanPyEnv&quot; (alphanumeric only) and proceeds to create" time="0.042398483">
        </testcase>
        <testcase classname="src/app/workspace/component/power-button/computing-unit-selection.component.spec.ts" name="PowerButtonComponent &gt; createVirtualEnvironment name validation &gt; accepts &quot;abcXYZ0&quot; (alphanumeric only) and proceeds to create" time="0.034164415">
        </testcase>
        <testcase classname="src/app/workspace/component/power-button/computing-unit-selection.component.spec.ts" name="PowerButtonComponent &gt; createVirtualEnvironment name validation &gt; trims surrounding whitespace before validating (valid name with padding passes)" time="0.035953982">
        </testcase>
        <testcase classname="src/app/workspace/component/power-button/computing-unit-selection.component.spec.ts" name="PowerButtonComponent &gt; createVirtualEnvironment name validation &gt; rejects a name that is valid only before trimming (internal whitespace persists after trim)" time="0.085777784">
        </testcase>
        <testcase classname="src/app/workspace/component/power-button/computing-unit-selection.component.spec.ts" name="PowerButtonComponent &gt; createVirtualEnvironment name validation &gt; rejects an invalid name on a locked card too (validation runs before the locked branch)" time="0.039969755">
        </testcase>
        <testcase classname="src/app/workspace/component/power-button/computing-unit-selection.component.spec.ts" name="PowerButtonComponent &gt; isCreateDisabled &gt; disables when the name is empty" time="0.042508531">
        </testcase>
        <testcase classname="src/app/workspace/component/power-button/computing-unit-selection.component.spec.ts" name="PowerButtonComponent &gt; isCreateDisabled &gt; disables when the name is only whitespace" time="0.03543289">
        </testcase>
        <testcase classname="src/app/workspace/component/power-button/computing-unit-selection.component.spec.ts" name="PowerButtonComponent &gt; isCreateDisabled &gt; enables when the name has non-whitespace content" time="0.04510305">
        </testcase>
        <testcase classname="src/app/workspace/component/power-button/computing-unit-selection.component.spec.ts" name="PowerButtonComponent &gt; isCreateDisabled &gt; enables when a valid name is padded with whitespace" time="0.048784409">
        </testcase>
        <testcase classname="src/app/workspace/component/power-button/computing-unit-selection.component.spec.ts" name="PowerButtonComponent &gt; selected computing unit stream (ngOnInit) &gt; disables workflow modification and notifies when there are ongoing executions" time="0.0973186">
        </testcase>
        <testcase classname="src/app/workspace/component/power-button/computing-unit-selection.component.spec.ts" name="PowerButtonComponent &gt; selected computing unit stream (ngOnInit) &gt; enables workflow modification when there are no ongoing executions" time="0.126287308">
        </testcase>
        <testcase classname="src/app/workspace/component/power-button/computing-unit-selection.component.spec.ts" name="PowerButtonComponent &gt; selected computing unit stream (ngOnInit) &gt; does not re-check executions when the same cuid re-emits (lastSelectedCuid guard)" time="0.084562334">
        </testcase>
        <testcase classname="src/app/workspace/component/power-button/computing-unit-selection.component.spec.ts" name="PowerButtonComponent &gt; registerWorkflowMetadataSubscription (ngOnInit) &gt; selects the computing unit from the latest execution when the workflow id changes" time="0.057121306">
        </testcase>
        <testcase classname="src/app/workspace/component/power-button/computing-unit-selection.component.spec.ts" name="PowerButtonComponent &gt; registerWorkflowMetadataSubscription (ngOnInit) &gt; falls back to the first Running unit when retrieving the latest execution fails" time="0.168937033">
        </testcase>
        <testcase classname="src/app/workspace/component/power-button/computing-unit-selection.component.spec.ts" name="PowerButtonComponent &gt; registerWorkflowMetadataSubscription (ngOnInit) &gt; does not fetch again when the workflow id is unchanged" time="0.064731926">
        </testcase>
        <testcase classname="src/app/workspace/component/power-button/computing-unit-selection.component.spec.ts" name="PowerButtonComponent &gt; selectComputingUnit guards &gt; does nothing when the cuid is undefined" time="0.038026489">
        </testcase>
        <testcase classname="src/app/workspace/component/power-button/computing-unit-selection.component.spec.ts" name="PowerButtonComponent &gt; selectComputingUnit guards &gt; does nothing when the wid is the default (unsaved) workflow id" time="0.044079548">
        </testcase>
        <testcase classname="src/app/workspace/component/power-button/computing-unit-selection.component.spec.ts" name="PowerButtonComponent &gt; selectComputingUnit guards &gt; selects for a valid wid/cuid pair" time="0.12157674">
        </testcase>
        <testcase classname="src/app/workspace/component/power-button/computing-unit-selection.component.spec.ts" name="PowerButtonComponent &gt; status helpers &gt; getButtonText returns &apos;Connect&apos; with no selection and the unit name otherwise" time="0.034564536">
        </testcase>
        <testcase classname="src/app/workspace/component/power-button/computing-unit-selection.component.spec.ts" name="PowerButtonComponent &gt; status helpers &gt; computeStatus maps selection + status onto badge states" time="0.049046785">
        </testcase>
        <testcase classname="src/app/workspace/component/power-button/computing-unit-selection.component.spec.ts" name="PowerButtonComponent &gt; status helpers &gt; cannotSelectUnit only allows Running units" time="0.033822141">
        </testcase>
        <testcase classname="src/app/workspace/component/power-button/computing-unit-selection.component.spec.ts" name="PowerButtonComponent &gt; status helpers &gt; isSelectedUnit matches on the computing unit uri" time="0.038598426">
        </testcase>
        <testcase classname="src/app/workspace/component/power-button/computing-unit-selection.component.spec.ts" name="PowerButtonComponent &gt; status helpers &gt; isComputingUnitRunning reflects the selected unit status" time="0.045918719">
        </testcase>
        <testcase classname="src/app/workspace/component/power-button/computing-unit-selection.component.spec.ts" name="PowerButtonComponent &gt; terminateComputingUnit &gt; errors and does nothing when the cuid is not a known unit" time="0.040647539">
        </testcase>
        <testcase classname="src/app/workspace/component/power-button/computing-unit-selection.component.spec.ts" name="PowerButtonComponent &gt; terminateComputingUnit &gt; delegates to confirmAndTerminate for a known non-local unit without deleting environments" time="0.03578335">
        </testcase>
        <testcase classname="src/app/workspace/component/power-button/computing-unit-selection.component.spec.ts" name="PowerButtonComponent &gt; terminateComputingUnit &gt; also deletes PVE environments for a local selected unit, swallowing errors" time="0.042826259">
        </testcase>
        <testcase classname="src/app/workspace/component/power-button/computing-unit-selection.component.spec.ts" name="PowerButtonComponent &gt; startEditingUnitName &gt; blocks non-owners and leaves the editing state untouched" time="0.041294207">
        </testcase>
        <testcase classname="src/app/workspace/component/power-button/computing-unit-selection.component.spec.ts" name="PowerButtonComponent &gt; startEditingUnitName &gt; enters the edit state for an owned unit" time="0.078560364">
        </testcase>
        <testcase classname="src/app/workspace/component/power-button/computing-unit-selection.component.spec.ts" name="PowerButtonComponent &gt; confirmUpdateUnitName &gt; rejects an invalid (empty) name and cancels editing" time="0.089235777">
        </testcase>
        <testcase classname="src/app/workspace/component/power-button/computing-unit-selection.component.spec.ts" name="PowerButtonComponent &gt; confirmUpdateUnitName &gt; renames, patches local + selected caches, refreshes the list and clears edit state on success" time="0.040953033">
        </testcase>
        <testcase classname="src/app/workspace/component/power-button/computing-unit-selection.component.spec.ts" name="PowerButtonComponent &gt; confirmUpdateUnitName &gt; shows a failure toast and still clears the edit state when rename errors" time="0.030173504">
        </testcase>
        <testcase classname="src/app/workspace/component/power-button/computing-unit-selection.component.spec.ts" name="PowerButtonComponent &gt; onDropdownVisibilityChange &gt; refreshes the computing unit list when the dropdown opens" time="0.035868984">
        </testcase>
        <testcase classname="src/app/workspace/component/power-button/computing-unit-selection.component.spec.ts" name="PowerButtonComponent &gt; onDropdownVisibilityChange &gt; does nothing when the dropdown closes" time="0.038065449">
        </testcase>
        <testcase classname="src/app/workspace/component/power-button/computing-unit-selection.component.spec.ts" name="PowerButtonComponent &gt; PVE modal open/close &gt; showPVEmodalVisible opens the modal and refreshes packages + saved environments" time="0.055185114">
        </testcase>
        <testcase classname="src/app/workspace/component/power-button/computing-unit-selection.component.spec.ts" name="PowerButtonComponent &gt; PVE modal open/close &gt; closePveModal tears down sockets, clears draft state and hides the modal" time="0.03489369">
        </testcase>
        <testcase classname="src/app/workspace/component/power-button/computing-unit-selection.component.spec.ts" name="PowerButtonComponent &gt; package row editing &gt; addPackage appends an empty new-package row to the indexed environment" time="0.031022109">
        </testcase>
        <testcase classname="src/app/workspace/component/power-button/computing-unit-selection.component.spec.ts" name="PowerButtonComponent &gt; package row editing &gt; togglePackageDelete moves a package into deletingPackages and back out" time="0.08857212">
        </testcase>
        <testcase classname="src/app/workspace/component/power-button/computing-unit-selection.component.spec.ts" name="PowerButtonComponent &gt; parsePackageRows / updatePrettyPipOutput &gt; parsePackageRows splits &apos;==&apos;-pinned entries and trims name + version" time="0.03292068">
        </testcase>
        <testcase classname="src/app/workspace/component/power-button/computing-unit-selection.component.spec.ts" name="PowerButtonComponent &gt; parsePackageRows / updatePrettyPipOutput &gt; updatePrettyPipOutput escapes html, styles success lines and converts newlines to &lt;br/&gt;" time="0.031146831">
        </testcase>
        <testcase classname="src/app/workspace/component/power-button/computing-unit-selection.component.spec.ts" name="PowerButtonComponent &gt; template rendering (overlays) &gt; renders the PVE modal body: system section, saved environments and env cards" time="0.231343245">
        </testcase>
        <testcase classname="src/app/workspace/component/power-button/computing-unit-selection.component.spec.ts" name="PowerButtonComponent &gt; template rendering (overlays) &gt; renders the trigger button with the selected unit&apos;s name and a status badge" time="0.159907732">
        </testcase>
        <testcase classname="src/app/workspace/component/power-button/computing-unit-selection.component.spec.ts" name="PowerButtonComponent &gt; template rendering (overlays) &gt; renders the &apos;Connect&apos; label on the trigger when no unit is selected" time="0.05173542">
        </testcase>
        <testcase classname="src/app/workspace/component/power-button/computing-unit-selection.component.spec.ts" name="PowerButtonComponent &gt; resource display accessors &gt; reads the selected unit&apos;s raw resource limits and usage" time="0.043061033">
        </testcase>
        <testcase classname="src/app/workspace/component/power-button/computing-unit-selection.component.spec.ts" name="PowerButtonComponent &gt; resource display accessors &gt; returns &apos;NaN&apos; for every accessor when no unit is selected" time="0.044313701">
        </testcase>
        <testcase classname="src/app/workspace/component/power-button/computing-unit-selection.component.spec.ts" name="PowerButtonComponent &gt; resource display getters &gt; derives the display limits and units from the raw values" time="0.042141315">
        </testcase>
        <testcase classname="src/app/workspace/component/power-button/computing-unit-selection.component.spec.ts" name="PowerButtonComponent &gt; resource display getters &gt; returns zero usage values and percentages when metrics are unavailable" time="0.03831777">
        </testcase>
        <testcase classname="src/app/workspace/component/power-button/computing-unit-selection.component.spec.ts" name="PowerButtonComponent &gt; resource display getters &gt; maps a zero percentage to the &apos;success&apos; progress status" time="0.044503765">
        </testcase>
        <testcase classname="src/app/workspace/component/power-button/computing-unit-selection.component.spec.ts" name="PowerButtonComponent &gt; resource display getters &gt; maps a status to a badge color" time="0.047949028">
        </testcase>
        <testcase classname="src/app/workspace/component/power-button/computing-unit-selection.component.spec.ts" name="PowerButtonComponent &gt; resource display getters &gt; describes a unit&apos;s status as a tooltip" time="0.05462547">
        </testcase>
        <testcase classname="src/app/workspace/component/power-button/computing-unit-selection.component.spec.ts" name="PowerButtonComponent &gt; trackBy helpers &gt; trackByCuid keys a unit by its cuid" time="0.039224583">
        </testcase>
        <testcase classname="src/app/workspace/component/power-button/computing-unit-selection.component.spec.ts" name="PowerButtonComponent &gt; trackBy helpers &gt; trackByIndex returns the index" time="0.065052291">
        </testcase>
        <testcase classname="src/app/workspace/component/power-button/computing-unit-selection.component.spec.ts" name="PowerButtonComponent &gt; cancelEditingUnitName &gt; clears the editing state" time="0.048546261">
        </testcase>
        <testcase classname="src/app/workspace/component/power-button/computing-unit-selection.component.spec.ts" name="PowerButtonComponent &gt; openComputingUnitMetadataModal &gt; opens the metadata modal with the unit as nzData" time="0.055269851">
        </testcase>
        <testcase classname="src/app/workspace/component/power-button/computing-unit-selection.component.spec.ts" name="PowerButtonComponent &gt; scrollToBottomOfPipModal &gt; scrolls the pip log element to the bottom on the deferred tick" time="0.040716475">
        </testcase>
        <testcase classname="src/app/workspace/component/power-button/computing-unit-selection.component.spec.ts" name="PowerButtonComponent &gt; scrollToBottomOfPipModal &gt; is a safe no-op when the pip log element is absent" time="0.054245074">
        </testcase>
    </testsuite>
    <testsuite name="src/app/workspace/component/property-editor/property-editor.component.spec.ts" timestamp="2026-08-04T22:49:30.277Z" hostname="ali-Inspiron-15-3520" tests="20" failures="0" errors="0" skipped="0" time="1.604187363">
        <testcase classname="src/app/workspace/component/property-editor/property-editor.component.spec.ts" name="PropertyEditorComponent &gt; should create" time="0.079830701">
        </testcase>
        <testcase classname="src/app/workspace/component/property-editor/property-editor.component.spec.ts" name="PropertyEditorComponent &gt; should clear and hide the property editor panel correctly when no operator is highlighted" time="0.084660767">
        </testcase>
        <testcase classname="src/app/workspace/component/property-editor/property-editor.component.spec.ts" name="PropertyEditorComponent &gt; should clear and hide the property editor panel correctly when multiple operators are highlighted" time="0.05156579">
        </testcase>
        <testcase classname="src/app/workspace/component/property-editor/property-editor.component.spec.ts" name="PropertyEditorComponent &gt; should switch the content of property editor to another operator from the former operator correctly" time="0.30440363">
        </testcase>
        <testcase classname="src/app/workspace/component/property-editor/property-editor.component.spec.ts" name="PropertyEditorComponent &gt; should show the port property frame when exactly one port (and no link) is highlighted" time="0.114167103">
        </testcase>
        <testcase classname="src/app/workspace/component/property-editor/property-editor.component.spec.ts" name="PropertyEditorComponent &gt; should switch from the operator frame to the port frame when the highlight moves from an operator to a port" time="0.079214773">
        </testcase>
        <testcase classname="src/app/workspace/component/property-editor/property-editor.component.spec.ts" name="PropertyEditorComponent &gt; should clear the panel when a port and a link are highlighted at the same time" time="0.112766745">
        </testcase>
        <testcase classname="src/app/workspace/component/property-editor/property-editor.component.spec.ts" name="PropertyEditorComponent &gt; should clear currentlyEditing shared awareness when the panel is cleared" time="0.088922783">
        </testcase>
        <testcase classname="src/app/workspace/component/property-editor/property-editor.component.spec.ts" name="PropertyEditorComponent &gt; should not react to highlight changes while the texera graph is not syncing" time="0.082647542">
        </testcase>
        <testcase classname="src/app/workspace/component/property-editor/property-editor.component.spec.ts" name="PropertyEditorComponent &gt; onResize should schedule a width/height update through requestAnimationFrame" time="0.061130971">
        </testcase>
        <testcase classname="src/app/workspace/component/property-editor/property-editor.component.spec.ts" name="PropertyEditorComponent &gt; closePanel should collapse the panel to a docked bar" time="0.044943554">
        </testcase>
        <testcase classname="src/app/workspace/component/property-editor/property-editor.component.spec.ts" name="PropertyEditorComponent &gt; openPanel should restore the default open dimensions" time="0.044484103">
        </testcase>
        <testcase classname="src/app/workspace/component/property-editor/property-editor.component.spec.ts" name="PropertyEditorComponent &gt; resetPanelPosition should snap the drag position back to the return position" time="0.049729489">
        </testcase>
        <testcase classname="src/app/workspace/component/property-editor/property-editor.component.spec.ts" name="PropertyEditorComponent &gt; should close the panel in response to the panel service close stream" time="0.048132888">
        </testcase>
        <testcase classname="src/app/workspace/component/property-editor/property-editor.component.spec.ts" name="PropertyEditorComponent &gt; should reset position and re-open the panel in response to the panel service reset stream" time="0.056746576">
        </testcase>
        <testcase classname="src/app/workspace/component/property-editor/property-editor.component.spec.ts" name="PropertyEditorComponent &gt; should persist the panel size to localStorage on the window beforeunload host listener" time="0.041010647">
        </testcase>
        <testcase classname="src/app/workspace/component/property-editor/property-editor.component.spec.ts" name="PropertyEditorComponent &gt; updateHeightBasedOnContent should leave the height untouched when the content wrapper is absent" time="0.047430457">
        </testcase>
        <testcase classname="src/app/workspace/component/property-editor/property-editor.component.spec.ts" name="PropertyEditorComponent &gt; ngOnDestroy should persist width/height but skip the style when the right-container is missing" time="0.04127995">
        </testcase>
        <testcase classname="src/app/workspace/component/property-editor/property-editor.component.spec.ts" name="PropertyEditorComponent &gt; should read the persisted width and height from localStorage in the constructor" time="0.067952076">
        </testcase>
        <testcase classname="src/app/workspace/component/property-editor/property-editor.component.spec.ts" name="PropertyEditorComponent &gt; should fall back to default dimensions when localStorage has no persisted size" time="0.101347575">
        </testcase>
    </testsuite>
    <testsuite name="src/app/workspace/component/result-exportation/result-exportation.component.spec.ts" timestamp="2026-08-04T22:49:30.279Z" hostname="ali-Inspiron-15-3520" tests="20" failures="0" errors="0" skipped="0" time="1.810647306">
        <testcase classname="src/app/workspace/component/result-exportation/result-exportation.component.spec.ts" name="ResultExportationComponent &gt; should create and render" time="0.08946068">
        </testcase>
        <testcase classname="src/app/workspace/component/result-exportation/result-exportation.component.spec.ts" name="ResultExportationComponent &gt; ngOnInit keeps only WRITE-accessible datasets and stores the downloadability" time="0.08988864">
        </testcase>
        <testcase classname="src/app/workspace/component/result-exportation/result-exportation.component.spec.ts" name="ResultExportationComponent &gt; onClickExportResult(&apos;dataset&apos;, ds) exports to the dataset destination and closes the modal" time="0.122764341">
        </testcase>
        <testcase classname="src/app/workspace/component/result-exportation/result-exportation.component.spec.ts" name="ResultExportationComponent &gt; onClickExportResult(&apos;local&apos;) exports to local download with no dataset ids" time="0.071273855">
        </testcase>
        <testcase classname="src/app/workspace/component/result-exportation/result-exportation.component.spec.ts" name="ResultExportationComponent &gt; onClickCreateNewDataset opens the dataset-creator modal and adopts the created dataset" time="0.145019413">
        </testcase>
        <testcase classname="src/app/workspace/component/result-exportation/result-exportation.component.spec.ts" name="ResultExportationComponent &gt; operator-id resolution and downloadability getters (menu source) &gt; exportableOperatorIds maps all operators and filters out restricted ones" time="0.138039443">
        </testcase>
        <testcase classname="src/app/workspace/component/result-exportation/result-exportation.component.spec.ts" name="ResultExportationComponent &gt; operator-id resolution and downloadability getters (menu source) &gt; getters return [] when downloadability has not been resolved yet" time="0.069490612">
        </testcase>
        <testcase classname="src/app/workspace/component/result-exportation/result-exportation.component.spec.ts" name="ResultExportationComponent &gt; operator-id resolution and downloadability getters (menu source) &gt; blockingDatasetLabels and blockingDatasetSummary surface the blocking datasets" time="0.053833155">
        </testcase>
        <testcase classname="src/app/workspace/component/result-exportation/result-exportation.component.spec.ts" name="ResultExportationComponent &gt; operator-id resolution and downloadability getters (menu source) &gt; isExportRestricted is true only when every operator is blocked" time="0.066656688">
        </testcase>
        <testcase classname="src/app/workspace/component/result-exportation/result-exportation.component.spec.ts" name="ResultExportationComponent &gt; operator-id resolution and downloadability getters (menu source) &gt; hasPartialNonDownloadable is true when some but not all operators are blocked" time="0.122292136">
        </testcase>
        <testcase classname="src/app/workspace/component/result-exportation/result-exportation.component.spec.ts" name="ResultExportationComponent &gt; updateOutputType &gt; leaves the output flags untouched when downloadability is not resolved" time="0.103239947">
        </testcase>
        <testcase classname="src/app/workspace/component/result-exportation/result-exportation.component.spec.ts" name="ResultExportationComponent &gt; updateOutputType &gt; clears every output flag when all selected operators are export-restricted" time="0.076176503">
        </testcase>
        <testcase classname="src/app/workspace/component/result-exportation/result-exportation.component.spec.ts" name="ResultExportationComponent &gt; updateOutputType &gt; aggregates mixed output types across exportable operators" time="0.077322043">
        </testcase>
        <testcase classname="src/app/workspace/component/result-exportation/result-exportation.component.spec.ts" name="ResultExportationComponent &gt; updateOutputType &gt; reports table output when every operator with a result is a table" time="0.081931982">
        </testcase>
        <testcase classname="src/app/workspace/component/result-exportation/result-exportation.component.spec.ts" name="ResultExportationComponent &gt; onUserInputDatasetName &gt; filters datasets by case-insensitive name match and requires a dataset id" time="0.068466983">
        </testcase>
        <testcase classname="src/app/workspace/component/result-exportation/result-exportation.component.spec.ts" name="ResultExportationComponent &gt; onUserInputDatasetName &gt; resets to the full list when the input is cleared" time="0.050221021">
        </testcase>
        <testcase classname="src/app/workspace/component/result-exportation/result-exportation.component.spec.ts" name="ResultExportationComponent &gt; onClickCreateNewDataset leaves state unchanged when the creator modal is dismissed" time="0.079448762">
        </testcase>
        <testcase classname="src/app/workspace/component/result-exportation/result-exportation.component.spec.ts" name="ResultExportationComponent (context-menu source with default modal data) &gt; applies fallback defaults for absent modal-data fields" time="0.065485966">
        </testcase>
        <testcase classname="src/app/workspace/component/result-exportation/result-exportation.component.spec.ts" name="ResultExportationComponent (context-menu source with default modal data) &gt; resolves operator ids from the highlighted-operator selection" time="0.161839907">
        </testcase>
        <testcase classname="src/app/workspace/component/result-exportation/result-exportation.component.spec.ts" name="ResultExportationComponent (context-menu source with default modal data) &gt; exports highlighted operators only (exportAll === false) for a context-menu trigger" time="0.074622137">
        </testcase>
    </testsuite>
    <testsuite name="src/app/workspace/component/result-panel/result-panel-modal.component.spec.ts" timestamp="2026-08-04T22:49:30.280Z" hostname="ali-Inspiron-15-3520" tests="19" failures="0" errors="0" skipped="0" time="0.622750958">
        <testcase classname="src/app/workspace/component/result-panel/result-panel-modal.component.spec.ts" name="RowModalComponent &gt; should create" time="0.06498004">
        </testcase>
        <testcase classname="src/app/workspace/component/result-panel/result-panel-modal.component.spec.ts" name="RowModalComponent &gt; should populate row data on ngOnChanges" time="0.023992909">
        </testcase>
        <testcase classname="src/app/workspace/component/result-panel/result-panel-modal.component.spec.ts" name="RowModalComponent &gt; should use data URL directly without fetching for base64 media" time="0.02356097">
        </testcase>
        <testcase classname="src/app/workspace/component/result-panel/result-panel-modal.component.spec.ts" name="RowModalComponent &gt; should fetch remote image URL via media-proxy and set blob URL on success" time="0.022680928">
        </testcase>
        <testcase classname="src/app/workspace/component/result-panel/result-panel-modal.component.spec.ts" name="RowModalComponent &gt; should fall back to the text view (not the raw remote URL) when media-proxy request fails" time="0.015894979">
        </testcase>
        <testcase classname="src/app/workspace/component/result-panel/result-panel-modal.component.spec.ts" name="RowModalComponent &gt; should not fetch media-proxy for non-media remote URLs" time="0.023961897">
        </testcase>
        <testcase classname="src/app/workspace/component/result-panel/result-panel-modal.component.spec.ts" name="RowModalComponent &gt; should revoke blob URLs on destroy" time="0.015918928">
        </testcase>
        <testcase classname="src/app/workspace/component/result-panel/result-panel-modal.component.spec.ts" name="RowModalComponent &gt; prettyRowJson should return pretty-printed JSON of currentDisplayRowData" time="0.014018426">
        </testcase>
        <testcase classname="src/app/workspace/component/result-panel/result-panel-modal.component.spec.ts" name="RowModalComponent &gt; trackByEntryKey should return the entry key" time="0.014614725">
        </testcase>
        <testcase classname="src/app/workspace/component/result-panel/result-panel-modal.component.spec.ts" name="RowModalComponent &gt; should JSON-stringify non-string values in buildRowEntries" time="0.017517942">
        </testcase>
        <testcase classname="src/app/workspace/component/result-panel/result-panel-modal.component.spec.ts" name="RowModalComponent &gt; should not update row data when tuple is null" time="0.01919369">
        </testcase>
        <testcase classname="src/app/workspace/component/result-panel/result-panel-modal.component.spec.ts" name="RowModalComponent &gt; should call notificationService.success on successful clipboard copy" time="0.101745121">
        </testcase>
        <testcase classname="src/app/workspace/component/result-panel/result-panel-modal.component.spec.ts" name="RowModalComponent &gt; should call notificationService.error on clipboard copy failure" time="0.05416687">
        </testcase>
        <testcase classname="src/app/workspace/component/result-panel/result-panel-modal.component.spec.ts" name="RowModalComponent (with pre-loaded rowData) &gt; should initialize currentDisplayRowData from rowData in modal data" time="0.051517166">
        </testcase>
        <testcase classname="src/app/workspace/component/result-panel/result-panel-modal.component.spec.ts" name="RowModalComponent (with pre-loaded rowData) &gt; should build rowEntries immediately for data URL images in rowData" time="0.034663921">
        </testcase>
        <testcase classname="src/app/workspace/component/result-panel/result-panel-modal.component.spec.ts" name="RowModalComponent (with pre-loaded rowData) &gt; should build rowEntries for all fields in rowData" time="0.023160042">
        </testcase>
        <testcase classname="src/app/workspace/component/result-panel/result-panel-modal.component.spec.ts" name="RowModalComponent (template rendering) &gt; should bind the video element&apos;s src to the video entry&apos;s mediaSrc" time="0.028958122">
        </testcase>
        <testcase classname="src/app/workspace/component/result-panel/result-panel-modal.component.spec.ts" name="RowModalComponent (template rendering) &gt; should bind the image element&apos;s src to the image entry&apos;s mediaSrc" time="0.04353033">
        </testcase>
        <testcase classname="src/app/workspace/component/result-panel/result-panel-modal.component.spec.ts" name="RowModalComponent (template rendering) &gt; should call copyText with the entry&apos;s value when its Copy button is clicked" time="0.02713256">
        </testcase>
    </testsuite>
    <testsuite name="src/app/workspace/component/result-panel/result-panel.component.spec.ts" timestamp="2026-08-04T22:49:30.282Z" hostname="ali-Inspiron-15-3520" tests="45" failures="0" errors="0" skipped="0" time="2.874343418">
        <testcase classname="src/app/workspace/component/result-panel/result-panel.component.spec.ts" name="ResultPanelComponent &gt; should create" time="0.129993278">
        </testcase>
        <testcase classname="src/app/workspace/component/result-panel/result-panel.component.spec.ts" name="ResultPanelComponent &gt; should show nothing by default" time="0.050733619">
        </testcase>
        <testcase classname="src/app/workspace/component/result-panel/result-panel.component.spec.ts" name="ResultPanelComponent &gt; should show the result panel if a workflow finishes execution" time="0.112423275">
        </testcase>
        <testcase classname="src/app/workspace/component/result-panel/result-panel.component.spec.ts" name="ResultPanelComponent &gt; wipes the panel and operator selection when results are cleared, e.g. on a computing-unit switch (#3120)" time="0.041781656">
        </testcase>
        <testcase classname="src/app/workspace/component/result-panel/result-panel.component.spec.ts" name="ResultPanelComponent &gt; visibility &gt; openPanel sets default dimensions and notifies the resize service" time="0.041838982">
        </testcase>
        <testcase classname="src/app/workspace/component/result-panel/result-panel.component.spec.ts" name="ResultPanelComponent &gt; visibility &gt; closePanel collapses the panel" time="0.040049559">
        </testcase>
        <testcase classname="src/app/workspace/component/result-panel/result-panel.component.spec.ts" name="ResultPanelComponent &gt; visibility &gt; isPanelDocked is true only when the drag position matches the return position" time="0.040266172">
        </testcase>
        <testcase classname="src/app/workspace/component/result-panel/result-panel.component.spec.ts" name="ResultPanelComponent &gt; visibility &gt; clearResultPanel empties the frame configs" time="0.047063401">
        </testcase>
        <testcase classname="src/app/workspace/component/result-panel/result-panel.component.spec.ts" name="ResultPanelComponent &gt; content frames &gt; displayConsole registers a console frame" time="0.078986494">
        </testcase>
        <testcase classname="src/app/workspace/component/result-panel/result-panel.component.spec.ts" name="ResultPanelComponent &gt; content frames &gt; displayError registers a static error frame" time="0.043073841">
        </testcase>
        <testcase classname="src/app/workspace/component/result-panel/result-panel.component.spec.ts" name="ResultPanelComponent &gt; content frames &gt; displayResult uses the table frame when a paginated result exists" time="0.036016074">
        </testcase>
        <testcase classname="src/app/workspace/component/result-panel/result-panel.component.spec.ts" name="ResultPanelComponent &gt; content frames &gt; displayResult uses the visualization frame when only a non-paginated result exists" time="0.038718332">
        </testcase>
        <testcase classname="src/app/workspace/component/result-panel/result-panel.component.spec.ts" name="ResultPanelComponent &gt; content frames &gt; displayResult registers nothing when the operator has no result" time="0.038028419">
        </testcase>
        <testcase classname="src/app/workspace/component/result-panel/result-panel.component.spec.ts" name="ResultPanelComponent &gt; position &amp; resize &gt; resetPanelPosition moves the drag position back to the return position" time="0.046106342">
        </testcase>
        <testcase classname="src/app/workspace/component/result-panel/result-panel.component.spec.ts" name="ResultPanelComponent &gt; position &amp; resize &gt; updateReturnPosition shifts y by the height delta" time="0.027327874">
        </testcase>
        <testcase classname="src/app/workspace/component/result-panel/result-panel.component.spec.ts" name="ResultPanelComponent &gt; position &amp; resize &gt; updateReturnPosition is a no-op when the new height is undefined" time="0.051858401">
        </testcase>
        <testcase classname="src/app/workspace/component/result-panel/result-panel.component.spec.ts" name="ResultPanelComponent &gt; position &amp; resize &gt; onResize applies the new size and notifies the resize service" time="0.040135743">
        </testcase>
        <testcase classname="src/app/workspace/component/result-panel/result-panel.component.spec.ts" name="ResultPanelComponent &gt; drag &gt; handleStartDrag hides the visualization overlay when it is present" time="0.042824829">
        </testcase>
        <testcase classname="src/app/workspace/component/result-panel/result-panel.component.spec.ts" name="ResultPanelComponent &gt; drag &gt; handleEndDrag records the final free-drag position" time="0.064845094">
        </testcase>
        <testcase classname="src/app/workspace/component/result-panel/result-panel.component.spec.ts" name="ResultPanelComponent &gt; rerenderResultPanel &gt; does nothing while previewing a workflow version" time="0.056402761">
        </testcase>
        <testcase classname="src/app/workspace/component/result-panel/result-panel.component.spec.ts" name="ResultPanelComponent &gt; rerenderResultPanel &gt; resets the operator title when the highlight selection is cleared" time="0.039268874">
        </testcase>
        <testcase classname="src/app/workspace/component/result-panel/result-panel.component.spec.ts" name="ResultPanelComponent &gt; rerenderResultPanel &gt; shows an error frame for the whole workflow when execution failed with no operator selected" time="0.049555198">
        </testcase>
        <testcase classname="src/app/workspace/component/result-panel/result-panel.component.spec.ts" name="ResultPanelComponent &gt; rerenderResultPanel &gt; shows an operator error frame when the failed execution has a matching fatal error" time="0.090061071">
        </testcase>
        <testcase classname="src/app/workspace/component/result-panel/result-panel.component.spec.ts" name="ResultPanelComponent &gt; rerenderResultPanel &gt; tears down a stale error frame when the failed execution has no error for the selected operator" time="0.102226236">
        </testcase>
        <testcase classname="src/app/workspace/component/result-panel/result-panel.component.spec.ts" name="ResultPanelComponent &gt; rerenderResultPanel &gt; shows an operator error frame when the compilation failed with a matching error" time="0.116067666">
        </testcase>
        <testcase classname="src/app/workspace/component/result-panel/result-panel.component.spec.ts" name="ResultPanelComponent &gt; rerenderResultPanel &gt; displays a console frame when the selected operator has console messages" time="0.100654224">
        </testcase>
        <testcase classname="src/app/workspace/component/result-panel/result-panel.component.spec.ts" name="ResultPanelComponent &gt; rerenderResultPanel &gt; enables console input when the selected operator is a Python UDF" time="0.05570088">
        </testcase>
        <testcase classname="src/app/workspace/component/result-panel/result-panel.component.spec.ts" name="ResultPanelComponent &gt; auto-open reactions to execution state &gt; highlights the first active sink when a run completes and it is not already the sole selection" time="0.109444924">
        </testcase>
        <testcase classname="src/app/workspace/component/result-panel/result-panel.component.spec.ts" name="ResultPanelComponent &gt; auto-open reactions to execution state &gt; does not re-highlight a sink that is already the sole highlighted operator" time="0.106983593">
        </testcase>
        <testcase classname="src/app/workspace/component/result-panel/result-panel.component.spec.ts" name="ResultPanelComponent &gt; auto-open reactions to execution state &gt; highlights an active Python UDF operator when the workflow starts running" time="0.058959155">
        </testcase>
        <testcase classname="src/app/workspace/component/result-panel/result-panel.component.spec.ts" name="ResultPanelComponent &gt; auto-open reactions to execution state &gt; does not re-highlight a Python UDF when exactly one operator is already highlighted" time="0.111116728">
        </testcase>
        <testcase classname="src/app/workspace/component/result-panel/result-panel.component.spec.ts" name="ResultPanelComponent &gt; auto-open reactions to execution state &gt; does not touch the highlight selection when a run completes with no sink operators" time="0.109025843">
        </testcase>
        <testcase classname="src/app/workspace/component/result-panel/result-panel.component.spec.ts" name="ResultPanelComponent &gt; state-change driven rerender &gt; renders an error frame when the execution transitions into the failed state" time="0.028859139">
        </testcase>
        <testcase classname="src/app/workspace/component/result-panel/result-panel.component.spec.ts" name="ResultPanelComponent &gt; state-change driven rerender &gt; clears the error frame when the execution recovers out of the failed state" time="0.04028206">
        </testcase>
        <testcase classname="src/app/workspace/component/result-panel/result-panel.component.spec.ts" name="ResultPanelComponent &gt; operator display name changes &gt; updates the operator title when the selected operator is renamed" time="0.09288363">
        </testcase>
        <testcase classname="src/app/workspace/component/result-panel/result-panel.component.spec.ts" name="ResultPanelComponent &gt; operator display name changes &gt; ignores rename events for other operators" time="0.100032782">
        </testcase>
        <testcase classname="src/app/workspace/component/result-panel/result-panel.component.spec.ts" name="ResultPanelComponent &gt; panel open/close reactions &gt; collapses the panel when the panel service requests a close" time="0.049325289">
        </testcase>
        <testcase classname="src/app/workspace/component/result-panel/result-panel.component.spec.ts" name="ResultPanelComponent &gt; panel open/close reactions &gt; re-docks and re-opens the panel when the panel service requests a reset" time="0.05947679">
        </testcase>
        <testcase classname="src/app/workspace/component/result-panel/result-panel.component.spec.ts" name="ResultPanelComponent &gt; panel open/close reactions &gt; opens the panel when the result-panel-open stream emits true" time="0.048488389">
        </testcase>
        <testcase classname="src/app/workspace/component/result-panel/result-panel.component.spec.ts" name="ResultPanelComponent &gt; panel open/close reactions &gt; closes the panel when the result-panel-open stream emits false" time="0.064015407">
        </testcase>
        <testcase classname="src/app/workspace/component/result-panel/result-panel.component.spec.ts" name="ResultPanelComponent &gt; drag overlay restore &gt; handleEndDrag restores the visualization overlay z-index when it is present" time="0.041114244">
        </testcase>
        <testcase classname="src/app/workspace/component/result-panel/result-panel.component.spec.ts" name="ResultPanelComponent &gt; drag overlay restore &gt; handleStartDrag is a no-op when no visualization overlay is present" time="0.04572902">
        </testcase>
        <testcase classname="src/app/workspace/component/result-panel/result-panel.component.spec.ts" name="ResultPanelComponent &gt; getWorkflowFatalErrors filtering &gt; returns every fatal error unfiltered when no operator id is provided" time="0.045409503">
        </testcase>
        <testcase classname="src/app/workspace/component/result-panel/result-panel.component.spec.ts" name="ResultPanelComponent &gt; persistence on unload &gt; writes the current panel dimensions to localStorage on window beforeunload" time="0.077400779">
        </testcase>
        <testcase classname="src/app/workspace/component/result-panel/result-panel.component.spec.ts" name="ResultPanelComponent &gt; persistence on unload &gt; persists dimensions but skips the style entry when the result container is gone" time="0.05929573">
        </testcase>
    </testsuite>
    <testsuite name="src/app/workspace/component/ui-udf-parameters/ui-udf-parameters.component.spec.ts" timestamp="2026-08-04T22:49:30.284Z" hostname="ali-Inspiron-15-3520" tests="2" failures="0" errors="0" skipped="0" time="0.006086591">
        <testcase classname="src/app/workspace/component/ui-udf-parameters/ui-udf-parameters.component.spec.ts" name="UiUdfParametersComponent &gt; should disable name and type fields while leaving value editable" time="0.002461856">
        </testcase>
        <testcase classname="src/app/workspace/component/ui-udf-parameters/ui-udf-parameters.component.spec.ts" name="UiUdfParametersComponent &gt; should apply disabled state to rows generated from the field array template" time="0.003073762">
        </testcase>
    </testsuite>
    <testsuite name="src/app/workspace/component/visualization-panel-content/visualization-frame-content.component.spec.ts" timestamp="2026-08-04T22:49:30.285Z" hostname="ali-Inspiron-15-3520" tests="7" failures="0" errors="0" skipped="0" time="0.25788903">
        <testcase classname="src/app/workspace/component/visualization-panel-content/visualization-frame-content.component.spec.ts" name="VisualizationFrameContentComponent &gt; drawChart() guard clauses &gt; is a no-op when operatorId is undefined" time="0.036751479">
        </testcase>
        <testcase classname="src/app/workspace/component/visualization-panel-content/visualization-frame-content.component.spec.ts" name="VisualizationFrameContentComponent &gt; drawChart() guard clauses &gt; is a no-op when getResultService returns undefined" time="0.03004831">
        </testcase>
        <testcase classname="src/app/workspace/component/visualization-panel-content/visualization-frame-content.component.spec.ts" name="VisualizationFrameContentComponent &gt; drawChart() guard clauses &gt; is a no-op when the snapshot is empty/undefined" time="0.031831301">
        </testcase>
        <testcase classname="src/app/workspace/component/visualization-panel-content/visualization-frame-content.component.spec.ts" name="VisualizationFrameContentComponent &gt; drawChart() rendering &gt; renders the last snapshot entry&apos;s html-content through the DomSanitizer" time="0.041925541">
        </testcase>
        <testcase classname="src/app/workspace/component/visualization-panel-content/visualization-frame-content.component.spec.ts" name="VisualizationFrameContentComponent &gt; result-update stream subscription &gt; redraws after UPDATE_INTERVAL_MS when a matching operatorId emits" time="0.040726907">
        </testcase>
        <testcase classname="src/app/workspace/component/visualization-panel-content/visualization-frame-content.component.spec.ts" name="VisualizationFrameContentComponent &gt; result-update stream subscription &gt; ignores stream emissions that don&apos;t include the current operatorId" time="0.044301401">
        </testcase>
        <testcase classname="src/app/workspace/component/visualization-panel-content/visualization-frame-content.component.spec.ts" name="VisualizationFrameContentComponent &gt; result-update stream subscription &gt; ignores stream emissions when operatorId is undefined" time="0.031483361">
        </testcase>
    </testsuite>
    <testsuite name="src/app/workspace/component/workflow-editor/workflow-editor.component.spec.ts" timestamp="2026-08-04T22:49:30.285Z" hostname="ali-Inspiron-15-3520" tests="57" failures="0" errors="0" skipped="0" time="8.828990425">
        <testcase classname="src/app/workspace/component/workflow-editor/workflow-editor.component.spec.ts" name="WorkflowEditorComponent &gt; JointJS Paper &gt; should create" time="0.387525801">
        </testcase>
        <testcase classname="src/app/workspace/component/workflow-editor/workflow-editor.component.spec.ts" name="WorkflowEditorComponent &gt; JointJS Paper &gt; should hide operator status on the canvas by default" time="0.126452282">
        </testcase>
        <testcase classname="src/app/workspace/component/workflow-editor/workflow-editor.component.spec.ts" name="WorkflowEditorComponent &gt; JointJS Paper &gt; should create region elements hidden so the Regions toggle starts off on canvas and mini-map" time="0.096866263">
        </testcase>
        <testcase classname="src/app/workspace/component/workflow-editor/workflow-editor.component.spec.ts" name="WorkflowEditorComponent &gt; JointJS Paper &gt; should show regions created during execution when the toggle is already on" time="0.065292896">
        </testcase>
        <testcase classname="src/app/workspace/component/workflow-editor/workflow-editor.component.spec.ts" name="WorkflowEditorComponent &gt; JointJS Paper &gt; should keep regions visible when they are recreated on a later execution update" time="0.07837986">
        </testcase>
        <testcase classname="src/app/workspace/component/workflow-editor/workflow-editor.component.spec.ts" name="WorkflowEditorComponent &gt; JointJS Paper &gt; should toggle visibility of existing regions when the displayed flag changes" time="0.062588461">
        </testcase>
        <testcase classname="src/app/workspace/component/workflow-editor/workflow-editor.component.spec.ts" name="WorkflowEditorComponent &gt; JointJS Paper &gt; should create element in the UI after adding operator in the model" time="0.058025223">
        </testcase>
        <testcase classname="src/app/workspace/component/workflow-editor/workflow-editor.component.spec.ts" name="WorkflowEditorComponent &gt; JointJS Paper &gt; should create a graph of multiple cells in the UI" time="0.083425522">
        </testcase>
        <testcase classname="src/app/workspace/component/workflow-editor/workflow-editor.component.spec.ts" name="WorkflowEditorComponent &gt; External Module Integration &gt; should react to operator highlight event and change the appearance of the operator to be highlighted" time="0.261703756">
        </testcase>
        <testcase classname="src/app/workspace/component/workflow-editor/workflow-editor.component.spec.ts" name="WorkflowEditorComponent &gt; External Module Integration &gt; should react to operator unhighlight event and change the appearance of the operator to be unhighlighted" time="0.11508528">
        </testcase>
        <testcase classname="src/app/workspace/component/workflow-editor/workflow-editor.component.spec.ts" name="WorkflowEditorComponent &gt; External Module Integration &gt; pulls the active agent&apos;s operator results when an operator&apos;s chat popover opens" time="0.220019875">
        </testcase>
        <testcase classname="src/app/workspace/component/workflow-editor/workflow-editor.component.spec.ts" name="WorkflowEditorComponent &gt; External Module Integration &gt; does not pull operator results when no agent is connected" time="0.146482616">
        </testcase>
        <testcase classname="src/app/workspace/component/workflow-editor/workflow-editor.component.spec.ts" name="WorkflowEditorComponent &gt; External Module Integration &gt; should react to operator validation and change the color of operator box if the operator is valid " time="0.411253438">
        </testcase>
        <testcase classname="src/app/workspace/component/workflow-editor/workflow-editor.component.spec.ts" name="WorkflowEditorComponent &gt; External Module Integration &gt; should validate operator connections correctly" time="0.310001645">
        </testcase>
        <testcase classname="src/app/workspace/component/workflow-editor/workflow-editor.component.spec.ts" name="WorkflowEditorComponent &gt; External Module Integration &gt; should validate operator connections with ports that allow multi-inputs correctly" time="0.29970594">
        </testcase>
        <testcase classname="src/app/workspace/component/workflow-editor/workflow-editor.component.spec.ts" name="WorkflowEditorComponent &gt; External Module Integration &gt; should react to jointJS paper zoom event" time="0.068882598">
        </testcase>
        <testcase classname="src/app/workspace/component/workflow-editor/workflow-editor.component.spec.ts" name="WorkflowEditorComponent &gt; External Module Integration &gt; should react to jointJS paper restore default offset event" time="0.081892794">
        </testcase>
        <testcase classname="src/app/workspace/component/workflow-editor/workflow-editor.component.spec.ts" name="WorkflowEditorComponent &gt; External Module Integration &gt; should delete the highlighted operator when user presses the backspace key" time="0.128274392">
        </testcase>
        <testcase classname="src/app/workspace/component/workflow-editor/workflow-editor.component.spec.ts" name="WorkflowEditorComponent &gt; External Module Integration &gt; should delete the highlighted operator when user presses the delete key" time="0.132588596">
        </testcase>
        <testcase classname="src/app/workspace/component/workflow-editor/workflow-editor.component.spec.ts" name="WorkflowEditorComponent &gt; External Module Integration &gt; should delete all highlighted operators when user presses the backspace key" time="0.144719122">
        </testcase>
        <testcase classname="src/app/workspace/component/workflow-editor/workflow-editor.component.spec.ts" name="WorkflowEditorComponent &gt; External Module Integration &gt; should highlight all operators when user presses command + A" time="0.179586327">
        </testcase>
        <testcase classname="src/app/workspace/component/workflow-editor/workflow-editor.component.spec.ts" name="WorkflowEditorComponent &gt; External Module Integration &gt; should undo action when user presses command + Z or control + Z" time="0.084297093">
        </testcase>
        <testcase classname="src/app/workspace/component/workflow-editor/workflow-editor.component.spec.ts" name="WorkflowEditorComponent &gt; External Module Integration &gt; should redo action when user presses command/control + Y or command/control + shift + Z" time="0.576254249">
        </testcase>
        <testcase classname="src/app/workspace/component/workflow-editor/workflow-editor.component.spec.ts" name="WorkflowEditorComponent &gt; External Module Integration &gt; operator border restoration after navigation &gt; paints the execution-state stroke (green) for a valid operator with a cached Completed status" time="0.171987106">
        </testcase>
        <testcase classname="src/app/workspace/component/workflow-editor/workflow-editor.component.spec.ts" name="WorkflowEditorComponent &gt; External Module Integration &gt; operator border restoration after navigation &gt; falls back to the default valid stroke (#CFCFCF) when no cached status exists" time="0.105529932">
        </testcase>
        <testcase classname="src/app/workspace/component/workflow-editor/workflow-editor.component.spec.ts" name="WorkflowEditorComponent &gt; External Module Integration &gt; operator border restoration after navigation &gt; paints the invalid stroke (red) for an invalid operator with no cached status" time="0.106544422">
        </testcase>
        <testcase classname="src/app/workspace/component/workflow-editor/workflow-editor.component.spec.ts" name="WorkflowEditorComponent &gt; External Module Integration &gt; operator border restoration after navigation &gt; prioritizes invalid (red) over cached Completed status" time="0.176754294">
        </testcase>
        <testcase classname="src/app/workspace/component/workflow-editor/workflow-editor.component.spec.ts" name="WorkflowEditorComponent &gt; External Module Integration &gt; operator border restoration after navigation &gt; relies solely on the passed-in Validation (never recomputes inside the helper)" time="0.164304369">
        </testcase>
        <testcase classname="src/app/workspace/component/workflow-editor/workflow-editor.component.spec.ts" name="WorkflowEditorComponent &gt; External Module Integration &gt; operator border restoration after navigation &gt; honors the passed-in Validation result (paints red when it is invalid)" time="0.133944427">
        </testcase>
        <testcase classname="src/app/workspace/component/workflow-editor/workflow-editor.component.spec.ts" name="WorkflowEditorComponent &gt; External Module Integration &gt; operator border restoration after navigation &gt; always supplies a Validation to applyOperatorBorder when an operator is added" time="0.149059476">
        </testcase>
        <testcase classname="src/app/workspace/component/workflow-editor/workflow-editor.component.spec.ts" name="WorkflowEditorComponent &gt; External Module Integration &gt; joint paper event handlers &gt; deletes the operator when its element:delete button fires" time="0.144988933">
        </testcase>
        <testcase classname="src/app/workspace/component/workflow-editor/workflow-editor.component.spec.ts" name="WorkflowEditorComponent &gt; External Module Integration &gt; joint paper event handlers &gt; adds then removes an input port on the matching element port events" time="0.139536745">
        </testcase>
        <testcase classname="src/app/workspace/component/workflow-editor/workflow-editor.component.spec.ts" name="WorkflowEditorComponent &gt; External Module Integration &gt; joint paper event handlers &gt; adds then removes an output port on the matching element port events" time="0.114922815">
        </testcase>
        <testcase classname="src/app/workspace/component/workflow-editor/workflow-editor.component.spec.ts" name="WorkflowEditorComponent &gt; External Module Integration &gt; joint paper event handlers &gt; highlights the clicked port when a port magnet is clicked" time="0.133608238">
        </testcase>
        <testcase classname="src/app/workspace/component/workflow-editor/workflow-editor.component.spec.ts" name="WorkflowEditorComponent &gt; External Module Integration &gt; joint paper event handlers &gt; supports shift-click multiselect, toggle-off, and blank-area unhighlight" time="0.129709031">
        </testcase>
        <testcase classname="src/app/workspace/component/workflow-editor/workflow-editor.component.spec.ts" name="WorkflowEditorComponent &gt; External Module Integration &gt; joint paper event handlers &gt; opens the comment box modal on a comment box double-click" time="0.049538024">
        </testcase>
        <testcase classname="src/app/workspace/component/workflow-editor/workflow-editor.component.spec.ts" name="WorkflowEditorComponent &gt; External Module Integration &gt; joint paper event handlers &gt; opens the comment box modal when the URL fragment matches an added comment box" time="0.048499309">
        </testcase>
        <testcase classname="src/app/workspace/component/workflow-editor/workflow-editor.component.spec.ts" name="WorkflowEditorComponent &gt; External Module Integration &gt; joint paper event handlers &gt; attaches link tools when the cursor enters a link" time="0.20683684">
        </testcase>
        <testcase classname="src/app/workspace/component/workflow-editor/workflow-editor.component.spec.ts" name="WorkflowEditorComponent &gt; External Module Integration &gt; joint paper event handlers &gt; hides link tools when the cursor leaves a link" time="0.262946131">
        </testcase>
        <testcase classname="src/app/workspace/component/workflow-editor/workflow-editor.component.spec.ts" name="WorkflowEditorComponent &gt; External Module Integration &gt; joint paper event handlers &gt; writes the highlighted operator to the URL fragment and clears it on unhighlight" time="0.070897725">
        </testcase>
        <testcase classname="src/app/workspace/component/workflow-editor/workflow-editor.component.spec.ts" name="WorkflowEditorComponent &gt; External Module Integration &gt; joint paper event handlers &gt; translates the paper toward the computed center on a center event" time="0.121299375">
        </testcase>
        <testcase classname="src/app/workspace/component/workflow-editor/workflow-editor.component.spec.ts" name="WorkflowEditorComponent &gt; External Module Integration &gt; joint paper event handlers &gt; exposes seeded agent operator result summaries and falls back to undefined" time="0.042616147">
        </testcase>
        <testcase classname="src/app/workspace/component/workflow-editor/workflow-editor.component.spec.ts" name="WorkflowEditorComponent &gt; External Module Integration &gt; joint paper event handlers &gt; detects visualization operators from the __is_visualization__ marker" time="0.074838936">
        </testcase>
        <testcase classname="src/app/workspace/component/workflow-editor/workflow-editor.component.spec.ts" name="WorkflowEditorComponent &gt; External Module Integration &gt; joint paper event handlers &gt; closes the chat popover" time="0.063081672">
        </testcase>
        <testcase classname="src/app/workspace/component/workflow-editor/workflow-editor.component.spec.ts" name="WorkflowEditorComponent &gt; External Module Integration &gt; joint paper event handlers &gt; clears agent action labels from every operator" time="0.09430497">
        </testcase>
        <testcase classname="src/app/workspace/component/workflow-editor/workflow-editor.component.spec.ts" name="WorkflowEditorComponent &gt; External Module Integration &gt; connection validation, clipboard, and delete/select-all &gt; validateJointOperatorConnection &gt; rejects a link drawn out of an input port" time="0.140020148">
        </testcase>
        <testcase classname="src/app/workspace/component/workflow-editor/workflow-editor.component.spec.ts" name="WorkflowEditorComponent &gt; External Module Integration &gt; connection validation, clipboard, and delete/select-all &gt; validateJointOperatorConnection &gt; rejects a link dropped onto an output port" time="0.132663222">
        </testcase>
        <testcase classname="src/app/workspace/component/workflow-editor/workflow-editor.component.spec.ts" name="WorkflowEditorComponent &gt; External Module Integration &gt; connection validation, clipboard, and delete/select-all &gt; validateJointOperatorConnection &gt; delegates an output-to-input pair to the operator-level validation" time="0.237857567">
        </testcase>
        <testcase classname="src/app/workspace/component/workflow-editor/workflow-editor.component.spec.ts" name="WorkflowEditorComponent &gt; External Module Integration &gt; connection validation, clipboard, and delete/select-all &gt; validateOperatorConnection guards &gt; rejects a connection from an operator to itself" time="0.170829211">
        </testcase>
        <testcase classname="src/app/workspace/component/workflow-editor/workflow-editor.component.spec.ts" name="WorkflowEditorComponent &gt; External Module Integration &gt; connection validation, clipboard, and delete/select-all &gt; validateOperatorConnection guards &gt; rejects a connection that is missing a port on either end" time="0.13607725">
        </testcase>
        <testcase classname="src/app/workspace/component/workflow-editor/workflow-editor.component.spec.ts" name="WorkflowEditorComponent &gt; External Module Integration &gt; connection validation, clipboard, and delete/select-all &gt; validateOperatorConnection guards &gt; rejects a connection whose endpoint is not an operator" time="0.106344382">
        </testcase>
        <testcase classname="src/app/workspace/component/workflow-editor/workflow-editor.component.spec.ts" name="WorkflowEditorComponent &gt; External Module Integration &gt; connection validation, clipboard, and delete/select-all &gt; delete &gt; deletes highlighted links and comment boxes, not just operators" time="0.259080833">
        </testcase>
        <testcase classname="src/app/workspace/component/workflow-editor/workflow-editor.component.spec.ts" name="WorkflowEditorComponent &gt; External Module Integration &gt; connection validation, clipboard, and delete/select-all &gt; select all &gt; highlights links and comment boxes as well as operators" time="0.224241642">
        </testcase>
        <testcase classname="src/app/workspace/component/workflow-editor/workflow-editor.component.spec.ts" name="WorkflowEditorComponent &gt; External Module Integration &gt; connection validation, clipboard, and delete/select-all &gt; disabled-operator stream &gt; repaints an operator when it is disabled and again when it is re-enabled" time="0.129965285">
        </testcase>
        <testcase classname="src/app/workspace/component/workflow-editor/workflow-editor.component.spec.ts" name="WorkflowEditorComponent &gt; External Module Integration &gt; connection validation, clipboard, and delete/select-all &gt; clipboard &gt; caches the highlighted elements on copy" time="0.21483227">
        </testcase>
        <testcase classname="src/app/workspace/component/workflow-editor/workflow-editor.component.spec.ts" name="WorkflowEditorComponent &gt; External Module Integration &gt; connection validation, clipboard, and delete/select-all &gt; clipboard &gt; caches and then deletes the highlighted elements on cut" time="0.120827056">
        </testcase>
        <testcase classname="src/app/workspace/component/workflow-editor/workflow-editor.component.spec.ts" name="WorkflowEditorComponent &gt; External Module Integration &gt; connection validation, clipboard, and delete/select-all &gt; clipboard &gt; pastes the cached elements on paste" time="0.119375071">
        </testcase>
    </testsuite>
    <testsuite name="src/app/workspace/service/agent/agent.service.spec.ts" timestamp="2026-08-04T22:49:30.288Z" hostname="ali-Inspiron-15-3520" tests="47" failures="0" errors="0" skipped="0" time="0.502594146">
        <testcase classname="src/app/workspace/service/agent/agent.service.spec.ts" name="AgentService &gt; createAgent &gt; creates an agent without putting the user token in the payload" time="0.026086202">
        </testcase>
        <testcase classname="src/app/workspace/service/agent/agent.service.spec.ts" name="AgentService &gt; createAgent &gt; includes workflowId and the selected computing unit id in the payload" time="0.009038498">
        </testcase>
        <testcase classname="src/app/workspace/service/agent/agent.service.spec.ts" name="AgentService &gt; fetchOperatorResults &gt; pulls operator results over REST and pushes them to operatorResultSummaries$" time="0.009831305">
        </testcase>
        <testcase classname="src/app/workspace/service/agent/agent.service.spec.ts" name="AgentService &gt; fetchOperatorResults &gt; falls back to empty results when the request fails" time="0.009812797">
        </testcase>
        <testcase classname="src/app/workspace/service/agent/agent.service.spec.ts" name="AgentService &gt; stopGeneration &gt; sends a stop command over the websocket when one is open" time="0.008044262">
        </testcase>
        <testcase classname="src/app/workspace/service/agent/agent.service.spec.ts" name="AgentService &gt; stopGeneration &gt; falls back to the REST stop endpoint when no websocket is open" time="0.009954485">
        </testcase>
        <testcase classname="src/app/workspace/service/agent/agent.service.spec.ts" name="AgentService &gt; syncAgentsWithBackend &gt; evicts locally-cached agents missing from the backend and notifies subscribers" time="0.010634233">
        </testcase>
        <testcase classname="src/app/workspace/service/agent/agent.service.spec.ts" name="AgentService &gt; syncAgentsWithBackend &gt; pushes backend state updates into existing agents&apos; state streams without a change event" time="0.00713447">
        </testcase>
        <testcase classname="src/app/workspace/service/agent/agent.service.spec.ts" name="AgentService &gt; getAgent &gt; serves cache hits without issuing a request" time="0.006312531">
        </testcase>
        <testcase classname="src/app/workspace/service/agent/agent.service.spec.ts" name="AgentService &gt; getAgent &gt; fetches, maps and caches an unknown agent" time="0.006647797">
        </testcase>
        <testcase classname="src/app/workspace/service/agent/agent.service.spec.ts" name="AgentService &gt; getAgent &gt; maps a 404 to a descriptive error" time="0.004086273">
        </testcase>
        <testcase classname="src/app/workspace/service/agent/agent.service.spec.ts" name="AgentService &gt; getAllAgents &gt; maps backend agents and evicts stale local ones" time="0.014112983">
        </testcase>
        <testcase classname="src/app/workspace/service/agent/agent.service.spec.ts" name="AgentService &gt; getAllAgents &gt; falls back to the local cache on HTTP failure" time="0.00810252">
        </testcase>
        <testcase classname="src/app/workspace/service/agent/agent.service.spec.ts" name="AgentService &gt; deleteAgent &gt; evicts the agent and notifies on {deleted: true}" time="0.005867249">
        </testcase>
        <testcase classname="src/app/workspace/service/agent/agent.service.spec.ts" name="AgentService &gt; deleteAgent &gt; keeps the agent and emits false when the backend refuses the delete" time="0.011453616">
        </testcase>
        <testcase classname="src/app/workspace/service/agent/agent.service.spec.ts" name="AgentService &gt; deleteAgent &gt; still evicts locally and emits true when the DELETE fails" time="0.021714305">
        </testcase>
        <testcase classname="src/app/workspace/service/agent/agent.service.spec.ts" name="AgentService &gt; fetchModelTypes &gt; maps LiteLLM models and replays the cached result without a second request" time="0.003583918">
        </testcase>
        <testcase classname="src/app/workspace/service/agent/agent.service.spec.ts" name="AgentService &gt; fetchModelTypes &gt; emits an empty list when the model endpoint fails" time="0.006116414">
            <system-err>
Failed to fetch models from API: HttpErrorResponse {
  headers: HttpHeaders {
    headers: Map(0) {},
    normalizedNames: Map(0) {},
    lazyInit: undefined,
    lazyUpdate: null
  },
  status: 500,
  statusText: &apos;Server Error&apos;,
  url: &apos;api/models&apos;,
  ok: false,
  type: undefined,
  redirected: undefined,
  responseType: undefined,
  name: &apos;HttpErrorResponse&apos;,
  message: &apos;Http failure response for api/models: 500 Server Error&apos;,
  error: &apos;boom&apos;
}

            </system-err>
        </testcase>
        <testcase classname="src/app/workspace/service/agent/agent.service.spec.ts" name="AgentService &gt; websocket lifecycle and events &gt; activateAgent / deactivateAgent &gt; returns false for unknown agents and opens no socket" time="0.007683266">
        </testcase>
        <testcase classname="src/app/workspace/service/agent/agent.service.spec.ts" name="AgentService &gt; websocket lifecycle and events &gt; activateAgent / deactivateAgent &gt; opens one websocket to the agent&apos;s react endpoint and reuses it on re-activation" time="0.007096483">
        </testcase>
        <testcase classname="src/app/workspace/service/agent/agent.service.spec.ts" name="AgentService &gt; websocket lifecycle and events &gt; activateAgent / deactivateAgent &gt; closes the socket and recreates stopPolling$ on deactivate, then reconnects on activate" time="0.01039569">
        </testcase>
        <testcase classname="src/app/workspace/service/agent/agent.service.spec.ts" name="AgentService &gt; websocket lifecycle and events &gt; activateAgent / deactivateAgent &gt; reflects the socket readyState in the connection queries" time="0.005451332">
        </testcase>
        <testcase classname="src/app/workspace/service/agent/agent.service.spec.ts" name="AgentService &gt; websocket lifecycle and events &gt; sendMessage &gt; reports an error for an unknown agent" time="0.004183645">
        </testcase>
        <testcase classname="src/app/workspace/service/agent/agent.service.spec.ts" name="AgentService &gt; websocket lifecycle and events &gt; sendMessage &gt; reports when no websocket connection is available" time="0.005536131">
        </testcase>
        <testcase classname="src/app/workspace/service/agent/agent.service.spec.ts" name="AgentService &gt; websocket lifecycle and events &gt; sendMessage &gt; sends a WsClientPromptCommand carrying the message source over an open socket" time="0.005736075">
        </testcase>
        <testcase classname="src/app/workspace/service/agent/agent.service.spec.ts" name="AgentService &gt; websocket lifecycle and events &gt; sendMessage &gt; surfaces send failures as a notification" time="0.031055069">
            <system-err>
Failed to send message to agent: Error: socket closed
    at _FakeWebSocket.&lt;anonymous&gt; (/home/ali/IdeaProjects/texera-worktrees/forks/rodeo-pipeline/frontend/src/app/workspace/service/agent/agent.service.spec.ts:538:17)
    at _FakeWebSocket.Mock (file:///home/ali/IdeaProjects/texera-worktrees/forks/rodeo-pipeline/frontend/node_modules/@vitest/spy/dist/index.js:332:34)
    at _AgentService.sendMessage (/home/ali/IdeaProjects/texera-worktrees/forks/rodeo-pipeline/frontend/src/app/workspace/service/agent/agent.service.ts:879:26)
    at /home/ali/IdeaProjects/texera-worktrees/forks/rodeo-pipeline/frontend/src/app/workspace/service/agent/agent.service.spec.ts:541:17
    at /home/ali/IdeaProjects/texera-worktrees/forks/rodeo-pipeline/frontend/src/test-zone-setup.ts:90:33
    at _ZoneDelegate.invoke (/home/ali/IdeaProjects/texera-worktrees/forks/rodeo-pipeline/frontend/node_modules/zone.js/fesm2015/zone.js:398:28)
    at ProxyZoneSpec.onInvoke (/home/ali/IdeaProjects/texera-worktrees/forks/rodeo-pipeline/frontend/node_modules/zone.js/fesm2015/zone-testing.js:2132:39)
    at _ZoneDelegate.invoke (/home/ali/IdeaProjects/texera-worktrees/forks/rodeo-pipeline/frontend/node_modules/zone.js/fesm2015/zone.js:397:34)
    at ZoneImpl.run (/home/ali/IdeaProjects/texera-worktrees/forks/rodeo-pipeline/frontend/node_modules/zone.js/fesm2015/zone.js:113:43)
    at /home/ali/IdeaProjects/texera-worktrees/forks/rodeo-pipeline/frontend/src/test-zone-setup.ts:88:16

            </system-err>
        </testcase>
        <testcase classname="src/app/workspace/service/agent/agent.service.spec.ts" name="AgentService &gt; websocket lifecycle and events &gt; server events &gt; applies a WsServerSnapshotEvent: state, converted steps, HEAD and workflow" time="0.011024979">
        </testcase>
        <testcase classname="src/app/workspace/service/agent/agent.service.spec.ts" name="AgentService &gt; websocket lifecycle and events &gt; server events &gt; appends, replaces in place and advances HEAD on WsServerStepEvent" time="0.008571802">
        </testcase>
        <testcase classname="src/app/workspace/service/agent/agent.service.spec.ts" name="AgentService &gt; websocket lifecycle and events &gt; server events &gt; cleans up the agent when the backend reports &apos;Agent not found&apos;" time="0.007053546">
            <system-err>
Agent agent-1 error: Agent not found

            </system-err>
        </testcase>
        <testcase classname="src/app/workspace/service/agent/agent.service.spec.ts" name="AgentService &gt; websocket lifecycle and events &gt; server events &gt; shows other websocket errors as notifications and keeps the agent" time="0.011202796">
            <system-err>
Agent agent-1 error: boom

            </system-err>
        </testcase>
        <testcase classname="src/app/workspace/service/agent/agent.service.spec.ts" name="AgentService &gt; websocket lifecycle and events &gt; server events &gt; marks the agent UNAVAILABLE only on abnormal socket close" time="0.010079587">
        </testcase>
        <testcase classname="src/app/workspace/service/agent/agent.service.spec.ts" name="AgentService &gt; websocket lifecycle and events &gt; workflow polling &gt; polls the workflow every second until websocket updates suppress it" time="0.013831931">
        </testcase>
        <testcase classname="src/app/workspace/service/agent/agent.service.spec.ts" name="AgentService &gt; websocket lifecycle and events &gt; workflow polling &gt; swallows polling errors and keeps the interval alive" time="0.00949665">
        </testcase>
        <testcase classname="src/app/workspace/service/agent/agent.service.spec.ts" name="AgentService &gt; clearMessages &gt; resets the step stream on success" time="0.004901898">
        </testcase>
        <testcase classname="src/app/workspace/service/agent/agent.service.spec.ts" name="AgentService &gt; clearMessages &gt; keeps the steps when the clear request fails" time="0.00804121">
            <system-err>
Error clearing messages for agent agent-1: HttpErrorResponse {
  headers: HttpHeaders {
    headers: Map(0) {},
    normalizedNames: Map(0) {},
    lazyInit: undefined,
    lazyUpdate: null
  },
  status: 500,
  statusText: &apos;Server Error&apos;,
  url: &apos;/api/agents/agent-1/clear&apos;,
  ok: false,
  type: undefined,
  redirected: undefined,
  responseType: undefined,
  name: &apos;HttpErrorResponse&apos;,
  message: &apos;Http failure response for /api/agents/agent-1/clear: 500 Server Error&apos;,
  error: &apos;boom&apos;
}

            </system-err>
        </testcase>
        <testcase classname="src/app/workspace/service/agent/agent.service.spec.ts" name="AgentService &gt; setHoveredMessage &gt; emits the deduplicated union of operator ids across tool calls" time="0.009235916">
        </testcase>
        <testcase classname="src/app/workspace/service/agent/agent.service.spec.ts" name="AgentService &gt; setHoveredMessage &gt; emits empty arrays when the hovered step is cleared" time="0.073851268">
        </testcase>
        <testcase classname="src/app/workspace/service/agent/agent.service.spec.ts" name="AgentService &gt; getReActStepsByOperatorAccess &gt; collects viewing and modifying steps exactly once each" time="0.010686644">
        </testcase>
        <testcase classname="src/app/workspace/service/agent/agent.service.spec.ts" name="AgentService &gt; agent request routing and fallbacks &gt; attaches X-Agent-Workflow-Id when the agent&apos;s tracking has a workflowId" time="0.005841457">
        </testcase>
        <testcase classname="src/app/workspace/service/agent/agent.service.spec.ts" name="AgentService &gt; agent request routing and fallbacks &gt; omits the header when no workflow is associated" time="0.007245283">
        </testcase>
        <testcase classname="src/app/workspace/service/agent/agent.service.spec.ts" name="AgentService &gt; agent request routing and fallbacks &gt; falls back to the documented default settings when the fetch fails" time="0.004293611">
        </testcase>
        <testcase classname="src/app/workspace/service/agent/agent.service.spec.ts" name="AgentService &gt; agent request routing and fallbacks &gt; updates the cached agent&apos;s settings on a successful PATCH" time="0.008870449">
        </testcase>
        <testcase classname="src/app/workspace/service/agent/agent.service.spec.ts" name="AgentService &gt; agent request routing and fallbacks &gt; notifies and rethrows when the settings update fails" time="0.01701835">
        </testcase>
        <testcase classname="src/app/workspace/service/agent/agent.service.spec.ts" name="AgentService &gt; agent request routing and fallbacks &gt; posts operator ids and converts the returned steps" time="0.007677201">
        </testcase>
        <testcase classname="src/app/workspace/service/agent/agent.service.spec.ts" name="AgentService &gt; agent request routing and fallbacks &gt; falls back for system-info, operator-types and steps-by-operators failures" time="0.007609939">
        </testcase>
        <testcase classname="src/app/workspace/service/agent/agent.service.spec.ts" name="AgentService &gt; canvas annotation toggles &gt; togglePortShapes drives showPortShapes$ and the synchronous getter" time="0.003532759">
        </testcase>
        <testcase classname="src/app/workspace/service/agent/agent.service.spec.ts" name="AgentService &gt; canvas annotation toggles &gt; requestScrollToStep broadcasts the scroll target" time="0.004006467">
        </testcase>
    </testsuite>
    <testsuite name="src/app/workspace/service/ai-analyst/ai-analyst.service.spec.ts" timestamp="2026-08-04T22:49:30.292Z" hostname="ali-Inspiron-15-3520" tests="9" failures="0" errors="0" skipped="0" time="0.063962609">
        <testcase classname="src/app/workspace/service/ai-analyst/ai-analyst.service.spec.ts" name="AiAnalystService &gt; should be created" time="0.011477742">
        </testcase>
        <testcase classname="src/app/workspace/service/ai-analyst/ai-analyst.service.spec.ts" name="AiAnalystService &gt; isOpenAIEnabled &gt; GETs /aiassistant/isenabled as text and emits true when the backend returns OpenAI" time="0.009654577">
        </testcase>
        <testcase classname="src/app/workspace/service/ai-analyst/ai-analyst.service.spec.ts" name="AiAnalystService &gt; isOpenAIEnabled &gt; emits false for any non-OpenAI response" time="0.005193388">
        </testcase>
        <testcase classname="src/app/workspace/service/ai-analyst/ai-analyst.service.spec.ts" name="AiAnalystService &gt; isOpenAIEnabled &gt; emits false when the request errors" time="0.004917046">
        </testcase>
        <testcase classname="src/app/workspace/service/ai-analyst/ai-analyst.service.spec.ts" name="AiAnalystService &gt; isOpenAIEnabled &gt; returns the cached flag without issuing a request" time="0.004136227">
        </testcase>
        <testcase classname="src/app/workspace/service/ai-analyst/ai-analyst.service.spec.ts" name="AiAnalystService &gt; sendPromptToOpenAI &gt; emits an empty string without calling OpenAI when the assistant is disabled" time="0.007350296">
        </testcase>
        <testcase classname="src/app/workspace/service/ai-analyst/ai-analyst.service.spec.ts" name="AiAnalystService &gt; sendPromptToOpenAI &gt; POSTs the prompt and emits the trimmed completion when enabled" time="0.008624635">
        </testcase>
        <testcase classname="src/app/workspace/service/ai-analyst/ai-analyst.service.spec.ts" name="AiAnalystService &gt; sendPromptToOpenAI &gt; emits an empty string when the OpenAI request fails" time="0.007175126">
        </testcase>
        <testcase classname="src/app/workspace/service/ai-analyst/ai-analyst.service.spec.ts" name="AiAnalystService &gt; sendPromptToOpenAI &gt; emits an empty string when the enablement check errors" time="0.004414887">
        </testcase>
    </testsuite>
    <testsuite name="src/app/workspace/service/ai-assistant/ai-assistant.service.spec.ts" timestamp="2026-08-04T22:49:30.292Z" hostname="ali-Inspiron-15-3520" tests="8" failures="0" errors="0" skipped="0" time="0.06155444">
        <testcase classname="src/app/workspace/service/ai-assistant/ai-assistant.service.spec.ts" name="AIAssistantService &gt; should be created" time="0.006979205">
        </testcase>
        <testcase classname="src/app/workspace/service/ai-assistant/ai-assistant.service.spec.ts" name="AIAssistantService &gt; checkAIAssistantEnabled &gt; GETs /isenabled as text and emits OpenAI when the backend returns OpenAI" time="0.012779937">
        </testcase>
        <testcase classname="src/app/workspace/service/ai-assistant/ai-assistant.service.spec.ts" name="AIAssistantService &gt; checkAIAssistantEnabled &gt; emits NoAiAssistant for any non-OpenAI response" time="0.006234078">
        </testcase>
        <testcase classname="src/app/workspace/service/ai-assistant/ai-assistant.service.spec.ts" name="AIAssistantService &gt; checkAIAssistantEnabled &gt; falls back to NoAiAssistant when the request errors" time="0.005575443">
        </testcase>
        <testcase classname="src/app/workspace/service/ai-assistant/ai-assistant.service.spec.ts" name="AIAssistantService &gt; getTypeAnnotations &gt; POSTs /annotationresult with the code payload and passes the response through" time="0.005972706">
        </testcase>
        <testcase classname="src/app/workspace/service/ai-assistant/ai-assistant.service.spec.ts" name="AIAssistantService &gt; locateUnannotated &gt; POSTs /annotate-argument and flattens the nested response into UnannotatedArgument[]" time="0.00908225">
        </testcase>
        <testcase classname="src/app/workspace/service/ai-assistant/ai-assistant.service.spec.ts" name="AIAssistantService &gt; locateUnannotated &gt; emits an empty array when the response body is null" time="0.007895791">
        </testcase>
        <testcase classname="src/app/workspace/service/ai-assistant/ai-assistant.service.spec.ts" name="AIAssistantService &gt; locateUnannotated &gt; errors with a wrapped message when the request fails" time="0.006093753">
        </testcase>
    </testsuite>
    <testsuite name="src/app/workspace/service/code-editor/code-editor.service.spec.ts" timestamp="2026-08-04T22:49:30.293Z" hostname="ali-Inspiron-15-3520" tests="4" failures="0" errors="0" skipped="0" time="0.009093177">
        <testcase classname="src/app/workspace/service/code-editor/code-editor.service.spec.ts" name="CodeEditorService &gt; should be created" time="0.001445258">
        </testcase>
        <testcase classname="src/app/workspace/service/code-editor/code-editor.service.spec.ts" name="CodeEditorService &gt; should emit true after setEditorState is called with true" time="0.001231974">
        </testcase>
        <testcase classname="src/app/workspace/service/code-editor/code-editor.service.spec.ts" name="CodeEditorService &gt; should emit false after setEditorState is called with false" time="0.004458117">
        </testcase>
        <testcase classname="src/app/workspace/service/code-editor/code-editor.service.spec.ts" name="CodeEditorService &gt; should track state independently for different operator IDs" time="0.001231367">
        </testcase>
    </testsuite>
    <testsuite name="src/app/workspace/service/code-editor/ui-udf-parameters-parser.service.spec.ts" timestamp="2026-08-04T22:49:30.293Z" hostname="ali-Inspiron-15-3520" tests="15" failures="0" errors="0" skipped="0" time="0.074258046">
        <testcase classname="src/app/workspace/service/code-editor/ui-udf-parameters-parser.service.spec.ts" name="UiUdfParametersParserService &gt; should parse supported positional, named, and attr_type arguments" time="0.021488924">
        </testcase>
        <testcase classname="src/app/workspace/service/code-editor/ui-udf-parameters-parser.service.spec.ts" name="UiUdfParametersParserService &gt; should parse multiline UiParameter calls with split arguments" time="0.005539971">
        </testcase>
        <testcase classname="src/app/workspace/service/code-editor/ui-udf-parameters-parser.service.spec.ts" name="UiUdfParametersParserService &gt; should ignore calls where name or type is missing" time="0.008666098">
        </testcase>
        <testcase classname="src/app/workspace/service/code-editor/ui-udf-parameters-parser.service.spec.ts" name="UiUdfParametersParserService &gt; should ignore invalid positional argument ordering" time="0.00375313">
        </testcase>
        <testcase classname="src/app/workspace/service/code-editor/ui-udf-parameters-parser.service.spec.ts" name="UiUdfParametersParserService &gt; should ignore legacy key= named argument" time="0.004965439">
        </testcase>
        <testcase classname="src/app/workspace/service/code-editor/ui-udf-parameters-parser.service.spec.ts" name="UiUdfParametersParserService &gt; should ignore non-self calls and non-AttributeType members" time="0.004558216">
        </testcase>
        <testcase classname="src/app/workspace/service/code-editor/ui-udf-parameters-parser.service.spec.ts" name="UiUdfParametersParserService &gt; should ignore empty and extra positional arguments" time="0.00320058">
        </testcase>
        <testcase classname="src/app/workspace/service/code-editor/ui-udf-parameters-parser.service.spec.ts" name="UiUdfParametersParserService &gt; should ignore commented out UiParameter calls" time="0.002316947">
        </testcase>
        <testcase classname="src/app/workspace/service/code-editor/ui-udf-parameters-parser.service.spec.ts" name="UiUdfParametersParserService &gt; should ignore commented out multiline UiParameter sections" time="0.002008351">
        </testcase>
        <testcase classname="src/app/workspace/service/code-editor/ui-udf-parameters-parser.service.spec.ts" name="UiUdfParametersParserService &gt; should ignore UiParameter examples inside triple-quoted strings" time="0.002150216">
        </testcase>
        <testcase classname="src/app/workspace/service/code-editor/ui-udf-parameters-parser.service.spec.ts" name="UiUdfParametersParserService &gt; should reject binary UiParameter types" time="0.00152079">
        </testcase>
        <testcase classname="src/app/workspace/service/code-editor/ui-udf-parameters-parser.service.spec.ts" name="UiUdfParametersParserService &gt; should ignore unsupported classes and custom-named subclasses" time="0.003455762">
        </testcase>
        <testcase classname="src/app/workspace/service/code-editor/ui-udf-parameters-parser.service.spec.ts" name="UiUdfParametersParserService &gt; should parse supported UiParameter calls when unsupported classes are present" time="0.0020637">
        </testcase>
        <testcase classname="src/app/workspace/service/code-editor/ui-udf-parameters-parser.service.spec.ts" name="UiUdfParametersParserService &gt; should raise an error for multiple supported UDF classes" time="0.005214361">
        </testcase>
        <testcase classname="src/app/workspace/service/code-editor/ui-udf-parameters-parser.service.spec.ts" name="UiUdfParametersParserService &gt; should raise an error for duplicate parameter names" time="0.002611482">
        </testcase>
    </testsuite>
    <testsuite name="src/app/workspace/service/code-editor/ui-udf-parameters-sync.service.spec.ts" timestamp="2026-08-04T22:49:30.294Z" hostname="ali-Inspiron-15-3520" tests="8" failures="0" errors="0" skipped="0" time="0.027179819">
        <testcase classname="src/app/workspace/service/code-editor/ui-udf-parameters-sync.service.spec.ts" name="UiUdfParametersSyncService &gt; should preserve values from current parameter names" time="0.004297656">
        </testcase>
        <testcase classname="src/app/workspace/service/code-editor/ui-udf-parameters-sync.service.spec.ts" name="UiUdfParametersSyncService &gt; should remove stale parameters while preserving retained values" time="0.003502579">
        </testcase>
        <testcase classname="src/app/workspace/service/code-editor/ui-udf-parameters-sync.service.spec.ts" name="UiUdfParametersSyncService &gt; should not emit when the merged parameters are unchanged" time="0.002273272">
        </testcase>
        <testcase classname="src/app/workspace/service/code-editor/ui-udf-parameters-sync.service.spec.ts" name="UiUdfParametersSyncService &gt; should emit parser errors without replacing the current parameters" time="0.001711747">
        </testcase>
        <testcase classname="src/app/workspace/service/code-editor/ui-udf-parameters-sync.service.spec.ts" name="UiUdfParametersSyncService &gt; should not parse code for non-Python UDF operators" time="0.000926785">
        </testcase>
        <testcase classname="src/app/workspace/service/code-editor/ui-udf-parameters-sync.service.spec.ts" name="UiUdfParametersSyncService &gt; should read code from the shared operator property when editor code is omitted" time="0.003603292">
            <system-err>
TypeError: Cannot read properties of null (reading &apos;forEach&apos;)
    at YText._integrate (file:///home/ali/IdeaProjects/texera-worktrees/forks/rodeo-pipeline/frontend/node_modules/yjs/dist/yjs.mjs:7088:54)
    at ContentType.integrate (file:///home/ali/IdeaProjects/texera-worktrees/forks/rodeo-pipeline/frontend/node_modules/yjs/dist/yjs.mjs:9446:15)
    at Item.integrate (file:///home/ali/IdeaProjects/texera-worktrees/forks/rodeo-pipeline/frontend/node_modules/yjs/dist/yjs.mjs:10010:20)
    at typeMapSet (file:///home/ali/IdeaProjects/texera-worktrees/forks/rodeo-pipeline/frontend/node_modules/yjs/dist/yjs.mjs:5600:130)
    at file:///home/ali/IdeaProjects/texera-worktrees/forks/rodeo-pipeline/frontend/node_modules/yjs/dist/yjs.mjs:6173:9
    at transact (file:///home/ali/IdeaProjects/texera-worktrees/forks/rodeo-pipeline/frontend/node_modules/yjs/dist/yjs.mjs:3414:14)
    at YMap.set (file:///home/ali/IdeaProjects/texera-worktrees/forks/rodeo-pipeline/frontend/node_modules/yjs/dist/yjs.mjs:6172:7)
    at file:///home/ali/IdeaProjects/texera-worktrees/forks/rodeo-pipeline/frontend/node_modules/yjs/dist/yjs.mjs:6028:12
    at Map.forEach (&lt;anonymous&gt;)
    at YMap._integrate (file:///home/ali/IdeaProjects/texera-worktrees/forks/rodeo-pipeline/frontend/node_modules/yjs/dist/yjs.mjs:6027:60)

            </system-err>
        </testcase>
        <testcase classname="src/app/workspace/service/code-editor/ui-udf-parameters-sync.service.spec.ts" name="UiUdfParametersSyncService &gt; should warn and skip sync when shared code cannot be read" time="0.001595011">
        </testcase>
        <testcase classname="src/app/workspace/service/code-editor/ui-udf-parameters-sync.service.spec.ts" name="UiUdfParametersSyncService &gt; should debounce YText changes and clean up the observer" time="0.008605758">
        </testcase>
    </testsuite>
    <testsuite name="src/app/workspace/service/compile-workflow/workflow-compiling.service.spec.ts" timestamp="2026-08-04T22:49:30.295Z" hostname="ali-Inspiron-15-3520" tests="33" failures="0" errors="0" skipped="0" time="0.538903392">
        <testcase classname="src/app/workspace/service/compile-workflow/workflow-compiling.service.spec.ts" name="WorkflowCompilingService.dropInvalidAttributeValues &gt; drops list entries and resets single attributes that are no longer valid" time="0.008635132">
        </testcase>
        <testcase classname="src/app/workspace/service/compile-workflow/workflow-compiling.service.spec.ts" name="WorkflowCompilingService.dropInvalidAttributeValues &gt; reports no change when all attribute references are valid" time="0.001119791">
        </testcase>
        <testcase classname="src/app/workspace/service/compile-workflow/workflow-compiling.service.spec.ts" name="WorkflowCompilingService.dropInvalidAttributeValues &gt; makes no change when the input schema (enum) is unknown" time="0.001176848">
        </testcase>
        <testcase classname="src/app/workspace/service/compile-workflow/workflow-compiling.service.spec.ts" name="WorkflowCompilingService.dropInvalidAttributeValues &gt; returns the value unchanged for non-object schemas or nullish values" time="0.001015212">
        </testcase>
        <testcase classname="src/app/workspace/service/compile-workflow/workflow-compiling.service.spec.ts" name="WorkflowCompilingService.dropInvalidAttributeValues &gt; skips schema properties that are absent from the value object" time="0.000976597">
        </testcase>
        <testcase classname="src/app/workspace/service/compile-workflow/workflow-compiling.service.spec.ts" name="WorkflowCompilingService schema propagation property cleanup &gt; drops operator property values that the propagated input schema no longer supports" time="0.082594639">
        </testcase>
        <testcase classname="src/app/workspace/service/compile-workflow/workflow-compiling.service.spec.ts" name="WorkflowCompilingService schema propagation property cleanup &gt; leaves valid property values untouched" time="0.070125689">
        </testcase>
        <testcase classname="src/app/workspace/service/compile-workflow/workflow-compiling.service.spec.ts" name="WorkflowCompilingService public getters &gt; getWorkflowCompilationState returns the current state" time="0.011309839">
        </testcase>
        <testcase classname="src/app/workspace/service/compile-workflow/workflow-compiling.service.spec.ts" name="WorkflowCompilingService public getters &gt; getWorkflowCompilationErrors is empty while succeeded or uninitialized" time="0.010342981">
        </testcase>
        <testcase classname="src/app/workspace/service/compile-workflow/workflow-compiling.service.spec.ts" name="WorkflowCompilingService public getters &gt; getWorkflowCompilationErrors surfaces the operator errors when compilation failed" time="0.01439315">
        </testcase>
        <testcase classname="src/app/workspace/service/compile-workflow/workflow-compiling.service.spec.ts" name="WorkflowCompilingService public getters &gt; getCompilationStateInfoChangedStream replays the latest state" time="0.009712513">
        </testcase>
        <testcase classname="src/app/workspace/service/compile-workflow/workflow-compiling.service.spec.ts" name="WorkflowCompilingService public getters &gt; getOperatorOutputSchemaMap returns undefined when uninitialized" time="0.008623173">
        </testcase>
        <testcase classname="src/app/workspace/service/compile-workflow/workflow-compiling.service.spec.ts" name="WorkflowCompilingService public getters &gt; getOperatorOutputSchemaMap returns the operator&apos;s output port schema map" time="0.013255714">
        </testcase>
        <testcase classname="src/app/workspace/service/compile-workflow/workflow-compiling.service.spec.ts" name="WorkflowCompilingService public getters &gt; getPortInputSchema looks the port up by its serialized identity" time="0.024206125">
        </testcase>
        <testcase classname="src/app/workspace/service/compile-workflow/workflow-compiling.service.spec.ts" name="WorkflowCompilingService public getters &gt; getPortInputSchema returns undefined when the operator has no input schema map" time="0.031300596">
        </testcase>
        <testcase classname="src/app/workspace/service/compile-workflow/workflow-compiling.service.spec.ts" name="WorkflowCompilingService public getters &gt; getOperatorInputAttributeType finds the named attribute&apos;s type on the input port" time="0.021082458">
        </testcase>
        <testcase classname="src/app/workspace/service/compile-workflow/workflow-compiling.service.spec.ts" name="WorkflowCompilingService public getters &gt; getOperatorInputSchemaMap returns undefined when uninitialized" time="0.018195235">
        </testcase>
        <testcase classname="src/app/workspace/service/compile-workflow/workflow-compiling.service.spec.ts" name="WorkflowCompilingService public getters &gt; getOperatorInputSchemaMap returns undefined when there is no output schema map" time="0.010544802">
        </testcase>
        <testcase classname="src/app/workspace/service/compile-workflow/workflow-compiling.service.spec.ts" name="WorkflowCompilingService public getters &gt; getOperatorInputSchemaMap returns undefined for an operator with no input links" time="0.082469351">
        </testcase>
        <testcase classname="src/app/workspace/service/compile-workflow/workflow-compiling.service.spec.ts" name="WorkflowCompilingService public getters &gt; getOperatorInputSchemaMap resolves the input port schema from the upstream operator&apos;s output schema" time="0.087965891">
        </testcase>
        <testcase classname="src/app/workspace/service/compile-workflow/workflow-compiling.service.spec.ts" name="WorkflowCompilingService.setOperatorInputAttrs / restoreOperatorInputAttrs &gt; setOperatorInputAttrs &gt; returns the original operator schema unchanged when the input schema map is undefined" time="0.004607649">
        </testcase>
        <testcase classname="src/app/workspace/service/compile-workflow/workflow-compiling.service.spec.ts" name="WorkflowCompilingService.setOperatorInputAttrs / restoreOperatorInputAttrs &gt; setOperatorInputAttrs &gt; returns the original operator schema unchanged when the input schema map is empty" time="0.001167248">
        </testcase>
        <testcase classname="src/app/workspace/service/compile-workflow/workflow-compiling.service.spec.ts" name="WorkflowCompilingService.setOperatorInputAttrs / restoreOperatorInputAttrs &gt; setOperatorInputAttrs &gt; injects the input attribute names as an enum on an optional attributeName property" time="0.001791304">
        </testcase>
        <testcase classname="src/app/workspace/service/compile-workflow/workflow-compiling.service.spec.ts" name="WorkflowCompilingService.setOperatorInputAttrs / restoreOperatorInputAttrs &gt; setOperatorInputAttrs &gt; appends the property&apos;s string default instead of &quot;&quot; for optional properties" time="0.001332346">
        </testcase>
        <testcase classname="src/app/workspace/service/compile-workflow/workflow-compiling.service.spec.ts" name="WorkflowCompilingService.setOperatorInputAttrs / restoreOperatorInputAttrs &gt; setOperatorInputAttrs &gt; throws when the property&apos;s default value is not a string" time="0.002385007">
        </testcase>
        <testcase classname="src/app/workspace/service/compile-workflow/workflow-compiling.service.spec.ts" name="WorkflowCompilingService.setOperatorInputAttrs / restoreOperatorInputAttrs &gt; setOperatorInputAttrs &gt; does not append an empty option for required properties" time="0.004866599">
        </testcase>
        <testcase classname="src/app/workspace/service/compile-workflow/workflow-compiling.service.spec.ts" name="WorkflowCompilingService.setOperatorInputAttrs / restoreOperatorInputAttrs &gt; setOperatorInputAttrs &gt; includes additionalEnumValue before the optional empty option" time="0.001616173">
        </testcase>
        <testcase classname="src/app/workspace/service/compile-workflow/workflow-compiling.service.spec.ts" name="WorkflowCompilingService.setOperatorInputAttrs / restoreOperatorInputAttrs &gt; setOperatorInputAttrs &gt; yields an undefined enum when autofillAttributeOnPort is missing" time="0.001749834">
        </testcase>
        <testcase classname="src/app/workspace/service/compile-workflow/workflow-compiling.service.spec.ts" name="WorkflowCompilingService.setOperatorInputAttrs / restoreOperatorInputAttrs &gt; setOperatorInputAttrs &gt; yields an undefined enum when the referenced input port has no schema" time="0.001327231">
        </testcase>
        <testcase classname="src/app/workspace/service/compile-workflow/workflow-compiling.service.spec.ts" name="WorkflowCompilingService.setOperatorInputAttrs / restoreOperatorInputAttrs &gt; setOperatorInputAttrs &gt; injects the enum into the items of an attributeNameList property" time="0.001603161">
        </testcase>
        <testcase classname="src/app/workspace/service/compile-workflow/workflow-compiling.service.spec.ts" name="WorkflowCompilingService.setOperatorInputAttrs / restoreOperatorInputAttrs &gt; restoreOperatorInputAttrs &gt; clears the injected enum/uniqueItems from an attributeName property" time="0.001645582">
        </testcase>
        <testcase classname="src/app/workspace/service/compile-workflow/workflow-compiling.service.spec.ts" name="WorkflowCompilingService.setOperatorInputAttrs / restoreOperatorInputAttrs &gt; restoreOperatorInputAttrs &gt; clears the injected enum from the items of an attributeNameList property" time="0.001292339">
        </testcase>
        <testcase classname="src/app/workspace/service/compile-workflow/workflow-compiling.service.spec.ts" name="WorkflowCompilingService.setOperatorInputAttrs / restoreOperatorInputAttrs &gt; restoreOperatorInputAttrs &gt; round-trips: restore reverses the enums that setOperatorInputAttrs injected" time="0.002335325">
        </testcase>
    </testsuite>
    <testsuite name="src/app/workspace/service/drag-drop/drag-drop.service.spec.ts" timestamp="2026-08-04T22:49:30.297Z" hostname="ali-Inspiron-15-3520" tests="17" failures="0" errors="0" skipped="0" time="3.427207359">
        <testcase classname="src/app/workspace/service/drag-drop/drag-drop.service.spec.ts" name="DragDropService &gt; should be created" time="0.019197292">
        </testcase>
        <testcase classname="src/app/workspace/service/drag-drop/drag-drop.service.spec.ts" name="DragDropService &gt; should successfully create a new operator link given 2 operator predicates" time="0.011605171">
        </testcase>
        <testcase classname="src/app/workspace/service/drag-drop/drag-drop.service.spec.ts" name="DragDropService &gt; should find 3 input operatorPredicates and 3 output operatorPredicates for an operatorPredicate with 3 input / 3 output ports" time="0.285093484">
        </testcase>
        <testcase classname="src/app/workspace/service/drag-drop/drag-drop.service.spec.ts" name="DragDropService &gt; should publish operatorPredicates to highlight streams when calling &quot;updateHighlighting(prevHighlights,newHighlights)&quot;" time="0.024423521">
        </testcase>
        <testcase classname="src/app/workspace/service/drag-drop/drag-drop.service.spec.ts" name="DragDropService &gt; should not find any operator when the mouse coordinate is greater than the threshold defined" time="0.027128393">
        </testcase>
        <testcase classname="src/app/workspace/service/drag-drop/drag-drop.service.spec.ts" name="DragDropService &gt; should add the dropped operator with links to suggested neighbors and unhighlight prior suggestions" time="1.688142013">
        </testcase>
        <testcase classname="src/app/workspace/service/drag-drop/drag-drop.service.spec.ts" name="DragDropService &gt; doesOperatorIntersectPath (bounding-box vs. path geometry) &gt; returns true when a sampled path point falls inside the operator bounding box" time="0.015033255">
        </testcase>
        <testcase classname="src/app/workspace/service/drag-drop/drag-drop.service.spec.ts" name="DragDropService &gt; doesOperatorIntersectPath (bounding-box vs. path geometry) &gt; returns false when every sampled path point is outside the operator bounding box" time="0.009142219">
        </testcase>
        <testcase classname="src/app/workspace/service/drag-drop/drag-drop.service.spec.ts" name="DragDropService &gt; doesOperatorIntersectPath (bounding-box vs. path geometry) &gt; clamps the number of path samples to a minimum of 5 and a maximum of 20" time="0.013245622">
        </testcase>
        <testcase classname="src/app/workspace/service/drag-drop/drag-drop.service.spec.ts" name="DragDropService &gt; createEdgeReconnectionLinks &gt; splices a new operator into an intersected edge, deleting the original link and returning source→new and new→target links" time="0.105570701">
        </testcase>
        <testcase classname="src/app/workspace/service/drag-drop/drag-drop.service.spec.ts" name="DragDropService &gt; createEdgeReconnectionLinks &gt; falls back to suggestion links and leaves the edge intact when the new operator has no output port" time="0.091515265">
        </testcase>
        <testcase classname="src/app/workspace/service/drag-drop/drag-drop.service.spec.ts" name="DragDropService &gt; dragDropped edge-drop routing and operatorDropStream &gt; routes through edge reconnection and emits operatorDropStream when the drop lands on an existing edge" time="0.402218426">
        </testcase>
        <testcase classname="src/app/workspace/service/drag-drop/drag-drop.service.spec.ts" name="DragDropService &gt; edge-intersection highlighting helpers &gt; toggles the intersected link&apos;s stroke attributes between highlighted and default" time="0.345790701">
        </testcase>
        <testcase classname="src/app/workspace/service/drag-drop/drag-drop.service.spec.ts" name="DragDropService &gt; edge-intersection highlighting helpers &gt; no-ops safely (highlight/clear/findIntersectedLink) when no main paper is attached" time="0.008515708">
        </testcase>
        <testcase classname="src/app/workspace/service/drag-drop/drag-drop.service.spec.ts" name="DragDropService &gt; handleOperatorRecommendationOnDrag (drag lifecycle) &gt; uses fallback mouse coordinates and unit scale when no paper is attached during mousemove" time="0.134277472">
        </testcase>
        <testcase classname="src/app/workspace/service/drag-drop/drag-drop.service.spec.ts" name="DragDropService &gt; handleOperatorRecommendationOnDrag (drag lifecycle) &gt; highlights, re-highlights, and clears intersected edges across mousemove and mouseup" time="0.133711569">
        </testcase>
        <testcase classname="src/app/workspace/service/drag-drop/drag-drop.service.spec.ts" name="DragDropService &gt; findClosestOperators (priority-queue selection and free-port filtering) &gt; keeps only the nearest free-port operator per side and excludes operators with no free ports" time="0.11082687">
        </testcase>
    </testsuite>
    <testsuite name="src/app/workspace/service/dynamic-schema/dynamic-schema.service.spec.ts" timestamp="2026-08-04T22:49:30.298Z" hostname="ali-Inspiron-15-3520" tests="10" failures="0" errors="0" skipped="0" time="0.085985511">
        <testcase classname="src/app/workspace/service/dynamic-schema/dynamic-schema.service.spec.ts" name="DynamicSchemaService &gt; should be created" time="0.009932941">
        </testcase>
        <testcase classname="src/app/workspace/service/dynamic-schema/dynamic-schema.service.spec.ts" name="DynamicSchemaService &gt; should update dynamic schema map when operator is added/deleted" time="0.015098942">
        </testcase>
        <testcase classname="src/app/workspace/service/dynamic-schema/dynamic-schema.service.spec.ts" name="DynamicSchemaService &gt; should call all initial schema transformers when creating a new dynamic schema" time="0.013972689">
        </testcase>
        <testcase classname="src/app/workspace/service/dynamic-schema/dynamic-schema.service.spec.ts" name="DynamicSchemaService &gt; should emit event when dynamic schema is changed" time="0.02229401">
        </testcase>
        <testcase classname="src/app/workspace/service/dynamic-schema/dynamic-schema.service.spec.ts" name="DynamicSchemaService &gt; should not emit event if the updated dynamic schema is same" time="0.01440656">
        </testcase>
        <testcase classname="src/app/workspace/service/dynamic-schema/dynamic-schema.service.spec.ts" name="DynamicSchemaService.mutateProperty &gt; should replace a matched top-level property without mutating the original schema" time="0.003398181">
        </testcase>
        <testcase classname="src/app/workspace/service/dynamic-schema/dynamic-schema.service.spec.ts" name="DynamicSchemaService.mutateProperty &gt; should recurse into nested object properties to find the matched property" time="0.001386427">
        </testcase>
        <testcase classname="src/app/workspace/service/dynamic-schema/dynamic-schema.service.spec.ts" name="DynamicSchemaService.mutateProperty &gt; should recurse into definitions to find the matched property" time="0.000913193">
        </testcase>
        <testcase classname="src/app/workspace/service/dynamic-schema/dynamic-schema.service.spec.ts" name="DynamicSchemaService.mutateProperty &gt; should recurse into array items and single-schema items to find the matched property" time="0.001825402">
        </testcase>
        <testcase classname="src/app/workspace/service/dynamic-schema/dynamic-schema.service.spec.ts" name="DynamicSchemaService.mutateProperty &gt; should not invoke the mutation function when nothing matches" time="0.00164811">
        </testcase>
    </testsuite>
    <testsuite name="src/app/workspace/service/execute-workflow/execute-workflow.service.spec.ts" timestamp="2026-08-04T22:49:30.299Z" hostname="ali-Inspiron-15-3520" tests="35" failures="0" errors="0" skipped="0" time="0.585996917">
        <testcase classname="src/app/workspace/service/execute-workflow/execute-workflow.service.spec.ts" name="ExecuteWorkflowService &gt; should be created" time="0.030530716">
        </testcase>
        <testcase classname="src/app/workspace/service/execute-workflow/execute-workflow.service.spec.ts" name="ExecuteWorkflowService &gt; resetExecutionAndWorkers() clears the execution state and worker assignments" time="0.026815699">
        </testcase>
        <testcase classname="src/app/workspace/service/execute-workflow/execute-workflow.service.spec.ts" name="ExecuteWorkflowService &gt; should generate a logical plan request based on the workflow graph that is passed to the function" time="0.032417604">
        </testcase>
        <testcase classname="src/app/workspace/service/execute-workflow/execute-workflow.service.spec.ts" name="ExecuteWorkflowService &gt; should msg backend when executing workflow" time="0.017934584">
            <system-err>
No computing unit selected for workflow execution

            </system-err>
        </testcase>
        <testcase classname="src/app/workspace/service/execute-workflow/execute-workflow.service.spec.ts" name="ExecuteWorkflowService &gt; it should raise an error when pauseWorkflow() is called without an execution state" time="0.011891976">
        </testcase>
        <testcase classname="src/app/workspace/service/execute-workflow/execute-workflow.service.spec.ts" name="ExecuteWorkflowService &gt; it should raise an error when resumeWorkflow() is called without an execution state" time="0.012105794">
        </testcase>
        <testcase classname="src/app/workspace/service/execute-workflow/execute-workflow.service.spec.ts" name="ExecuteWorkflowService &gt; should execute workflow with email notification successfully" time="0.032046428">
            <system-err>
No computing unit selected for workflow execution

            </system-err>
        </testcase>
        <testcase classname="src/app/workspace/service/execute-workflow/execute-workflow.service.spec.ts" name="ExecuteWorkflowService &gt; should handle failure when executing workflow with email notification" time="0.026731523">
        </testcase>
        <testcase classname="src/app/workspace/service/execute-workflow/execute-workflow.service.spec.ts" name="ExecuteWorkflowService &gt; routes region and worker-assignment websocket events to their dedicated streams" time="0.036385978">
        </testcase>
        <testcase classname="src/app/workspace/service/execute-workflow/execute-workflow.service.spec.ts" name="ExecuteWorkflowService &gt; routes execution-status websocket events into the execution-state stream" time="0.023744109">
        </testcase>
        <testcase classname="src/app/workspace/service/execute-workflow/execute-workflow.service.spec.ts" name="ExecuteWorkflowService &gt; does not re-emit when a websocket event maps to the unchanged execution state" time="0.01008879">
        </testcase>
        <testcase classname="src/app/workspace/service/execute-workflow/execute-workflow.service.spec.ts" name="ExecuteWorkflowService &gt; handleReconfigurationEvent shows an error notification for an invalid ModifyLogicResponse" time="0.00968066">
        </testcase>
        <testcase classname="src/app/workspace/service/execute-workflow/execute-workflow.service.spec.ts" name="ExecuteWorkflowService &gt; handleReconfigurationEvent confirms a valid ModifyLogicResponse" time="0.016338857">
        </testcase>
        <testcase classname="src/app/workspace/service/execute-workflow/execute-workflow.service.spec.ts" name="ExecuteWorkflowService &gt; handleReconfigurationEvent announces a ModifyLogicCompletedEvent with the operator ids" time="0.013694464">
        </testcase>
        <testcase classname="src/app/workspace/service/execute-workflow/execute-workflow.service.spec.ts" name="ExecuteWorkflowService &gt; handleExecutionEvent enters Paused with empty tuples from a non-paused state" time="0.011862758">
        </testcase>
        <testcase classname="src/app/workspace/service/execute-workflow/execute-workflow.service.spec.ts" name="ExecuteWorkflowService &gt; handleExecutionEvent keeps the current state when already Paused" time="0.013745526">
        </testcase>
        <testcase classname="src/app/workspace/service/execute-workflow/execute-workflow.service.spec.ts" name="ExecuteWorkflowService &gt; handleExecutionEvent defers the Failed state to the follow-up error event" time="0.008965015">
        </testcase>
        <testcase classname="src/app/workspace/service/execute-workflow/execute-workflow.service.spec.ts" name="ExecuteWorkflowService &gt; handleExecutionEvent passes through other workflow states" time="0.008745485">
        </testcase>
        <testcase classname="src/app/workspace/service/execute-workflow/execute-workflow.service.spec.ts" name="ExecuteWorkflowService &gt; handleExecutionEvent maps RecoveryStartedEvent to the Recovering state" time="0.011678454">
        </testcase>
        <testcase classname="src/app/workspace/service/execute-workflow/execute-workflow.service.spec.ts" name="ExecuteWorkflowService &gt; handleExecutionEvent merges current tuples on top of the existing paused tuples" time="0.019765464">
        </testcase>
        <testcase classname="src/app/workspace/service/execute-workflow/execute-workflow.service.spec.ts" name="ExecuteWorkflowService &gt; handleExecutionEvent starts a fresh paused-tuples map when not already paused" time="0.01290959">
        </testcase>
        <testcase classname="src/app/workspace/service/execute-workflow/execute-workflow.service.spec.ts" name="ExecuteWorkflowService &gt; handleExecutionEvent maps WorkflowErrorEvent to Failed and rewrites newline escapes" time="0.009371121">
        </testcase>
        <testcase classname="src/app/workspace/service/execute-workflow/execute-workflow.service.spec.ts" name="ExecuteWorkflowService &gt; handleExecutionEvent ignores unrelated events" time="0.012248034">
        </testcase>
        <testcase classname="src/app/workspace/service/execute-workflow/execute-workflow.service.spec.ts" name="ExecuteWorkflowService &gt; getErrorMessages returns the fatal errors while the execution is Failed" time="0.01244628">
        </testcase>
        <testcase classname="src/app/workspace/service/execute-workflow/execute-workflow.service.spec.ts" name="ExecuteWorkflowService &gt; executeWorkflow delegates to executeWorkflowWithEmailNotification with email disabled" time="0.042199665">
        </testcase>
        <testcase classname="src/app/workspace/service/execute-workflow/execute-workflow.service.spec.ts" name="ExecuteWorkflowService &gt; executeWorkflowWithReplay builds a replay request and forwards the replay info" time="0.01128664">
        </testcase>
        <testcase classname="src/app/workspace/service/execute-workflow/execute-workflow.service.spec.ts" name="ExecuteWorkflowService &gt; sendExecutionRequest includes the selected computing unit id in the request" time="0.016035733">
        </testcase>
        <testcase classname="src/app/workspace/service/execute-workflow/execute-workflow.service.spec.ts" name="ExecuteWorkflowService &gt; sendExecutionRequest flags stored pagination info as belonging to a new execution" time="0.013852024">
            <system-err>
No computing unit selected for workflow execution

            </system-err>
        </testcase>
        <testcase classname="src/app/workspace/service/execute-workflow/execute-workflow.service.spec.ts" name="ExecuteWorkflowService &gt; pauseWorkflow sends a pause request while running" time="0.014205433">
        </testcase>
        <testcase classname="src/app/workspace/service/execute-workflow/execute-workflow.service.spec.ts" name="ExecuteWorkflowService &gt; killWorkflow throws in a terminal state and sends a kill request otherwise" time="0.010165779">
        </testcase>
        <testcase classname="src/app/workspace/service/execute-workflow/execute-workflow.service.spec.ts" name="ExecuteWorkflowService &gt; takeGlobalCheckpoint throws when completed and sends a checkpoint request otherwise" time="0.010255762">
        </testcase>
        <testcase classname="src/app/workspace/service/execute-workflow/execute-workflow.service.spec.ts" name="ExecuteWorkflowService &gt; resumeWorkflow sends a resume request while paused" time="0.012296421">
        </testcase>
        <testcase classname="src/app/workspace/service/execute-workflow/execute-workflow.service.spec.ts" name="ExecuteWorkflowService &gt; skipTuples requires a paused state and forwards the workers" time="0.011155583">
        </testcase>
        <testcase classname="src/app/workspace/service/execute-workflow/execute-workflow.service.spec.ts" name="ExecuteWorkflowService &gt; retryExecution requires a paused state and forwards the workers" time="0.010490126">
        </testcase>
        <testcase classname="src/app/workspace/service/execute-workflow/execute-workflow.service.spec.ts" name="ExecuteWorkflowService &gt; modifyOperatorLogic requires a paused state and sends the operator logic" time="0.009789537">
        </testcase>
    </testsuite>
    <testsuite name="src/app/workspace/service/joint-ui/joint-ui.service.spec.ts" timestamp="2026-08-04T22:49:30.301Z" hostname="ali-Inspiron-15-3520" tests="59" failures="0" errors="0" skipped="0" time="0.169229408">
        <testcase classname="src/app/workspace/service/joint-ui/joint-ui.service.spec.ts" name="JointUIService &gt; truncateOperatorDisplayName &gt; returns the name unchanged when it fits within the pixel budget" time="0.001325837">
        </testcase>
        <testcase classname="src/app/workspace/service/joint-ui/joint-ui.service.spec.ts" name="JointUIService &gt; truncateOperatorDisplayName &gt; truncates and appends an ellipsis when the name exceeds the budget" time="0.006533583">
        </testcase>
        <testcase classname="src/app/workspace/service/joint-ui/joint-ui.service.spec.ts" name="JointUIService &gt; truncateOperatorDisplayName &gt; returns an empty string unchanged" time="0.000762411">
        </testcase>
        <testcase classname="src/app/workspace/service/joint-ui/joint-ui.service.spec.ts" name="JointUIService &gt; truncateOperatorDisplayName &gt; truncates CJK characters at code-point boundaries" time="0.000985398">
        </testcase>
        <testcase classname="src/app/workspace/service/joint-ui/joint-ui.service.spec.ts" name="JointUIService &gt; truncateOperatorDisplayName &gt; truncates emoji at grapheme boundaries (no orphan surrogates)" time="0.001077214">
        </testcase>
        <testcase classname="src/app/workspace/service/joint-ui/joint-ui.service.spec.ts" name="JointUIService &gt; truncateOperatorDisplayName &gt; keeps a ZWJ grapheme cluster (family emoji) intact when truncating" time="0.000923231">
        </testcase>
        <testcase classname="src/app/workspace/service/joint-ui/joint-ui.service.spec.ts" name="JointUIService &gt; truncateOperatorDisplayName &gt; falls back to code-point iteration when Intl.Segmenter is unavailable" time="0.000785146">
        </testcase>
        <testcase classname="src/app/workspace/service/joint-ui/joint-ui.service.spec.ts" name="JointUIService &gt; truncateOperatorDisplayName &gt; uses the default canvas-based measurer when no measurer is injected" time="0.001886406">
        </testcase>
        <testcase classname="src/app/workspace/service/joint-ui/joint-ui.service.spec.ts" name="JointUIService &gt; measureOperatorNameWidth &gt; falls back to a per-char approximation when no canvas 2D context is available" time="0.001311276">
        </testcase>
        <testcase classname="src/app/workspace/service/joint-ui/joint-ui.service.spec.ts" name="JointUIService &gt; measureOperatorNameWidth &gt; uses Canvas measureText when a 2D context is available, and caches it" time="0.001629133">
        </testcase>
        <testcase classname="src/app/workspace/service/joint-ui/joint-ui.service.spec.ts" name="JointUIService &gt; changeOperatorJointDisplayName &gt; writes the truncated caption to the joint model&apos;s text attr" time="0.003065525">
        </testcase>
        <testcase classname="src/app/workspace/service/joint-ui/joint-ui.service.spec.ts" name="JointUIService &gt; getOperatorFillColor (static) &gt; returns the disabled fill for an isDisabled=true operator" time="0.000900822">
        </testcase>
        <testcase classname="src/app/workspace/service/joint-ui/joint-ui.service.spec.ts" name="JointUIService &gt; getOperatorFillColor (static) &gt; returns the default white fill for an enabled operator" time="0.000738673">
        </testcase>
        <testcase classname="src/app/workspace/service/joint-ui/joint-ui.service.spec.ts" name="JointUIService &gt; getOperatorCacheDisplayText (static) &gt; returns empty string when cacheStatus is undefined" time="0.001114906">
        </testcase>
        <testcase classname="src/app/workspace/service/joint-ui/joint-ui.service.spec.ts" name="JointUIService &gt; getOperatorCacheDisplayText (static) &gt; returns empty string when the operator is not marked for reuse" time="0.000809497">
        </testcase>
        <testcase classname="src/app/workspace/service/joint-ui/joint-ui.service.spec.ts" name="JointUIService &gt; getOperatorCacheDisplayText (static) &gt; returns the cache status text when both are set" time="0.000695937">
        </testcase>
        <testcase classname="src/app/workspace/service/joint-ui/joint-ui.service.spec.ts" name="JointUIService &gt; getOperatorCacheIcon (static) &gt; returns empty when the operator is not marked for reuse" time="0.001417278">
        </testcase>
        <testcase classname="src/app/workspace/service/joint-ui/joint-ui.service.spec.ts" name="JointUIService &gt; getOperatorCacheIcon (static) &gt; returns the valid-cache icon when cacheStatus is &apos;cache valid&apos;" time="0.001230215">
        </testcase>
        <testcase classname="src/app/workspace/service/joint-ui/joint-ui.service.spec.ts" name="JointUIService &gt; getOperatorCacheIcon (static) &gt; returns the invalid-cache icon for any other status (including undefined)" time="0.00091138">
        </testcase>
        <testcase classname="src/app/workspace/service/joint-ui/joint-ui.service.spec.ts" name="JointUIService &gt; getOperatorViewResultIcon (static) &gt; returns the view-result asset when viewResult=true" time="0.000841326">
        </testcase>
        <testcase classname="src/app/workspace/service/joint-ui/joint-ui.service.spec.ts" name="JointUIService &gt; getOperatorViewResultIcon (static) &gt; returns empty otherwise" time="0.000807932">
        </testcase>
        <testcase classname="src/app/workspace/service/joint-ui/joint-ui.service.spec.ts" name="JointUIService &gt; getJointLinkCell (static) &gt; builds a joint link cell carrying source/target/id from the OperatorLink" time="0.003372795">
        </testcase>
        <testcase classname="src/app/workspace/service/joint-ui/joint-ui.service.spec.ts" name="JointUIService &gt; getDefaultLinkCell (static) &gt; builds a link routed with manhattan and connected with rounded corners" time="0.00150476">
        </testcase>
        <testcase classname="src/app/workspace/service/joint-ui/joint-ui.service.spec.ts" name="JointUIService &gt; getDefaultLinkCell (static) &gt; styles the connection stroke and hides the remove tool by default" time="0.001590084">
        </testcase>
        <testcase classname="src/app/workspace/service/joint-ui/joint-ui.service.spec.ts" name="JointUIService &gt; getDefaultLinkCell (static) &gt; fills the source and target markers with the handle color" time="0.001340853">
        </testcase>
        <testcase classname="src/app/workspace/service/joint-ui/joint-ui.service.spec.ts" name="JointUIService &gt; getJointUserPointerName (static) &gt; prefixes the coeditor clientId with &apos;pointer_&apos;" time="0.000838589">
        </testcase>
        <testcase classname="src/app/workspace/service/joint-ui/joint-ui.service.spec.ts" name="JointUIService &gt; getJointUserPointerCell (static) &gt; builds a circle cell whose id matches getJointUserPointerName" time="0.002115904">
        </testcase>
        <testcase classname="src/app/workspace/service/joint-ui/joint-ui.service.spec.ts" name="JointUIService &gt; changeOperatorColor &gt; paints the body stroke neutral for a valid operator" time="0.001714471">
        </testcase>
        <testcase classname="src/app/workspace/service/joint-ui/joint-ui.service.spec.ts" name="JointUIService &gt; changeOperatorColor &gt; paints the body stroke red for an invalid operator" time="0.001300884">
        </testcase>
        <testcase classname="src/app/workspace/service/joint-ui/joint-ui.service.spec.ts" name="JointUIService &gt; changeOperatorState &gt; writes fill=&apos;#a6bd37&apos; for state=Ready" time="0.001833514">
        </testcase>
        <testcase classname="src/app/workspace/service/joint-ui/joint-ui.service.spec.ts" name="JointUIService &gt; changeOperatorState &gt; writes fill=&apos;green&apos; for state=Completed" time="0.001895511">
        </testcase>
        <testcase classname="src/app/workspace/service/joint-ui/joint-ui.service.spec.ts" name="JointUIService &gt; changeOperatorState &gt; writes fill=&apos;magenta&apos; for state=Paused" time="0.001195206">
        </testcase>
        <testcase classname="src/app/workspace/service/joint-ui/joint-ui.service.spec.ts" name="JointUIService &gt; changeOperatorState &gt; writes fill=&apos;magenta&apos; for state=Pausing" time="0.001273837">
        </testcase>
        <testcase classname="src/app/workspace/service/joint-ui/joint-ui.service.spec.ts" name="JointUIService &gt; changeOperatorState &gt; writes fill=&apos;orange&apos; for state=Running" time="0.001257457">
        </testcase>
        <testcase classname="src/app/workspace/service/joint-ui/joint-ui.service.spec.ts" name="JointUIService &gt; changeOperatorState &gt; writes fill=&apos;gray&apos; for state=Uninitialized" time="0.001037173">
        </testcase>
        <testcase classname="src/app/workspace/service/joint-ui/joint-ui.service.spec.ts" name="JointUIService &gt; foldOperatorDetails / unfoldOperatorDetails &gt; hides operator state + metric texts and the action buttons when folded" time="0.001571315">
        </testcase>
        <testcase classname="src/app/workspace/service/joint-ui/joint-ui.service.spec.ts" name="JointUIService &gt; foldOperatorDetails / unfoldOperatorDetails &gt; reveals the same surface when unfolded" time="0.002086451">
        </testcase>
        <testcase classname="src/app/workspace/service/joint-ui/joint-ui.service.spec.ts" name="JointUIService &gt; showAgentActionLabel / hideAgentActionLabel &gt; writes the action label with the agent name prefix when the model exists" time="0.001409148">
        </testcase>
        <testcase classname="src/app/workspace/service/joint-ui/joint-ui.service.spec.ts" name="JointUIService &gt; showAgentActionLabel / hideAgentActionLabel &gt; uses the default &apos;Agent&apos; name when none is supplied" time="0.001110556">
        </testcase>
        <testcase classname="src/app/workspace/service/joint-ui/joint-ui.service.spec.ts" name="JointUIService &gt; showAgentActionLabel / hideAgentActionLabel &gt; no-ops when the model is missing" time="0.001274444">
        </testcase>
        <testcase classname="src/app/workspace/service/joint-ui/joint-ui.service.spec.ts" name="JointUIService &gt; showAgentActionLabel / hideAgentActionLabel &gt; clears the label text and hides it on hideAgentActionLabel" time="0.001257136">
        </testcase>
        <testcase classname="src/app/workspace/service/joint-ui/joint-ui.service.spec.ts" name="JointUIService &gt; showAgentActionLabel / hideAgentActionLabel &gt; hideAgentActionLabel is a no-op when the model is missing" time="0.001399678">
        </testcase>
        <testcase classname="src/app/workspace/service/joint-ui/joint-ui.service.spec.ts" name="JointUIService &gt; getCommentElement &gt; builds a comment element with the supplied commentBoxID and position" time="0.0040223">
        </testcase>
        <testcase classname="src/app/workspace/service/joint-ui/joint-ui.service.spec.ts" name="JointUIService &gt; getCommentElement &gt; falls back to (0,0) when commentBoxPosition is missing" time="0.002628386">
        </testcase>
        <testcase classname="src/app/workspace/service/joint-ui/joint-ui.service.spec.ts" name="JointUIService &gt; getJointOperatorElement &gt; throws when the operator type isn&apos;t in the loaded schema list" time="0.001348448">
        </testcase>
        <testcase classname="src/app/workspace/service/joint-ui/joint-ui.service.spec.ts" name="JointUIService &gt; getJointOperatorElement &gt; returns an element carrying the predicate&apos;s operatorID and z-index 1" time="0.021307315">
        </testcase>
        <testcase classname="src/app/workspace/service/joint-ui/joint-ui.service.spec.ts" name="JointUIService &gt; getJointOperatorElement &gt; emits add/remove port buttons in the markup when dynamicInputPorts and dynamicOutputPorts are true" time="0.005111894">
        </testcase>
        <testcase classname="src/app/workspace/service/joint-ui/joint-ui.service.spec.ts" name="JointUIService &gt; getJointOperatorElement &gt; renders customDisplayName in the operator name attr when supplied" time="0.005372151">
        </testcase>
        <testcase classname="src/app/workspace/service/joint-ui/joint-ui.service.spec.ts" name="JointUIService &gt; changeOperatorState — port label re-coloring &gt; re-paints every input and output port label to the state&apos;s fill color" time="0.022455843">
        </testcase>
        <testcase classname="src/app/workspace/service/joint-ui/joint-ui.service.spec.ts" name="JointUIService &gt; changeOperatorDisableStatus &gt; paints the body fill with the disabled grey color for a disabled operator" time="0.00552836">
        </testcase>
        <testcase classname="src/app/workspace/service/joint-ui/joint-ui.service.spec.ts" name="JointUIService &gt; changeOperatorDisableStatus &gt; paints the body fill with the default white color for an enabled operator" time="0.007079531">
        </testcase>
        <testcase classname="src/app/workspace/service/joint-ui/joint-ui.service.spec.ts" name="JointUIService &gt; changeOperatorViewResultStatus &gt; writes the view-result asset path when viewResult is true" time="0.001747118">
        </testcase>
        <testcase classname="src/app/workspace/service/joint-ui/joint-ui.service.spec.ts" name="JointUIService &gt; changeOperatorViewResultStatus &gt; writes the empty asset path when viewResult is missing/false" time="0.001343214">
        </testcase>
        <testcase classname="src/app/workspace/service/joint-ui/joint-ui.service.spec.ts" name="JointUIService &gt; changeOperatorReuseCacheStatus &gt; writes both the reuse-cache icon and the view-result icon when the cache is valid" time="0.004784828">
        </testcase>
        <testcase classname="src/app/workspace/service/joint-ui/joint-ui.service.spec.ts" name="JointUIService &gt; changeOperatorReuseCacheStatus &gt; writes the empty path for both icons when the operator isn&apos;t marked for reuse" time="0.001521842">
        </testcase>
        <testcase classname="src/app/workspace/service/joint-ui/joint-ui.service.spec.ts" name="JointUIService &gt; changeOperatorStatistics &gt; falls back to the Uninitialized state when statistics is undefined" time="0.001893317">
        </testcase>
        <testcase classname="src/app/workspace/service/joint-ui/joint-ui.service.spec.ts" name="JointUIService &gt; changeOperatorStatistics &gt; writes per-port counts derived from inputPortMetrics and outputPortMetrics" time="0.012921802">
        </testcase>
        <testcase classname="src/app/workspace/service/joint-ui/joint-ui.service.spec.ts" name="JointUIService &gt; changeOperatorStatistics &gt; writes the worker count label when statistics include numWorkers" time="0.001898847">
        </testcase>
        <testcase classname="src/app/workspace/service/joint-ui/joint-ui.service.spec.ts" name="JointUIService &gt; changeOperatorStatistics &gt; defaults the worker count to 1 when numWorkers is unspecified" time="0.001601901">
        </testcase>
    </testsuite>
    <testsuite name="src/app/workspace/service/jupyter-panel/jupyter-panel.service.spec.ts" timestamp="2026-08-04T22:49:30.305Z" hostname="ali-Inspiron-15-3520" tests="24" failures="0" errors="0" skipped="0" time="0.176889909">
        <testcase classname="src/app/workspace/service/jupyter-panel/jupyter-panel.service.spec.ts" name="JupyterPanelService &gt; should open and close panel" time="0.01003972">
        </testcase>
        <testcase classname="src/app/workspace/service/jupyter-panel/jupyter-panel.service.spec.ts" name="JupyterPanelService &gt; should minimize panel" time="0.011841725">
        </testcase>
        <testcase classname="src/app/workspace/service/jupyter-panel/jupyter-panel.service.spec.ts" name="JupyterPanelService &gt; should warn if no mapping exists" time="0.008901415">
        </testcase>
        <testcase classname="src/app/workspace/service/jupyter-panel/jupyter-panel.service.spec.ts" name="JupyterPanelService &gt; should open panel if mapping exists" time="0.004687942">
        </testcase>
        <testcase classname="src/app/workspace/service/jupyter-panel/jupyter-panel.service.spec.ts" name="JupyterPanelService &gt; should open panel only for correct name" time="0.006936074">
        </testcase>
        <testcase classname="src/app/workspace/service/jupyter-panel/jupyter-panel.service.spec.ts" name="JupyterPanelService &gt; should return 0 when exists=false" time="0.007085831">
        </testcase>
        <testcase classname="src/app/workspace/service/jupyter-panel/jupyter-panel.service.spec.ts" name="JupyterPanelService &gt; sets jupyterNotebookExists$ true after a workflow&apos;s notebook is fetched" time="0.00844935">
        </testcase>
        <testcase classname="src/app/workspace/service/jupyter-panel/jupyter-panel.service.spec.ts" name="JupyterPanelService &gt; init subscribes, drops the stale mapping, and fetches for the new workflow" time="0.007586961">
        </testcase>
        <testcase classname="src/app/workspace/service/jupyter-panel/jupyter-panel.service.spec.ts" name="JupyterPanelService &gt; init clears the highlight index on every workflow change" time="0.008268158">
        </testcase>
        <testcase classname="src/app/workspace/service/jupyter-panel/jupyter-panel.service.spec.ts" name="JupyterPanelService &gt; init does not fetch for an unsaved workflow (undefined wid)" time="0.004766612">
        </testcase>
        <testcase classname="src/app/workspace/service/jupyter-panel/jupyter-panel.service.spec.ts" name="JupyterPanelService &gt; should store iframe reference" time="0.005185102">
        </testcase>
        <testcase classname="src/app/workspace/service/jupyter-panel/jupyter-panel.service.spec.ts" name="JupyterPanelService &gt; should highlight operators and links" time="0.00661177">
        </testcase>
        <testcase classname="src/app/workspace/service/jupyter-panel/jupyter-panel.service.spec.ts" name="JupyterPanelService &gt; handleNotebookMessage highlights only for messages from the iframe at the Jupyter origin" time="0.013215524">
        </testcase>
        <testcase classname="src/app/workspace/service/jupyter-panel/jupyter-panel.service.spec.ts" name="JupyterPanelService &gt; precomputes component mappings even when the graph has no links" time="0.005810062">
        </testcase>
        <testcase classname="src/app/workspace/service/jupyter-panel/jupyter-panel.service.spec.ts" name="JupyterPanelService &gt; resets the highlight mapping on each precompute" time="0.008221021">
        </testcase>
        <testcase classname="src/app/workspace/service/jupyter-panel/jupyter-panel.service.spec.ts" name="JupyterPanelService &gt; should postMessage when mapping exists" time="0.00562816">
        </testcase>
        <testcase classname="src/app/workspace/service/jupyter-panel/jupyter-panel.service.spec.ts" name="JupyterPanelService &gt; does not postMessage when the operator maps to no cells" time="0.012618867">
            <system-err>
No cells mapped to operator: op1

            </system-err>
        </testcase>
        <testcase classname="src/app/workspace/service/jupyter-panel/jupyter-panel.service.spec.ts" name="JupyterPanelService &gt; resolves the Jupyter URL only once across multiple clicks" time="0.005098456">
        </testcase>
        <testcase classname="src/app/workspace/service/jupyter-panel/jupyter-panel.service.spec.ts" name="JupyterPanelService &gt; when the feature flag is disabled &gt; init does not subscribe to workflowMetaDataChanged" time="0.006028389">
        </testcase>
        <testcase classname="src/app/workspace/service/jupyter-panel/jupyter-panel.service.spec.ts" name="JupyterPanelService &gt; when the feature flag is disabled &gt; openPanel does not flip the visibility stream" time="0.006937399">
        </testcase>
        <testcase classname="src/app/workspace/service/jupyter-panel/jupyter-panel.service.spec.ts" name="JupyterPanelService &gt; when the feature flag is disabled &gt; closeJupyterNotebookPanel does not flip visibility or delete the mapping" time="0.005528341">
        </testcase>
        <testcase classname="src/app/workspace/service/jupyter-panel/jupyter-panel.service.spec.ts" name="JupyterPanelService &gt; when the feature flag is disabled &gt; minimizeJupyterNotebookPanel does not flip visibility" time="0.004679315">
        </testcase>
        <testcase classname="src/app/workspace/service/jupyter-panel/jupyter-panel.service.spec.ts" name="JupyterPanelService &gt; when the feature flag is disabled &gt; openJupyterNotebookPanel does not warn or flip visibility" time="0.005932088">
        </testcase>
        <testcase classname="src/app/workspace/service/jupyter-panel/jupyter-panel.service.spec.ts" name="JupyterPanelService &gt; when the feature flag is disabled &gt; onWorkflowComponentClick does not postMessage to the iframe" time="0.004850835">
        </testcase>
    </testsuite>
    <testsuite name="src/app/workspace/service/notebook-migration/migration-llm.spec.ts" timestamp="2026-08-04T22:49:30.306Z" hostname="ali-Inspiron-15-3520" tests="27" failures="0" errors="0" skipped="0" time="0.063418902">
        <testcase classname="src/app/workspace/service/notebook-migration/migration-llm.spec.ts" name="NotebookMigrationLLM &gt; convertNotebookToWorkflow &gt; builds operators, links, positions, and a bidirectional mapping" time="0.012695483">
        </testcase>
        <testcase classname="src/app/workspace/service/notebook-migration/migration-llm.spec.ts" name="NotebookMigrationLLM &gt; convertNotebookToWorkflow &gt; types intermediate UDF outputs as binary and terminal UDF outputs as string" time="0.002951618">
        </testcase>
        <testcase classname="src/app/workspace/service/notebook-migration/migration-llm.spec.ts" name="NotebookMigrationLLM &gt; convertNotebookToWorkflow &gt; maps multiple cells onto the same UDF, and one cell onto multiple UDFs" time="0.002590889">
        </testcase>
        <testcase classname="src/app/workspace/service/notebook-migration/migration-llm.spec.ts" name="NotebookMigrationLLM &gt; convertNotebookToWorkflow &gt; skips (with a warning) an edge that references an unknown UDF id" time="0.006158476">
        </testcase>
        <testcase classname="src/app/workspace/service/notebook-migration/migration-llm.spec.ts" name="NotebookMigrationLLM &gt; convertNotebookToWorkflow &gt; skips (with a warning) a mapping entry that references an unknown UDF id" time="0.003381978">
        </testcase>
        <testcase classname="src/app/workspace/service/notebook-migration/migration-llm.spec.ts" name="NotebookMigrationLLM &gt; convertNotebookToWorkflow &gt; handles empty code, edges, and outputs" time="0.003273594">
        </testcase>
        <testcase classname="src/app/workspace/service/notebook-migration/migration-llm.spec.ts" name="NotebookMigrationLLM &gt; convertNotebookToWorkflow &gt; rejects when a code cell is missing metadata.uuid" time="0.004246283">
        </testcase>
        <testcase classname="src/app/workspace/service/notebook-migration/migration-llm.spec.ts" name="NotebookMigrationLLM &gt; convertNotebookToWorkflow &gt; joins array-form cell source (nbformat lines) without inserting commas" time="0.001815339">
        </testcase>
        <testcase classname="src/app/workspace/service/notebook-migration/migration-llm.spec.ts" name="NotebookMigrationLLM &gt; convertNotebookToWorkflow &gt; resets conversation history between conversions so a prior notebook does not leak" time="0.001779624">
        </testcase>
        <testcase classname="src/app/workspace/service/notebook-migration/migration-llm.spec.ts" name="NotebookMigrationLLM &gt; parseJsonResponse &gt; parses bare JSON" time="0.000874959">
        </testcase>
        <testcase classname="src/app/workspace/service/notebook-migration/migration-llm.spec.ts" name="NotebookMigrationLLM &gt; parseJsonResponse &gt; strips a ```json fence" time="0.000759102">
        </testcase>
        <testcase classname="src/app/workspace/service/notebook-migration/migration-llm.spec.ts" name="NotebookMigrationLLM &gt; parseJsonResponse &gt; strips a plain ``` fence" time="0.000689364">
        </testcase>
        <testcase classname="src/app/workspace/service/notebook-migration/migration-llm.spec.ts" name="NotebookMigrationLLM &gt; parseJsonResponse &gt; tolerates surrounding whitespace and newlines around the fence" time="0.000499983">
        </testcase>
        <testcase classname="src/app/workspace/service/notebook-migration/migration-llm.spec.ts" name="NotebookMigrationLLM &gt; parseJsonResponse &gt; throws a contextual error on malformed JSON" time="0.000750896">
        </testcase>
        <testcase classname="src/app/workspace/service/notebook-migration/migration-llm.spec.ts" name="NotebookMigrationLLM &gt; parseJsonResponse &gt; extracts fenced JSON even when surrounded by prose" time="0.000743489">
        </testcase>
        <testcase classname="src/app/workspace/service/notebook-migration/migration-llm.spec.ts" name="NotebookMigrationLLM &gt; parseJsonResponse &gt; extracts the outermost object from fence-less prose" time="0.00057891">
        </testcase>
        <testcase classname="src/app/workspace/service/notebook-migration/migration-llm.spec.ts" name="NotebookMigrationLLM &gt; feature flag guard &gt; initialize() throws when the migration feature is disabled" time="0.000668685">
        </testcase>
        <testcase classname="src/app/workspace/service/notebook-migration/migration-llm.spec.ts" name="NotebookMigrationLLM &gt; feature flag guard &gt; convertNotebookToWorkflow() rejects when the migration feature is disabled" time="0.001865071">
        </testcase>
        <testcase classname="src/app/workspace/service/notebook-migration/migration-llm.spec.ts" name="NotebookMigrationLLM &gt; initialize &gt; defaults the access token to an empty string when AuthService returns null and none is passed" time="0.001810509">
        </testcase>
        <testcase classname="src/app/workspace/service/notebook-migration/migration-llm.spec.ts" name="NotebookMigrationLLM &gt; verifyConnection &gt; returns false without prompting when the feature is disabled" time="0.000941837">
        </testcase>
        <testcase classname="src/app/workspace/service/notebook-migration/migration-llm.spec.ts" name="NotebookMigrationLLM &gt; verifyConnection &gt; throws when the session has not been initialized" time="0.001303328">
        </testcase>
        <testcase classname="src/app/workspace/service/notebook-migration/migration-llm.spec.ts" name="NotebookMigrationLLM &gt; verifyConnection &gt; returns true and pings the model with a capped token budget on success" time="0.001013459">
        </testcase>
        <testcase classname="src/app/workspace/service/notebook-migration/migration-llm.spec.ts" name="NotebookMigrationLLM &gt; verifyConnection &gt; returns false and logs the error when the ping fails" time="0.002424136">
        </testcase>
        <testcase classname="src/app/workspace/service/notebook-migration/migration-llm.spec.ts" name="NotebookMigrationLLM &gt; initialization guards &gt; convertNotebookToWorkflow() rejects when the session is enabled but not initialized" time="0.00185314">
        </testcase>
        <testcase classname="src/app/workspace/service/notebook-migration/migration-llm.spec.ts" name="NotebookMigrationLLM &gt; initialization guards &gt; sendPrompt() rejects when the session is not initialized" time="0.001598113">
        </testcase>
        <testcase classname="src/app/workspace/service/notebook-migration/migration-llm.spec.ts" name="NotebookMigrationLLM &gt; convertNotebookToWorkflow response-shape tolerance &gt; tolerates a workflow response with no edges or outputs keys" time="0.002178974">
        </testcase>
        <testcase classname="src/app/workspace/service/notebook-migration/migration-llm.spec.ts" name="NotebookMigrationLLM &gt; close &gt; clears session state so subsequent conversions report an uninitialized session" time="0.002627015">
        </testcase>
    </testsuite>
    <testsuite name="src/app/workspace/service/notebook-migration/notebook-migration.service.spec.ts" timestamp="2026-08-04T22:49:30.308Z" hostname="ali-Inspiron-15-3520" tests="23" failures="0" errors="0" skipped="0" time="0.230576499">
        <testcase classname="src/app/workspace/service/notebook-migration/notebook-migration.service.spec.ts" name="NotebookMigrationService &gt; should fetch and map available models" time="0.007060014">
        </testcase>
        <testcase classname="src/app/workspace/service/notebook-migration/notebook-migration.service.spec.ts" name="NotebookMigrationService &gt; should return empty array on getAvailableModels error" time="0.005725158">
            <system-err>
Failed to fetch models HttpErrorResponse {
  headers: HttpHeaders {
    headers: Map(0) {},
    normalizedNames: Map(0) {},
    lazyInit: undefined,
    lazyUpdate: null
  },
  status: 0,
  statusText: &apos;Unknown Error&apos;,
  url: &apos;api/models&apos;,
  ok: false,
  type: undefined,
  redirected: undefined,
  responseType: undefined,
  name: &apos;HttpErrorResponse&apos;,
  message: &apos;Http failure response for api/models: 0 &apos;,
  error: ErrorEvent { isTrusted: [Getter] }
}

            </system-err>
        </testcase>
        <testcase classname="src/app/workspace/service/notebook-migration/notebook-migration.service.spec.ts" name="NotebookMigrationService &gt; should send notebook successfully and return 1" time="0.031838904">
        </testcase>
        <testcase classname="src/app/workspace/service/notebook-migration/notebook-migration.service.spec.ts" name="NotebookMigrationService &gt; should handle error when sending notebook and return 0" time="0.013000427">
            <system-err>
Error sending notebook to pod:  HttpErrorResponse {
  headers: HttpHeaders {
    headers: Map(0) {},
    normalizedNames: Map(0) {},
    lazyInit: undefined,
    lazyUpdate: null
  },
  status: 0,
  statusText: &apos;Unknown Error&apos;,
  url: &apos;api/notebook-migration/set-notebook&apos;,
  ok: false,
  type: undefined,
  redirected: undefined,
  responseType: undefined,
  name: &apos;HttpErrorResponse&apos;,
  message: &apos;Http failure response for api/notebook-migration/set-notebook: 0 &apos;,
  error: ErrorEvent { isTrusted: [Getter] }
}

            </system-err>
        </testcase>
        <testcase classname="src/app/workspace/service/notebook-migration/notebook-migration.service.spec.ts" name="NotebookMigrationService &gt; includes the Error message in the failure toast when an Error is thrown" time="0.030200203">
            <system-err>
Error sending notebook to pod:  Error: network down
    at /home/ali/IdeaProjects/texera-worktrees/forks/rodeo-pipeline/frontend/src/app/workspace/service/notebook-migration/notebook-migration.service.spec.ts:136:83
    at Observable.init [as _subscribe] (/home/ali/IdeaProjects/texera-worktrees/forks/rodeo-pipeline/frontend/node_modules/rxjs/dist/cjs/internal/observable/throwError.js:8:64)
    at Observable._trySubscribe (/home/ali/IdeaProjects/texera-worktrees/forks/rodeo-pipeline/frontend/node_modules/rxjs/dist/cjs/internal/Observable.js:41:25)
    at /home/ali/IdeaProjects/texera-worktrees/forks/rodeo-pipeline/frontend/node_modules/rxjs/dist/cjs/internal/Observable.js:35:31
    at Object.errorContext (/home/ali/IdeaProjects/texera-worktrees/forks/rodeo-pipeline/frontend/node_modules/rxjs/dist/cjs/internal/util/errorContext.js:22:9)
    at Observable.subscribe (/home/ali/IdeaProjects/texera-worktrees/forks/rodeo-pipeline/frontend/node_modules/rxjs/dist/cjs/internal/Observable.js:26:24)
    at /home/ali/IdeaProjects/texera-worktrees/forks/rodeo-pipeline/frontend/node_modules/rxjs/dist/cjs/internal/firstValueFrom.js:24:16
    at new ZoneAwarePromise (/home/ali/IdeaProjects/texera-worktrees/forks/rodeo-pipeline/frontend/node_modules/zone.js/fesm2015/zone.js:2701:25)
    at firstValueFrom (/home/ali/IdeaProjects/texera-worktrees/forks/rodeo-pipeline/frontend/node_modules/rxjs/dist/cjs/internal/firstValueFrom.js:8:12)
    at _NotebookMigrationService.&lt;anonymous&gt; (/home/ali/IdeaProjects/texera-worktrees/forks/rodeo-pipeline/frontend/src/app/workspace/service/notebook-migration/notebook-migration.service.ts:137:13)

            </system-err>
        </testcase>
        <testcase classname="src/app/workspace/service/notebook-migration/notebook-migration.service.spec.ts" name="NotebookMigrationService &gt; should return Jupyter URL when the request succeeds" time="0.004715827">
        </testcase>
        <testcase classname="src/app/workspace/service/notebook-migration/notebook-migration.service.spec.ts" name="NotebookMigrationService &gt; should return null when the Jupyter URL request fails" time="0.005352116">
            <system-err>
Error fetching Jupyter URL: HttpErrorResponse {
  headers: HttpHeaders {
    headers: Map(0) {},
    normalizedNames: Map(0) {},
    lazyInit: undefined,
    lazyUpdate: null
  },
  status: 500,
  statusText: &apos;Server Error&apos;,
  url: &apos;api/notebook-migration/get-jupyter-url&apos;,
  ok: false,
  type: undefined,
  redirected: undefined,
  responseType: undefined,
  name: &apos;HttpErrorResponse&apos;,
  message: &apos;Http failure response for api/notebook-migration/get-jupyter-url: 500 Server Error&apos;,
  error: { success: false }
}

            </system-err>
        </testcase>
        <testcase classname="src/app/workspace/service/notebook-migration/notebook-migration.service.spec.ts" name="NotebookMigrationService &gt; should return null when the Jupyter URL response is 200 but unsuccessful" time="0.006287841">
            <system-err>
Jupyter server unavailable

            </system-err>
        </testcase>
        <testcase classname="src/app/workspace/service/notebook-migration/notebook-migration.service.spec.ts" name="NotebookMigrationService &gt; should return iframe URL when the request succeeds" time="0.007704905">
        </testcase>
        <testcase classname="src/app/workspace/service/notebook-migration/notebook-migration.service.spec.ts" name="NotebookMigrationService &gt; should return null when the iframe URL request fails" time="0.010118176">
            <system-err>
Error fetching Jupyter iframe URL: HttpErrorResponse {
  headers: HttpHeaders {
    headers: Map(0) {},
    normalizedNames: Map(0) {},
    lazyInit: undefined,
    lazyUpdate: null
  },
  status: 500,
  statusText: &apos;Server Error&apos;,
  url: &apos;api/notebook-migration/get-jupyter-iframe-url&apos;,
  ok: false,
  type: undefined,
  redirected: undefined,
  responseType: undefined,
  name: &apos;HttpErrorResponse&apos;,
  message: &apos;Http failure response for api/notebook-migration/get-jupyter-iframe-url: 500 Server Error&apos;,
  error: { success: false }
}

            </system-err>
        </testcase>
        <testcase classname="src/app/workspace/service/notebook-migration/notebook-migration.service.spec.ts" name="NotebookMigrationService &gt; should return null when the iframe URL response is 200 but unsuccessful" time="0.00498714">
            <system-err>
Jupyter server unavailable

            </system-err>
        </testcase>
        <testcase classname="src/app/workspace/service/notebook-migration/notebook-migration.service.spec.ts" name="NotebookMigrationService &gt; should set and get mapping" time="0.003246866">
        </testcase>
        <testcase classname="src/app/workspace/service/notebook-migration/notebook-migration.service.spec.ts" name="NotebookMigrationService &gt; should delete mapping" time="0.003160523">
        </testcase>
        <testcase classname="src/app/workspace/service/notebook-migration/notebook-migration.service.spec.ts" name="NotebookMigrationService &gt; should call storeNotebookAndMapping API" time="0.004326144">
        </testcase>
        <testcase classname="src/app/workspace/service/notebook-migration/notebook-migration.service.spec.ts" name="NotebookMigrationService &gt; sendToAIGenerateWorkflow (enabled) &gt; returns the parsed workflow and mapping, and closes the client" time="0.004409142">
        </testcase>
        <testcase classname="src/app/workspace/service/notebook-migration/notebook-migration.service.spec.ts" name="NotebookMigrationService &gt; sendToAIGenerateWorkflow (enabled) &gt; rejects when the connection cannot be verified, and still closes the client" time="0.007287742">
        </testcase>
        <testcase classname="src/app/workspace/service/notebook-migration/notebook-migration.service.spec.ts" name="NotebookMigrationService &gt; sendToAIGenerateWorkflow (enabled) &gt; rethrows conversion errors and still closes the client" time="0.011838721">
            <system-err>
Error converting notebook: Error: conversion boom
    at /home/ali/IdeaProjects/texera-worktrees/forks/rodeo-pipeline/frontend/src/app/workspace/service/notebook-migration/notebook-migration.service.spec.ts:276:59
    at Generator.next (&lt;anonymous&gt;)
    at /home/ali/IdeaProjects/texera-worktrees/forks/rodeo-pipeline/frontend/chunk-4FID45YU.js:144:61
    at new ZoneAwarePromise (/home/ali/IdeaProjects/texera-worktrees/forks/rodeo-pipeline/frontend/node_modules/zone.js/fesm2015/zone.js:2701:25)
    at __async (/home/ali/IdeaProjects/texera-worktrees/forks/rodeo-pipeline/frontend/chunk-4FID45YU.js:128:10)
    at /home/ali/IdeaProjects/texera-worktrees/forks/rodeo-pipeline/frontend/src/app/workspace/service/notebook-migration/notebook-migration.service.spec.ts:275:77
    at /home/ali/IdeaProjects/texera-worktrees/forks/rodeo-pipeline/frontend/src/test-zone-setup.ts:90:33
    at _ZoneDelegate.invoke (/home/ali/IdeaProjects/texera-worktrees/forks/rodeo-pipeline/frontend/node_modules/zone.js/fesm2015/zone.js:398:28)
    at ProxyZoneSpec.onInvoke (/home/ali/IdeaProjects/texera-worktrees/forks/rodeo-pipeline/frontend/node_modules/zone.js/fesm2015/zone-testing.js:2132:39)
    at _ZoneDelegate.invoke (/home/ali/IdeaProjects/texera-worktrees/forks/rodeo-pipeline/frontend/node_modules/zone.js/fesm2015/zone.js:397:34)

            </system-err>
        </testcase>
        <testcase classname="src/app/workspace/service/notebook-migration/notebook-migration.service.spec.ts" name="NotebookMigrationService &gt; when the feature flag is disabled &gt; getAvailableModels emits an empty array and makes no HTTP call" time="0.012880962">
        </testcase>
        <testcase classname="src/app/workspace/service/notebook-migration/notebook-migration.service.spec.ts" name="NotebookMigrationService &gt; when the feature flag is disabled &gt; sendToAIGenerateWorkflow rejects with a disabled-feature error" time="0.013126353">
        </testcase>
        <testcase classname="src/app/workspace/service/notebook-migration/notebook-migration.service.spec.ts" name="NotebookMigrationService &gt; when the feature flag is disabled &gt; sendNotebookToJupyter returns 0 with no HTTP call or notification" time="0.009965514">
        </testcase>
        <testcase classname="src/app/workspace/service/notebook-migration/notebook-migration.service.spec.ts" name="NotebookMigrationService &gt; when the feature flag is disabled &gt; getJupyterURL returns null without making an HTTP call" time="0.013987605">
        </testcase>
        <testcase classname="src/app/workspace/service/notebook-migration/notebook-migration.service.spec.ts" name="NotebookMigrationService &gt; when the feature flag is disabled &gt; getJupyterIframeURL returns null without making an HTTP call" time="0.011880121">
        </testcase>
        <testcase classname="src/app/workspace/service/notebook-migration/notebook-migration.service.spec.ts" name="NotebookMigrationService &gt; when the feature flag is disabled &gt; storeNotebookAndMapping emits a disabled result without making an HTTP call" time="0.005741644">
        </testcase>
    </testsuite>
    <testsuite name="src/app/workspace/service/operator-debug/udf-debug.service.spec.ts" timestamp="2026-08-04T22:49:30.310Z" hostname="ali-Inspiron-15-3520" tests="21" failures="0" errors="0" skipped="0" time="0.443774203">
        <testcase classname="src/app/workspace/service/operator-debug/udf-debug.service.spec.ts" name="UdfDebugServiceSpec &gt; should initialize debug handlers on service creation" time="0.07235209">
        </testcase>
        <testcase classname="src/app/workspace/service/operator-debug/udf-debug.service.spec.ts" name="UdfDebugServiceSpec &gt; should retrieve the debug state of an operator" time="0.020216942">
        </testcase>
        <testcase classname="src/app/workspace/service/operator-debug/udf-debug.service.spec.ts" name="UdfDebugServiceSpec &gt; should get the condition of a breakpoint" time="0.019176871">
        </testcase>
        <testcase classname="src/app/workspace/service/operator-debug/udf-debug.service.spec.ts" name="UdfDebugServiceSpec &gt; should return empty string if condition does not exist" time="0.017489328">
        </testcase>
        <testcase classname="src/app/workspace/service/operator-debug/udf-debug.service.spec.ts" name="UdfDebugServiceSpec &gt; should update the breakpoint condition if different" time="0.020240404">
        </testcase>
        <testcase classname="src/app/workspace/service/operator-debug/udf-debug.service.spec.ts" name="UdfDebugServiceSpec &gt; should not update the breakpoint condition if it is the same" time="0.016389452">
        </testcase>
        <testcase classname="src/app/workspace/service/operator-debug/udf-debug.service.spec.ts" name="UdfDebugServiceSpec &gt; should modify a breakpoint (remove existing)" time="0.017851732">
        </testcase>
        <testcase classname="src/app/workspace/service/operator-debug/udf-debug.service.spec.ts" name="UdfDebugServiceSpec &gt; should modify a breakpoint (add new)" time="0.015618036">
        </testcase>
        <testcase classname="src/app/workspace/service/operator-debug/udf-debug.service.spec.ts" name="UdfDebugServiceSpec &gt; should continue the workflow execution" time="0.017682944">
        </testcase>
        <testcase classname="src/app/workspace/service/operator-debug/udf-debug.service.spec.ts" name="UdfDebugServiceSpec &gt; should step through the workflow execution" time="0.017067194">
        </testcase>
        <testcase classname="src/app/workspace/service/operator-debug/udf-debug.service.spec.ts" name="UdfDebugServiceSpec &gt; should clear the debug state on state change to Uninitialized" time="0.01536963">
        </testcase>
        <testcase classname="src/app/workspace/service/operator-debug/udf-debug.service.spec.ts" name="UdfDebugServiceSpec &gt; should handle console update events (breakpoint creation)" time="0.016035585">
        </testcase>
        <testcase classname="src/app/workspace/service/operator-debug/udf-debug.service.spec.ts" name="UdfDebugServiceSpec &gt; should not call doContinue if a breakpoint is hit" time="0.018616792">
        </testcase>
        <testcase classname="src/app/workspace/service/operator-debug/udf-debug.service.spec.ts" name="UdfDebugServiceSpec &gt; should handle breakpoint deletion and remove it from the debug state" time="0.0168984">
        </testcase>
        <testcase classname="src/app/workspace/service/operator-debug/udf-debug.service.spec.ts" name="UdfDebugServiceSpec &gt; should handle console update events (breakpoint deletion)" time="0.016374939">
        </testcase>
        <testcase classname="src/app/workspace/service/operator-debug/udf-debug.service.spec.ts" name="UdfDebugServiceSpec &gt; should handle console update events (breakpoint deletion) without sending continue if a hit breakpoint exists" time="0.015856798">
        </testcase>
        <testcase classname="src/app/workspace/service/operator-debug/udf-debug.service.spec.ts" name="UdfDebugServiceSpec &gt; should call doContinue for all workers if no breakpoints are hit" time="0.044117322">
        </testcase>
        <testcase classname="src/app/workspace/service/operator-debug/udf-debug.service.spec.ts" name="UdfDebugServiceSpec &gt; should handle console update events (breakpoint blank message)" time="0.020995744">
        </testcase>
        <testcase classname="src/app/workspace/service/operator-debug/udf-debug.service.spec.ts" name="UdfDebugServiceSpec &gt; should handle console update events (stepping message)" time="0.020514698">
        </testcase>
        <testcase classname="src/app/workspace/service/operator-debug/udf-debug.service.spec.ts" name="UdfDebugServiceSpec &gt; should mark a breakpoint as hit" time="0.0111162">
        </testcase>
        <testcase classname="src/app/workspace/service/operator-debug/udf-debug.service.spec.ts" name="UdfDebugServiceSpec &gt; should mark continue by resetting hit statuses and removing temporary breakpoints" time="0.012457922">
        </testcase>
    </testsuite>
    <testsuite name="src/app/workspace/service/operator-menu/operator-menu.service.spec.ts" timestamp="2026-08-04T22:49:30.311Z" hostname="ali-Inspiron-15-3520" tests="23" failures="0" errors="0" skipped="0" time="0.531204393">
        <testcase classname="src/app/workspace/service/operator-menu/operator-menu.service.spec.ts" name="OperatorMenuService &gt; should be created" time="0.01553994">
        </testcase>
        <testcase classname="src/app/workspace/service/operator-menu/operator-menu.service.spec.ts" name="OperatorMenuService &gt; starts with empty highlighted snapshots" time="0.018969773">
        </testcase>
        <testcase classname="src/app/workspace/service/operator-menu/operator-menu.service.spec.ts" name="OperatorMenuService &gt; does not expose mutable BehaviorSubjects on the public API" time="0.009045385">
        </testcase>
        <testcase classname="src/app/workspace/service/operator-menu/operator-menu.service.spec.ts" name="OperatorMenuService &gt; emits the new highlighted operator IDs on highlightedOperators$" time="0.020471845">
        </testcase>
        <testcase classname="src/app/workspace/service/operator-menu/operator-menu.service.spec.ts" name="OperatorMenuService &gt; emits the new highlighted comment box IDs on highlightedCommentBoxes$" time="0.012320043">
        </testcase>
        <testcase classname="src/app/workspace/service/operator-menu/operator-menu.service.spec.ts" name="OperatorMenuService &gt; emits exactly once on highlightedOperators$ per highlight change (no fan-out)" time="0.012167074">
        </testcase>
        <testcase classname="src/app/workspace/service/operator-menu/operator-menu.service.spec.ts" name="OperatorMenuService &gt; button state recomputation &gt; makes disable button clickable when an operator is highlighted and modification is enabled" time="0.010595461">
        </testcase>
        <testcase classname="src/app/workspace/service/operator-menu/operator-menu.service.spec.ts" name="OperatorMenuService &gt; button state recomputation &gt; flips isDisableOperator to enable after the operator is disabled" time="0.022907776">
        </testcase>
        <testcase classname="src/app/workspace/service/operator-menu/operator-menu.service.spec.ts" name="OperatorMenuService &gt; button state recomputation &gt; excludes sinks from view-result targets" time="0.017452095">
        </testcase>
        <testcase classname="src/app/workspace/service/operator-menu/operator-menu.service.spec.ts" name="OperatorMenuService &gt; button state recomputation &gt; recomputes when modification-enabled stream fires without a highlight change" time="0.010737129">
        </testcase>
        <testcase classname="src/app/workspace/service/operator-menu/operator-menu.service.spec.ts" name="OperatorMenuService &gt; button state recomputation &gt; recomputes when view-result state of a highlighted non-sink operator changes" time="0.019411668">
        </testcase>
        <testcase classname="src/app/workspace/service/operator-menu/operator-menu.service.spec.ts" name="OperatorMenuService &gt; operator action callbacks &gt; disables then re-enables the highlighted operators based on isDisableOperator" time="0.024879951">
        </testcase>
        <testcase classname="src/app/workspace/service/operator-menu/operator-menu.service.spec.ts" name="OperatorMenuService &gt; operator action callbacks &gt; sets then unsets view-result on the highlighted non-sink operators" time="0.035250441">
        </testcase>
        <testcase classname="src/app/workspace/service/operator-menu/operator-menu.service.spec.ts" name="OperatorMenuService &gt; operator action callbacks &gt; marks then unmarks the highlighted non-sink operators for reuse" time="0.033940729">
            <system-out>
seeting marked for reuse in shared model

            </system-out>
        </testcase>
        <testcase classname="src/app/workspace/service/operator-menu/operator-menu.service.spec.ts" name="OperatorMenuService &gt; executeUpToOperator &gt; errors and does not execute when zero operators are highlighted" time="0.015743403">
        </testcase>
        <testcase classname="src/app/workspace/service/operator-menu/operator-menu.service.spec.ts" name="OperatorMenuService &gt; executeUpToOperator &gt; errors and does not execute when more than one operator is highlighted" time="0.025091761">
        </testcase>
        <testcase classname="src/app/workspace/service/operator-menu/operator-menu.service.spec.ts" name="OperatorMenuService &gt; executeUpToOperator &gt; executes the workflow up to the single highlighted operator" time="0.035933328">
        </testcase>
        <testcase classname="src/app/workspace/service/operator-menu/operator-menu.service.spec.ts" name="OperatorMenuService &gt; saveHighlightedElements &gt; serializes the highlighted operators, links, and comment boxes to the clipboard" time="0.047601614">
        </testcase>
        <testcase classname="src/app/workspace/service/operator-menu/operator-menu.service.spec.ts" name="OperatorMenuService &gt; saveHighlightedElements &gt; notifies the user when writing to the clipboard is rejected" time="0.021467693">
        </testcase>
        <testcase classname="src/app/workspace/service/operator-menu/operator-menu.service.spec.ts" name="OperatorMenuService &gt; performPasteOperation &gt; pastes operators, links, and comment boxes with fresh IDs and non-overlapping positions" time="0.04061988">
        </testcase>
        <testcase classname="src/app/workspace/service/operator-menu/operator-menu.service.spec.ts" name="OperatorMenuService &gt; performPasteOperation &gt; notifies the user when the clipboard holds no pasteable elements" time="0.024642338">
        </testcase>
        <testcase classname="src/app/workspace/service/operator-menu/operator-menu.service.spec.ts" name="OperatorMenuService &gt; performPasteOperation &gt; notifies the user when reading the clipboard is rejected" time="0.045424534">
        </testcase>
        <testcase classname="src/app/workspace/service/operator-menu/operator-menu.service.spec.ts" name="OperatorMenuService &gt; performPasteOperation &gt; warns when adding the pasted operators and links fails" time="0.008962795">
        </testcase>
    </testsuite>
    <testsuite name="src/app/workspace/service/operator-metadata/operator-metadata.service.spec.ts" timestamp="2026-08-04T22:49:30.312Z" hostname="ali-Inspiron-15-3520" tests="11" failures="0" errors="0" skipped="0" time="0.054719482">
        <testcase classname="src/app/workspace/service/operator-metadata/operator-metadata.service.spec.ts" name="OperatorMetadataService &gt; should be created" time="0.004157037">
        </testcase>
        <testcase classname="src/app/workspace/service/operator-metadata/operator-metadata.service.spec.ts" name="OperatorMetadataService &gt; should send http request once" time="0.003535046">
        </testcase>
        <testcase classname="src/app/workspace/service/operator-metadata/operator-metadata.service.spec.ts" name="OperatorMetadataService &gt; should check if operatorType exists correctly" time="0.004009565">
        </testcase>
        <testcase classname="src/app/workspace/service/operator-metadata/operator-metadata.service.spec.ts" name="OperatorMetadataService &gt; getOperatorMetadata emits the fetched metadata to subscribers" time="0.003484025">
        </testcase>
        <testcase classname="src/app/workspace/service/operator-metadata/operator-metadata.service.spec.ts" name="OperatorMetadataService &gt; getOperatorSchema returns the schema for a known operator type" time="0.003418454">
        </testcase>
        <testcase classname="src/app/workspace/service/operator-metadata/operator-metadata.service.spec.ts" name="OperatorMetadataService &gt; getOperatorSchema throws for an unknown operator type" time="0.003364672">
        </testcase>
        <testcase classname="src/app/workspace/service/operator-metadata/operator-metadata.service.spec.ts" name="OperatorMetadataService &gt; getOperatorSchema throws when the metadata has not been fetched yet" time="0.003185477">
        </testcase>
        <testcase classname="src/app/workspace/service/operator-metadata/operator-metadata.service.spec.ts" name="OperatorMetadataService &gt; operatorTypeExists is true for a fetched type and false for an unknown one" time="0.002825515">
        </testcase>
        <testcase classname="src/app/workspace/service/operator-metadata/operator-metadata.service.spec.ts" name="OperatorMetadataService &gt; operatorTypeExists is false before the metadata request resolves" time="0.008982505">
        </testcase>
        <testcase classname="src/app/workspace/service/operator-metadata/operator-metadata.service.spec.ts" name="OperatorMetadataService &gt; operatorTypeExists matches the user-friendly name only when that filter is enabled" time="0.009787345">
        </testcase>
        <testcase classname="src/app/workspace/service/operator-metadata/operator-metadata.service.spec.ts" name="OperatorMetadataService &gt; operatorTypeExists honors case-insensitive matching when requested" time="0.007175471">
        </testcase>
    </testsuite>
    <testsuite name="src/app/workspace/service/panel/panel.service.spec.ts" timestamp="2026-08-04T22:49:30.313Z" hostname="ali-Inspiron-15-3520" tests="6" failures="0" errors="0" skipped="0" time="0.02592354">
        <testcase classname="src/app/workspace/service/panel/panel.service.spec.ts" name="PanelService &gt; should be created" time="0.004279985">
        </testcase>
        <testcase classname="src/app/workspace/service/panel/panel.service.spec.ts" name="PanelService &gt; resetPanels() emits on resetPanelStream" time="0.004201569">
        </testcase>
        <testcase classname="src/app/workspace/service/panel/panel.service.spec.ts" name="PanelService &gt; closePanels() emits on closePanelStream" time="0.004843469">
        </testcase>
        <testcase classname="src/app/workspace/service/panel/panel.service.spec.ts" name="PanelService &gt; keeps the reset and close streams independent of each other" time="0.004069945">
        </testcase>
        <testcase classname="src/app/workspace/service/panel/panel.service.spec.ts" name="PanelService &gt; delivers each emission to every current subscriber" time="0.004043482">
        </testcase>
        <testcase classname="src/app/workspace/service/panel/panel.service.spec.ts" name="PanelService &gt; does not replay past emissions to a late subscriber but still forwards future ones (Subject semantics)" time="0.003845685">
        </testcase>
    </testsuite>
    <testsuite name="src/app/workspace/service/preset/preset.service.spec.ts" timestamp="2026-08-04T22:49:30.314Z" hostname="ali-Inspiron-15-3520" tests="51" failures="0" errors="0" skipped="0" time="0.628315074">
        <testcase classname="src/app/workspace/service/preset/preset.service.spec.ts" name="PresetService &gt; should be created" time="0.008667423">
        </testcase>
        <testcase classname="src/app/workspace/service/preset/preset.service.spec.ts" name="PresetService &gt; preset I/O &gt; emits an event on applyPresetStream when a preset is applied" time="0.010164446">
        </testcase>
        <testcase classname="src/app/workspace/service/preset/preset.service.spec.ts" name="PresetService &gt; preset I/O &gt; emits an event on savePresetsStream when presets are saved" time="0.007374424">
        </testcase>
        <testcase classname="src/app/workspace/service/preset/preset.service.spec.ts" name="PresetService &gt; preset I/O &gt; writes through UserConfigService.set when saving a non-empty preset list" time="0.007542748">
        </testcase>
        <testcase classname="src/app/workspace/service/preset/preset.service.spec.ts" name="PresetService &gt; preset I/O &gt; calls UserConfigService.delete instead of set when saving an empty preset list" time="0.017956958">
        </testcase>
        <testcase classname="src/app/workspace/service/preset/preset.service.spec.ts" name="PresetService &gt; preset I/O &gt; displays the success toast by default when saving presets" time="0.009822158">
        </testcase>
        <testcase classname="src/app/workspace/service/preset/preset.service.spec.ts" name="PresetService &gt; preset I/O &gt; suppresses the toast when displayMessage is explicitly null" time="0.005705316">
        </testcase>
        <testcase classname="src/app/workspace/service/preset/preset.service.spec.ts" name="PresetService &gt; preset I/O &gt; createPreset appends to existing presets and writes back" time="0.008018878">
        </testcase>
        <testcase classname="src/app/workspace/service/preset/preset.service.spec.ts" name="PresetService &gt; preset I/O &gt; createPreset does not write the preset back when it already exists" time="0.016838053">
        </testcase>
        <testcase classname="src/app/workspace/service/preset/preset.service.spec.ts" name="PresetService &gt; preset I/O &gt; updatePreset does not write the preset back when the original preset is missing" time="0.01012897">
        </testcase>
        <testcase classname="src/app/workspace/service/preset/preset.service.spec.ts" name="PresetService &gt; preset I/O &gt; deletePreset removes the matching preset via savePresets" time="0.011006465">
        </testcase>
        <testcase classname="src/app/workspace/service/preset/preset.service.spec.ts" name="PresetService &gt; preset I/O &gt; deletePreset clears the dictionary entry when the last preset is removed" time="0.009701342">
        </testcase>
        <testcase classname="src/app/workspace/service/preset/preset.service.spec.ts" name="PresetService &gt; preset I/O &gt; getPresets returns the parsed preset array stored in user config" time="0.013869428">
        </testcase>
        <testcase classname="src/app/workspace/service/preset/preset.service.spec.ts" name="PresetService &gt; preset I/O &gt; getPresets yields an empty array when no entry exists" time="0.018987283">
        </testcase>
        <testcase classname="src/app/workspace/service/preset/preset.service.spec.ts" name="PresetService &gt; preset I/O &gt; getPresets emits an error when the stored value is not a valid preset array" time="0.015616205">
        </testcase>
        <testcase classname="src/app/workspace/service/preset/preset.service.spec.ts" name="PresetService &gt; operator preset application &gt; does not set operator properties when applyPreset uses a non-operator type" time="0.0282188">
        </testcase>
        <testcase classname="src/app/workspace/service/preset/preset.service.spec.ts" name="PresetService &gt; operator preset application &gt; merges preset values into operator properties when a valid preset is applied" time="0.033664076">
        </testcase>
        <testcase classname="src/app/workspace/service/preset/preset.service.spec.ts" name="PresetService &gt; operator preset application &gt; does not change operator properties when an invalid preset is applied" time="0.020529128">
        </testcase>
        <testcase classname="src/app/workspace/service/preset/preset.service.spec.ts" name="PresetService &gt; operator preset application &gt; ignores apply events targeting an operator that does not exist on the graph" time="0.023769646">
        </testcase>
        <testcase classname="src/app/workspace/service/preset/preset.service.spec.ts" name="PresetService &gt; operator preset validation &gt; rejects an empty preset" time="0.016430335">
        </testcase>
        <testcase classname="src/app/workspace/service/preset/preset.service.spec.ts" name="PresetService &gt; operator preset validation &gt; rejects presets containing only properties that are not preset-enabled" time="0.015654025">
        </testcase>
        <testcase classname="src/app/workspace/service/preset/preset.service.spec.ts" name="PresetService &gt; operator preset validation &gt; rejects presets with empty string values" time="0.017496295">
        </testcase>
        <testcase classname="src/app/workspace/service/preset/preset.service.spec.ts" name="PresetService &gt; operator preset validation &gt; accepts presets that match the preset schema with non-empty values" time="0.01830118">
        </testcase>
        <testcase classname="src/app/workspace/service/preset/preset.service.spec.ts" name="PresetService &gt; operator preset validation &gt; isValidNewOperatorPreset returns false when the preset already exists" time="0.02585992">
            <system-out>
false vn

            </system-out>
        </testcase>
        <testcase classname="src/app/workspace/service/preset/preset.service.spec.ts" name="PresetService &gt; operator preset validation &gt; isValidNewOperatorPreset returns true when the preset is novel" time="0.024938499">
            <system-out>
true vn

            </system-out>
        </testcase>
        <testcase classname="src/app/workspace/service/preset/preset.service.spec.ts" name="PresetService &gt; operator preset validation &gt; isValidNewOperatorPreset short-circuits to false when the preset itself is invalid" time="0.024803804">
        </testcase>
        <testcase classname="src/app/workspace/service/preset/preset.service.spec.ts" name="PresetService &gt; static schema helpers &gt; getOperatorPresetSchema keeps only enable-preset properties and marks them required" time="0.018883498">
        </testcase>
        <testcase classname="src/app/workspace/service/preset/preset.service.spec.ts" name="PresetService &gt; static schema helpers &gt; getOperatorPresetSchema throws when the operator schema has no properties" time="0.013990919">
        </testcase>
        <testcase classname="src/app/workspace/service/preset/preset.service.spec.ts" name="PresetService &gt; static schema helpers &gt; getOperatorPresetSchema throws when no property is preset-enabled" time="0.008824794">
        </testcase>
        <testcase classname="src/app/workspace/service/preset/preset.service.spec.ts" name="PresetService &gt; static schema helpers &gt; getOperatorPreset &gt; throws when operator properties are empty" time="0.034235666">
        </testcase>
        <testcase classname="src/app/workspace/service/preset/preset.service.spec.ts" name="PresetService &gt; static schema helpers &gt; getOperatorPreset &gt; throws when operator properties miss a required preset property" time="0.008634706">
        </testcase>
        <testcase classname="src/app/workspace/service/preset/preset.service.spec.ts" name="PresetService &gt; static schema helpers &gt; getOperatorPreset &gt; returns the preset when properties cover all preset fields" time="0.008353169">
        </testcase>
        <testcase classname="src/app/workspace/service/preset/preset.service.spec.ts" name="PresetService &gt; static schema helpers &gt; getOperatorPreset &gt; strips non-preset properties when returning the preset" time="0.008597269">
        </testcase>
        <testcase classname="src/app/workspace/service/preset/preset.service.spec.ts" name="PresetService &gt; static schema helpers &gt; filterOperatorPresetProperties &gt; returns empty when input is empty (never adds keys)" time="0.00791142">
        </testcase>
        <testcase classname="src/app/workspace/service/preset/preset.service.spec.ts" name="PresetService &gt; static schema helpers &gt; filterOperatorPresetProperties &gt; filters out non-preset properties only when at least one preset property is present" time="0.00791143">
        </testcase>
        <testcase classname="src/app/workspace/service/preset/preset.service.spec.ts" name="PresetService &gt; static schema helpers &gt; filterOperatorPresetProperties &gt; keeps preset properties and strips extras" time="0.008184228">
        </testcase>
        <testcase classname="src/app/workspace/service/preset/preset.service.spec.ts" name="PresetService &gt; updateOrCreatePreset &gt; writes the stored preset list back unchanged when the original and replacement presets are identical" time="0.007229462">
        </testcase>
        <testcase classname="src/app/workspace/service/preset/preset.service.spec.ts" name="PresetService &gt; updateOrCreatePreset &gt; appends the replacement when neither preset already exists" time="0.005886209">
        </testcase>
        <testcase classname="src/app/workspace/service/preset/preset.service.spec.ts" name="PresetService &gt; updateOrCreatePreset &gt; writes the stored preset list back unchanged when only the replacement preset already exists" time="0.005906268">
        </testcase>
        <testcase classname="src/app/workspace/service/preset/preset.service.spec.ts" name="PresetService &gt; updateOrCreatePreset &gt; implicitly deletes a preset when both the original and the replacement exist" time="0.006103424">
        </testcase>
        <testcase classname="src/app/workspace/service/preset/preset.service.spec.ts" name="PresetService &gt; updateOrCreatePreset &gt; replaces the original preset in place when only the original exists" time="0.00624352">
        </testcase>
        <testcase classname="src/app/workspace/service/preset/preset.service.spec.ts" name="PresetService &gt; preset Ajv type guards &gt; isValidPreset &gt; accepts an object whose values are all non-blank strings" time="0.00577749">
        </testcase>
        <testcase classname="src/app/workspace/service/preset/preset.service.spec.ts" name="PresetService &gt; preset Ajv type guards &gt; isValidPreset &gt; accepts an empty object (no properties to violate the schema)" time="0.00564857">
        </testcase>
        <testcase classname="src/app/workspace/service/preset/preset.service.spec.ts" name="PresetService &gt; preset Ajv type guards &gt; isValidPreset &gt; rejects a preset with a non-string value" time="0.004267798">
        </testcase>
        <testcase classname="src/app/workspace/service/preset/preset.service.spec.ts" name="PresetService &gt; preset Ajv type guards &gt; isValidPreset &gt; rejects a preset with an empty-string value" time="0.004801098">
        </testcase>
        <testcase classname="src/app/workspace/service/preset/preset.service.spec.ts" name="PresetService &gt; preset Ajv type guards &gt; isValidPreset &gt; rejects a preset whose value starts with whitespace" time="0.003592812">
        </testcase>
        <testcase classname="src/app/workspace/service/preset/preset.service.spec.ts" name="PresetService &gt; preset Ajv type guards &gt; isValidPresetArray &gt; accepts an array of distinct valid presets" time="0.004017958">
        </testcase>
        <testcase classname="src/app/workspace/service/preset/preset.service.spec.ts" name="PresetService &gt; preset Ajv type guards &gt; isValidPresetArray &gt; accepts an empty array" time="0.006307122">
        </testcase>
        <testcase classname="src/app/workspace/service/preset/preset.service.spec.ts" name="PresetService &gt; preset Ajv type guards &gt; isValidPresetArray &gt; rejects an array containing duplicate presets (uniqueItems)" time="0.003694461">
        </testcase>
        <testcase classname="src/app/workspace/service/preset/preset.service.spec.ts" name="PresetService &gt; preset Ajv type guards &gt; isValidPresetArray &gt; rejects an array whose entry is not a valid preset" time="0.003961596">
        </testcase>
        <testcase classname="src/app/workspace/service/preset/preset.service.spec.ts" name="PresetService &gt; preset Ajv type guards &gt; isValidPresetArray &gt; rejects a value that is not an array" time="0.005009193">
        </testcase>
    </testsuite>
    <testsuite name="src/app/workspace/service/undo-redo/undo-redo.service.spec.ts" timestamp="2026-08-04T22:49:30.318Z" hostname="ali-Inspiron-15-3520" tests="11" failures="0" errors="0" skipped="0" time="0.148166239">
        <testcase classname="src/app/workspace/service/undo-redo/undo-redo.service.spec.ts" name="UndoRedoService &gt; should be created" time="0.012112814">
        </testcase>
        <testcase classname="src/app/workspace/service/undo-redo/undo-redo.service.spec.ts" name="UndoRedoService &gt; executing command should append to stack" time="0.017146967">
        </testcase>
        <testcase classname="src/app/workspace/service/undo-redo/undo-redo.service.spec.ts" name="UndoRedoService &gt; redoing command should move from undo to redo stack and vice versa" time="0.028848653">
        </testcase>
        <testcase classname="src/app/workspace/service/undo-redo/undo-redo.service.spec.ts" name="UndoRedoService &gt; executing new action clears redo stack" time="0.029908954">
        </testcase>
        <testcase classname="src/app/workspace/service/undo-redo/undo-redo.service.spec.ts" name="UndoRedoService &gt; with a stubbed undo manager &gt; undoAction / redoAction delegate to the manager and toggle the joint-command guard back on" time="0.009560851">
        </testcase>
        <testcase classname="src/app/workspace/service/undo-redo/undo-redo.service.spec.ts" name="UndoRedoService &gt; with a stubbed undo manager &gt; undoAction / redoAction are no-ops when the manager cannot undo/redo" time="0.008041646">
        </testcase>
        <testcase classname="src/app/workspace/service/undo-redo/undo-redo.service.spec.ts" name="UndoRedoService &gt; with a stubbed undo manager &gt; undoAction / redoAction are no-ops while workflow modification is disabled" time="0.00834415">
        </testcase>
        <testcase classname="src/app/workspace/service/undo-redo/undo-redo.service.spec.ts" name="UndoRedoService &gt; with a stubbed undo manager &gt; canUndo / canRedo require both the modification guard and the manager" time="0.008878028">
        </testcase>
        <testcase classname="src/app/workspace/service/undo-redo/undo-redo.service.spec.ts" name="UndoRedoService &gt; with a stubbed undo manager &gt; getUndoLength / getRedoLength reflect the manager stacks" time="0.007911113">
        </testcase>
        <testcase classname="src/app/workspace/service/undo-redo/undo-redo.service.spec.ts" name="UndoRedoService &gt; with a stubbed undo manager &gt; clearUndoStack / clearRedoStack clear the correct side of the manager" time="0.008122493">
        </testcase>
        <testcase classname="src/app/workspace/service/undo-redo/undo-redo.service.spec.ts" name="UndoRedoService &gt; without an undo manager &gt; canUndo / canRedo are false" time="0.007977454">
        </testcase>
    </testsuite>
    <testsuite name="src/app/workspace/service/validation/validation-workflow.service.spec.ts" timestamp="2026-08-04T22:49:30.319Z" hostname="ali-Inspiron-15-3520" tests="6" failures="0" errors="0" skipped="0" time="0.469765251">
        <testcase classname="src/app/workspace/service/validation/validation-workflow.service.spec.ts" name="ValidationWorkflowService &gt; should be created" time="0.013114961">
        </testcase>
        <testcase classname="src/app/workspace/service/validation/validation-workflow.service.spec.ts" name="ValidationWorkflowService &gt; should receive true from validateOperator when operator box is connected and required properties are complete " time="0.073893401">
        </testcase>
        <testcase classname="src/app/workspace/service/validation/validation-workflow.service.spec.ts" name="ValidationWorkflowService &gt; should subscribe the changes of validateOperatorStream when operator box is connected and required properties are complete " time="0.077185701">
        </testcase>
        <testcase classname="src/app/workspace/service/validation/validation-workflow.service.spec.ts" name="ValidationWorkflowService &gt; should receive false from validateOperator when operator box is not connected or required properties are not complete " time="0.074796935">
        </testcase>
        <testcase classname="src/app/workspace/service/validation/validation-workflow.service.spec.ts" name="ValidationWorkflowService &gt; should subscribe the changes of validateOperatorStream when operator link is deleted after valid status " time="0.10253976">
        </testcase>
        <testcase classname="src/app/workspace/service/validation/validation-workflow.service.spec.ts" name="ValidationWorkflowService &gt; should consider disabled operators when validating workflow" time="0.125631692">
            <system-out>
{
  mockScan2: {
    isValid: false,
    messages: { required: &quot;must have required property &apos;tableName&apos;&quot; }
  }
}

            </system-out>
        </testcase>
    </testsuite>
    <testsuite name="src/app/workspace/service/virtual-environment/virtual-environment.service.spec.ts" timestamp="2026-08-04T22:49:30.319Z" hostname="ali-Inspiron-15-3520" tests="20" failures="0" errors="0" skipped="0" time="0.124873126">
        <testcase classname="src/app/workspace/service/virtual-environment/virtual-environment.service.spec.ts" name="WorkflowPveService &gt; should be created" time="0.010425745">
        </testcase>
        <testcase classname="src/app/workspace/service/virtual-environment/virtual-environment.service.spec.ts" name="WorkflowPveService &gt; savePve() POSTs to /pve/db with name + packages and returns the new veid" time="0.006692718">
        </testcase>
        <testcase classname="src/app/workspace/service/virtual-environment/virtual-environment.service.spec.ts" name="WorkflowPveService &gt; updateUserPve() PUTs to /pve/db/{veid} with name + packages" time="0.005729114">
        </testcase>
        <testcase classname="src/app/workspace/service/virtual-environment/virtual-environment.service.spec.ts" name="WorkflowPveService &gt; listUserPves() GETs /pve/db and returns the array of records" time="0.004627511">
        </testcase>
        <testcase classname="src/app/workspace/service/virtual-environment/virtual-environment.service.spec.ts" name="WorkflowPveService &gt; deleteUserPve() DELETEs /pve/db/{veid}" time="0.00512858">
        </testcase>
        <testcase classname="src/app/workspace/service/virtual-environment/virtual-environment.service.spec.ts" name="WorkflowPveService &gt; token-parameterized endpoints &gt; getAccessToken() &gt; returns the token when AuthService yields a non-empty value" time="0.005906808">
        </testcase>
        <testcase classname="src/app/workspace/service/virtual-environment/virtual-environment.service.spec.ts" name="WorkflowPveService &gt; token-parameterized endpoints &gt; getAccessToken() &gt; returns null when AuthService yields null" time="0.009161927">
        </testcase>
        <testcase classname="src/app/workspace/service/virtual-environment/virtual-environment.service.spec.ts" name="WorkflowPveService &gt; token-parameterized endpoints &gt; getAccessToken() &gt; returns null when the token is whitespace-only" time="0.006559661">
        </testcase>
        <testcase classname="src/app/workspace/service/virtual-environment/virtual-environment.service.spec.ts" name="WorkflowPveService &gt; token-parameterized endpoints &gt; getSystemPackages() &gt; GETs /pve/system with cuid and the access-token param when authenticated" time="0.007167432">
        </testcase>
        <testcase classname="src/app/workspace/service/virtual-environment/virtual-environment.service.spec.ts" name="WorkflowPveService &gt; token-parameterized endpoints &gt; getSystemPackages() &gt; omits the access-token param when unauthenticated" time="0.00520851">
        </testcase>
        <testcase classname="src/app/workspace/service/virtual-environment/virtual-environment.service.spec.ts" name="WorkflowPveService &gt; token-parameterized endpoints &gt; fetchPVEs() &gt; GETs /pve/pves with the cuid param and returns the records" time="0.009465068">
        </testcase>
        <testcase classname="src/app/workspace/service/virtual-environment/virtual-environment.service.spec.ts" name="WorkflowPveService &gt; token-parameterized endpoints &gt; getUserPackages() &gt; returns the userPackages of the matching PVE" time="0.005015178">
        </testcase>
        <testcase classname="src/app/workspace/service/virtual-environment/virtual-environment.service.spec.ts" name="WorkflowPveService &gt; token-parameterized endpoints &gt; getUserPackages() &gt; returns an empty array when no PVE matches the given name" time="0.005708433">
        </testcase>
        <testcase classname="src/app/workspace/service/virtual-environment/virtual-environment.service.spec.ts" name="WorkflowPveService &gt; token-parameterized endpoints &gt; deleteEnvironments() &gt; DELETEs /pve/pves/{cuid}" time="0.004638549">
        </testcase>
        <testcase classname="src/app/workspace/service/virtual-environment/virtual-environment.service.spec.ts" name="WorkflowPveService &gt; token-parameterized endpoints &gt; deletePackage() &gt; DELETEs a URL-encoded package path with the access-token param when authenticated" time="0.007922468">
        </testcase>
        <testcase classname="src/app/workspace/service/virtual-environment/virtual-environment.service.spec.ts" name="WorkflowPveService &gt; token-parameterized endpoints &gt; deletePackage() &gt; omits the access-token param when unauthenticated" time="0.004982495">
        </testcase>
        <testcase classname="src/app/workspace/service/virtual-environment/virtual-environment.service.spec.ts" name="WorkflowPveService &gt; getPveWebSocketUrl() &gt; uses the ws:// scheme over http and encodes an empty package list with no token param" time="0.005586834">
        </testcase>
        <testcase classname="src/app/workspace/service/virtual-environment/virtual-environment.service.spec.ts" name="WorkflowPveService &gt; getPveWebSocketUrl() &gt; uses the wss:// scheme over https" time="0.004320586">
        </testcase>
        <testcase classname="src/app/workspace/service/virtual-environment/virtual-environment.service.spec.ts" name="WorkflowPveService &gt; getPveWebSocketUrl() &gt; appends the access-token param when authenticated and URL-encodes it" time="0.004254366">
        </testcase>
        <testcase classname="src/app/workspace/service/virtual-environment/virtual-environment.service.spec.ts" name="WorkflowPveService &gt; getPveWebSocketUrl() &gt; JSON-encodes the packages list and URL-encodes the pveName" time="0.004545596">
        </testcase>
    </testsuite>
    <testsuite name="src/app/workspace/service/workflow-console/workflow-console.service.spec.ts" timestamp="2026-08-04T22:49:30.321Z" hostname="ali-Inspiron-15-3520" tests="5" failures="0" errors="0" skipped="0" time="0.023341565">
        <testcase classname="src/app/workspace/service/workflow-console/workflow-console.service.spec.ts" name="WorkflowConsoleService &gt; should be created" time="0.005192665">
        </testcase>
        <testcase classname="src/app/workspace/service/workflow-console/workflow-console.service.spec.ts" name="WorkflowConsoleService &gt; buffers messages from a ConsoleUpdateEvent and exposes them per operator" time="0.003713959">
        </testcase>
        <testcase classname="src/app/workspace/service/workflow-console/workflow-console.service.spec.ts" name="WorkflowConsoleService &gt; clearConsoleMessages() removes all messages and notifies subscribers" time="0.004920902">
        </testcase>
        <testcase classname="src/app/workspace/service/workflow-console/workflow-console.service.spec.ts" name="WorkflowConsoleService &gt; clears the console store when the workflow re-initializes (WorkflowStateEvent)" time="0.004702404">
        </testcase>
        <testcase classname="src/app/workspace/service/workflow-console/workflow-console.service.spec.ts" name="WorkflowConsoleService &gt; leaves the store untouched for a non-initializing workflow state event" time="0.004163535">
        </testcase>
    </testsuite>
    <testsuite name="src/app/workspace/service/workflow-result/workflow-result.service.spec.ts" timestamp="2026-08-04T22:49:30.321Z" hostname="ali-Inspiron-15-3520" tests="28" failures="0" errors="0" skipped="0" time="0.098053931">
        <testcase classname="src/app/workspace/service/workflow-result/workflow-result.service.spec.ts" name="WorkflowResultService &gt; should be created" time="0.006116642">
        </testcase>
        <testcase classname="src/app/workspace/service/workflow-result/workflow-result.service.spec.ts" name="WorkflowResultService &gt; clearResults() drops cached operator results" time="0.010906917">
        </testcase>
        <testcase classname="src/app/workspace/service/workflow-result/workflow-result.service.spec.ts" name="WorkflowResultService &gt; clearResults() resets table stats to empty for subscribers" time="0.002612829">
        </testcase>
        <testcase classname="src/app/workspace/service/workflow-result/workflow-result.service.spec.ts" name="WorkflowResultService &gt; clearResults() emits on the cleared stream so the UI tears down stale frames" time="0.002714004">
        </testcase>
        <testcase classname="src/app/workspace/service/workflow-result/workflow-result.service.spec.ts" name="WorkflowResultService &gt; routes pagination updates to a paginated service and data updates to a result service" time="0.004509009">
        </testcase>
        <testcase classname="src/app/workspace/service/workflow-result/workflow-result.service.spec.ts" name="WorkflowResultService &gt; announces newly-created operators on the result-initiate stream" time="0.005719087">
        </testcase>
        <testcase classname="src/app/workspace/service/workflow-result/workflow-result.service.spec.ts" name="WorkflowResultService &gt; feeds table stats to the matching paginated service and republishes the snapshot" time="0.003806432">
        </testcase>
        <testcase classname="src/app/workspace/service/workflow-result/workflow-result.service.spec.ts" name="WorkflowResultService &gt; switches an operator from data output to paginated output and clears the stale service" time="0.004548428">
        </testcase>
        <testcase classname="src/app/workspace/service/workflow-result/workflow-result.service.spec.ts" name="WorkflowResultService &gt; handleCleanResultCache drops operators no longer available and resets invalidated caches" time="0.004053434">
        </testcase>
        <testcase classname="src/app/workspace/service/workflow-result/workflow-result.service.spec.ts" name="WorkflowResultService &gt; handleCleanResultCache reports removed and invalidated operators on the result-update stream" time="0.003560355">
        </testcase>
        <testcase classname="src/app/workspace/service/workflow-result/workflow-result.service.spec.ts" name="WorkflowResultService &gt; determineOutputTypes distinguishes binary from non-binary paginated output" time="0.003282626">
        </testcase>
        <testcase classname="src/app/workspace/service/workflow-result/workflow-result.service.spec.ts" name="WorkflowResultService &gt; determineOutputTypes marks a data-only operator as visualization output" time="0.004464626">
        </testcase>
        <testcase classname="src/app/workspace/service/workflow-result/workflow-result.service.spec.ts" name="WorkflowResultService &gt; determineOutputTypes returns all-false for an operator with no results" time="0.005132926">
        </testcase>
        <testcase classname="src/app/workspace/service/workflow-result/workflow-result.service.spec.ts" name="WorkflowResultService &gt; determineOutputExtension short-circuits the &apos;data&apos; extension" time="0.006156565">
        </testcase>
        <testcase classname="src/app/workspace/service/workflow-result/workflow-result.service.spec.ts" name="WorkflowResultService &gt; determineOutputExtension returns html for visualization output" time="0.008291781">
        </testcase>
        <testcase classname="src/app/workspace/service/workflow-result/workflow-result.service.spec.ts" name="WorkflowResultService &gt; determineOutputExtension keeps csv for table output and passes other extensions through" time="0.003438611">
        </testcase>
        <testcase classname="src/app/workspace/service/workflow-result/workflow-result.service.spec.ts" name="OperatorPaginationResultService &gt; getSchema &gt; should return the current schema" time="0.001352715">
        </testcase>
        <testcase classname="src/app/workspace/service/workflow-result/workflow-result.service.spec.ts" name="OperatorPaginationResultService &gt; selectTuple &gt; should return the correct tuple and schema" time="0.001657323">
        </testcase>
        <testcase classname="src/app/workspace/service/workflow-result/workflow-result.service.spec.ts" name="OperatorPaginationResultService &gt; selectTuple &gt; should handle out-of-bounds tuple index" time="0.002113641">
        </testcase>
        <testcase classname="src/app/workspace/service/workflow-result/workflow-result.service.spec.ts" name="OperatorPaginationResultService &gt; selectPage &gt; returns the cached page without contacting the server" time="0.001721942">
        </testcase>
        <testcase classname="src/app/workspace/service/workflow-result/workflow-result.service.spec.ts" name="OperatorPaginationResultService &gt; selectPage &gt; fetches from the server and resolves once the matching page event arrives" time="0.002202023">
        </testcase>
        <testcase classname="src/app/workspace/service/workflow-result/workflow-result.service.spec.ts" name="OperatorPaginationResultService &gt; selectPage &gt; bypasses the frontend cache when column filters are set" time="0.001401133">
        </testcase>
        <testcase classname="src/app/workspace/service/workflow-result/workflow-result.service.spec.ts" name="OperatorPaginationResultService &gt; handleResultUpdate &gt; records the total tuple count and evicts only the dirty pages" time="0.001040415">
        </testcase>
        <testcase classname="src/app/workspace/service/workflow-result/workflow-result.service.spec.ts" name="OperatorPaginationResultService &gt; handleStatsUpdate &gt; replaces the current stats on each update" time="0.001467076">
        </testcase>
        <testcase classname="src/app/workspace/service/workflow-result/workflow-result.service.spec.ts" name="OperatorPaginationResultService &gt; reset &gt; clears caches, pending requests, page index and tuple total" time="0.001488566">
        </testcase>
        <testcase classname="src/app/workspace/service/workflow-result/workflow-result.service.spec.ts" name="OperatorPaginationResultService &gt; incoming page events &gt; refreshes the schema but ignores events whose request id is unknown" time="0.000796803">
        </testcase>
        <testcase classname="src/app/workspace/service/workflow-result/workflow-result.service.spec.ts" name="OperatorResultService &gt; exposes the latest snapshot and clears it on reset" time="0.000719318">
        </testcase>
        <testcase classname="src/app/workspace/service/workflow-result/workflow-result.service.spec.ts" name="OperatorResultService &gt; ignores delta-mode updates and keeps the last snapshot" time="0.000991024">
        </testcase>
    </testsuite>
    <testsuite name="src/app/workspace/service/workflow-result-export/workflow-result-export.service.spec.ts" timestamp="2026-08-04T22:49:30.323Z" hostname="ali-Inspiron-15-3520" tests="24" failures="0" errors="0" skipped="0" time="0.118815526">
        <testcase classname="src/app/workspace/service/workflow-result-export/workflow-result-export.service.spec.ts" name="WorkflowResultExportService &gt; should be created" time="0.013968693">
        </testcase>
        <testcase classname="src/app/workspace/service/workflow-result-export/workflow-result-export.service.spec.ts" name="WorkflowResultExportService &gt; resetFlags clears the highlighted flag and resets the all-operators subject to false" time="0.012933036">
        </testcase>
        <testcase classname="src/app/workspace/service/workflow-result-export/workflow-result-export.service.spec.ts" name="WorkflowResultExportService &gt; computeRestrictionAnalysis &gt; returns an empty restriction map without hitting the backend when the workflow has no id" time="0.005944571">
        </testcase>
        <testcase classname="src/app/workspace/service/workflow-result-export/workflow-result-export.service.spec.ts" name="WorkflowResultExportService &gt; computeRestrictionAnalysis &gt; maps the backend response into a Map of operatorId -&gt; Set&lt;datasetLabel&gt;" time="0.004913715">
        </testcase>
        <testcase classname="src/app/workspace/service/workflow-result-export/workflow-result-export.service.spec.ts" name="WorkflowResultExportService &gt; computeRestrictionAnalysis &gt; falls back to an empty restriction map when the backend call errors" time="0.004759277">
        </testcase>
        <testcase classname="src/app/workspace/service/workflow-result-export/workflow-result-export.service.spec.ts" name="WorkflowResultExportService &gt; export flow (exportWorkflowExecutionResult / performExport) &gt; does nothing when export is disabled in the gui config" time="0.005543095">
        </testcase>
        <testcase classname="src/app/workspace/service/workflow-result-export/workflow-result-export.service.spec.ts" name="WorkflowResultExportService &gt; export flow (exportWorkflowExecutionResult / performExport) &gt; errors when the computing unit is null" time="0.004846039">
        </testcase>
        <testcase classname="src/app/workspace/service/workflow-result-export/workflow-result-export.service.spec.ts" name="WorkflowResultExportService &gt; export flow (exportWorkflowExecutionResult / performExport) &gt; errors when the workflow id is not available" time="0.00484299">
        </testcase>
        <testcase classname="src/app/workspace/service/workflow-result-export/workflow-result-export.service.spec.ts" name="WorkflowResultExportService &gt; export flow (exportWorkflowExecutionResult / performExport) &gt; does nothing when no operators are selected (highlighted export with empty selection)" time="0.006310389">
        </testcase>
        <testcase classname="src/app/workspace/service/workflow-result-export/workflow-result-export.service.spec.ts" name="WorkflowResultExportService &gt; export flow (exportWorkflowExecutionResult / performExport) &gt; errors (no export) when every selected operator is blocked by a non-downloadable dataset" time="0.005732271">
        </testcase>
        <testcase classname="src/app/workspace/service/workflow-result-export/workflow-result-export.service.spec.ts" name="WorkflowResultExportService &gt; export flow (exportWorkflowExecutionResult / performExport) &gt; warns and still exports the unblocked operators when only some are blocked" time="0.005919015">
        </testcase>
        <testcase classname="src/app/workspace/service/workflow-result-export/workflow-result-export.service.spec.ts" name="WorkflowResultExportService &gt; export flow (exportWorkflowExecutionResult / performExport) &gt; exports to dataset and reports success on a success response" time="0.004799109">
        </testcase>
        <testcase classname="src/app/workspace/service/workflow-result-export/workflow-result-export.service.spec.ts" name="WorkflowResultExportService &gt; export flow (exportWorkflowExecutionResult / performExport) &gt; reports the server message when the dataset export response is not successful" time="0.004621323">
        </testcase>
        <testcase classname="src/app/workspace/service/workflow-result-export/workflow-result-export.service.spec.ts" name="WorkflowResultExportService &gt; export flow (exportWorkflowExecutionResult / performExport) &gt; reports a default error message when the dataset export response has no body" time="0.004402495">
        </testcase>
        <testcase classname="src/app/workspace/service/workflow-result-export/workflow-result-export.service.spec.ts" name="WorkflowResultExportService &gt; export flow (exportWorkflowExecutionResult / performExport) &gt; reports the extracted error message when the dataset export call fails" time="0.00523857">
        </testcase>
        <testcase classname="src/app/workspace/service/workflow-result-export/workflow-result-export.service.spec.ts" name="WorkflowResultExportService &gt; export flow (exportWorkflowExecutionResult / performExport) &gt; routes to the local-filesystem export when destination is &apos;local&apos;" time="0.004691301">
        </testcase>
        <testcase classname="src/app/workspace/service/workflow-result-export/workflow-result-export.service.spec.ts" name="WorkflowResultExportService &gt; updateExportAvailabilityFlags &gt; marks results exportable when execution is idle and operators have a result snapshot" time="0.005392969">
        </testcase>
        <testcase classname="src/app/workspace/service/workflow-result-export/workflow-result-export.service.spec.ts" name="WorkflowResultExportService &gt; updateExportAvailabilityFlags &gt; keeps results non-exportable while a workflow is still executing" time="0.004265147">
        </testcase>
        <testcase classname="src/app/workspace/service/workflow-result-export/workflow-result-export.service.spec.ts" name="WorkflowResultExportService &gt; getExportOnAllOperatorsStatusStream emits the current all-operators availability value" time="0.004069405">
        </testcase>
        <testcase classname="src/app/workspace/service/workflow-result-export/workflow-result-export.service.spec.ts" name="WorkflowResultDownloadability &gt; getExportableOperatorIds keeps only operators absent from the restricted map" time="0.00100421">
        </testcase>
        <testcase classname="src/app/workspace/service/workflow-result-export/workflow-result-export.service.spec.ts" name="WorkflowResultDownloadability &gt; getBlockedOperatorIds keeps only operators present in the restricted map" time="0.000886435">
        </testcase>
        <testcase classname="src/app/workspace/service/workflow-result-export/workflow-result-export.service.spec.ts" name="WorkflowResultDownloadability &gt; getBlockingDatasets returns the deduped union of blocking dataset labels" time="0.000939362">
        </testcase>
        <testcase classname="src/app/workspace/service/workflow-result-export/workflow-result-export.service.spec.ts" name="WorkflowResultDownloadability &gt; getBlockingDatasets returns an empty array for unrestricted operators" time="0.000633168">
        </testcase>
        <testcase classname="src/app/workspace/service/workflow-result-export/workflow-result-export.service.spec.ts" name="WorkflowResultDownloadability &gt; treats every operator as exportable when the restricted map is empty" time="0.000782303">
        </testcase>
    </testsuite>
    <testsuite name="src/app/workspace/service/workflow-status/operator-reuse-cache-status.service.spec.ts" timestamp="2026-08-04T22:49:30.324Z" hostname="ali-Inspiron-15-3520" tests="6" failures="0" errors="0" skipped="0" time="0.055188894">
        <testcase classname="src/app/workspace/service/workflow-status/operator-reuse-cache-status.service.spec.ts" name="OperatorCacheStatusService &gt; should be created" time="0.016052913">
        </testcase>
        <testcase classname="src/app/workspace/service/workflow-status/operator-reuse-cache-status.service.spec.ts" name="OperatorCacheStatusService - behavior &gt; calls changeOperatorReuseCacheStatus for each operator in a CacheStatusUpdateEvent" time="0.008678838">
        </testcase>
        <testcase classname="src/app/workspace/service/workflow-status/operator-reuse-cache-status.service.spec.ts" name="OperatorCacheStatusService - behavior &gt; does not call changeOperatorReuseCacheStatus when mainJointPaper is null on CacheStatusUpdateEvent" time="0.006732499">
        </testcase>
        <testcase classname="src/app/workspace/service/workflow-status/operator-reuse-cache-status.service.spec.ts" name="OperatorCacheStatusService - behavior &gt; calls changeOperatorReuseCacheStatus for all ops in a reuse cache operators changed event" time="0.007692913">
        </testcase>
        <testcase classname="src/app/workspace/service/workflow-status/operator-reuse-cache-status.service.spec.ts" name="OperatorCacheStatusService - behavior &gt; does not call changeOperatorReuseCacheStatus when mainJointPaper is null on reuse cache changed event" time="0.006007246">
        </testcase>
        <testcase classname="src/app/workspace/service/workflow-status/operator-reuse-cache-status.service.spec.ts" name="OperatorCacheStatusService - behavior &gt; does not throw when reuse cache changed event has empty operator lists" time="0.006804068">
        </testcase>
    </testsuite>
    <testsuite name="src/app/workspace/service/workflow-status/performance-metrics.spec.ts" timestamp="2026-08-04T22:49:30.325Z" hostname="ali-Inspiron-15-3520" tests="4" failures="0" errors="0" skipped="0" time="0.010052068">
        <testcase classname="src/app/workspace/service/workflow-status/performance-metrics.spec.ts" name="extractPerformanceMetrics &gt; maps every field from a full statistics object" time="0.001240562">
        </testcase>
        <testcase classname="src/app/workspace/service/workflow-status/performance-metrics.spec.ts" name="extractPerformanceMetrics &gt; keeps data and control processing time as separate fields" time="0.000767029">
        </testcase>
        <testcase classname="src/app/workspace/service/workflow-status/performance-metrics.spec.ts" name="extractPerformanceMetrics &gt; defaults missing metric fields to 0 and numWorkers to 1 (no NaN, no undefined)" time="0.002349341">
        </testcase>
        <testcase classname="src/app/workspace/service/workflow-status/performance-metrics.spec.ts" name="extractPerformanceMetrics &gt; defaults a missing worker count to 1 and passes a real count through" time="0.00159043">
        </testcase>
    </testsuite>
    <testsuite name="src/app/workspace/service/workflow-status/workflow-status.service.spec.ts" timestamp="2026-08-04T22:49:30.325Z" hostname="ali-Inspiron-15-3520" tests="8" failures="0" errors="0" skipped="0" time="0.024075504">
        <testcase classname="src/app/workspace/service/workflow-status/workflow-status.service.spec.ts" name="WorkflowStatusService &gt; forwards an OperatorStatisticsUpdateEvent to the status stream" time="0.003403882">
        </testcase>
        <testcase classname="src/app/workspace/service/workflow-status/workflow-status.service.spec.ts" name="WorkflowStatusService &gt; ignores websocket events of other types" time="0.002259442">
        </testcase>
        <testcase classname="src/app/workspace/service/workflow-status/workflow-status.service.spec.ts" name="WorkflowStatusService &gt; derives performance metrics from a status update" time="0.002941366">
        </testcase>
        <testcase classname="src/app/workspace/service/workflow-status/workflow-status.service.spec.ts" name="WorkflowStatusService &gt; keys the derived metrics by operator id, including unicode ids" time="0.002607887">
        </testcase>
        <testcase classname="src/app/workspace/service/workflow-status/workflow-status.service.spec.ts" name="WorkflowStatusService &gt; seeds the performance-metrics stream with an empty map for late subscribers" time="0.002639406">
        </testcase>
        <testcase classname="src/app/workspace/service/workflow-status/workflow-status.service.spec.ts" name="WorkflowStatusService &gt; defaults missing optional fields to 0 when deriving metrics" time="0.002196886">
        </testcase>
        <testcase classname="src/app/workspace/service/workflow-status/workflow-status.service.spec.ts" name="WorkflowStatusService &gt; resetStatus zeros the metrics for known operators" time="0.003107795">
        </testcase>
        <testcase classname="src/app/workspace/service/workflow-status/workflow-status.service.spec.ts" name="WorkflowStatusService &gt; clearStatus empties both the status and performance-metrics snapshots" time="0.004248168">
        </testcase>
    </testsuite>
    <testsuite name="src/app/workspace/service/workflow-websocket/workflow-websocket.service.spec.ts" timestamp="2026-08-04T22:49:30.325Z" hostname="ali-Inspiron-15-3520" tests="6" failures="0" errors="0" skipped="0" time="0.052224493">
        <testcase classname="src/app/workspace/service/workflow-websocket/workflow-websocket.service.spec.ts" name="WorkflowWebsocketService &gt; should be created" time="0.009420542">
        </testcase>
        <testcase classname="src/app/workspace/service/workflow-websocket/workflow-websocket.service.spec.ts" name="WorkflowWebsocketService &gt; should close the previous status subscription when openWebsocket is called again" time="0.016722048">
            <system-out>
websocketUrl ws://localhost:3000/wsapi/workflow-websocket?wid=1&amp;uid=1&amp;cuid=1
websocketUrl ws://localhost:3000/wsapi/workflow-websocket?wid=1&amp;uid=1&amp;cuid=1

            </system-out>
        </testcase>
        <testcase classname="src/app/workspace/service/workflow-websocket/workflow-websocket.service.spec.ts" name="WorkflowWebsocketService &gt; should reset the cached worker count when the websocket is closed" time="0.005598317">
        </testcase>
        <testcase classname="src/app/workspace/service/workflow-websocket/workflow-websocket.service.spec.ts" name="WorkflowWebsocketService &gt; websocketEvent surfaces events pushed onto the response stream" time="0.005744447">
        </testcase>
        <testcase classname="src/app/workspace/service/workflow-websocket/workflow-websocket.service.spec.ts" name="WorkflowWebsocketService &gt; getConnectionStatusStream reflects updateConnectionStatus transitions and guards duplicates" time="0.005513233">
        </testcase>
        <testcase classname="src/app/workspace/service/workflow-websocket/workflow-websocket.service.spec.ts" name="WorkflowWebsocketService &gt; openWebsocket routes an incoming socket message to websocketEvent and marks the connection up" time="0.008615067">
            <system-out>
websocketUrl ws://localhost:3000/wsapi/workflow-websocket?wid=1&amp;uid=1&amp;cuid=1

            </system-out>
        </testcase>
    </testsuite>
    <testsuite name="src/app/common/service/computing-unit/computing-unit-actions/computing-unit-actions.service.spec.ts" timestamp="2026-08-04T22:49:30.326Z" hostname="ali-Inspiron-15-3520" tests="11" failures="0" errors="0" skipped="0" time="0.050756408">
        <testcase classname="src/app/common/service/computing-unit/computing-unit-actions/computing-unit-actions.service.spec.ts" name="ComputingUnitActionsService &gt; should be created" time="0.006108881">
        </testcase>
        <testcase classname="src/app/common/service/computing-unit/computing-unit-actions/computing-unit-actions.service.spec.ts" name="ComputingUnitActionsService &gt; create &gt; routes a kubernetes request to createKubernetesBasedComputingUnit" time="0.005030282">
        </testcase>
        <testcase classname="src/app/common/service/computing-unit/computing-unit-actions/computing-unit-actions.service.spec.ts" name="ComputingUnitActionsService &gt; create &gt; routes a local request to createLocalComputingUnit with name and localUri" time="0.003963499">
        </testcase>
        <testcase classname="src/app/common/service/computing-unit/computing-unit-actions/computing-unit-actions.service.spec.ts" name="ComputingUnitActionsService &gt; create &gt; throws for an unsupported computing unit type" time="0.003889151">
        </testcase>
        <testcase classname="src/app/common/service/computing-unit/computing-unit-actions/computing-unit-actions.service.spec.ts" name="ComputingUnitActionsService &gt; openShareAccessModal &gt; opens the share modal seeded with the computing unit id and workspace flag" time="0.004221093">
        </testcase>
        <testcase classname="src/app/common/service/computing-unit/computing-unit-actions/computing-unit-actions.service.spec.ts" name="ComputingUnitActionsService &gt; openShareAccessModal &gt; defaults inWorkspace to true" time="0.003526952">
        </testcase>
        <testcase classname="src/app/common/service/computing-unit/computing-unit-actions/computing-unit-actions.service.spec.ts" name="ComputingUnitActionsService &gt; confirmAndTerminate &gt; errors and skips the modal when the unit has no uri" time="0.004403687">
        </testcase>
        <testcase classname="src/app/common/service/computing-unit/computing-unit-actions/computing-unit-actions.service.spec.ts" name="ComputingUnitActionsService &gt; confirmAndTerminate &gt; opens a confirmation modal for a valid unit" time="0.003933903">
        </testcase>
        <testcase classname="src/app/common/service/computing-unit/computing-unit-actions/computing-unit-actions.service.spec.ts" name="ComputingUnitActionsService &gt; confirmAndTerminate &gt; notifies success when the confirmed termination succeeds" time="0.004867615">
        </testcase>
        <testcase classname="src/app/common/service/computing-unit/computing-unit-actions/computing-unit-actions.service.spec.ts" name="ComputingUnitActionsService &gt; confirmAndTerminate &gt; notifies an error when the confirmed termination reports failure" time="0.004537845">
        </testcase>
        <testcase classname="src/app/common/service/computing-unit/computing-unit-actions/computing-unit-actions.service.spec.ts" name="ComputingUnitActionsService &gt; confirmAndTerminate &gt; notifies an error with the extracted message when the termination observable errors" time="0.004998475">
        </testcase>
    </testsuite>
    <testsuite name="src/app/common/service/computing-unit/computing-unit-status/computing-unit-status.service.spec.ts" timestamp="2026-08-04T22:49:30.327Z" hostname="ali-Inspiron-15-3520" tests="27" failures="0" errors="0" skipped="0" time="0.242844052">
        <testcase classname="src/app/common/service/computing-unit/computing-unit-status/computing-unit-status.service.spec.ts" name="ComputingUnitStatusService &gt; should be created" time="0.005440892">
        </testcase>
        <testcase classname="src/app/common/service/computing-unit/computing-unit-status/computing-unit-status.service.spec.ts" name="ComputingUnitStatusService &gt; reconnects when re-selecting the same workflow after disconnect (regression #3120)" time="0.008624425">
        </testcase>
        <testcase classname="src/app/common/service/computing-unit/computing-unit-status/computing-unit-status.service.spec.ts" name="ComputingUnitStatusService &gt; disconnect() clears the selected computing unit" time="0.01095045">
        </testcase>
        <testcase classname="src/app/common/service/computing-unit/computing-unit-status/computing-unit-status.service.spec.ts" name="ComputingUnitStatusService &gt; emits a connection-reset signal when switching to a different computing unit (issue #3120)" time="0.005397441">
        </testcase>
        <testcase classname="src/app/common/service/computing-unit/computing-unit-status/computing-unit-status.service.spec.ts" name="ComputingUnitStatusService &gt; emits a connection-reset signal when switching units even if the socket already dropped (issue #3120)" time="0.006740181">
        </testcase>
        <testcase classname="src/app/common/service/computing-unit/computing-unit-status/computing-unit-status.service.spec.ts" name="ComputingUnitStatusService &gt; getAllComputingUnits() replays the current list and forwards later updates" time="0.004587447">
        </testcase>
        <testcase classname="src/app/common/service/computing-unit/computing-unit-status/computing-unit-status.service.spec.ts" name="ComputingUnitStatusService &gt; getSelectedComputingUnitValue() returns null before any unit is selected" time="0.004594682">
        </testcase>
        <testcase classname="src/app/common/service/computing-unit/computing-unit-status/computing-unit-status.service.spec.ts" name="ComputingUnitStatusService &gt; getSelectedComputingUnitValue() reflects the unit chosen via selectComputingUnit()" time="0.004904473">
        </testcase>
        <testcase classname="src/app/common/service/computing-unit/computing-unit-status/computing-unit-status.service.spec.ts" name="ComputingUnitStatusService &gt; getStatus() maps a null selection to NoComputingUnit" time="0.005400998">
        </testcase>
        <testcase classname="src/app/common/service/computing-unit/computing-unit-status/computing-unit-status.service.spec.ts" name="ComputingUnitStatusService &gt; getStatus() maps a Running unit to ComputingUnitState.Running" time="0.009170592">
        </testcase>
        <testcase classname="src/app/common/service/computing-unit/computing-unit-status/computing-unit-status.service.spec.ts" name="ComputingUnitStatusService &gt; getStatus() maps a Pending unit to ComputingUnitState.Pending" time="0.01025024">
        </testcase>
        <testcase classname="src/app/common/service/computing-unit/computing-unit-status/computing-unit-status.service.spec.ts" name="ComputingUnitStatusService &gt; getStatus() maps an unrecognized status to Pending (default branch)" time="0.011415805">
        </testcase>
        <testcase classname="src/app/common/service/computing-unit/computing-unit-status/computing-unit-status.service.spec.ts" name="ComputingUnitStatusService &gt; refreshComputingUnitList() re-fetches the list and pushes it to subscribers" time="0.008043701">
        </testcase>
        <testcase classname="src/app/common/service/computing-unit/computing-unit-status/computing-unit-status.service.spec.ts" name="ComputingUnitStatusService &gt; updateUnitInList replaces the matching unit and leaves the others untouched" time="0.005256763">
        </testcase>
        <testcase classname="src/app/common/service/computing-unit/computing-unit-status/computing-unit-status.service.spec.ts" name="ComputingUnitStatusService &gt; setComputingUnitsState refreshes the selected unit when it is still present in the new list" time="0.009167634">
        </testcase>
        <testcase classname="src/app/common/service/computing-unit/computing-unit-status/computing-unit-status.service.spec.ts" name="ComputingUnitStatusService &gt; setComputingUnitsState clears the selection and stops polling when the selected unit disappears" time="0.027927666">
        </testcase>
        <testcase classname="src/app/common/service/computing-unit/computing-unit-status/computing-unit-status.service.spec.ts" name="ComputingUnitStatusService &gt; startPollingSelectedUnit polls the unit on each interval tick and merges the result" time="0.018046031">
        </testcase>
        <testcase classname="src/app/common/service/computing-unit/computing-unit-status/computing-unit-status.service.spec.ts" name="ComputingUnitStatusService &gt; stopPollingSelectedUnit halts further polling" time="0.017330984">
        </testcase>
        <testcase classname="src/app/common/service/computing-unit/computing-unit-status/computing-unit-status.service.spec.ts" name="ComputingUnitStatusService &gt; selectComputingUnit() cache-miss and guard branches &gt; refreshes then selects a unit that is not yet in the cache" time="0.01232974">
        </testcase>
        <testcase classname="src/app/common/service/computing-unit/computing-unit-status/computing-unit-status.service.spec.ts" name="ComputingUnitStatusService &gt; selectComputingUnit() cache-miss and guard branches &gt; does not reopen the websocket when the identical unit is re-selected" time="0.005522192">
        </testcase>
        <testcase classname="src/app/common/service/computing-unit/computing-unit-status/computing-unit-status.service.spec.ts" name="ComputingUnitStatusService &gt; selectComputingUnit() cache-miss and guard branches &gt; does nothing when the workflow id is undefined" time="0.005067458">
        </testcase>
        <testcase classname="src/app/common/service/computing-unit/computing-unit-status/computing-unit-status.service.spec.ts" name="ComputingUnitStatusService &gt; selectComputingUnit() cache-miss and guard branches &gt; reconnects when the same unit is opened under a different workflow (wid change alone)" time="0.00908731">
        </testcase>
        <testcase classname="src/app/common/service/computing-unit/computing-unit-status/computing-unit-status.service.spec.ts" name="ComputingUnitStatusService &gt; startRefreshInterval() tears down an existing refresh subscription before creating a new one" time="0.008241847">
        </testcase>
        <testcase classname="src/app/common/service/computing-unit/computing-unit-status/computing-unit-status.service.spec.ts" name="ComputingUnitStatusService &gt; terminateComputingUnit() &gt; closes the socket and clears status when terminating the connected selection" time="0.008292107">
        </testcase>
        <testcase classname="src/app/common/service/computing-unit/computing-unit-status/computing-unit-status.service.spec.ts" name="ComputingUnitStatusService &gt; terminateComputingUnit() &gt; leaves the socket untouched when terminating a non-selected unit" time="0.005339426">
        </testcase>
        <testcase classname="src/app/common/service/computing-unit/computing-unit-status/computing-unit-status.service.spec.ts" name="ComputingUnitStatusService &gt; terminateComputingUnit() &gt; skips socket teardown when the selected unit is not connected" time="0.007974089">
        </testcase>
        <testcase classname="src/app/common/service/computing-unit/computing-unit-status/computing-unit-status.service.spec.ts" name="ComputingUnitStatusService &gt; terminateComputingUnit() &gt; resolves to false when the termination request errors" time="0.005230508">
        </testcase>
    </testsuite>
    <testsuite name="src/app/common/service/computing-unit/workflow-computing-unit/workflow-computing-unit-managing.service.spec.ts" timestamp="2026-08-04T22:49:30.328Z" hostname="ali-Inspiron-15-3520" tests="10" failures="0" errors="0" skipped="0" time="0.068559591">
        <testcase classname="src/app/common/service/computing-unit/workflow-computing-unit/workflow-computing-unit-managing.service.spec.ts" name="WorkflowComputingUnitManagingService &gt; should be created" time="0.006097808">
        </testcase>
        <testcase classname="src/app/common/service/computing-unit/workflow-computing-unit/workflow-computing-unit-managing.service.spec.ts" name="WorkflowComputingUnitManagingService &gt; createKubernetesBasedComputingUnit &gt; POSTs a kubernetes body with an empty uri and parses the resource JSON string" time="0.007334697">
        </testcase>
        <testcase classname="src/app/common/service/computing-unit/workflow-computing-unit/workflow-computing-unit-managing.service.spec.ts" name="WorkflowComputingUnitManagingService &gt; createLocalComputingUnit &gt; POSTs a local body with NaN resource placeholders and the given uri" time="0.00553569">
        </testcase>
        <testcase classname="src/app/common/service/computing-unit/workflow-computing-unit/workflow-computing-unit-managing.service.spec.ts" name="WorkflowComputingUnitManagingService &gt; resource parsing &gt; falls back to a NaN-filled resource object when the resource JSON is malformed" time="0.005116568">
        </testcase>
        <testcase classname="src/app/common/service/computing-unit/workflow-computing-unit/workflow-computing-unit-managing.service.spec.ts" name="WorkflowComputingUnitManagingService &gt; resource parsing &gt; leaves an already-parsed resource object untouched" time="0.008390257">
        </testcase>
        <testcase classname="src/app/common/service/computing-unit/workflow-computing-unit/workflow-computing-unit-managing.service.spec.ts" name="WorkflowComputingUnitManagingService &gt; terminateComputingUnit() DELETEs the terminate endpoint" time="0.005510671">
        </testcase>
        <testcase classname="src/app/common/service/computing-unit/workflow-computing-unit/workflow-computing-unit-managing.service.spec.ts" name="WorkflowComputingUnitManagingService &gt; getComputingUnitLimitOptions() GETs the limits endpoint" time="0.005286755">
        </testcase>
        <testcase classname="src/app/common/service/computing-unit/workflow-computing-unit/workflow-computing-unit-managing.service.spec.ts" name="WorkflowComputingUnitManagingService &gt; getComputingUnitTypes() GETs the types endpoint" time="0.005999802">
        </testcase>
        <testcase classname="src/app/common/service/computing-unit/workflow-computing-unit/workflow-computing-unit-managing.service.spec.ts" name="WorkflowComputingUnitManagingService &gt; listComputingUnits() GETs the list endpoint and parses every unit&apos;s resource" time="0.007632488">
        </testcase>
        <testcase classname="src/app/common/service/computing-unit/workflow-computing-unit/workflow-computing-unit-managing.service.spec.ts" name="WorkflowComputingUnitManagingService &gt; renameComputingUnit() PUTs to a URI-encoded rename endpoint" time="0.010627153">
        </testcase>
    </testsuite>
    <testsuite name="src/app/common/service/user/config/user-config.service.spec.ts" timestamp="2026-08-04T22:49:30.329Z" hostname="ali-Inspiron-15-3520" tests="19" failures="0" errors="0" skipped="0" time="0.121569258">
        <testcase classname="src/app/common/service/user/config/user-config.service.spec.ts" name="UserConfigService &gt; should be created" time="0.006676006">
        </testcase>
        <testcase classname="src/app/common/service/user/config/user-config.service.spec.ts" name="UserConfigService &gt; starts with an empty local dictionary after the initial fetch" time="0.007635855">
        </testcase>
        <testcase classname="src/app/common/service/user/config/user-config.service.spec.ts" name="UserConfigService &gt; fetchAll &gt; issues a GET to the config endpoint and replaces the local dictionary" time="0.011164458">
        </testcase>
        <testcase classname="src/app/common/service/user/config/user-config.service.spec.ts" name="UserConfigService &gt; fetchAll &gt; notifies dictionaryChanged subscribers when the dictionary is replaced" time="0.008829591">
        </testcase>
        <testcase classname="src/app/common/service/user/config/user-config.service.spec.ts" name="UserConfigService &gt; fetchAll &gt; throws when the user is not logged in" time="0.005281786">
        </testcase>
        <testcase classname="src/app/common/service/user/config/user-config.service.spec.ts" name="UserConfigService &gt; fetchKey &gt; issues a GET to the per-key endpoint and merges the value into the local dict" time="0.008016761">
        </testcase>
        <testcase classname="src/app/common/service/user/config/user-config.service.spec.ts" name="UserConfigService &gt; fetchKey &gt; notifies dictionaryChanged subscribers only when the value actually changes" time="0.004865924">
        </testcase>
        <testcase classname="src/app/common/service/user/config/user-config.service.spec.ts" name="UserConfigService &gt; fetchKey &gt; throws when the user is not logged in" time="0.005977002">
        </testcase>
        <testcase classname="src/app/common/service/user/config/user-config.service.spec.ts" name="UserConfigService &gt; fetchKey &gt; throws when given an empty key" time="0.004680043">
        </testcase>
        <testcase classname="src/app/common/service/user/config/user-config.service.spec.ts" name="UserConfigService &gt; set &gt; issues a PUT with the value as the body and updates the local dict" time="0.006798172">
        </testcase>
        <testcase classname="src/app/common/service/user/config/user-config.service.spec.ts" name="UserConfigService &gt; set &gt; does not refire dictionaryChanged when setting the same value twice" time="0.006120847">
        </testcase>
        <testcase classname="src/app/common/service/user/config/user-config.service.spec.ts" name="UserConfigService &gt; set &gt; throws when the user is not logged in" time="0.005013772">
        </testcase>
        <testcase classname="src/app/common/service/user/config/user-config.service.spec.ts" name="UserConfigService &gt; set &gt; throws when given an empty key" time="0.004882999">
        </testcase>
        <testcase classname="src/app/common/service/user/config/user-config.service.spec.ts" name="UserConfigService &gt; delete &gt; issues a DELETE to the per-key endpoint and removes the entry from the local dict" time="0.006235318">
        </testcase>
        <testcase classname="src/app/common/service/user/config/user-config.service.spec.ts" name="UserConfigService &gt; delete &gt; is a no-op (no HTTP request) when the key is not present in the local dict" time="0.006471387">
        </testcase>
        <testcase classname="src/app/common/service/user/config/user-config.service.spec.ts" name="UserConfigService &gt; delete &gt; throws when the user is not logged in" time="0.005224617">
        </testcase>
        <testcase classname="src/app/common/service/user/config/user-config.service.spec.ts" name="UserConfigService &gt; delete &gt; throws when given an empty key" time="0.00550834">
        </testcase>
        <testcase classname="src/app/common/service/user/config/user-config.service.spec.ts" name="UserConfigService &gt; user-change reactions &gt; re-fetches the dictionary when a logged-in user is emitted on userChanged" time="0.005505185">
        </testcase>
        <testcase classname="src/app/common/service/user/config/user-config.service.spec.ts" name="UserConfigService &gt; user-change reactions &gt; clears the local dictionary when the user logs out" time="0.005223241">
        </testcase>
    </testsuite>
    <testsuite name="src/app/common/service/user/registration-request-modal/registration-request-modal.component.spec.ts" timestamp="2026-08-04T22:49:30.331Z" hostname="ali-Inspiron-15-3520" tests="5" failures="0" errors="0" skipped="0" time="0.142314534">
        <testcase classname="src/app/common/service/user/registration-request-modal/registration-request-modal.component.spec.ts" name="RegistrationRequestModalComponent &gt; should create and render the template" time="0.037999988">
        </testcase>
        <testcase classname="src/app/common/service/user/registration-request-modal/registration-request-modal.component.spec.ts" name="RegistrationRequestModalComponent &gt; populates name and email from the modal data" time="0.03568545">
        </testcase>
        <testcase classname="src/app/common/service/user/registration-request-modal/registration-request-modal.component.spec.ts" name="RegistrationRequestModalComponent &gt; defaults name and email to empty strings when the modal data is undefined" time="0.019847814">
        </testcase>
        <testcase classname="src/app/common/service/user/registration-request-modal/registration-request-modal.component.spec.ts" name="RegistrationRequestModalComponent &gt; getValues trims the affiliation and reason" time="0.02501928">
        </testcase>
        <testcase classname="src/app/common/service/user/registration-request-modal/registration-request-modal.component.spec.ts" name="RegistrationRequestModalComponent &gt; getValues returns empty strings when affiliation and reason are unset" time="0.022667407">
        </testcase>
    </testsuite>
    <testsuite name="src/app/dashboard/component/admin/execution/admin-execution.component.spec.ts" timestamp="2026-08-04T22:49:30.331Z" hostname="ali-Inspiron-15-3520" tests="39" failures="0" errors="0" skipped="0" time="1.219812442">
        <testcase classname="src/app/dashboard/component/admin/execution/admin-execution.component.spec.ts" name="AdminDashboardComponent &gt; should create" time="0.179619192">
        </testcase>
        <testcase classname="src/app/dashboard/component/admin/execution/admin-execution.component.spec.ts" name="AdminDashboardComponent &gt; renders the workflow link to /user/workflow/&lt;id&gt; when the admin has access" time="0.245110322">
        </testcase>
        <testcase classname="src/app/dashboard/component/admin/execution/admin-execution.component.spec.ts" name="AdminExecutionComponent pagination (#3586) &gt; moves to the page the user clicks (page 1 -&gt; page 5)" time="0.029283775">
        </testcase>
        <testcase classname="src/app/dashboard/component/admin/execution/admin-execution.component.spec.ts" name="AdminExecutionComponent pagination (#3586) &gt; follows the emitted page index when the page size changes (reset to first page)" time="0.03085486">
        </testcase>
        <testcase classname="src/app/dashboard/component/admin/execution/admin-execution.component.spec.ts" name="AdminExecutionComponent pagination (#3586) &gt; syncs both page size and page index from a single event, order-independently" time="0.016174723">
        </testcase>
        <testcase classname="src/app/dashboard/component/admin/execution/admin-execution.component.spec.ts" name="AdminExecutionComponent pagination (#3586) &gt; clamps to the last existing page when a larger page size removes pages" time="0.016575075">
        </testcase>
        <testcase classname="src/app/dashboard/component/admin/execution/admin-execution.component.spec.ts" name="AdminExecutionComponent pagination (#3586) &gt; handles single-page results (stays on the only page)" time="0.021931265">
        </testcase>
        <testcase classname="src/app/dashboard/component/admin/execution/admin-execution.component.spec.ts" name="AdminExecutionComponent pagination (#3586) &gt; clamps to the first page for empty results even if a later page is requested" time="0.019977919">
        </testcase>
        <testcase classname="src/app/dashboard/component/admin/execution/admin-execution.component.spec.ts" name="AdminExecutionComponent pagination (#3586) &gt; does not refetch when neither page size nor page index changed (sort/filter handled elsewhere)" time="0.014311229">
        </testcase>
        <testcase classname="src/app/dashboard/component/admin/execution/admin-execution.component.spec.ts" name="AdminExecutionComponent pagination (#3586) &gt; fetches exactly once for a real page change" time="0.013325527">
        </testcase>
        <testcase classname="src/app/dashboard/component/admin/execution/admin-execution.component.spec.ts" name="AdminExecutionComponent methods (#6550) &gt; pure helpers &gt; padZero pads single digits to two characters" time="0.016671943">
        </testcase>
        <testcase classname="src/app/dashboard/component/admin/execution/admin-execution.component.spec.ts" name="AdminExecutionComponent methods (#6550) &gt; pure helpers &gt; convertSecondsToTime formats seconds as HH:MM:SS" time="0.023969186">
        </testcase>
        <testcase classname="src/app/dashboard/component/admin/execution/admin-execution.component.spec.ts" name="AdminExecutionComponent methods (#6550) &gt; pure helpers &gt; maxStringLength truncates only when longer than the limit" time="0.020376856">
        </testcase>
        <testcase classname="src/app/dashboard/component/admin/execution/admin-execution.component.spec.ts" name="AdminExecutionComponent methods (#6550) &gt; pure helpers &gt; getStatusColor maps statuses to colors and falls back to black" time="0.032290362">
        </testcase>
        <testcase classname="src/app/dashboard/component/admin/execution/admin-execution.component.spec.ts" name="AdminExecutionComponent methods (#6550) &gt; pure helpers &gt; getStatusColor maps the remaining statuses" time="0.022569684">
        </testcase>
        <testcase classname="src/app/dashboard/component/admin/execution/admin-execution.component.spec.ts" name="AdminExecutionComponent methods (#6550) &gt; pure helpers &gt; convertTimeToTimestamp renders the timestamp via toLocaleString" time="0.042834529">
        </testcase>
        <testcase classname="src/app/dashboard/component/admin/execution/admin-execution.component.spec.ts" name="AdminExecutionComponent methods (#6550) &gt; pure helpers &gt; calculateTime uses the fixed final duration for a completed execution" time="0.018380248">
        </testcase>
        <testcase classname="src/app/dashboard/component/admin/execution/admin-execution.component.spec.ts" name="AdminExecutionComponent methods (#6550) &gt; pure helpers &gt; calculateTime uses the live elapsed time for a running execution" time="0.022142967">
        </testcase>
        <testcase classname="src/app/dashboard/component/admin/execution/admin-execution.component.spec.ts" name="AdminExecutionComponent methods (#6550) &gt; time status &gt; specifyCompletedStatus flips COMPLETED to JUST COMPLETED within the 5s window" time="0.020352539">
        </testcase>
        <testcase classname="src/app/dashboard/component/admin/execution/admin-execution.component.spec.ts" name="AdminExecutionComponent methods (#6550) &gt; time status &gt; specifyCompletedStatus reverts JUST COMPLETED to COMPLETED after 5s" time="0.017878153">
        </testcase>
        <testcase classname="src/app/dashboard/component/admin/execution/admin-execution.component.spec.ts" name="AdminExecutionComponent methods (#6550) &gt; time status &gt; updateTimeDifferences assigns the elapsed time for each execution" time="0.016498864">
        </testcase>
        <testcase classname="src/app/dashboard/component/admin/execution/admin-execution.component.spec.ts" name="AdminExecutionComponent methods (#6550) &gt; time status &gt; updateTimeStatus delegates to specifyCompletedStatus and updateTimeDifferences" time="0.036319103">
        </testcase>
        <testcase classname="src/app/dashboard/component/admin/execution/admin-execution.component.spec.ts" name="AdminExecutionComponent methods (#6550) &gt; time status &gt; dataCheck flags a status change and ignores a fresh JUST COMPLETED" time="0.017803898">
        </testcase>
        <testcase classname="src/app/dashboard/component/admin/execution/admin-execution.component.spec.ts" name="AdminExecutionComponent methods (#6550) &gt; time status &gt; dataCheck flags execution-name and workflow-name changes when the status is unchanged" time="0.018873488">
        </testcase>
        <testcase classname="src/app/dashboard/component/admin/execution/admin-execution.component.spec.ts" name="AdminExecutionComponent methods (#6550) &gt; time status &gt; dataCheck returns false when status, execution name and workflow name are all unchanged" time="0.017707664">
        </testcase>
        <testcase classname="src/app/dashboard/component/admin/execution/admin-execution.component.spec.ts" name="AdminExecutionComponent methods (#6550) &gt; data + table &gt; fetchData populates the list, total and loading flag" time="0.014000213">
        </testcase>
        <testcase classname="src/app/dashboard/component/admin/execution/admin-execution.component.spec.ts" name="AdminExecutionComponent methods (#6550) &gt; data + table &gt; onFilterChange stringifies the filter and refetches with it" time="0.011345333">
        </testcase>
        <testcase classname="src/app/dashboard/component/admin/execution/admin-execution.component.spec.ts" name="AdminExecutionComponent methods (#6550) &gt; data + table &gt; onSortChange sets the field/direction and refetches" time="0.012789824">
        </testcase>
        <testcase classname="src/app/dashboard/component/admin/execution/admin-execution.component.spec.ts" name="AdminExecutionComponent methods (#6550) &gt; data + table &gt; onSortChange resets to NO_SORT when the active field is cleared" time="0.016273197">
        </testcase>
        <testcase classname="src/app/dashboard/component/admin/execution/admin-execution.component.spec.ts" name="AdminExecutionComponent methods (#6550) &gt; data + table &gt; onSortChange maps a descend order to the &apos;desc&apos; direction" time="0.030674487">
        </testcase>
        <testcase classname="src/app/dashboard/component/admin/execution/admin-execution.component.spec.ts" name="AdminExecutionComponent methods (#6550) &gt; data + table &gt; onSortChange is a no-op when a non-active field is cleared" time="0.026316954">
        </testcase>
        <testcase classname="src/app/dashboard/component/admin/execution/admin-execution.component.spec.ts" name="AdminExecutionComponent methods (#6550) &gt; data + table &gt; filterByStatus matches only executions whose status contains a selected value" time="0.025515852">
        </testcase>
        <testcase classname="src/app/dashboard/component/admin/execution/admin-execution.component.spec.ts" name="AdminExecutionComponent methods (#6550) &gt; execution actions &gt; killExecution opens the socket for the workflow, sends a kill request and refreshes" time="0.021112746">
        </testcase>
        <testcase classname="src/app/dashboard/component/admin/execution/admin-execution.component.spec.ts" name="AdminExecutionComponent methods (#6550) &gt; execution actions &gt; pauseExecution sends a pause request" time="0.0220482">
        </testcase>
        <testcase classname="src/app/dashboard/component/admin/execution/admin-execution.component.spec.ts" name="AdminExecutionComponent methods (#6550) &gt; execution actions &gt; resumeExecution sends a resume request" time="0.024406344">
        </testcase>
        <testcase classname="src/app/dashboard/component/admin/execution/admin-execution.component.spec.ts" name="AdminExecutionComponent methods (#6550) &gt; execution actions &gt; clickToViewHistory opens the history modal for the workflow" time="0.019900386">
        </testcase>
        <testcase classname="src/app/dashboard/component/admin/execution/admin-execution.component.spec.ts" name="AdminExecutionComponent methods (#6550) &gt; lifecycle polling &gt; ngOnInit loads the current page and starts the 1s clock tick" time="0.020741242">
        </testcase>
        <testcase classname="src/app/dashboard/component/admin/execution/admin-execution.component.spec.ts" name="AdminExecutionComponent methods (#6550) &gt; lifecycle polling &gt; ngOnInit polls the current page every 5s and leaves the total untouched when it did not change" time="0.017679383">
        </testcase>
        <testcase classname="src/app/dashboard/component/admin/execution/admin-execution.component.spec.ts" name="AdminExecutionComponent methods (#6550) &gt; lifecycle polling &gt; ngOnDestroy clears the clock interval so it stops ticking" time="0.023041582">
        </testcase>
    </testsuite>
    <testsuite name="src/app/dashboard/component/admin/gmail/admin-gmail.component.spec.ts" timestamp="2026-08-04T22:49:30.334Z" hostname="ali-Inspiron-15-3520" tests="10" failures="0" errors="0" skipped="0" time="0.628477247">
        <testcase classname="src/app/dashboard/component/admin/gmail/admin-gmail.component.spec.ts" name="AdminGmailComponent &gt; should create and render the reactive form template" time="0.091323556">
        </testcase>
        <testcase classname="src/app/dashboard/component/admin/gmail/admin-gmail.component.spec.ts" name="AdminGmailComponent &gt; validateForm validation &gt; builds the form with email/subject/content controls" time="0.057345406">
        </testcase>
        <testcase classname="src/app/dashboard/component/admin/gmail/admin-gmail.component.spec.ts" name="AdminGmailComponent &gt; validateForm validation &gt; is invalid when empty" time="0.075502568">
        </testcase>
        <testcase classname="src/app/dashboard/component/admin/gmail/admin-gmail.component.spec.ts" name="AdminGmailComponent &gt; validateForm validation &gt; is invalid when the email is malformed (all fields otherwise filled)" time="0.090057877">
        </testcase>
        <testcase classname="src/app/dashboard/component/admin/gmail/admin-gmail.component.spec.ts" name="AdminGmailComponent &gt; validateForm validation &gt; is invalid when subject is missing" time="0.066824569">
        </testcase>
        <testcase classname="src/app/dashboard/component/admin/gmail/admin-gmail.component.spec.ts" name="AdminGmailComponent &gt; validateForm validation &gt; is invalid when content is missing" time="0.06888363">
        </testcase>
        <testcase classname="src/app/dashboard/component/admin/gmail/admin-gmail.component.spec.ts" name="AdminGmailComponent &gt; validateForm validation &gt; is valid when all three fields are filled with a well-formed email" time="0.048622774">
        </testcase>
        <testcase classname="src/app/dashboard/component/admin/gmail/admin-gmail.component.spec.ts" name="AdminGmailComponent &gt; getSenderEmail (called from ngOnInit) &gt; subscribes on init and sets email to the emitted value" time="0.044550905">
        </testcase>
        <testcase classname="src/app/dashboard/component/admin/gmail/admin-gmail.component.spec.ts" name="AdminGmailComponent &gt; getSenderEmail (called from ngOnInit) &gt; resets email to undefined and logs when the sender lookup errors" time="0.037898008">
        </testcase>
        <testcase classname="src/app/dashboard/component/admin/gmail/admin-gmail.component.spec.ts" name="AdminGmailComponent &gt; sendTestEmail &gt; calls GmailService.sendEmail with the form&apos;s subject, content and email" time="0.0450416">
        </testcase>
    </testsuite>
    <testsuite name="src/app/dashboard/component/admin/settings/admin-settings.component.spec.ts" timestamp="2026-08-04T22:49:30.334Z" hostname="ali-Inspiron-15-3520" tests="25" failures="0" errors="0" skipped="0" time="5.003935234">
        <testcase classname="src/app/dashboard/component/admin/settings/admin-settings.component.spec.ts" name="AdminSettingsComponent &gt; should create" time="0.208227903">
        </testcase>
        <testcase classname="src/app/dashboard/component/admin/settings/admin-settings.component.spec.ts" name="AdminSettingsComponent &gt; renders MiB unit beside every size-based input" time="0.203418924">
        </testcase>
        <testcase classname="src/app/dashboard/component/admin/settings/admin-settings.component.spec.ts" name="AdminSettingsComponent &gt; loads every form field from one bulk settings request" time="0.200830383">
        </testcase>
        <testcase classname="src/app/dashboard/component/admin/settings/admin-settings.component.spec.ts" name="AdminSettingsComponent &gt; keeps the initializer defaults for missing or unparsable values" time="0.165978807">
        </testcase>
        <testcase classname="src/app/dashboard/component/admin/settings/admin-settings.component.spec.ts" name="AdminSettingsComponent &gt; surfaces a load failure through the message service" time="0.167366977">
        </testcase>
        <testcase classname="src/app/dashboard/component/admin/settings/admin-settings.component.spec.ts" name="AdminSettingsComponent &gt; preserves a legitimately stored 0 instead of falling back to the default" time="0.184431001">
        </testcase>
        <testcase classname="src/app/dashboard/component/admin/settings/admin-settings.component.spec.ts" name="AdminSettingsComponent &gt; blocks a tab save when the bulk load failed (no destructive all-off write)" time="0.12114695">
        </testcase>
        <testcase classname="src/app/dashboard/component/admin/settings/admin-settings.component.spec.ts" name="AdminSettingsComponent &gt; save / reset handlers &gt; branding &gt; saveLogos PUTs only the branding assets that are set and notifies success" time="0.143897025">
        </testcase>
        <testcase classname="src/app/dashboard/component/admin/settings/admin-settings.component.spec.ts" name="AdminSettingsComponent &gt; save / reset handlers &gt; branding &gt; saveLogos does nothing when no branding asset is set" time="0.12952966">
        </testcase>
        <testcase classname="src/app/dashboard/component/admin/settings/admin-settings.component.spec.ts" name="AdminSettingsComponent &gt; save / reset handlers &gt; branding &gt; saveLogos notifies an error when the request fails" time="0.152602604">
        </testcase>
        <testcase classname="src/app/dashboard/component/admin/settings/admin-settings.component.spec.ts" name="AdminSettingsComponent &gt; save / reset handlers &gt; branding &gt; resetBranding POSTs a reset for all three branding settings" time="0.159577797">
        </testcase>
        <testcase classname="src/app/dashboard/component/admin/settings/admin-settings.component.spec.ts" name="AdminSettingsComponent &gt; save / reset handlers &gt; tabs &gt; saveTabs PUTs every sidebar tab and notifies success" time="0.205064968">
        </testcase>
        <testcase classname="src/app/dashboard/component/admin/settings/admin-settings.component.spec.ts" name="AdminSettingsComponent &gt; save / reset handlers &gt; tabs &gt; saveTabs notifies an error when a request fails" time="0.216050978">
        </testcase>
        <testcase classname="src/app/dashboard/component/admin/settings/admin-settings.component.spec.ts" name="AdminSettingsComponent &gt; save / reset handlers &gt; tabs &gt; resetTabs POSTs a reset for every sidebar tab" time="0.286526483">
        </testcase>
        <testcase classname="src/app/dashboard/component/admin/settings/admin-settings.component.spec.ts" name="AdminSettingsComponent &gt; save / reset handlers &gt; dataset settings &gt; saveDatasetSettings PUTs every upload setting and notifies success" time="0.17247023">
        </testcase>
        <testcase classname="src/app/dashboard/component/admin/settings/admin-settings.component.spec.ts" name="AdminSettingsComponent &gt; save / reset handlers &gt; dataset settings &gt; saveDatasetSettings rejects non-positive values without saving" time="0.153707475">
        </testcase>
        <testcase classname="src/app/dashboard/component/admin/settings/admin-settings.component.spec.ts" name="AdminSettingsComponent &gt; save / reset handlers &gt; dataset settings &gt; saveDatasetSettings rejects a configuration that would exceed the 10,000-part limit" time="0.211636515">
        </testcase>
        <testcase classname="src/app/dashboard/component/admin/settings/admin-settings.component.spec.ts" name="AdminSettingsComponent &gt; save / reset handlers &gt; dataset settings &gt; saveDatasetSettings notifies an error when a request fails" time="0.296366781">
        </testcase>
        <testcase classname="src/app/dashboard/component/admin/settings/admin-settings.component.spec.ts" name="AdminSettingsComponent &gt; save / reset handlers &gt; dataset settings &gt; rejects a model configuration that would exceed the 10,000-part limit" time="0.191314126">
        </testcase>
        <testcase classname="src/app/dashboard/component/admin/settings/admin-settings.component.spec.ts" name="AdminSettingsComponent &gt; save / reset handlers &gt; dataset settings &gt; resetDatasetSettings POSTs a reset for every upload setting" time="0.234539205">
        </testcase>
        <testcase classname="src/app/dashboard/component/admin/settings/admin-settings.component.spec.ts" name="AdminSettingsComponent &gt; save / reset handlers &gt; csv (result panel) settings &gt; saveCsvSettings PUTs the max-columns value and notifies success" time="0.273475044">
        </testcase>
        <testcase classname="src/app/dashboard/component/admin/settings/admin-settings.component.spec.ts" name="AdminSettingsComponent &gt; save / reset handlers &gt; csv (result panel) settings &gt; saveCsvSettings notifies an error when the request fails" time="0.302414182">
        </testcase>
        <testcase classname="src/app/dashboard/component/admin/settings/admin-settings.component.spec.ts" name="AdminSettingsComponent &gt; save / reset handlers &gt; csv (result panel) settings &gt; resetCsvSettings POSTs a reset and notifies info" time="0.195503371">
        </testcase>
        <testcase classname="src/app/dashboard/component/admin/settings/admin-settings.component.spec.ts" name="AdminSettingsComponent &gt; save / reset handlers &gt; onFileChange &gt; rejects a non-image file with an error and leaves the existing logo untouched" time="0.236846918">
        </testcase>
        <testcase classname="src/app/dashboard/component/admin/settings/admin-settings.component.spec.ts" name="AdminSettingsComponent &gt; save / reset handlers &gt; onFileChange &gt; reads a valid image file into the matching branding field" time="0.189092261">
        </testcase>
    </testsuite>
    <testsuite name="src/app/dashboard/component/admin/user/admin-user.component.spec.ts" timestamp="2026-08-04T22:49:30.336Z" hostname="ali-Inspiron-15-3520" tests="40" failures="0" errors="0" skipped="0" time="5.053180076">
        <testcase classname="src/app/dashboard/component/admin/user/admin-user.component.spec.ts" name="AdminUserComponent &gt; should create" time="0.601165336">
        </testcase>
        <testcase classname="src/app/dashboard/component/admin/user/admin-user.component.spec.ts" name="AdminUserComponent &gt; should search email case-insensitively" time="0.252387113">
        </testcase>
        <testcase classname="src/app/dashboard/component/admin/user/admin-user.component.spec.ts" name="AdminUserComponent &gt; should search comment case-insensitively" time="0.256122567">
        </testcase>
        <testcase classname="src/app/dashboard/component/admin/user/admin-user.component.spec.ts" name="AdminUserComponent &gt; should trim active email search value without lowercasing the stored input" time="0.134883054">
        </testcase>
        <testcase classname="src/app/dashboard/component/admin/user/admin-user.component.spec.ts" name="AdminUserComponent &gt; should trim active comment search value without lowercasing the stored input" time="0.135407786">
        </testcase>
        <testcase classname="src/app/dashboard/component/admin/user/admin-user.component.spec.ts" name="AdminUserComponent &gt; should clear inactive search values when searching by name" time="0.164820029">
        </testcase>
        <testcase classname="src/app/dashboard/component/admin/user/admin-user.component.spec.ts" name="AdminUserComponent &gt; should clear inactive search values when searching by email" time="0.124727347">
        </testcase>
        <testcase classname="src/app/dashboard/component/admin/user/admin-user.component.spec.ts" name="AdminUserComponent &gt; should clear inactive search values when searching by comment" time="0.094216687">
        </testcase>
        <testcase classname="src/app/dashboard/component/admin/user/admin-user.component.spec.ts" name="AdminUserComponent &gt; addUser creates a user through the service and reloads the list" time="0.111878582">
        </testcase>
        <testcase classname="src/app/dashboard/component/admin/user/admin-user.component.spec.ts" name="AdminUserComponent &gt; startEdit loads the target row&apos;s values into the edit fields" time="0.165981487">
        </testcase>
        <testcase classname="src/app/dashboard/component/admin/user/admin-user.component.spec.ts" name="AdminUserComponent &gt; saveEdit persists a changed row and updates the local lists" time="0.152745865">
        </testcase>
        <testcase classname="src/app/dashboard/component/admin/user/admin-user.component.spec.ts" name="AdminUserComponent &gt; saveEdit is a no-op when nothing changed" time="0.119446195">
        </testcase>
        <testcase classname="src/app/dashboard/component/admin/user/admin-user.component.spec.ts" name="AdminUserComponent &gt; saveEdit surfaces a service error through the message service" time="0.099925475">
        </testcase>
        <testcase classname="src/app/dashboard/component/admin/user/admin-user.component.spec.ts" name="AdminUserComponent &gt; stopEdit clears the edit target" time="0.08167439">
        </testcase>
        <testcase classname="src/app/dashboard/component/admin/user/admin-user.component.spec.ts" name="AdminUserComponent &gt; reset clears search state and restores the full display list" time="0.133616326">
        </testcase>
        <testcase classname="src/app/dashboard/component/admin/user/admin-user.component.spec.ts" name="AdminUserComponent &gt; updateRole edits only the role and persists it" time="0.121766872">
        </testcase>
        <testcase classname="src/app/dashboard/component/admin/user/admin-user.component.spec.ts" name="AdminUserComponent &gt; isUserActive reflects the recent-login window" time="0.113292706">
        </testcase>
        <testcase classname="src/app/dashboard/component/admin/user/admin-user.component.spec.ts" name="AdminUserComponent &gt; getAccountCreation converts seconds to milliseconds and defaults to 0" time="0.112780264">
        </testcase>
        <testcase classname="src/app/dashboard/component/admin/user/admin-user.component.spec.ts" name="AdminUserComponent &gt; loadFeedbackCounts caches counts read back by getFeedbackCount" time="0.097534556">
        </testcase>
        <testcase classname="src/app/dashboard/component/admin/user/admin-user.component.spec.ts" name="AdminUserComponent &gt; clickToViewFeedbacks opens the feedback modal for the given uid" time="0.109097247">
        </testcase>
        <testcase classname="src/app/dashboard/component/admin/user/admin-user.component.spec.ts" name="AdminUserComponent &gt; clickToViewQuota opens the quota modal for the given uid" time="0.098215334">
        </testcase>
        <testcase classname="src/app/dashboard/component/admin/user/admin-user.component.spec.ts" name="AdminUserComponent &gt; startEdit caret focus &gt; focuses the name input and places the caret at the end after the setTimeout macrotask" time="0.114915417">
        </testcase>
        <testcase classname="src/app/dashboard/component/admin/user/admin-user.component.spec.ts" name="AdminUserComponent &gt; startEdit caret focus &gt; focuses the email input and places the caret at the end" time="0.114779105">
        </testcase>
        <testcase classname="src/app/dashboard/component/admin/user/admin-user.component.spec.ts" name="AdminUserComponent &gt; startEdit caret focus &gt; focuses the comment textarea and places the caret at the end" time="0.112858614">
        </testcase>
        <testcase classname="src/app/dashboard/component/admin/user/admin-user.component.spec.ts" name="AdminUserComponent &gt; startEdit caret focus &gt; does nothing on the timer when the matching input ref is absent" time="0.070334698">
        </testcase>
        <testcase classname="src/app/dashboard/component/admin/user/admin-user.component.spec.ts" name="AdminUserComponent &gt; saveEdit error fallback &gt; falls back to err.message when err.error.message is absent" time="0.067273378">
        </testcase>
        <testcase classname="src/app/dashboard/component/admin/user/admin-user.component.spec.ts" name="AdminUserComponent &gt; searchByName filtering &gt; filters the display list by name case-insensitively over populated data" time="0.068443936">
        </testcase>
        <testcase classname="src/app/dashboard/component/admin/user/admin-user.component.spec.ts" name="AdminUserComponent &gt; searchByName filtering &gt; trims a null name search value down to an empty string" time="0.095201271">
        </testcase>
        <testcase classname="src/app/dashboard/component/admin/user/admin-user.component.spec.ts" name="AdminUserComponent &gt; searchByName filtering &gt; tolerates null name/email/comment fields across all three searches" time="0.127243245">
        </testcase>
        <testcase classname="src/app/dashboard/component/admin/user/admin-user.component.spec.ts" name="AdminUserComponent &gt; column sort comparators &gt; sortByID orders by descending uid" time="0.071019737">
        </testcase>
        <testcase classname="src/app/dashboard/component/admin/user/admin-user.component.spec.ts" name="AdminUserComponent &gt; column sort comparators &gt; sortByName compares names and falls back to uid on a tie" time="0.085714859">
        </testcase>
        <testcase classname="src/app/dashboard/component/admin/user/admin-user.component.spec.ts" name="AdminUserComponent &gt; column sort comparators &gt; sortByEmail compares emails and falls back to uid on a tie" time="0.077021197">
        </testcase>
        <testcase classname="src/app/dashboard/component/admin/user/admin-user.component.spec.ts" name="AdminUserComponent &gt; column sort comparators &gt; sortByComment compares comments and falls back to uid on a tie" time="0.129754933">
        </testcase>
        <testcase classname="src/app/dashboard/component/admin/user/admin-user.component.spec.ts" name="AdminUserComponent &gt; column sort comparators &gt; sortByRole compares roles and falls back to uid on a tie" time="0.11806614">
        </testcase>
        <testcase classname="src/app/dashboard/component/admin/user/admin-user.component.spec.ts" name="AdminUserComponent &gt; column sort comparators &gt; sortByAccountCreation orders ascending and defaults missing values to 0" time="0.069417528">
        </testcase>
        <testcase classname="src/app/dashboard/component/admin/user/admin-user.component.spec.ts" name="AdminUserComponent &gt; column sort comparators &gt; sortByAffiliation compares affiliations and falls back to uid on a tie" time="0.087455792">
        </testcase>
        <testcase classname="src/app/dashboard/component/admin/user/admin-user.component.spec.ts" name="AdminUserComponent &gt; column sort comparators &gt; sortByJoiningReason compares joining reasons and falls back to uid on a tie" time="0.097995262">
        </testcase>
        <testcase classname="src/app/dashboard/component/admin/user/admin-user.component.spec.ts" name="AdminUserComponent &gt; column sort comparators &gt; sortByActive ranks active users first and falls back to uid when equal" time="0.112613828">
        </testcase>
        <testcase classname="src/app/dashboard/component/admin/user/admin-user.component.spec.ts" name="AdminUserComponent &gt; filterByRole &gt; matches when the user role is in the selected list" time="0.078101712">
        </testcase>
        <testcase classname="src/app/dashboard/component/admin/user/admin-user.component.spec.ts" name="AdminUserComponent &gt; filterByRole &gt; does not match when the user role is absent from the selected list" time="0.068671797">
        </testcase>
    </testsuite>
    <testsuite name="src/app/dashboard/component/user/feedback/feedback.component.spec.ts" timestamp="2026-08-04T22:49:30.338Z" hostname="ali-Inspiron-15-3520" tests="5" failures="0" errors="0" skipped="0" time="0.42161777">
        <testcase classname="src/app/dashboard/component/user/feedback/feedback.component.spec.ts" name="FeedbackComponent &gt; own-feedback (page) mode &gt; creates and is not in admin view" time="0.098084793">
        </testcase>
        <testcase classname="src/app/dashboard/component/user/feedback/feedback.component.spec.ts" name="FeedbackComponent &gt; own-feedback (page) mode &gt; loads the current user&apos;s own feedback on init" time="0.114812233">
        </testcase>
        <testcase classname="src/app/dashboard/component/user/feedback/feedback.component.spec.ts" name="FeedbackComponent &gt; own-feedback (page) mode &gt; does not submit empty or whitespace-only feedback" time="0.077488431">
        </testcase>
        <testcase classname="src/app/dashboard/component/user/feedback/feedback.component.spec.ts" name="FeedbackComponent &gt; own-feedback (page) mode &gt; submits trimmed feedback, clears the box, and reloads on success" time="0.092500724">
        </testcase>
        <testcase classname="src/app/dashboard/component/user/feedback/feedback.component.spec.ts" name="FeedbackComponent &gt; admin (modal) mode &gt; is in admin view and loads the target user&apos;s feedback" time="0.038041637">
        </testcase>
    </testsuite>
    <testsuite name="src/app/dashboard/component/user/files-uploader/files-uploader.component.spec.ts" timestamp="2026-08-04T22:49:30.339Z" hostname="ali-Inspiron-15-3520" tests="10" failures="0" errors="0" skipped="0" time="0.030592358">
        <testcase classname="src/app/dashboard/component/user/files-uploader/files-uploader.component.spec.ts" name="FilesUploaderComponent &gt; keeps the default upload size limit when the public setting is missing, and parses it when present" time="0.003129227">
        </testcase>
        <testcase classname="src/app/dashboard/component/user/files-uploader/files-uploader.component.spec.ts" name="FilesUploaderComponent &gt; reads the model limit key and its larger default when uploading to a model" time="0.000963856">
        </testcase>
        <testcase classname="src/app/dashboard/component/user/files-uploader/files-uploader.component.spec.ts" name="FilesUploaderComponent &gt; reads the dataset limit key when uploading to a dataset" time="0.001018485">
        </testcase>
        <testcase classname="src/app/dashboard/component/user/files-uploader/files-uploader.component.spec.ts" name="FilesUploaderComponent &gt; asks to resume failed multipart files and skip completed matching files in one retry batch" time="0.006512758">
        </testcase>
        <testcase classname="src/app/dashboard/component/user/files-uploader/files-uploader.component.spec.ts" name="FilesUploaderComponent &gt; asks both questions when the same file has an active upload session and an existing match" time="0.00608947">
        </testcase>
        <testcase classname="src/app/dashboard/component/user/files-uploader/files-uploader.component.spec.ts" name="FilesUploaderComponent &gt; skips all matching files after one Skip For All choice" time="0.004417176">
        </testcase>
        <testcase classname="src/app/dashboard/component/user/files-uploader/files-uploader.component.spec.ts" name="FilesUploaderComponent &gt; uploads all matching files after one Upload For All choice" time="0.00363184">
        </testcase>
        <testcase classname="src/app/dashboard/component/user/files-uploader/files-uploader.component.spec.ts" name="FilesUploaderComponent &gt; showFileUploadBanner marks uploading finished and stores the given type and message" time="0.001502938">
        </testcase>
        <testcase classname="src/app/dashboard/component/user/files-uploader/files-uploader.component.spec.ts" name="FilesUploaderComponent &gt; showFileUploadBanner overwrites the previously shown banner on a second call" time="0.001263899">
        </testcase>
        <testcase classname="src/app/dashboard/component/user/files-uploader/files-uploader.component.spec.ts" name="FilesUploaderComponent &gt; hideBanner clears only the finished flag, leaving the last banner type and message intact" time="0.001296065">
        </testcase>
    </testsuite>
    <testsuite name="src/app/dashboard/component/user/filters/filters.component.spec.ts" timestamp="2026-08-04T22:49:30.339Z" hostname="ali-Inspiron-15-3520" tests="42" failures="0" errors="0" skipped="0" time="12.24483297">
        <testcase classname="src/app/dashboard/component/user/filters/filters.component.spec.ts" name="FiltersComponent &gt; should create" time="0.752230502">
        </testcase>
        <testcase classname="src/app/dashboard/component/user/filters/filters.component.spec.ts" name="FiltersComponent &gt; parses manually entered mtime" time="0.374213139">
        </testcase>
        <testcase classname="src/app/dashboard/component/user/filters/filters.component.spec.ts" name="FiltersComponent &gt; parses manually entered ctime" time="0.34031321">
        </testcase>
        <testcase classname="src/app/dashboard/component/user/filters/filters.component.spec.ts" name="FiltersComponent &gt; preserves ordering when parsing drop down" time="0.276924456">
        </testcase>
        <testcase classname="src/app/dashboard/component/user/filters/filters.component.spec.ts" name="FiltersComponent &gt; backend setup for a logged-in user &gt; populates owners from retrieveOwners on init" time="0.174436841">
        </testcase>
        <testcase classname="src/app/dashboard/component/user/filters/filters.component.spec.ts" name="FiltersComponent &gt; backend setup for a logged-in user &gt; populates workflow ids from retrieveWorkflowIDs on init" time="0.198443051">
        </testcase>
        <testcase classname="src/app/dashboard/component/user/filters/filters.component.spec.ts" name="FiltersComponent &gt; backend setup for a logged-in user &gt; defaults to workflow owners, keeping existing callers unaffected" time="0.240327151">
        </testcase>
        <testcase classname="src/app/dashboard/component/user/filters/filters.component.spec.ts" name="FiltersComponent &gt; backend setup for a logged-in user &gt; sources owners from DatasetService when resourceType is dataset" time="0.369676081">
        </testcase>
        <testcase classname="src/app/dashboard/component/user/filters/filters.component.spec.ts" name="FiltersComponent &gt; backend setup for a logged-in user &gt; sources owners from ModelService when resourceType is model" time="0.393133703">
        </testcase>
        <testcase classname="src/app/dashboard/component/user/filters/filters.component.spec.ts" name="FiltersComponent &gt; backend setup for a logged-in user &gt; does not retrieve workflow ids for a non-workflow resource type" time="0.393133238">
        </testcase>
        <testcase classname="src/app/dashboard/component/user/filters/filters.component.spec.ts" name="FiltersComponent &gt; backend setup for a logged-in user &gt; skips owner and id retrieval when the user is not logged in at init" time="0.47704677">
        </testcase>
        <testcase classname="src/app/dashboard/component/user/filters/filters.component.spec.ts" name="FiltersComponent &gt; user project setup &gt; loads the project dropdown and color map when the user is logged in" time="0.254390844">
        </testcase>
        <testcase classname="src/app/dashboard/component/user/filters/filters.component.spec.ts" name="FiltersComponent &gt; user project setup &gt; does not load projects when the user is logged out" time="0.269413853">
        </testcase>
        <testcase classname="src/app/dashboard/component/user/filters/filters.component.spec.ts" name="FiltersComponent &gt; dropdown checkbox handlers build the master filter list &gt; updateSelectedOwners emits an owner tag on masterFilterListChange" time="0.339129506">
        </testcase>
        <testcase classname="src/app/dashboard/component/user/filters/filters.component.spec.ts" name="FiltersComponent &gt; dropdown checkbox handlers build the master filter list &gt; updateSelectedIDs emits an id tag on masterFilterListChange" time="0.414834197">
        </testcase>
        <testcase classname="src/app/dashboard/component/user/filters/filters.component.spec.ts" name="FiltersComponent &gt; dropdown checkbox handlers build the master filter list &gt; updateSelectedOperators emits an operator tag and records full operator metadata" time="0.301629583">
        </testcase>
        <testcase classname="src/app/dashboard/component/user/filters/filters.component.spec.ts" name="FiltersComponent &gt; dropdown checkbox handlers build the master filter list &gt; updateSelectedProjects emits a project tag on masterFilterListChange" time="0.263604978">
        </testcase>
        <testcase classname="src/app/dashboard/component/user/filters/filters.component.spec.ts" name="FiltersComponent &gt; updateDropdownMenus parses valid search tags &gt; checks the matching owner and records it as selected" time="0.250731524">
        </testcase>
        <testcase classname="src/app/dashboard/component/user/filters/filters.component.spec.ts" name="FiltersComponent &gt; updateDropdownMenus parses valid search tags &gt; checks the matching workflow id and records it as selected" time="0.348346054">
        </testcase>
        <testcase classname="src/app/dashboard/component/user/filters/filters.component.spec.ts" name="FiltersComponent &gt; updateDropdownMenus parses valid search tags &gt; checks the matching project and records it as selected" time="0.261450482">
        </testcase>
        <testcase classname="src/app/dashboard/component/user/filters/filters.component.spec.ts" name="FiltersComponent &gt; updateDropdownMenus parses valid search tags &gt; reconstructs a previously-selected operator and re-checks it in the dropdown map" time="0.168926163">
        </testcase>
        <testcase classname="src/app/dashboard/component/user/filters/filters.component.spec.ts" name="FiltersComponent &gt; updateDropdownMenus parses valid search tags &gt; preserves a selected operator whose group is absent from the metadata map" time="0.255823297">
        </testcase>
        <testcase classname="src/app/dashboard/component/user/filters/filters.component.spec.ts" name="FiltersComponent &gt; updateDropdownMenus rejects invalid search tags &gt; reports an invalid owner name and removes the tag" time="0.252131337">
        </testcase>
        <testcase classname="src/app/dashboard/component/user/filters/filters.component.spec.ts" name="FiltersComponent &gt; updateDropdownMenus rejects invalid search tags &gt; reports an invalid workflow id and removes the tag" time="0.190840981">
        </testcase>
        <testcase classname="src/app/dashboard/component/user/filters/filters.component.spec.ts" name="FiltersComponent &gt; updateDropdownMenus rejects invalid search tags &gt; reports an invalid operator name and removes the tag" time="0.290278451">
        </testcase>
        <testcase classname="src/app/dashboard/component/user/filters/filters.component.spec.ts" name="FiltersComponent &gt; updateDropdownMenus rejects invalid search tags &gt; reports an invalid project name and removes the tag" time="0.272385957">
        </testcase>
        <testcase classname="src/app/dashboard/component/user/filters/filters.component.spec.ts" name="FiltersComponent &gt; updateDropdownMenus guards date tags &gt; rejects a malformed ctime tag" time="0.248127354">
        </testcase>
        <testcase classname="src/app/dashboard/component/user/filters/filters.component.spec.ts" name="FiltersComponent &gt; updateDropdownMenus guards date tags &gt; rejects a malformed mtime tag" time="0.27293107">
        </testcase>
        <testcase classname="src/app/dashboard/component/user/filters/filters.component.spec.ts" name="FiltersComponent &gt; updateDropdownMenus guards date tags &gt; keeps only the first ctime tag when multiple are supplied" time="0.300019884">
        </testcase>
        <testcase classname="src/app/dashboard/component/user/filters/filters.component.spec.ts" name="FiltersComponent &gt; updateDropdownMenus guards date tags &gt; keeps only the first mtime tag when multiple are supplied" time="0.192246092">
        </testcase>
        <testcase classname="src/app/dashboard/component/user/filters/filters.component.spec.ts" name="FiltersComponent &gt; buildMasterFilterList date handling &gt; appends a ctime tag when none is present in the list" time="0.200060618">
        </testcase>
        <testcase classname="src/app/dashboard/component/user/filters/filters.component.spec.ts" name="FiltersComponent &gt; buildMasterFilterList date handling &gt; formats two-digit months without zero padding" time="0.208682415">
        </testcase>
        <testcase classname="src/app/dashboard/component/user/filters/filters.component.spec.ts" name="FiltersComponent &gt; buildMasterFilterList date handling &gt; zero-pads single-digit months and days" time="0.204022426">
        </testcase>
        <testcase classname="src/app/dashboard/component/user/filters/filters.component.spec.ts" name="FiltersComponent &gt; getSearchFilterParameters / getSearchKeywords &gt; assembles all selected filter parameters" time="0.204046716">
        </testcase>
        <testcase classname="src/app/dashboard/component/user/filters/filters.component.spec.ts" name="FiltersComponent &gt; getSearchFilterParameters / getSearchKeywords &gt; returns null dates and empty arrays when nothing is selected" time="0.215644964">
        </testcase>
        <testcase classname="src/app/dashboard/component/user/filters/filters.component.spec.ts" name="FiltersComponent &gt; getSearchFilterParameters / getSearchKeywords &gt; getSearchKeywords returns only the plain workflow-name tags" time="0.232722355">
        </testcase>
        <testcase classname="src/app/dashboard/component/user/filters/filters.component.spec.ts" name="FiltersComponent &gt; master-filter-list building and dropdown reset &gt; checkIfWorkflowName distinguishes plain names from known-prefix filter tags" time="0.304833647">
        </testcase>
        <testcase classname="src/app/dashboard/component/user/filters/filters.component.spec.ts" name="FiltersComponent &gt; master-filter-list building and dropdown reset &gt; updateMasterFilterList appends new tags and replaces the ctime tag in place" time="0.266317272">
        </testcase>
        <testcase classname="src/app/dashboard/component/user/filters/filters.component.spec.ts" name="FiltersComponent &gt; master-filter-list building and dropdown reset &gt; updateMasterFilterList drops tags absent from the new list" time="0.23994621">
        </testcase>
        <testcase classname="src/app/dashboard/component/user/filters/filters.component.spec.ts" name="FiltersComponent &gt; master-filter-list building and dropdown reset &gt; setMasterFilterList emits on masterFilterListChange only when the list changes" time="0.416837772">
        </testcase>
        <testcase classname="src/app/dashboard/component/user/filters/filters.component.spec.ts" name="FiltersComponent &gt; master-filter-list building and dropdown reset &gt; removeInvalidFilterTag drops the given tag from the master list" time="0.328070761">
        </testcase>
        <testcase classname="src/app/dashboard/component/user/filters/filters.component.spec.ts" name="FiltersComponent &gt; master-filter-list building and dropdown reset &gt; setDropdownSelectionsToUnchecked clears every dropdown checkbox" time="0.275990736">
        </testcase>
    </testsuite>
    <testsuite name="src/app/dashboard/component/user/filters-instructions/filters-instructions.component.spec.ts" timestamp="2026-08-04T22:49:30.342Z" hostname="ali-Inspiron-15-3520" tests="1" failures="0" errors="0" skipped="0" time="0.019000626">
        <testcase classname="src/app/dashboard/component/user/filters-instructions/filters-instructions.component.spec.ts" name="FiltersInstructionsComponent &gt; should create" time="0.018637701">
        </testcase>
    </testsuite>
    <testsuite name="src/app/dashboard/component/user/flarum/flarum.component.spec.ts" timestamp="2026-08-04T22:49:30.342Z" hostname="ali-Inspiron-15-3520" tests="3" failures="0" errors="0" skipped="0" time="0.139321665">
        <testcase classname="src/app/dashboard/component/user/flarum/flarum.component.spec.ts" name="FlarumComponent &gt; asks DomSanitizer to trust the forum resource url at construction time" time="0.042800776">
        </testcase>
        <testcase classname="src/app/dashboard/component/user/flarum/flarum.component.spec.ts" name="FlarumComponent &gt; exposes the sanitizer&apos;s SafeResourceUrl as flarumUrl" time="0.040787708">
        </testcase>
        <testcase classname="src/app/dashboard/component/user/flarum/flarum.component.spec.ts" name="FlarumComponent &gt; renders an iframe whose [src] binding is driven by flarumUrl" time="0.054613328">
        </testcase>
    </testsuite>
    <testsuite name="src/app/dashboard/component/user/list-item/list-item.component.spec.ts" timestamp="2026-08-04T22:49:30.342Z" hostname="ali-Inspiron-15-3520" tests="31" failures="0" errors="0" skipped="0" time="1.816050076">
        <testcase classname="src/app/dashboard/component/user/list-item/list-item.component.spec.ts" name="ListItemComponent &gt; should update workflow name successfully" time="0.124168833">
        </testcase>
        <testcase classname="src/app/dashboard/component/user/list-item/list-item.component.spec.ts" name="ListItemComponent &gt; should handle error when updating workflow name" time="0.079508484">
        </testcase>
        <testcase classname="src/app/dashboard/component/user/list-item/list-item.component.spec.ts" name="ListItemComponent &gt; should update workflow description successfully" time="0.061764881">
        </testcase>
        <testcase classname="src/app/dashboard/component/user/list-item/list-item.component.spec.ts" name="ListItemComponent &gt; should handle error when updating workflow description" time="0.087198465">
        </testcase>
        <testcase classname="src/app/dashboard/component/user/list-item/list-item.component.spec.ts" name="ListItemComponent &gt; initializeEntry routes &gt; routes owned workflows to the user workspace" time="0.069673383">
        </testcase>
        <testcase classname="src/app/dashboard/component/user/list-item/list-item.component.spec.ts" name="ListItemComponent &gt; initializeEntry routes &gt; routes non-owned workflows to the hub workflow detail page" time="0.078708088">
        </testcase>
        <testcase classname="src/app/dashboard/component/user/list-item/list-item.component.spec.ts" name="ListItemComponent &gt; initializeEntry routes &gt; routes projects to the user project page" time="0.031499042">
        </testcase>
        <testcase classname="src/app/dashboard/component/user/list-item/list-item.component.spec.ts" name="ListItemComponent &gt; initializeEntry routes &gt; routes owned datasets to the user dataset page" time="0.033834973">
        </testcase>
        <testcase classname="src/app/dashboard/component/user/list-item/list-item.component.spec.ts" name="ListItemComponent &gt; initializeEntry routes &gt; routes non-owned datasets to the hub dataset detail page" time="0.074169391">
        </testcase>
        <testcase classname="src/app/dashboard/component/user/list-item/list-item.component.spec.ts" name="ListItemComponent &gt; initializeEntry routes &gt; routes accessible models to the user model page" time="0.055855492">
        </testcase>
        <testcase classname="src/app/dashboard/component/user/list-item/list-item.component.spec.ts" name="ListItemComponent &gt; initializeEntry routes &gt; routes non-accessible models to the hub model detail page" time="0.03659981">
        </testcase>
        <testcase classname="src/app/dashboard/component/user/list-item/list-item.component.spec.ts" name="ListItemComponent &gt; initializeEntry routes &gt; disables delete for a model the user does not own" time="0.035661835">
        </testcase>
        <testcase classname="src/app/dashboard/component/user/list-item/list-item.component.spec.ts" name="ListItemComponent &gt; size column &gt; shows the size for a model row just as it does for a dataset row" time="0.07253649">
        </testcase>
        <testcase classname="src/app/dashboard/component/user/list-item/list-item.component.spec.ts" name="ListItemComponent &gt; size column &gt; does not carry a size over from the previously rendered entry" time="0.050100094">
        </testcase>
        <testcase classname="src/app/dashboard/component/user/list-item/list-item.component.spec.ts" name="ListItemComponent &gt; should reject an invalid dataset name, revert to original, and exit editing" time="0.127980331">
        </testcase>
        <testcase classname="src/app/dashboard/component/user/list-item/list-item.component.spec.ts" name="ListItemComponent &gt; should call the dataset service for a valid dataset rename" time="0.056191366">
        </testcase>
        <testcase classname="src/app/dashboard/component/user/list-item/list-item.component.spec.ts" name="ListItemComponent &gt; should surface the error message and revert the name when a dataset rename fails" time="0.067159734">
        </testcase>
        <testcase classname="src/app/dashboard/component/user/list-item/list-item.component.spec.ts" name="ListItemComponent &gt; edit + interaction handlers &gt; onEditName captures the original name and enters edit mode" time="0.04812038">
        </testcase>
        <testcase classname="src/app/dashboard/component/user/list-item/list-item.component.spec.ts" name="ListItemComponent &gt; edit + interaction handlers &gt; onEditDescription opens the edit modal and applies the change, then closes it" time="0.044685459">
        </testcase>
        <testcase classname="src/app/dashboard/component/user/list-item/list-item.component.spec.ts" name="ListItemComponent &gt; edit + interaction handlers &gt; onEditDescription is a no-op when the entry is not editable" time="0.059647182">
        </testcase>
        <testcase classname="src/app/dashboard/component/user/list-item/list-item.component.spec.ts" name="ListItemComponent &gt; edit + interaction handlers &gt; onCheckboxChange toggles the entry&apos;s checked flag and emits the change" time="0.037496598">
        </testcase>
        <testcase classname="src/app/dashboard/component/user/list-item/list-item.component.spec.ts" name="ListItemComponent &gt; edit + interaction handlers &gt; toggleLike likes the entry and refreshes the like count on success" time="0.040118519">
        </testcase>
        <testcase classname="src/app/dashboard/component/user/list-item/list-item.component.spec.ts" name="ListItemComponent &gt; edit + interaction handlers &gt; toggleLike unlikes the entry and refreshes the like count on success" time="0.041581831">
        </testcase>
        <testcase classname="src/app/dashboard/component/user/list-item/list-item.component.spec.ts" name="ListItemComponent &gt; edit + interaction handlers &gt; toggleLike does nothing when there is no current user" time="0.039797861">
        </testcase>
        <testcase classname="src/app/dashboard/component/user/list-item/list-item.component.spec.ts" name="ListItemComponent &gt; edit + interaction handlers &gt; openDetailModal opens the detail modal and increments the view count" time="0.029422621">
        </testcase>
        <testcase classname="src/app/dashboard/component/user/list-item/list-item.component.spec.ts" name="ListItemComponent &gt; onClickDownload &gt; downloads a workflow via the download service" time="0.079250889">
        </testcase>
        <testcase classname="src/app/dashboard/component/user/list-item/list-item.component.spec.ts" name="ListItemComponent &gt; onClickDownload &gt; downloads a dataset via the download service" time="0.026815194">
        </testcase>
        <testcase classname="src/app/dashboard/component/user/list-item/list-item.component.spec.ts" name="ListItemComponent &gt; onClickDownload &gt; downloads a model via the download service" time="0.03114545">
        </testcase>
        <testcase classname="src/app/dashboard/component/user/list-item/list-item.component.spec.ts" name="ListItemComponent &gt; onClickDownload &gt; is a no-op when the entry has no id" time="0.043152282">
        </testcase>
        <testcase classname="src/app/dashboard/component/user/list-item/list-item.component.spec.ts" name="ListItemComponent &gt; onClickDownload &gt; is a no-op for a project entry" time="0.058888316">
        </testcase>
        <testcase classname="src/app/dashboard/component/user/list-item/list-item.component.spec.ts" name="ListItemComponent &gt; onClickDownload &gt; renders the download button for a model entry but not for a project entry" time="0.091354069">
        </testcase>
    </testsuite>
    <testsuite name="src/app/dashboard/component/user/markdown-description/markdown-description.component.spec.ts" timestamp="2026-08-04T22:49:30.344Z" hostname="ali-Inspiron-15-3520" tests="15" failures="0" errors="0" skipped="0" time="0.756127308">
        <testcase classname="src/app/dashboard/component/user/markdown-description/markdown-description.component.spec.ts" name="MarkdownDescriptionComponent &gt; should create and render the preview template when not opened in a modal" time="0.035746932">
        </testcase>
        <testcase classname="src/app/dashboard/component/user/markdown-description/markdown-description.component.spec.ts" name="MarkdownDescriptionComponent &gt; shows the Edit action in preview mode when editable" time="0.020289647">
        </testcase>
        <testcase classname="src/app/dashboard/component/user/markdown-description/markdown-description.component.spec.ts" name="MarkdownDescriptionComponent &gt; hides the Edit action in preview mode when not editable" time="0.008994026">
        </testcase>
        <testcase classname="src/app/dashboard/component/user/markdown-description/markdown-description.component.spec.ts" name="MarkdownDescriptionComponent &gt; binds enableViewMore by toggling the preview collapsed class" time="0.009273048">
        </testcase>
        <testcase classname="src/app/dashboard/component/user/markdown-description/markdown-description.component.spec.ts" name="MarkdownDescriptionComponent &gt; ngOnInit starts in preview mode and seeds editingContent from description (inline)" time="0.009048427">
        </testcase>
        <testcase classname="src/app/dashboard/component/user/markdown-description/markdown-description.component.spec.ts" name="MarkdownDescriptionComponent &gt; ngOnInit enters edit mode and pulls the description from modal data" time="0.166179501">
        </testcase>
        <testcase classname="src/app/dashboard/component/user/markdown-description/markdown-description.component.spec.ts" name="MarkdownDescriptionComponent &gt; ngOnInit defaults the description to empty when modal data omits it" time="0.143705037">
        </testcase>
        <testcase classname="src/app/dashboard/component/user/markdown-description/markdown-description.component.spec.ts" name="MarkdownDescriptionComponent &gt; ngOnChanges refreshes editingContent from a new description while in preview mode" time="0.014845943">
        </testcase>
        <testcase classname="src/app/dashboard/component/user/markdown-description/markdown-description.component.spec.ts" name="MarkdownDescriptionComponent &gt; ngOnChanges leaves editingContent untouched while in edit mode (unsaved edits win)" time="0.135680929">
        </testcase>
        <testcase classname="src/app/dashboard/component/user/markdown-description/markdown-description.component.spec.ts" name="MarkdownDescriptionComponent &gt; ngOnChanges ignores the first change" time="0.009343947">
        </testcase>
        <testcase classname="src/app/dashboard/component/user/markdown-description/markdown-description.component.spec.ts" name="MarkdownDescriptionComponent &gt; enterEditMode switches to edit mode only when editable" time="0.02164059">
        </testcase>
        <testcase classname="src/app/dashboard/component/user/markdown-description/markdown-description.component.spec.ts" name="MarkdownDescriptionComponent &gt; save emits descriptionChange and returns to preview mode when inline" time="0.01923537">
        </testcase>
        <testcase classname="src/app/dashboard/component/user/markdown-description/markdown-description.component.spec.ts" name="MarkdownDescriptionComponent &gt; save stays in edit mode when opened in a modal" time="0.127475929">
        </testcase>
        <testcase classname="src/app/dashboard/component/user/markdown-description/markdown-description.component.spec.ts" name="MarkdownDescriptionComponent &gt; cancel restores editingContent from description and returns to preview" time="0.020634723">
        </testcase>
        <testcase classname="src/app/dashboard/component/user/markdown-description/markdown-description.component.spec.ts" name="MarkdownDescriptionComponent &gt; renderMarkdown renders non-empty input and clears on blank input without parsing" time="0.012935773">
        </testcase>
    </testsuite>
    <testsuite name="src/app/dashboard/component/user/search/search.component.spec.ts" timestamp="2026-08-04T22:49:30.345Z" hostname="ali-Inspiron-15-3520" tests="17" failures="0" errors="0" skipped="0" time="1.711706595">
        <testcase classname="src/app/dashboard/component/user/search/search.component.spec.ts" name="SearchComponent &gt; renders the initial view without accessing the uninitialized filters getter (regression: #6328)" time="0.306619702">
        </testcase>
        <testcase classname="src/app/dashboard/component/user/search/search.component.spec.ts" name="SearchComponent &gt; starts with an empty searchKeywords list so the template binding is always safe" time="0.090000697">
        </testcase>
        <testcase classname="src/app/dashboard/component/user/search/search.component.spec.ts" name="SearchComponent &gt; throws from the filters getter before the ViewChild has resolved" time="0.123272857">
        </testcase>
        <testcase classname="src/app/dashboard/component/user/search/search.component.spec.ts" name="SearchComponent &gt; returns the assigned instance from the filters getter once set" time="0.052103449">
        </testcase>
        <testcase classname="src/app/dashboard/component/user/search/search.component.spec.ts" name="SearchComponent &gt; re-runs the search whenever the filters emit a masterFilterListChange" time="0.042319567">
        </testcase>
        <testcase classname="src/app/dashboard/component/user/search/search.component.spec.ts" name="SearchComponent &gt; applies the `q` query param to the filters and populates searchKeywords" time="0.168847393">
        </testcase>
        <testcase classname="src/app/dashboard/component/user/search/search.component.spec.ts" name="SearchComponent &gt; leaves searchParam empty and searchKeywords empty when there is no `q` param" time="0.13035393">
        </testcase>
        <testcase classname="src/app/dashboard/component/user/search/search.component.spec.ts" name="SearchComponent &gt; syncs searchKeywords from the filters when a search runs" time="0.070920498">
        </testcase>
        <testcase classname="src/app/dashboard/component/user/search/search.component.spec.ts" name="SearchComponent &gt; drives the results component (reset + loadMore) on a fresh search" time="0.068757409">
        </testcase>
        <testcase classname="src/app/dashboard/component/user/search/search.component.spec.ts" name="SearchComponent &gt; skips a duplicate search when the filter list, sort, and type are unchanged" time="0.05269957">
        </testcase>
        <testcase classname="src/app/dashboard/component/user/search/search.component.spec.ts" name="SearchComponent &gt; throws when the results component is missing" time="0.086896192">
        </testcase>
        <testcase classname="src/app/dashboard/component/user/search/search.component.spec.ts" name="SearchComponent &gt; sets the selected type and triggers a search on filterByType" time="0.11980429">
        </testcase>
        <testcase classname="src/app/dashboard/component/user/search/search.component.spec.ts" name="SearchComponent &gt; sets the model type and triggers a search on filterByType" time="0.101091708">
        </testcase>
        <testcase classname="src/app/dashboard/component/user/search/search.component.spec.ts" name="SearchComponent &gt; renders a Model filter button alongside the other resource types" time="0.129741394">
        </testcase>
        <testcase classname="src/app/dashboard/component/user/search/search.component.spec.ts" name="SearchComponent &gt; navigates back on goBack" time="0.037000714">
        </testcase>
        <testcase classname="src/app/dashboard/component/user/search/search.component.spec.ts" name="SearchComponent &gt; splits searchParam on whitespace into the filters master list" time="0.076921878">
        </testcase>
        <testcase classname="src/app/dashboard/component/user/search/search.component.spec.ts" name="SearchComponent &gt; defaults the sort method to EditTimeDesc" time="0.052917719">
        </testcase>
    </testsuite>
    <testsuite name="src/app/dashboard/component/user/search-bar/search-bar.component.spec.ts" timestamp="2026-08-04T22:49:30.346Z" hostname="ali-Inspiron-15-3520" tests="11" failures="0" errors="0" skipped="0" time="0.21876142">
        <testcase classname="src/app/dashboard/component/user/search-bar/search-bar.component.spec.ts" name="SearchBarComponent &gt; initializes isLogin from UserService and updates when userChanged emits" time="0.032307478">
        </testcase>
        <testcase classname="src/app/dashboard/component/user/search-bar/search-bar.component.spec.ts" name="SearchBarComponent &gt; onSearchInputChange clears listOfResult immediately for an empty query" time="0.020162177">
        </testcase>
        <testcase classname="src/app/dashboard/component/user/search-bar/search-bar.component.spec.ts" name="SearchBarComponent &gt; debounces searchSubject by 200ms and only triggers getSearchResults once for rapid input" time="0.021154993">
        </testcase>
        <testcase classname="src/app/dashboard/component/user/search-bar/search-bar.component.spec.ts" name="SearchBarComponent &gt; calls SearchService.search with the documented argument list and caches results by query" time="0.019312183">
        </testcase>
        <testcase classname="src/app/dashboard/component/user/search-bar/search-bar.component.spec.ts" name="SearchBarComponent &gt; addToCache evicts the oldest entry once 20 queries are cached" time="0.0200185">
        </testcase>
        <testcase classname="src/app/dashboard/component/user/search-bar/search-bar.component.spec.ts" name="SearchBarComponent &gt; convertToName &gt; returns the workflow&apos;s DashboardEntry.name" time="0.018877832">
        </testcase>
        <testcase classname="src/app/dashboard/component/user/search-bar/search-bar.component.spec.ts" name="SearchBarComponent &gt; convertToName &gt; returns the project&apos;s name" time="0.018125321">
        </testcase>
        <testcase classname="src/app/dashboard/component/user/search-bar/search-bar.component.spec.ts" name="SearchBarComponent &gt; convertToName &gt; returns the file&apos;s name" time="0.018120801">
        </testcase>
        <testcase classname="src/app/dashboard/component/user/search-bar/search-bar.component.spec.ts" name="SearchBarComponent &gt; convertToName &gt; returns the dataset&apos;s name" time="0.01515682">
        </testcase>
        <testcase classname="src/app/dashboard/component/user/search-bar/search-bar.component.spec.ts" name="SearchBarComponent &gt; convertToName &gt; throws for a SearchResultItem with no recognized resource" time="0.018888292">
        </testcase>
        <testcase classname="src/app/dashboard/component/user/search-bar/search-bar.component.spec.ts" name="SearchBarComponent &gt; performSearch navigates to SEARCH with the keyword as the q query param" time="0.0157038">
        </testcase>
    </testsuite>
    <testsuite name="src/app/dashboard/component/user/search-results/search-results.component.spec.ts" timestamp="2026-08-04T22:49:30.352Z" hostname="ali-Inspiron-15-3520" tests="17" failures="0" errors="0" skipped="0" time="0.999440522">
        <testcase classname="src/app/dashboard/component/user/search-results/search-results.component.spec.ts" name="SearchResultsComponent &gt; should create" time="0.12108399">
        </testcase>
        <testcase classname="src/app/dashboard/component/user/search-results/search-results.component.spec.ts" name="SearchResultsComponent &gt; getUid &gt; returns the current user&apos;s uid when a user is logged in" time="0.060215312">
        </testcase>
        <testcase classname="src/app/dashboard/component/user/search-results/search-results.component.spec.ts" name="SearchResultsComponent &gt; getUid &gt; returns a spied uid" time="0.073692464">
        </testcase>
        <testcase classname="src/app/dashboard/component/user/search-results/search-results.component.spec.ts" name="SearchResultsComponent &gt; getUid &gt; returns undefined when no user is logged in" time="0.045606717">
        </testcase>
        <testcase classname="src/app/dashboard/component/user/search-results/search-results.component.spec.ts" name="SearchResultsComponent &gt; reset &gt; clears entries and stores the provided loadMoreFunction" time="0.065758899">
        </testcase>
        <testcase classname="src/app/dashboard/component/user/search-results/search-results.component.spec.ts" name="SearchResultsComponent &gt; loadMore &gt; throws when there is no loadMoreFunction and leaves loading false" time="0.050999983">
        </testcase>
        <testcase classname="src/app/dashboard/component/user/search-results/search-results.component.spec.ts" name="SearchResultsComponent &gt; loadMore &gt; appends returned entries, sets more, and advances the start offset across calls" time="0.045337477">
        </testcase>
        <testcase classname="src/app/dashboard/component/user/search-results/search-results.component.spec.ts" name="SearchResultsComponent &gt; loadMore &gt; sets loading true while in flight and false after completion" time="0.041358082">
        </testcase>
        <testcase classname="src/app/dashboard/component/user/search-results/search-results.component.spec.ts" name="SearchResultsComponent &gt; loadMore &gt; discards results when reset() is called mid-flight (reset-during-flight race)" time="0.070252217">
        </testcase>
        <testcase classname="src/app/dashboard/component/user/search-results/search-results.component.spec.ts" name="SearchResultsComponent &gt; onEntryCheckboxChange &gt; emits notifyWorkflow when every entry is checked" time="0.063875015">
        </testcase>
        <testcase classname="src/app/dashboard/component/user/search-results/search-results.component.spec.ts" name="SearchResultsComponent &gt; onEntryCheckboxChange &gt; does not emit notifyWorkflow when at least one entry is unchecked" time="0.054119014">
        </testcase>
        <testcase classname="src/app/dashboard/component/user/search-results/search-results.component.spec.ts" name="SearchResultsComponent &gt; selectAll / clearAllSelections &gt; selectAll sets checked=true on every entry" time="0.045856022">
        </testcase>
        <testcase classname="src/app/dashboard/component/user/search-results/search-results.component.spec.ts" name="SearchResultsComponent &gt; selectAll / clearAllSelections &gt; clearAllSelections sets checked=false on every entry" time="0.047647469">
        </testcase>
        <testcase classname="src/app/dashboard/component/user/search-results/search-results.component.spec.ts" name="SearchResultsComponent &gt; trackByEntryId &gt; returns `${type}-${id}`" time="0.040490128">
        </testcase>
        <testcase classname="src/app/dashboard/component/user/search-results/search-results.component.spec.ts" name="SearchResultsComponent &gt; template rendering &gt; renders the list view with a load-more button when more results exist" time="0.078166612">
        </testcase>
        <testcase classname="src/app/dashboard/component/user/search-results/search-results.component.spec.ts" name="SearchResultsComponent &gt; template rendering &gt; hides the load-more button while loading" time="0.050401929">
        </testcase>
        <testcase classname="src/app/dashboard/component/user/search-results/search-results.component.spec.ts" name="SearchResultsComponent &gt; template rendering &gt; renders the card view via the provided cardTemplate" time="0.04247583">
        </testcase>
    </testsuite>
    <testsuite name="src/app/dashboard/component/user/share-access/share-access.component.spec.ts" timestamp="2026-08-04T22:49:30.354Z" hostname="ali-Inspiron-15-3520" tests="75" failures="0" errors="0" skipped="0" time="5.749612218">
        <testcase classname="src/app/dashboard/component/user/share-access/share-access.component.spec.ts" name="ShareAccessComponent &gt; ngOnInit &gt; loads access list and owner from ShareAccessService" time="0.165602783">
            <system-err>

  It looks like you&apos;re using ngModel on the same form field as formControlName.
  Support for using the ngModel input property and ngModelChange event with
  reactive form directives has been deprecated in Angular v6 and will be removed
  in a future version of Angular.

  For more information on this, see our API docs here:
  https://v21.angular.dev/api/forms/FormControlName
  

            </system-err>
        </testcase>
        <testcase classname="src/app/dashboard/component/user/share-access/share-access.component.spec.ts" name="ShareAccessComponent &gt; ngOnInit &gt; loads publish state for workflow via WorkflowPersistService" time="0.073592537">
        </testcase>
        <testcase classname="src/app/dashboard/component/user/share-access/share-access.component.spec.ts" name="ShareAccessComponent &gt; ngOnInit &gt; sets isPublic to false when workflow publish state is Private" time="0.076545824">
        </testcase>
        <testcase classname="src/app/dashboard/component/user/share-access/share-access.component.spec.ts" name="ShareAccessComponent &gt; ngOnInit &gt; loads publish state for dataset via DatasetService.getDataset" time="0.084017969">
        </testcase>
        <testcase classname="src/app/dashboard/component/user/share-access/share-access.component.spec.ts" name="ShareAccessComponent &gt; ngOnInit &gt; loads publish state for model via ModelService.getModel" time="0.076477039">
        </testcase>
        <testcase classname="src/app/dashboard/component/user/share-access/share-access.component.spec.ts" name="ShareAccessComponent &gt; ngOnInit &gt; sets isPublic to false for a private model, so the publish toggle still renders" time="0.066609715">
        </testcase>
        <testcase classname="src/app/dashboard/component/user/share-access/share-access.component.spec.ts" name="ShareAccessComponent &gt; ngOnInit &gt; does not query publish state for non-workflow/dataset/model types" time="0.065004216">
        </testcase>
        <testcase classname="src/app/dashboard/component/user/share-access/share-access.component.spec.ts" name="ShareAccessComponent &gt; ngOnInit &gt; leaves isPublic null for a computing-unit, keeping the toggle hidden" time="0.09073983">
        </testcase>
        <testcase classname="src/app/dashboard/component/user/share-access/share-access.component.spec.ts" name="ShareAccessComponent &gt; handleInputConfirm &gt; splits input on whitespace, commas, and semicolons into emailTags" time="0.096037774">
        </testcase>
        <testcase classname="src/app/dashboard/component/user/share-access/share-access.component.spec.ts" name="ShareAccessComponent &gt; handleInputConfirm &gt; rejects invalid emails via NzMessageService.error" time="0.107820873">
        </testcase>
        <testcase classname="src/app/dashboard/component/user/share-access/share-access.component.spec.ts" name="ShareAccessComponent &gt; handleInputConfirm &gt; rejects duplicate emails via NzMessageService.error" time="0.077855751">
        </testcase>
        <testcase classname="src/app/dashboard/component/user/share-access/share-access.component.spec.ts" name="ShareAccessComponent &gt; handleInputConfirm &gt; resets the email form control after processing" time="0.100002373">
        </testcase>
        <testcase classname="src/app/dashboard/component/user/share-access/share-access.component.spec.ts" name="ShareAccessComponent &gt; handleInputConfirm &gt; calls event.preventDefault when an event is provided" time="0.06762768">
        </testcase>
        <testcase classname="src/app/dashboard/component/user/share-access/share-access.component.spec.ts" name="ShareAccessComponent &gt; onPaste &gt; concatenates clipboard text to the existing email value and runs handleInputConfirm" time="0.105539125">
        </testcase>
        <testcase classname="src/app/dashboard/component/user/share-access/share-access.component.spec.ts" name="ShareAccessComponent &gt; onPaste &gt; is a no-op when clipboard data is empty" time="0.091220595">
        </testcase>
        <testcase classname="src/app/dashboard/component/user/share-access/share-access.component.spec.ts" name="ShareAccessComponent &gt; grantAccess &gt; uses the workflow dashboard path when sharing a workflow" time="0.084714919">
        </testcase>
        <testcase classname="src/app/dashboard/component/user/share-access/share-access.component.spec.ts" name="ShareAccessComponent &gt; grantAccess &gt; uses the dataset dashboard path when sharing a dataset" time="0.103001378">
        </testcase>
        <testcase classname="src/app/dashboard/component/user/share-access/share-access.component.spec.ts" name="ShareAccessComponent &gt; grantAccess &gt; uses the model dashboard path when sharing a model" time="0.134919814">
        </testcase>
        <testcase classname="src/app/dashboard/component/user/share-access/share-access.component.spec.ts" name="ShareAccessComponent &gt; grantAccess &gt; uses the project dashboard path when sharing a project" time="0.053022553">
        </testcase>
        <testcase classname="src/app/dashboard/component/user/share-access/share-access.component.spec.ts" name="ShareAccessComponent &gt; grantAccess &gt; omits the access URL when sharing a computing-unit" time="0.047639463">
        </testcase>
        <testcase classname="src/app/dashboard/component/user/share-access/share-access.component.spec.ts" name="ShareAccessComponent &gt; grantAccess &gt; calls ShareAccessService.grantAccess with the selected access level for each tag" time="0.058947749">
        </testcase>
        <testcase classname="src/app/dashboard/component/user/share-access/share-access.component.spec.ts" name="ShareAccessComponent &gt; grantAccess &gt; shows a success notification and clears emailTags after granting" time="0.152438298">
        </testcase>
        <testcase classname="src/app/dashboard/component/user/share-access/share-access.component.spec.ts" name="ShareAccessComponent &gt; grantAccess &gt; surfaces HttpErrorResponse via NotificationService.error" time="0.064774388">
        </testcase>
        <testcase classname="src/app/dashboard/component/user/share-access/share-access.component.spec.ts" name="ShareAccessComponent &gt; hasWriteAccess &gt; returns false when there is no current user email" time="0.066822234">
        </testcase>
        <testcase classname="src/app/dashboard/component/user/share-access/share-access.component.spec.ts" name="ShareAccessComponent &gt; hasWriteAccess &gt; returns true when the current user is the owner" time="0.066973728">
        </testcase>
        <testcase classname="src/app/dashboard/component/user/share-access/share-access.component.spec.ts" name="ShareAccessComponent &gt; hasWriteAccess &gt; returns true when the current user has WRITE privilege in the access list" time="0.081844809">
        </testcase>
        <testcase classname="src/app/dashboard/component/user/share-access/share-access.component.spec.ts" name="ShareAccessComponent &gt; hasWriteAccess &gt; returns false when the current user has READ privilege" time="0.108720448">
        </testcase>
        <testcase classname="src/app/dashboard/component/user/share-access/share-access.component.spec.ts" name="ShareAccessComponent &gt; verifyRevokeAccess / revokeAccess &gt; opens a self-revoke modal when revoking own access" time="0.046686442">
        </testcase>
        <testcase classname="src/app/dashboard/component/user/share-access/share-access.component.spec.ts" name="ShareAccessComponent &gt; verifyRevokeAccess / revokeAccess &gt; opens an other-user revoke modal when revoking someone else" time="0.057854623">
        </testcase>
        <testcase classname="src/app/dashboard/component/user/share-access/share-access.component.spec.ts" name="ShareAccessComponent &gt; verifyRevokeAccess / revokeAccess &gt; calls revokeAccess on confirm and emits refresh on destroy for self-revoke" time="0.074205597">
        </testcase>
        <testcase classname="src/app/dashboard/component/user/share-access/share-access.component.spec.ts" name="ShareAccessComponent &gt; verifyRevokeAccess / revokeAccess &gt; does not close the outer modal when revoking another user" time="0.111198977">
        </testcase>
        <testcase classname="src/app/dashboard/component/user/share-access/share-access.component.spec.ts" name="ShareAccessComponent &gt; verifyRevokeAccess / revokeAccess &gt; surfaces revoke HttpErrorResponse via NotificationService.error" time="0.099468267">
        </testcase>
        <testcase classname="src/app/dashboard/component/user/share-access/share-access.component.spec.ts" name="ShareAccessComponent &gt; changeAccessLevel &gt; calls applyAccessLevelChange directly when not a self-downgrade" time="0.066002998">
        </testcase>
        <testcase classname="src/app/dashboard/component/user/share-access/share-access.component.spec.ts" name="ShareAccessComponent &gt; changeAccessLevel &gt; opens a downgrade-confirmation modal when downgrading own WRITE access to READ" time="0.090549523">
        </testcase>
        <testcase classname="src/app/dashboard/component/user/share-access/share-access.component.spec.ts" name="ShareAccessComponent &gt; changeAccessLevel &gt; does not open the downgrade modal when upgrading own access from READ to WRITE" time="0.103008546">
        </testcase>
        <testcase classname="src/app/dashboard/component/user/share-access/share-access.component.spec.ts" name="ShareAccessComponent &gt; verifyPublish / verifyUnpublish &gt; publishes a workflow on confirm and updates the action service when inWorkspace" time="0.167515713">
        </testcase>
        <testcase classname="src/app/dashboard/component/user/share-access/share-access.component.spec.ts" name="ShareAccessComponent &gt; verifyPublish / verifyUnpublish &gt; does not call WorkflowActionService.setWorkflowIsPublished when not inWorkspace" time="0.086035519">
        </testcase>
        <testcase classname="src/app/dashboard/component/user/share-access/share-access.component.spec.ts" name="ShareAccessComponent &gt; verifyPublish / verifyUnpublish &gt; publishes a dataset on confirm" time="0.094829976">
        </testcase>
        <testcase classname="src/app/dashboard/component/user/share-access/share-access.component.spec.ts" name="ShareAccessComponent &gt; verifyPublish / verifyUnpublish &gt; publishes a model on confirm" time="0.093520421">
        </testcase>
        <testcase classname="src/app/dashboard/component/user/share-access/share-access.component.spec.ts" name="ShareAccessComponent &gt; verifyPublish / verifyUnpublish &gt; does not open the publish modal when the item is already public" time="0.046893329">
        </testcase>
        <testcase classname="src/app/dashboard/component/user/share-access/share-access.component.spec.ts" name="ShareAccessComponent &gt; verifyPublish / verifyUnpublish &gt; unpublishes a workflow on confirm and updates the action service when inWorkspace" time="0.046066234">
        </testcase>
        <testcase classname="src/app/dashboard/component/user/share-access/share-access.component.spec.ts" name="ShareAccessComponent &gt; verifyPublish / verifyUnpublish &gt; unpublishes a dataset on confirm" time="0.064978309">
        </testcase>
        <testcase classname="src/app/dashboard/component/user/share-access/share-access.component.spec.ts" name="ShareAccessComponent &gt; verifyPublish / verifyUnpublish &gt; unpublishes a model on confirm" time="0.043284066">
        </testcase>
        <testcase classname="src/app/dashboard/component/user/share-access/share-access.component.spec.ts" name="ShareAccessComponent &gt; verifyPublish / verifyUnpublish &gt; does not open the unpublish modal when the item is already private" time="0.043883414">
        </testcase>
        <testcase classname="src/app/dashboard/component/user/share-access/share-access.component.spec.ts" name="ShareAccessComponent &gt; publish / unpublish methods &gt; publishWorkflow flips isPublic and shows a success notification" time="0.049605014">
        </testcase>
        <testcase classname="src/app/dashboard/component/user/share-access/share-access.component.spec.ts" name="ShareAccessComponent &gt; publish / unpublish methods &gt; publishWorkflow surfaces HttpErrorResponse via NotificationService.error" time="0.045064417">
        </testcase>
        <testcase classname="src/app/dashboard/component/user/share-access/share-access.component.spec.ts" name="ShareAccessComponent &gt; publish / unpublish methods &gt; unpublishWorkflow flips isPublic to false and shows a success notification" time="0.05077552">
        </testcase>
        <testcase classname="src/app/dashboard/component/user/share-access/share-access.component.spec.ts" name="ShareAccessComponent &gt; publish / unpublish methods &gt; publishDataset flips isPublic and shows a success notification" time="0.059600482">
        </testcase>
        <testcase classname="src/app/dashboard/component/user/share-access/share-access.component.spec.ts" name="ShareAccessComponent &gt; publish / unpublish methods &gt; publishDataset surfaces HttpErrorResponse via NotificationService.error" time="0.066460352">
        </testcase>
        <testcase classname="src/app/dashboard/component/user/share-access/share-access.component.spec.ts" name="ShareAccessComponent &gt; publish / unpublish methods &gt; unpublishDataset flips isPublic to false and shows a success notification" time="0.101366453">
        </testcase>
        <testcase classname="src/app/dashboard/component/user/share-access/share-access.component.spec.ts" name="ShareAccessComponent &gt; publish / unpublish methods &gt; publishModel flips isPublic and shows a success notification" time="0.068738962">
        </testcase>
        <testcase classname="src/app/dashboard/component/user/share-access/share-access.component.spec.ts" name="ShareAccessComponent &gt; publish / unpublish methods &gt; publishModel leaves isPublic unchanged and surfaces HttpErrorResponse" time="0.071755575">
        </testcase>
        <testcase classname="src/app/dashboard/component/user/share-access/share-access.component.spec.ts" name="ShareAccessComponent &gt; publish / unpublish methods &gt; unpublishModel flips isPublic to false and shows a success notification" time="0.06283948">
        </testcase>
        <testcase classname="src/app/dashboard/component/user/share-access/share-access.component.spec.ts" name="ShareAccessComponent &gt; publish / unpublish methods &gt; unpublishModel leaves isPublic unchanged and surfaces HttpErrorResponse" time="0.06479685">
        </testcase>
        <testcase classname="src/app/dashboard/component/user/share-access/share-access.component.spec.ts" name="ShareAccessComponent &gt; publish / unpublish methods &gt; publishModel is a no-op when the model is already public" time="0.063776">
        </testcase>
        <testcase classname="src/app/dashboard/component/user/share-access/share-access.component.spec.ts" name="ShareAccessComponent &gt; publish / unpublish methods &gt; unpublishModel is a no-op when the model is already private" time="0.066509343">
        </testcase>
        <testcase classname="src/app/dashboard/component/user/share-access/share-access.component.spec.ts" name="ShareAccessComponent &gt; hasWriteAccess without a resolved email &gt; returns false when the current user has no email at all" time="0.075189112">
        </testcase>
        <testcase classname="src/app/dashboard/component/user/share-access/share-access.component.spec.ts" name="ShareAccessComponent &gt; removeEmailTag &gt; removes the matching email and keeps the others" time="0.064078017">
        </testcase>
        <testcase classname="src/app/dashboard/component/user/share-access/share-access.component.spec.ts" name="ShareAccessComponent &gt; removeEmailTag &gt; leaves tags unchanged when the email is not present" time="0.061007153">
        </testcase>
        <testcase classname="src/app/dashboard/component/user/share-access/share-access.component.spec.ts" name="ShareAccessComponent &gt; onChange &gt; filters allOwners case-insensitively by the typed value" time="0.065304218">
        </testcase>
        <testcase classname="src/app/dashboard/component/user/share-access/share-access.component.spec.ts" name="ShareAccessComponent &gt; onChange &gt; clears filteredOwners when the value is null" time="0.063911599">
        </testcase>
        <testcase classname="src/app/dashboard/component/user/share-access/share-access.component.spec.ts" name="ShareAccessComponent &gt; onPaste with an empty existing value &gt; defaults the existing email value to an empty string before appending" time="0.06563544">
        </testcase>
        <testcase classname="src/app/dashboard/component/user/share-access/share-access.component.spec.ts" name="ShareAccessComponent &gt; modal Cancel buttons &gt; closes the revoke confirmation modal without revoking when Cancel is clicked" time="0.090639701">
        </testcase>
        <testcase classname="src/app/dashboard/component/user/share-access/share-access.component.spec.ts" name="ShareAccessComponent &gt; modal Cancel buttons &gt; closes the downgrade modal and reloads without granting when Cancel is clicked" time="0.148229491">
        </testcase>
        <testcase classname="src/app/dashboard/component/user/share-access/share-access.component.spec.ts" name="ShareAccessComponent &gt; modal Cancel buttons &gt; closes the publish modal without publishing when Cancel is clicked" time="0.063777235">
        </testcase>
        <testcase classname="src/app/dashboard/component/user/share-access/share-access.component.spec.ts" name="ShareAccessComponent &gt; modal Cancel buttons &gt; closes the unpublish modal without unpublishing when Cancel is clicked" time="0.071959429">
        </testcase>
        <testcase classname="src/app/dashboard/component/user/share-access/share-access.component.spec.ts" name="ShareAccessComponent &gt; applyAccessLevelChange error branch &gt; surfaces HttpErrorResponse and reloads the access list on failure" time="0.06271614">
        </testcase>
        <testcase classname="src/app/dashboard/component/user/share-access/share-access.component.spec.ts" name="ShareAccessComponent &gt; unpublish error branches &gt; unpublishWorkflow surfaces HttpErrorResponse and leaves isPublic unchanged" time="0.059131058">
        </testcase>
        <testcase classname="src/app/dashboard/component/user/share-access/share-access.component.spec.ts" name="ShareAccessComponent &gt; unpublish error branches &gt; unpublishDataset surfaces HttpErrorResponse and leaves isPublic unchanged" time="0.068270724">
        </testcase>
        <testcase classname="src/app/dashboard/component/user/share-access/share-access.component.spec.ts" name="ShareAccessComponent &gt; guard branches (no-ops) &gt; handleInputConfirm skips empty tokens produced by trailing separators" time="0.072574953">
        </testcase>
        <testcase classname="src/app/dashboard/component/user/share-access/share-access.component.spec.ts" name="ShareAccessComponent &gt; guard branches (no-ops) &gt; grantAccess does nothing when there are no email tags" time="0.067593035">
        </testcase>
        <testcase classname="src/app/dashboard/component/user/share-access/share-access.component.spec.ts" name="ShareAccessComponent &gt; guard branches (no-ops) &gt; publishWorkflow is a no-op when the workflow is already public" time="0.05038062">
        </testcase>
        <testcase classname="src/app/dashboard/component/user/share-access/share-access.component.spec.ts" name="ShareAccessComponent &gt; guard branches (no-ops) &gt; unpublishWorkflow is a no-op when the workflow is already private" time="0.039636585">
        </testcase>
        <testcase classname="src/app/dashboard/component/user/share-access/share-access.component.spec.ts" name="ShareAccessComponent &gt; guard branches (no-ops) &gt; publishDataset is a no-op when the dataset is already public" time="0.035120056">
        </testcase>
        <testcase classname="src/app/dashboard/component/user/share-access/share-access.component.spec.ts" name="ShareAccessComponent &gt; guard branches (no-ops) &gt; unpublishDataset is a no-op when the dataset is already private" time="0.041174823">
        </testcase>
    </testsuite>
    <testsuite name="src/app/dashboard/component/user/sort-button/sort-button.component.spec.ts" timestamp="2026-08-04T22:49:30.358Z" hostname="ali-Inspiron-15-3520" tests="8" failures="0" errors="0" skipped="0" time="0.211219934">
        <testcase classname="src/app/dashboard/component/user/sort-button/sort-button.component.spec.ts" name="SortButtonComponent &gt; should create the component with correct default sorting method" time="0.028077581">
        </testcase>
        <testcase classname="src/app/dashboard/component/user/sort-button/sort-button.component.spec.ts" name="SortButtonComponent &gt; should handle lastSort() correctly" time="0.027697644">
        </testcase>
        <testcase classname="src/app/dashboard/component/user/sort-button/sort-button.component.spec.ts" name="SortButtonComponent &gt; should handle dateSort() correctly" time="0.041811515">
        </testcase>
        <testcase classname="src/app/dashboard/component/user/sort-button/sort-button.component.spec.ts" name="SortButtonComponent &gt; should handle ascSort() correctly" time="0.020816289">
        </testcase>
        <testcase classname="src/app/dashboard/component/user/sort-button/sort-button.component.spec.ts" name="SortButtonComponent &gt; should handle dscSort() correctly" time="0.023386458">
        </testcase>
        <testcase classname="src/app/dashboard/component/user/sort-button/sort-button.component.spec.ts" name="SortButtonComponent &gt; should handle execSort() correctly" time="0.023781495">
        </testcase>
        <testcase classname="src/app/dashboard/component/user/sort-button/sort-button.component.spec.ts" name="SortButtonComponent &gt; shows the edit-time and execution-time options by default (e.g. for workflows)" time="0.021433373">
        </testcase>
        <testcase classname="src/app/dashboard/component/user/sort-button/sort-button.component.spec.ts" name="SortButtonComponent &gt; can hide edit-time and execution-time options (e.g. for datasets, which have neither)" time="0.023591939">
        </testcase>
    </testsuite>
    <testsuite name="src/app/dashboard/component/user/user-avatar/user-avatar.component.spec.ts" timestamp="2026-08-04T22:49:30.359Z" hostname="ali-Inspiron-15-3520" tests="5" failures="0" errors="0" skipped="0" time="0.056931178">
        <testcase classname="src/app/dashboard/component/user/user-avatar/user-avatar.component.spec.ts" name="UserAvatarComponent &gt; should create" time="0.016131451">
        </testcase>
        <testcase classname="src/app/dashboard/component/user/user-avatar/user-avatar.component.spec.ts" name="UserAvatarComponent &gt; renders an explicit avatarUrl in preference to a google avatar" time="0.008237377">
        </testcase>
        <testcase classname="src/app/dashboard/component/user/user-avatar/user-avatar.component.spec.ts" name="UserAvatarComponent &gt; falls back to initials when the avatarUrl is not an image URL" time="0.009436394">
        </testcase>
        <testcase classname="src/app/dashboard/component/user/user-avatar/user-avatar.component.spec.ts" name="UserAvatarComponent &gt; sanitizeAvatarUrl &gt; accepts inline images and https URLs" time="0.01327235">
        </testcase>
        <testcase classname="src/app/dashboard/component/user/user-avatar/user-avatar.component.spec.ts" name="UserAvatarComponent &gt; sanitizeAvatarUrl &gt; rejects anything else" time="0.009361207">
        </testcase>
    </testsuite>
    <testsuite name="src/app/dashboard/component/user/user-computing-unit/user-computing-unit.component.spec.ts" timestamp="2026-08-04T22:49:30.359Z" hostname="ali-Inspiron-15-3520" tests="3" failures="0" errors="0" skipped="0" time="0.099904488">
        <testcase classname="src/app/dashboard/component/user/user-computing-unit/user-computing-unit.component.spec.ts" name="UserComputingUnitComponent &gt; should create" time="0.047287162">
        </testcase>
        <testcase classname="src/app/dashboard/component/user/user-computing-unit/user-computing-unit.component.spec.ts" name="UserComputingUnitComponent &gt; refreshes the computing unit list when the modal emits unitCreated" time="0.025877186">
        </testcase>
        <testcase classname="src/app/dashboard/component/user/user-computing-unit/user-computing-unit.component.spec.ts" name="UserComputingUnitComponent &gt; syncs visibility when the embedded modal closes itself" time="0.026005035">
        </testcase>
    </testsuite>
    <testsuite name="src/app/dashboard/component/user/user-dataset/user-dataset.component.spec.ts" timestamp="2026-08-04T22:49:30.359Z" hostname="ali-Inspiron-15-3520" tests="18" failures="0" errors="0" skipped="0" time="0.045239575">
        <testcase classname="src/app/dashboard/component/user/user-dataset/user-dataset.component.spec.ts" name="UserDatasetComponent &gt; user state tracking &gt; updates isLogin and currentUid when userChanged emits" time="0.003917039">
        </testcase>
        <testcase classname="src/app/dashboard/component/user/user-dataset/user-dataset.component.spec.ts" name="UserDatasetComponent &gt; default sort &gt; defaults to CreateTimeDesc so newest datasets appear first" time="0.001710517">
        </testcase>
        <testcase classname="src/app/dashboard/component/user/user-dataset/user-dataset.component.spec.ts" name="UserDatasetComponent &gt; ngAfterViewInit &gt; subscribes to userChanged and calls search on each emission" time="0.002239568">
        </testcase>
        <testcase classname="src/app/dashboard/component/user/user-dataset/user-dataset.component.spec.ts" name="UserDatasetComponent &gt; search filterScope variants &gt; defaults to &quot;private&quot;: passes isLogin through, includePublic = false" time="0.006258145">
        </testcase>
        <testcase classname="src/app/dashboard/component/user/user-dataset/user-dataset.component.spec.ts" name="UserDatasetComponent &gt; search filterScope variants &gt; &quot;public&quot;: forces isLogin = false, includePublic = true" time="0.002024613">
        </testcase>
        <testcase classname="src/app/dashboard/component/user/user-dataset/user-dataset.component.spec.ts" name="UserDatasetComponent &gt; search filterScope variants &gt; &quot;all&quot;: passes isLogin through, includePublic = true" time="0.001915243">
        </testcase>
        <testcase classname="src/app/dashboard/component/user/user-dataset/user-dataset.component.spec.ts" name="UserDatasetComponent &gt; search filterScope variants &gt; &quot;private&quot; with isLogin = false: passes false through, includePublic = false" time="0.002247245">
        </testcase>
        <testcase classname="src/app/dashboard/component/user/user-dataset/user-dataset.component.spec.ts" name="UserDatasetComponent &gt; search call shape &gt; invokes executeSearch with the documented argument order via reset(...) then loadMore()" time="0.002616564">
        </testcase>
        <testcase classname="src/app/dashboard/component/user/user-dataset/user-dataset.component.spec.ts" name="UserDatasetComponent &gt; mismatch warning &gt; when hasMismatch = true: sets component.hasMismatch and warns for 4000ms" time="0.003519281">
        </testcase>
        <testcase classname="src/app/dashboard/component/user/user-dataset/user-dataset.component.spec.ts" name="UserDatasetComponent &gt; mismatch warning &gt; when hasMismatch is missing/false: does not warn and clears hasMismatch" time="0.002387665">
        </testcase>
        <testcase classname="src/app/dashboard/component/user/user-dataset/user-dataset.component.spec.ts" name="UserDatasetComponent &gt; onClickOpenDatasetAddComponent &gt; opens UserDatasetVersionCreatorComponent with isCreatingVersion: false" time="0.002243049">
        </testcase>
        <testcase classname="src/app/dashboard/component/user/user-dataset/user-dataset.component.spec.ts" name="UserDatasetComponent &gt; onClickOpenDatasetAddComponent &gt; on close with a dataset result: navigates to the new dataset URL" time="0.002557624">
        </testcase>
        <testcase classname="src/app/dashboard/component/user/user-dataset/user-dataset.component.spec.ts" name="UserDatasetComponent &gt; onClickOpenDatasetAddComponent &gt; on close with null result: does not navigate" time="0.001554813">
        </testcase>
        <testcase classname="src/app/dashboard/component/user/user-dataset/user-dataset.component.spec.ts" name="UserDatasetComponent &gt; deleteDataset &gt; is a no-op when entry.dataset.dataset.did is undefined" time="0.00160613">
        </testcase>
        <testcase classname="src/app/dashboard/component/user/user-dataset/user-dataset.component.spec.ts" name="UserDatasetComponent &gt; deleteDataset &gt; calls deleteDatasets(did) and filters the entry out of searchResultsComponent.entries" time="0.001638473">
        </testcase>
        <testcase classname="src/app/dashboard/component/user/user-dataset/user-dataset.component.spec.ts" name="UserDatasetComponent &gt; view mode toggle &gt; setViewType updates viewType, persists it, and is a no-op when unchanged" time="0.001844041">
        </testcase>
        <testcase classname="src/app/dashboard/component/user/user-dataset/user-dataset.component.spec.ts" name="UserDatasetComponent &gt; view mode toggle &gt; defaults viewType to card when nothing is stored" time="0.001463136">
        </testcase>
        <testcase classname="src/app/dashboard/component/user/user-dataset/user-dataset.component.spec.ts" name="UserDatasetComponent &gt; view mode toggle &gt; initializes viewType to list only when explicitly stored" time="0.001777984">
        </testcase>
    </testsuite>
    <testsuite name="src/app/dashboard/component/user/user-icon/user-icon.component.spec.ts" timestamp="2026-08-04T22:49:30.360Z" hostname="ali-Inspiron-15-3520" tests="3" failures="0" errors="0" skipped="0" time="0.077773267">
        <testcase classname="src/app/dashboard/component/user/user-icon/user-icon.component.spec.ts" name="UserIconComponent &gt; should create" time="0.027797041">
        </testcase>
        <testcase classname="src/app/dashboard/component/user/user-icon/user-icon.component.spec.ts" name="UserIconComponent &gt; onClickLogout &gt; navigates to /about (no /dashboard prefix) after logout" time="0.029066143">
        </testcase>
        <testcase classname="src/app/dashboard/component/user/user-icon/user-icon.component.spec.ts" name="UserIconComponent &gt; onClickLogout &gt; clears the flarum_remember cookie on logout" time="0.019497153">
        </testcase>
    </testsuite>
    <testsuite name="src/app/dashboard/component/user/user-model/user-model.component.spec.ts" timestamp="2026-08-04T22:49:30.361Z" hostname="ali-Inspiron-15-3520" tests="25" failures="0" errors="0" skipped="0" time="5.386626665">
        <testcase classname="src/app/dashboard/component/user/user-model/user-model.component.spec.ts" name="UserModelComponent &gt; lists every accessible model" time="0.346756295">
        </testcase>
        <testcase classname="src/app/dashboard/component/user/user-model/user-model.component.spec.ts" name="UserModelComponent &gt; filters by name" time="0.288674463">
        </testcase>
        <testcase classname="src/app/dashboard/component/user/user-model/user-model.component.spec.ts" name="UserModelComponent &gt; filters by description and by framework, not just name" time="0.318690881">
        </testcase>
        <testcase classname="src/app/dashboard/component/user/user-model/user-model.component.spec.ts" name="UserModelComponent &gt; matches case-insensitively" time="0.238263838">
        </testcase>
        <testcase classname="src/app/dashboard/component/user/user-model/user-model.component.spec.ts" name="UserModelComponent &gt; returns nothing when the keyword matches no model" time="0.189795322">
        </testcase>
        <testcase classname="src/app/dashboard/component/user/user-model/user-model.component.spec.ts" name="UserModelComponent &gt; treats a whitespace-only keyword as no filter" time="0.157708099">
        </testcase>
        <testcase classname="src/app/dashboard/component/user/user-model/user-model.component.spec.ts" name="UserModelComponent &gt; requires every chip to match, narrowing the results" time="0.190933215">
        </testcase>
        <testcase classname="src/app/dashboard/component/user/user-model/user-model.component.spec.ts" name="UserModelComponent &gt; sorts newest-created first by default" time="0.226862029">
        </testcase>
        <testcase classname="src/app/dashboard/component/user/user-model/user-model.component.spec.ts" name="UserModelComponent &gt; sorts by name when asked" time="0.234826777">
        </testcase>
        <testcase classname="src/app/dashboard/component/user/user-model/user-model.component.spec.ts" name="UserModelComponent &gt; falls back to newest-created for a sort key models do not carry" time="0.196992858">
        </testcase>
        <testcase classname="src/app/dashboard/component/user/user-model/user-model.component.spec.ts" name="UserModelComponent &gt; does not refetch the list when only the filter changes" time="0.189218026">
        </testcase>
        <testcase classname="src/app/dashboard/component/user/user-model/user-model.component.spec.ts" name="UserModelComponent &gt; refetches the list when the search is forced" time="0.157734858">
        </testcase>
        <testcase classname="src/app/dashboard/component/user/user-model/user-model.component.spec.ts" name="UserModelComponent &gt; removes a deleted model from the list without refetching" time="0.221893286">
        </testcase>
        <testcase classname="src/app/dashboard/component/user/user-model/user-model.component.spec.ts" name="UserModelComponent &gt; ignores a delete for an entry with no id" time="0.203739777">
        </testcase>
        <testcase classname="src/app/dashboard/component/user/user-model/user-model.component.spec.ts" name="UserModelComponent &gt; persists the view mode across instances" time="0.176487606">
        </testcase>
        <testcase classname="src/app/dashboard/component/user/user-model/user-model.component.spec.ts" name="UserModelComponent &gt; onClickOpenModelAddComponent &gt; opens the model creator with no footer" time="0.282543184">
        </testcase>
        <testcase classname="src/app/dashboard/component/user/user-model/user-model.component.spec.ts" name="UserModelComponent &gt; onClickOpenModelAddComponent &gt; navigates to the new model on a non-null close" time="0.218835349">
        </testcase>
        <testcase classname="src/app/dashboard/component/user/user-model/user-model.component.spec.ts" name="UserModelComponent &gt; onClickOpenModelAddComponent &gt; does not navigate when the modal is dismissed" time="0.156392012">
        </testcase>
        <testcase classname="src/app/dashboard/component/user/user-model/user-model.component.spec.ts" name="UserModelComponent &gt; hub stats &gt; fills view and like counts on the rendered entries" time="0.184244067">
        </testcase>
        <testcase classname="src/app/dashboard/component/user/user-model/user-model.component.spec.ts" name="UserModelComponent &gt; hub stats &gt; leaves counts at zero when the hub call fails" time="0.178402627">
        </testcase>
        <testcase classname="src/app/dashboard/component/user/user-model/user-model.component.spec.ts" name="UserModelComponent &gt; hub stats &gt; resolves owner names so cards show the real username" time="0.243045403">
        </testcase>
        <testcase classname="src/app/dashboard/component/user/user-model/user-model.component.spec.ts" name="UserModelComponent &gt; hub stats &gt; leaves the owner name blank when the lookup fails" time="0.246358362">
        </testcase>
        <testcase classname="src/app/dashboard/component/user/user-model/user-model.component.spec.ts" name="UserModelComponent &gt; hub stats &gt; populates accessibleUserIds so an owner&apos;s card links to the user model page" time="0.141984374">
        </testcase>
        <testcase classname="src/app/dashboard/component/user/user-model/user-model.component.spec.ts" name="UserModelComponent &gt; hub stats &gt; leaves accessibleUserIds empty when the access lookup fails" time="0.149087707">
        </testcase>
        <testcase classname="src/app/dashboard/component/user/user-model/user-model.component.spec.ts" name="UserModelComponent &gt; hub stats &gt; does not call the hub for an empty result set" time="0.245725471">
        </testcase>
    </testsuite>
    <testsuite name="src/app/dashboard/component/user/user-project/user-project.component.spec.ts" timestamp="2026-08-04T22:49:30.362Z" hostname="ali-Inspiron-15-3520" tests="14" failures="0" errors="0" skipped="0" time="1.562962289">
        <testcase classname="src/app/dashboard/component/user/user-project/user-project.component.spec.ts" name="UserProjectComponent &gt; reads the current uid from UserService in the constructor" time="0.288980325">
        </testcase>
        <testcase classname="src/app/dashboard/component/user/user-project/user-project.component.spec.ts" name="UserProjectComponent &gt; reflects a specific uid returned by getCurrentUser" time="0.119355983">
        </testcase>
        <testcase classname="src/app/dashboard/component/user/user-project/user-project.component.spec.ts" name="UserProjectComponent &gt; leaves uid undefined when there is no current user" time="0.094931116">
        </testcase>
        <testcase classname="src/app/dashboard/component/user/user-project/user-project.component.spec.ts" name="UserProjectComponent &gt; populates userProjectEntries from getProjectList on ngOnInit" time="0.089879217">
        </testcase>
        <testcase classname="src/app/dashboard/component/user/user-project/user-project.component.spec.ts" name="UserProjectComponent &gt; deleteProject deletes then reloads the list" time="0.114936647">
        </testcase>
        <testcase classname="src/app/dashboard/component/user/user-project/user-project.component.spec.ts" name="UserProjectComponent &gt; clickCreateButton flips the create flag on" time="0.083766958">
        </testcase>
        <testcase classname="src/app/dashboard/component/user/user-project/user-project.component.spec.ts" name="UserProjectComponent &gt; unclickCreateButton resets the flag and clears the pending name" time="0.072096611">
        </testcase>
        <testcase classname="src/app/dashboard/component/user/user-project/user-project.component.spec.ts" name="UserProjectComponent &gt; createNewProject creates and reloads for a valid unique name" time="0.102563696">
        </testcase>
        <testcase classname="src/app/dashboard/component/user/user-project/user-project.component.spec.ts" name="UserProjectComponent &gt; createNewProject rejects an empty name without calling the service" time="0.082700218">
        </testcase>
        <testcase classname="src/app/dashboard/component/user/user-project/user-project.component.spec.ts" name="UserProjectComponent &gt; createNewProject rejects a duplicate name without calling the service" time="0.093666578">
        </testcase>
        <testcase classname="src/app/dashboard/component/user/user-project/user-project.component.spec.ts" name="UserProjectComponent &gt; sortByCreationTime orders entries ascending by creationTime" time="0.076723559">
        </testcase>
        <testcase classname="src/app/dashboard/component/user/user-project/user-project.component.spec.ts" name="UserProjectComponent &gt; sortByNameAsc orders entries A -&gt; Z case-insensitively" time="0.119788832">
        </testcase>
        <testcase classname="src/app/dashboard/component/user/user-project/user-project.component.spec.ts" name="UserProjectComponent &gt; sortByNameDesc orders entries Z -&gt; A case-insensitively" time="0.129170532">
        </testcase>
        <testcase classname="src/app/dashboard/component/user/user-project/user-project.component.spec.ts" name="UserProjectComponent &gt; openPublicProject opens the modal with the existing pids disabled and reloads on close" time="0.093095426">
        </testcase>
    </testsuite>
    <testsuite name="src/app/dashboard/component/user/user-quota/user-quota.component.spec.ts" timestamp="2026-08-04T22:49:30.363Z" hostname="ali-Inspiron-15-3520" tests="11" failures="0" errors="0" skipped="0" time="0.574402329">
        <testcase classname="src/app/dashboard/component/user/user-quota/user-quota.component.spec.ts" name="UserQuotaComponent &gt; should create" time="0.080756348">
        </testcase>
        <testcase classname="src/app/dashboard/component/user/user-quota/user-quota.component.spec.ts" name="UserQuotaComponent &gt; aggregateByMonth &gt; sums the values that share a &apos;YYYY-MM&apos; prefix" time="0.031005886">
        </testcase>
        <testcase classname="src/app/dashboard/component/user/user-quota/user-quota.component.spec.ts" name="UserQuotaComponent &gt; filterOutdatedData &gt; keeps entries within the last year and drops older ones" time="0.043035896">
        </testcase>
        <testcase classname="src/app/dashboard/component/user/user-quota/user-quota.component.spec.ts" name="UserQuotaComponent &gt; aggregateData &gt; returns the (filtered) data unchanged when there are fewer than 8 points" time="0.023538928">
        </testcase>
        <testcase classname="src/app/dashboard/component/user/user-quota/user-quota.component.spec.ts" name="UserQuotaComponent &gt; aggregateData &gt; aggregates by month when the data spans at least three months" time="0.019484047">
        </testcase>
        <testcase classname="src/app/dashboard/component/user/user-quota/user-quota.component.spec.ts" name="UserQuotaComponent &gt; aggregateData &gt; aggregates by day-group when there are 8+ points within fewer than three months" time="0.020051487">
        </testcase>
        <testcase classname="src/app/dashboard/component/user/user-quota/user-quota.component.spec.ts" name="UserQuotaComponent &gt; refreshData &gt; loads datasets and executions, and groups executions by workflow" time="0.041827741">
        </testcase>
        <testcase classname="src/app/dashboard/component/user/user-quota/user-quota.component.spec.ts" name="UserQuotaComponent &gt; deleteCollection &gt; removes the execution and subtracts its bytes from the total" time="0.024293475">
        </testcase>
        <testcase classname="src/app/dashboard/component/user/user-quota/user-quota.component.spec.ts" name="UserQuotaComponent &gt; deleteCollection &gt; drops the workflow when its last execution is removed" time="0.021765363">
        </testcase>
        <testcase classname="src/app/dashboard/component/user/user-quota/user-quota.component.spec.ts" name="UserQuotaComponent &gt; chart generation &gt; generatePieChart renders the labels/values and sizing layout onto the target div" time="0.13419344">
        </testcase>
        <testcase classname="src/app/dashboard/component/user/user-quota/user-quota.component.spec.ts" name="UserQuotaComponent &gt; chart generation &gt; generateLineChart renders the x/y series and axis labels onto the target div" time="0.132941636">
        </testcase>
    </testsuite>
    <testsuite name="src/app/dashboard/component/user/user-venv/user-venv.component.spec.ts" timestamp="2026-08-04T22:49:30.364Z" hostname="ali-Inspiron-15-3520" tests="24" failures="0" errors="0" skipped="0" time="0.542274252">
        <testcase classname="src/app/dashboard/component/user/user-venv/user-venv.component.spec.ts" name="UserVenvComponent &gt; creates the component" time="0.02366609">
        </testcase>
        <testcase classname="src/app/dashboard/component/user/user-venv/user-venv.component.spec.ts" name="UserVenvComponent &gt; ngOnInit / refreshPves &gt; maps records to drafts, parsing every version-op form, and renders the list" time="0.037284012">
        </testcase>
        <testcase classname="src/app/dashboard/component/user/user-venv/user-venv.component.spec.ts" name="UserVenvComponent &gt; ngOnInit / refreshPves &gt; logs and notifies on the error path, leaving the list empty" time="0.02990094">
        </testcase>
        <testcase classname="src/app/dashboard/component/user/user-venv/user-venv.component.spec.ts" name="UserVenvComponent &gt; modal open/close and package editing &gt; showPveModal opens an empty draft" time="0.018933045">
        </testcase>
        <testcase classname="src/app/dashboard/component/user/user-venv/user-venv.component.spec.ts" name="UserVenvComponent &gt; modal open/close and package editing &gt; openExistingPve deep-copies the packages of the selected row" time="0.032252142">
        </testcase>
        <testcase classname="src/app/dashboard/component/user/user-venv/user-venv.component.spec.ts" name="UserVenvComponent &gt; modal open/close and package editing &gt; openExistingPve with an out-of-range index is a no-op" time="0.01607277">
        </testcase>
        <testcase classname="src/app/dashboard/component/user/user-venv/user-venv.component.spec.ts" name="UserVenvComponent &gt; modal open/close and package editing &gt; closePveModal clears the draft and hides the modal" time="0.0136371">
        </testcase>
        <testcase classname="src/app/dashboard/component/user/user-venv/user-venv.component.spec.ts" name="UserVenvComponent &gt; modal open/close and package editing &gt; addPackage is a no-op when there is no draft" time="0.015356386">
        </testcase>
        <testcase classname="src/app/dashboard/component/user/user-venv/user-venv.component.spec.ts" name="UserVenvComponent &gt; modal open/close and package editing &gt; addPackage appends a blank row when a draft exists" time="0.020528355">
        </testcase>
        <testcase classname="src/app/dashboard/component/user/user-venv/user-venv.component.spec.ts" name="UserVenvComponent &gt; modal open/close and package editing &gt; togglePackageDelete flips the deleteToggle flag" time="0.018311221">
        </testcase>
        <testcase classname="src/app/dashboard/component/user/user-venv/user-venv.component.spec.ts" name="UserVenvComponent &gt; saveEnvironment &gt; rejects an empty / whitespace name without calling the service" time="0.017181032">
        </testcase>
        <testcase classname="src/app/dashboard/component/user/user-venv/user-venv.component.spec.ts" name="UserVenvComponent &gt; saveEnvironment &gt; rejects a non-alphanumeric name" time="0.01843388">
        </testcase>
        <testcase classname="src/app/dashboard/component/user/user-venv/user-venv.component.spec.ts" name="UserVenvComponent &gt; saveEnvironment &gt; rejects a name that duplicates a different environment" time="0.019092346">
        </testcase>
        <testcase classname="src/app/dashboard/component/user/user-venv/user-venv.component.spec.ts" name="UserVenvComponent &gt; saveEnvironment &gt; rejects a draft with duplicate package names" time="0.016071985">
        </testcase>
        <testcase classname="src/app/dashboard/component/user/user-venv/user-venv.component.spec.ts" name="UserVenvComponent &gt; saveEnvironment &gt; creates a new environment: formats versions, skips deleted/blank rows, then succeeds" time="0.01699555">
        </testcase>
        <testcase classname="src/app/dashboard/component/user/user-venv/user-venv.component.spec.ts" name="UserVenvComponent &gt; saveEnvironment &gt; updates an existing environment when the draft carries a veid" time="0.021899272">
        </testcase>
        <testcase classname="src/app/dashboard/component/user/user-venv/user-venv.component.spec.ts" name="UserVenvComponent &gt; saveEnvironment &gt; handles the save error path: stops the spinner, notifies, keeps the modal open" time="0.021542085">
        </testcase>
        <testcase classname="src/app/dashboard/component/user/user-venv/user-venv.component.spec.ts" name="UserVenvComponent &gt; confirmDeletePve &gt; builds a danger confirm config whose nzOnOk deletes the environment" time="0.034181447">
        </testcase>
        <testcase classname="src/app/dashboard/component/user/user-venv/user-venv.component.spec.ts" name="UserVenvComponent &gt; confirmDeletePve &gt; is a no-op for an out-of-range index" time="0.021220692">
        </testcase>
        <testcase classname="src/app/dashboard/component/user/user-venv/user-venv.component.spec.ts" name="UserVenvComponent &gt; deletePve &gt; does nothing when the target row is missing" time="0.026205125">
        </testcase>
        <testcase classname="src/app/dashboard/component/user/user-venv/user-venv.component.spec.ts" name="UserVenvComponent &gt; deletePve &gt; does nothing when the target has no veid" time="0.021999354">
        </testcase>
        <testcase classname="src/app/dashboard/component/user/user-venv/user-venv.component.spec.ts" name="UserVenvComponent &gt; deletePve &gt; notifies success and refreshes on a successful delete" time="0.024673828">
        </testcase>
        <testcase classname="src/app/dashboard/component/user/user-venv/user-venv.component.spec.ts" name="UserVenvComponent &gt; deletePve &gt; logs and notifies on a failed delete" time="0.026222576">
        </testcase>
        <testcase classname="src/app/dashboard/component/user/user-venv/user-venv.component.spec.ts" name="UserVenvComponent &gt; trackByVeid &gt; returns the veid, or undefined when absent" time="0.025352838">
        </testcase>
    </testsuite>
    <testsuite name="src/app/dashboard/component/user/user-workflow/user-workflow.component.spec.ts" timestamp="2026-08-04T22:49:30.365Z" hostname="ali-Inspiron-15-3520" tests="58" failures="0" errors="0" skipped="0" time="30.36287099">
        <testcase classname="src/app/dashboard/component/user/user-workflow/user-workflow.component.spec.ts" name="SavedWorkflowSectionComponent &gt; searchNoInput" time="1.065816704">
            <system-out>
Master Filter List: []

            </system-out>
        </testcase>
        <testcase classname="src/app/dashboard/component/user/user-workflow/user-workflow.component.spec.ts" name="SavedWorkflowSectionComponent &gt; searchByWorkflowName" time="0.708245359">
        </testcase>
        <testcase classname="src/app/dashboard/component/user/user-workflow/user-workflow.component.spec.ts" name="SavedWorkflowSectionComponent &gt; searchByOwners" time="0.561835858">
        </testcase>
        <testcase classname="src/app/dashboard/component/user/user-workflow/user-workflow.component.spec.ts" name="SavedWorkflowSectionComponent &gt; searchByIDs" time="0.516237736">
        </testcase>
        <testcase classname="src/app/dashboard/component/user/user-workflow/user-workflow.component.spec.ts" name="SavedWorkflowSectionComponent &gt; searchByProjects" time="0.50694678">
        </testcase>
        <testcase classname="src/app/dashboard/component/user/user-workflow/user-workflow.component.spec.ts" name="SavedWorkflowSectionComponent &gt; searchByCreationTime" time="0.515757785">
        </testcase>
        <testcase classname="src/app/dashboard/component/user/user-workflow/user-workflow.component.spec.ts" name="SavedWorkflowSectionComponent &gt; searchByModifyTime" time="0.435011641">
        </testcase>
        <testcase classname="src/app/dashboard/component/user/user-workflow/user-workflow.component.spec.ts" name="SavedWorkflowSectionComponent &gt; searchByOperators" time="0.480642385">
        </testcase>
        <testcase classname="src/app/dashboard/component/user/user-workflow/user-workflow.component.spec.ts" name="SavedWorkflowSectionComponent &gt; searchByManyOperators" time="0.397507381">
        </testcase>
        <testcase classname="src/app/dashboard/component/user/user-workflow/user-workflow.component.spec.ts" name="SavedWorkflowSectionComponent &gt; searchByManyParameters" time="0.462559815">
        </testcase>
        <testcase classname="src/app/dashboard/component/user/user-workflow/user-workflow.component.spec.ts" name="SavedWorkflowSectionComponent &gt; onClickCreateNewWorkflowFromDashboard &gt; navigates to /user/workflow/&lt;wid&gt; (no /dashboard prefix) on successful creation" time="0.401840182">
        </testcase>
        <testcase classname="src/app/dashboard/component/user/user-workflow/user-workflow.component.spec.ts" name="SavedWorkflowSectionComponent &gt; downloads checked files" time="0.465868627">
        </testcase>
        <testcase classname="src/app/dashboard/component/user/user-workflow/user-workflow.component.spec.ts" name="SavedWorkflowSectionComponent &gt; additional UserWorkflowComponent behaviors &gt; deleteWorkflow &gt; deletes an entry with a wid and removes it from the results" time="0.483617031">
        </testcase>
        <testcase classname="src/app/dashboard/component/user/user-workflow/user-workflow.component.spec.ts" name="SavedWorkflowSectionComponent &gt; additional UserWorkflowComponent behaviors &gt; deleteWorkflow &gt; does nothing when the entry has no wid" time="0.438327794">
        </testcase>
        <testcase classname="src/app/dashboard/component/user/user-workflow/user-workflow.component.spec.ts" name="SavedWorkflowSectionComponent &gt; additional UserWorkflowComponent behaviors &gt; onClickDuplicateSelectedWorkflows &gt; duplicates checked wids without a pid and prepends the new entries" time="0.555150562">
        </testcase>
        <testcase classname="src/app/dashboard/component/user/user-workflow/user-workflow.component.spec.ts" name="SavedWorkflowSectionComponent &gt; additional UserWorkflowComponent behaviors &gt; onClickDuplicateSelectedWorkflows &gt; passes the pid to duplicateWorkflow when the section belongs to a project" time="0.510088272">
        </testcase>
        <testcase classname="src/app/dashboard/component/user/user-workflow/user-workflow.component.spec.ts" name="SavedWorkflowSectionComponent &gt; additional UserWorkflowComponent behaviors &gt; onClickDuplicateSelectedWorkflows &gt; early-returns without calling the service when a checked entry has no wid" time="0.482380862">
        </testcase>
        <testcase classname="src/app/dashboard/component/user/user-workflow/user-workflow.component.spec.ts" name="SavedWorkflowSectionComponent &gt; additional UserWorkflowComponent behaviors &gt; onClickDuplicateSelectedWorkflows &gt; alerts on a duplication error" time="0.548294412">
        </testcase>
        <testcase classname="src/app/dashboard/component/user/user-workflow/user-workflow.component.spec.ts" name="SavedWorkflowSectionComponent &gt; additional UserWorkflowComponent behaviors &gt; handleConfirmDeleteSelectedWorkflows &gt; deletes checked wids and keeps undefined-wid entries" time="0.538095066">
        </testcase>
        <testcase classname="src/app/dashboard/component/user/user-workflow/user-workflow.component.spec.ts" name="SavedWorkflowSectionComponent &gt; additional UserWorkflowComponent behaviors &gt; handleConfirmDeleteSelectedWorkflows &gt; early-returns when a checked entry has no wid" time="0.532224969">
        </testcase>
        <testcase classname="src/app/dashboard/component/user/user-workflow/user-workflow.component.spec.ts" name="SavedWorkflowSectionComponent &gt; additional UserWorkflowComponent behaviors &gt; handleConfirmDeleteSelectedWorkflows &gt; alerts on a deletion error" time="0.413772505">
        </testcase>
        <testcase classname="src/app/dashboard/component/user/user-workflow/user-workflow.component.spec.ts" name="SavedWorkflowSectionComponent &gt; additional UserWorkflowComponent behaviors &gt; onClickOpenDownloadZip &gt; does not call the download service when nothing is checked" time="0.398352646">
        </testcase>
        <testcase classname="src/app/dashboard/component/user/user-workflow/user-workflow.component.spec.ts" name="SavedWorkflowSectionComponent &gt; additional UserWorkflowComponent behaviors &gt; onClickOpenDownloadZip &gt; logs an error when the download fails" time="0.444863336">
        </testcase>
        <testcase classname="src/app/dashboard/component/user/user-workflow/user-workflow.component.spec.ts" name="SavedWorkflowSectionComponent &gt; additional UserWorkflowComponent behaviors &gt; workflow uploads &gt; imports a valid .json workflow, appending an entry and toasting success" time="0.544651217">
        </testcase>
        <testcase classname="src/app/dashboard/component/user/user-workflow/user-workflow.component.spec.ts" name="SavedWorkflowSectionComponent &gt; additional UserWorkflowComponent behaviors &gt; workflow uploads &gt; toasts an error and errors the stream when the file is not JSON" time="0.599428746">
        </testcase>
        <testcase classname="src/app/dashboard/component/user/user-workflow/user-workflow.component.spec.ts" name="SavedWorkflowSectionComponent &gt; additional UserWorkflowComponent behaviors &gt; workflow uploads &gt; falls back to DEFAULT_WORKFLOW_NAME when the stripped name is empty" time="0.556041373">
        </testcase>
        <testcase classname="src/app/dashboard/component/user/user-workflow/user-workflow.component.spec.ts" name="SavedWorkflowSectionComponent &gt; additional UserWorkflowComponent behaviors &gt; workflow uploads &gt; imports every workflow file inside an uploaded .zip" time="0.754579781">
        </testcase>
        <testcase classname="src/app/dashboard/component/user/user-workflow/user-workflow.component.spec.ts" name="SavedWorkflowSectionComponent &gt; additional UserWorkflowComponent behaviors &gt; workflow uploads &gt; nameWorkflow resolves name conflicts by suffixing an increasing counter" time="0.651171172">
        </testcase>
        <testcase classname="src/app/dashboard/component/user/user-workflow/user-workflow.component.spec.ts" name="SavedWorkflowSectionComponent &gt; additional UserWorkflowComponent behaviors &gt; selection and view type &gt; selects all and updates the tooltip when nothing is selected" time="0.597534015">
        </testcase>
        <testcase classname="src/app/dashboard/component/user/user-workflow/user-workflow.component.spec.ts" name="SavedWorkflowSectionComponent &gt; additional UserWorkflowComponent behaviors &gt; selection and view type &gt; clears the selection and updates the tooltip when everything is selected" time="0.543123299">
        </testcase>
        <testcase classname="src/app/dashboard/component/user/user-workflow/user-workflow.component.spec.ts" name="SavedWorkflowSectionComponent &gt; additional UserWorkflowComponent behaviors &gt; selection and view type &gt; multiWorkflowsOperationButtonEnabled reflects whether any entry is checked" time="0.553391811">
        </testcase>
        <testcase classname="src/app/dashboard/component/user/user-workflow/user-workflow.component.spec.ts" name="SavedWorkflowSectionComponent &gt; additional UserWorkflowComponent behaviors &gt; selection and view type &gt; multiWorkflowsOperationButtonEnabled is false before the results view is initialized" time="0.487207254">
        </testcase>
        <testcase classname="src/app/dashboard/component/user/user-workflow/user-workflow.component.spec.ts" name="SavedWorkflowSectionComponent &gt; additional UserWorkflowComponent behaviors &gt; selection and view type &gt; updateTooltip toggles between select-all and unselect-all labels" time="0.533053499">
        </testcase>
        <testcase classname="src/app/dashboard/component/user/user-workflow/user-workflow.component.spec.ts" name="SavedWorkflowSectionComponent &gt; additional UserWorkflowComponent behaviors &gt; selection and view type &gt; setViewType persists the new mode and updates viewType" time="0.489557206">
        </testcase>
        <testcase classname="src/app/dashboard/component/user/user-workflow/user-workflow.component.spec.ts" name="SavedWorkflowSectionComponent &gt; additional UserWorkflowComponent behaviors &gt; selection and view type &gt; setViewType is a no-op when the mode is unchanged" time="0.543491513">
        </testcase>
        <testcase classname="src/app/dashboard/component/user/user-workflow/user-workflow.component.spec.ts" name="SavedWorkflowSectionComponent &gt; additional UserWorkflowComponent behaviors &gt; project workflow modals &gt; opens the add-to-project modal and re-searches after it closes" time="0.544704664">
        </testcase>
        <testcase classname="src/app/dashboard/component/user/user-workflow/user-workflow.component.spec.ts" name="SavedWorkflowSectionComponent &gt; additional UserWorkflowComponent behaviors &gt; project workflow modals &gt; opens the remove-from-project modal and re-searches after it closes" time="0.661162566">
        </testcase>
        <testcase classname="src/app/dashboard/component/user/user-workflow/user-workflow.component.spec.ts" name="SavedWorkflowSectionComponent &gt; additional UserWorkflowComponent behaviors &gt; uncovered branch coverage &gt; view-child getters &gt; searchResultsComponent getter throws before the view is initialized" time="0.474823841">
        </testcase>
        <testcase classname="src/app/dashboard/component/user/user-workflow/user-workflow.component.spec.ts" name="SavedWorkflowSectionComponent &gt; additional UserWorkflowComponent behaviors &gt; uncovered branch coverage &gt; view-child getters &gt; filters getter throws before the view is initialized" time="0.482207783">
        </testcase>
        <testcase classname="src/app/dashboard/component/user/user-workflow/user-workflow.component.spec.ts" name="SavedWorkflowSectionComponent &gt; additional UserWorkflowComponent behaviors &gt; uncovered branch coverage &gt; view-child getters &gt; re-searches whenever the filters component emits masterFilterListChange" time="0.47446798">
        </testcase>
        <testcase classname="src/app/dashboard/component/user/user-workflow/user-workflow.component.spec.ts" name="SavedWorkflowSectionComponent &gt; additional UserWorkflowComponent behaviors &gt; uncovered branch coverage &gt; view type initialization &gt; restores the persisted &apos;card&apos; view mode when the component is constructed" time="0.508274173">
        </testcase>
        <testcase classname="src/app/dashboard/component/user/user-workflow/user-workflow.component.spec.ts" name="SavedWorkflowSectionComponent &gt; additional UserWorkflowComponent behaviors &gt; uncovered branch coverage &gt; reacting to the current user changing &gt; updates login state and uid and re-searches when the user changes" time="0.505526465">
        </testcase>
        <testcase classname="src/app/dashboard/component/user/user-workflow/user-workflow.component.spec.ts" name="SavedWorkflowSectionComponent &gt; additional UserWorkflowComponent behaviors &gt; uncovered branch coverage &gt; search &gt; forces the section&apos;s pid into the search filter parameters" time="0.468955368">
        </testcase>
        <testcase classname="src/app/dashboard/component/user/user-workflow/user-workflow.component.spec.ts" name="SavedWorkflowSectionComponent &gt; additional UserWorkflowComponent behaviors &gt; uncovered branch coverage &gt; onClickCreateNewWorkflowFromDashboard &gt; adds the new workflow to the project before navigating when a pid is set" time="0.539642001">
        </testcase>
        <testcase classname="src/app/dashboard/component/user/user-workflow/user-workflow.component.spec.ts" name="SavedWorkflowSectionComponent &gt; additional UserWorkflowComponent behaviors &gt; uncovered branch coverage &gt; onClickCreateNewWorkflowFromDashboard &gt; notifies an error and does not navigate when creation returns no wid" time="0.352485121">
        </testcase>
        <testcase classname="src/app/dashboard/component/user/user-workflow/user-workflow.component.spec.ts" name="SavedWorkflowSectionComponent &gt; additional UserWorkflowComponent behaviors &gt; uncovered branch coverage &gt; onClickDuplicateWorkflow &gt; prepends the duplicate, hydrates owner info, and grants the current user access" time="0.693792754">
        </testcase>
        <testcase classname="src/app/dashboard/component/user/user-workflow/user-workflow.component.spec.ts" name="SavedWorkflowSectionComponent &gt; additional UserWorkflowComponent behaviors &gt; uncovered branch coverage &gt; onClickDuplicateWorkflow &gt; passes the section pid to duplicateWorkflow when inside a project" time="0.706892901">
        </testcase>
        <testcase classname="src/app/dashboard/component/user/user-workflow/user-workflow.component.spec.ts" name="SavedWorkflowSectionComponent &gt; additional UserWorkflowComponent behaviors &gt; uncovered branch coverage &gt; onClickDuplicateWorkflow &gt; skips the user-info lookup and access grant when there is no owner or current user" time="0.425085017">
        </testcase>
        <testcase classname="src/app/dashboard/component/user/user-workflow/user-workflow.component.spec.ts" name="SavedWorkflowSectionComponent &gt; additional UserWorkflowComponent behaviors &gt; uncovered branch coverage &gt; onClickDuplicateWorkflow &gt; falls back to an empty avatar when the owner info omits a google avatar" time="0.359754301">
        </testcase>
        <testcase classname="src/app/dashboard/component/user/user-workflow/user-workflow.component.spec.ts" name="SavedWorkflowSectionComponent &gt; additional UserWorkflowComponent behaviors &gt; uncovered branch coverage &gt; onClickDuplicateWorkflow &gt; does nothing when the entry has no wid" time="0.506453061">
        </testcase>
        <testcase classname="src/app/dashboard/component/user/user-workflow/user-workflow.component.spec.ts" name="SavedWorkflowSectionComponent &gt; additional UserWorkflowComponent behaviors &gt; uncovered branch coverage &gt; onClickDuplicateWorkflow &gt; alerts the error payload when duplication fails" time="0.518975673">
        </testcase>
        <testcase classname="src/app/dashboard/component/user/user-workflow/user-workflow.component.spec.ts" name="SavedWorkflowSectionComponent &gt; additional UserWorkflowComponent behaviors &gt; uncovered branch coverage &gt; onClickDuplicateSelectedWorkflows &gt; is a no-op when nothing is selected" time="0.598529501">
        </testcase>
        <testcase classname="src/app/dashboard/component/user/user-workflow/user-workflow.component.spec.ts" name="SavedWorkflowSectionComponent &gt; additional UserWorkflowComponent behaviors &gt; uncovered branch coverage &gt; onClickDuplicateSelectedWorkflows &gt; alerts on a duplication error in the project (pid) branch" time="0.469820033">
        </testcase>
        <testcase classname="src/app/dashboard/component/user/user-workflow/user-workflow.component.spec.ts" name="SavedWorkflowSectionComponent &gt; additional UserWorkflowComponent behaviors &gt; uncovered branch coverage &gt; handleConfirmDeleteSelectedWorkflows &gt; is a no-op when nothing is selected" time="0.493169777">
        </testcase>
        <testcase classname="src/app/dashboard/component/user/user-workflow/user-workflow.component.spec.ts" name="SavedWorkflowSectionComponent &gt; additional UserWorkflowComponent behaviors &gt; uncovered branch coverage &gt; uploads &gt; errors and notifies when the FileReader result is not a string" time="0.490811522">
        </testcase>
        <testcase classname="src/app/dashboard/component/user/user-workflow/user-workflow.component.spec.ts" name="SavedWorkflowSectionComponent &gt; additional UserWorkflowComponent behaviors &gt; uncovered branch coverage &gt; uploads &gt; uses the full name as the workflow name when the file has no extension" time="0.470925973">
        </testcase>
        <testcase classname="src/app/dashboard/component/user/user-workflow/user-workflow.component.spec.ts" name="SavedWorkflowSectionComponent &gt; additional UserWorkflowComponent behaviors &gt; uncovered branch coverage &gt; uploads &gt; errors the upload stream and does not toast success when createWorkflow fails" time="0.472965667">
        </testcase>
        <testcase classname="src/app/dashboard/component/user/user-workflow/user-workflow.component.spec.ts" name="SavedWorkflowSectionComponent &gt; additional UserWorkflowComponent behaviors &gt; uncovered branch coverage &gt; refreshSearchResult &gt; triggers a forced search" time="0.418012144">
        </testcase>
    </testsuite>
    <testsuite name="src/app/dashboard/service/admin/guard/admin-guard.service.spec.ts" timestamp="2026-08-04T22:49:30.369Z" hostname="ali-Inspiron-15-3520" tests="3" failures="0" errors="0" skipped="0" time="0.018945733">
        <testcase classname="src/app/dashboard/service/admin/guard/admin-guard.service.spec.ts" name="AdminGuardService &gt; allows navigation and does not redirect when the user is an admin" time="0.007398363">
        </testcase>
        <testcase classname="src/app/dashboard/service/admin/guard/admin-guard.service.spec.ts" name="AdminGuardService &gt; blocks navigation and redirects to USER_WORKFLOW when the user is a regular (non-admin) user" time="0.006007082">
        </testcase>
        <testcase classname="src/app/dashboard/service/admin/guard/admin-guard.service.spec.ts" name="AdminGuardService &gt; blocks navigation and redirects to USER_WORKFLOW when there is no signed-in user" time="0.004628242">
        </testcase>
    </testsuite>
    <testsuite name="src/app/dashboard/service/admin/execution/admin-execution.service.spec.ts" timestamp="2026-08-04T22:49:30.369Z" hostname="ali-Inspiron-15-3520" tests="4" failures="0" errors="0" skipped="0" time="0.018633452">
        <testcase classname="src/app/dashboard/service/admin/execution/admin-execution.service.spec.ts" name="AdminExecutionService &gt; should be created" time="0.005142939">
        </testcase>
        <testcase classname="src/app/dashboard/service/admin/execution/admin-execution.service.spec.ts" name="AdminExecutionService &gt; getExecutionList &gt; GETs the paginated endpoint and joins filters into a comma-separated query param" time="0.004927976">
        </testcase>
        <testcase classname="src/app/dashboard/service/admin/execution/admin-execution.service.spec.ts" name="AdminExecutionService &gt; getExecutionList &gt; sends an empty filter param when no filters are supplied" time="0.003988636">
        </testcase>
        <testcase classname="src/app/dashboard/service/admin/execution/admin-execution.service.spec.ts" name="AdminExecutionService &gt; getTotalWorkflows &gt; GETs the total-workflow count endpoint" time="0.003837341">
        </testcase>
    </testsuite>
    <testsuite name="src/app/dashboard/service/admin/settings/admin-settings.service.spec.ts" timestamp="2026-08-04T22:49:30.369Z" hostname="ali-Inspiron-15-3520" tests="6" failures="0" errors="0" skipped="0" time="0.040036">
        <testcase classname="src/app/dashboard/service/admin/settings/admin-settings.service.spec.ts" name="AdminSettingsService &gt; shares one public-settings request across per-key subscribers" time="0.006935714">
        </testcase>
        <testcase classname="src/app/dashboard/service/admin/settings/admin-settings.service.spec.ts" name="AdminSettingsService &gt; emits null for a key absent from the public payload" time="0.007503474">
        </testcase>
        <testcase classname="src/app/dashboard/service/admin/settings/admin-settings.service.spec.ts" name="AdminSettingsService &gt; drops the cached observable on error so the next read retries" time="0.006325191">
        </testcase>
        <testcase classname="src/app/dashboard/service/admin/settings/admin-settings.service.spec.ts" name="AdminSettingsService &gt; invalidates the public-settings cache after a save" time="0.005982866">
        </testcase>
        <testcase classname="src/app/dashboard/service/admin/settings/admin-settings.service.spec.ts" name="AdminSettingsService &gt; invalidates the public-settings cache after a reset" time="0.00807532">
        </testcase>
        <testcase classname="src/app/dashboard/service/admin/settings/admin-settings.service.spec.ts" name="AdminSettingsService &gt; reads every stored setting through the bulk management endpoint" time="0.004649075">
        </testcase>
    </testsuite>
    <testsuite name="src/app/dashboard/service/admin/user/admin-user.service.spec.ts" timestamp="2026-08-04T22:49:30.370Z" hostname="ali-Inspiron-15-3520" tests="21" failures="0" errors="0" skipped="0" time="0.084427909">
        <testcase classname="src/app/dashboard/service/admin/user/admin-user.service.spec.ts" name="AdminUserService &gt; should be created" time="0.003776141">
        </testcase>
        <testcase classname="src/app/dashboard/service/admin/user/admin-user.service.spec.ts" name="AdminUserService &gt; getUserList() GETs the list endpoint" time="0.004308337">
        </testcase>
        <testcase classname="src/app/dashboard/service/admin/user/admin-user.service.spec.ts" name="AdminUserService &gt; updateUser() PUTs the full user record" time="0.003200356">
        </testcase>
        <testcase classname="src/app/dashboard/service/admin/user/admin-user.service.spec.ts" name="AdminUserService &gt; addUser() POSTs an empty body to the trailing-slash add endpoint" time="0.003148893">
        </testcase>
        <testcase classname="src/app/dashboard/service/admin/user/admin-user.service.spec.ts" name="AdminUserService &gt; getUploadedFiles() sends the uid as a user_id query param" time="0.00398431">
        </testcase>
        <testcase classname="src/app/dashboard/service/admin/user/admin-user.service.spec.ts" name="AdminUserService &gt; getCreatedDatasets() GETs without a query param" time="0.004887292">
        </testcase>
        <testcase classname="src/app/dashboard/service/admin/user/admin-user.service.spec.ts" name="AdminUserService &gt; getCreatedWorkflows() sends the uid as a user_id query param" time="0.004878397">
        </testcase>
        <testcase classname="src/app/dashboard/service/admin/user/admin-user.service.spec.ts" name="AdminUserService &gt; getAccessFiles() sends the uid as a user_id query param" time="0.003025273">
        </testcase>
        <testcase classname="src/app/dashboard/service/admin/user/admin-user.service.spec.ts" name="AdminUserService &gt; getAccessWorkflows() sends the uid as a user_id query param" time="0.002715523">
        </testcase>
        <testcase classname="src/app/dashboard/service/admin/user/admin-user.service.spec.ts" name="AdminUserService &gt; getExecutionQuota() sends the uid as a user_id query param" time="0.003236105">
        </testcase>
        <testcase classname="src/app/dashboard/service/admin/user/admin-user.service.spec.ts" name="AdminUserService &gt; deleteExecutionCollection() DELETEs the per-execution endpoint" time="0.003500757">
        </testcase>
        <testcase classname="src/app/dashboard/service/admin/user/admin-user.service.spec.ts" name="AdminUserService &gt; error propagation &gt; getUserList() propagates HTTP errors to the subscriber" time="0.003569998">
        </testcase>
        <testcase classname="src/app/dashboard/service/admin/user/admin-user.service.spec.ts" name="AdminUserService &gt; error propagation &gt; updateUser() propagates HTTP errors to the subscriber" time="0.003514539">
        </testcase>
        <testcase classname="src/app/dashboard/service/admin/user/admin-user.service.spec.ts" name="AdminUserService &gt; error propagation &gt; addUser() propagates HTTP errors to the subscriber" time="0.006190321">
        </testcase>
        <testcase classname="src/app/dashboard/service/admin/user/admin-user.service.spec.ts" name="AdminUserService &gt; error propagation &gt; getUploadedFiles() propagates HTTP errors to the subscriber" time="0.004144218">
        </testcase>
        <testcase classname="src/app/dashboard/service/admin/user/admin-user.service.spec.ts" name="AdminUserService &gt; error propagation &gt; getCreatedDatasets() propagates HTTP errors to the subscriber" time="0.006679137">
        </testcase>
        <testcase classname="src/app/dashboard/service/admin/user/admin-user.service.spec.ts" name="AdminUserService &gt; error propagation &gt; getCreatedWorkflows() propagates HTTP errors to the subscriber" time="0.004237768">
        </testcase>
        <testcase classname="src/app/dashboard/service/admin/user/admin-user.service.spec.ts" name="AdminUserService &gt; error propagation &gt; getAccessFiles() propagates HTTP errors to the subscriber" time="0.003711352">
        </testcase>
        <testcase classname="src/app/dashboard/service/admin/user/admin-user.service.spec.ts" name="AdminUserService &gt; error propagation &gt; getAccessWorkflows() propagates HTTP errors to the subscriber" time="0.003498211">
        </testcase>
        <testcase classname="src/app/dashboard/service/admin/user/admin-user.service.spec.ts" name="AdminUserService &gt; error propagation &gt; getExecutionQuota() propagates HTTP errors to the subscriber" time="0.003460978">
        </testcase>
        <testcase classname="src/app/dashboard/service/admin/user/admin-user.service.spec.ts" name="AdminUserService &gt; error propagation &gt; deleteExecutionCollection() propagates HTTP errors to the subscriber" time="0.003884727">
        </testcase>
    </testsuite>
    <testsuite name="src/app/dashboard/service/user/dataset/dataset.service.spec.ts" timestamp="2026-08-04T22:49:30.371Z" hostname="ali-Inspiron-15-3520" tests="50" failures="0" errors="0" skipped="0" time="0.243086672">
        <testcase classname="src/app/dashboard/service/user/dataset/dataset.service.spec.ts" name="validateDatasetName &gt; returns null for a valid name" time="0.00087245">
        </testcase>
        <testcase classname="src/app/dashboard/service/user/dataset/dataset.service.spec.ts" name="validateDatasetName &gt; returns null for a single valid character" time="0.000434939">
        </testcase>
        <testcase classname="src/app/dashboard/service/user/dataset/dataset.service.spec.ts" name="validateDatasetName &gt; returns null for a name exactly at the 128-character limit" time="0.000348838">
        </testcase>
        <testcase classname="src/app/dashboard/service/user/dataset/dataset.service.spec.ts" name="validateDatasetName &gt; returns an error for an empty string" time="0.000281275">
        </testcase>
        <testcase classname="src/app/dashboard/service/user/dataset/dataset.service.spec.ts" name="validateDatasetName &gt; returns an error for names with spaces" time="0.000368489">
        </testcase>
        <testcase classname="src/app/dashboard/service/user/dataset/dataset.service.spec.ts" name="validateDatasetName &gt; returns an error for names with dots" time="0.000202295">
        </testcase>
        <testcase classname="src/app/dashboard/service/user/dataset/dataset.service.spec.ts" name="validateDatasetName &gt; returns an error for names with slashes" time="0.000223621">
        </testcase>
        <testcase classname="src/app/dashboard/service/user/dataset/dataset.service.spec.ts" name="validateDatasetName &gt; returns an error for names with non-ASCII characters" time="0.000530503">
        </testcase>
        <testcase classname="src/app/dashboard/service/user/dataset/dataset.service.spec.ts" name="validateDatasetName &gt; returns an error for names exceeding 128 characters" time="0.000498135">
        </testcase>
        <testcase classname="src/app/dashboard/service/user/dataset/dataset.service.spec.ts" name="DatasetService &gt; createDataset POSTs the dataset metadata under the create endpoint" time="0.010516752">
        </testcase>
        <testcase classname="src/app/dashboard/service/user/dataset/dataset.service.spec.ts" name="DatasetService &gt; getDataset hits /dataset/{did} when logged in" time="0.00400686">
        </testcase>
        <testcase classname="src/app/dashboard/service/user/dataset/dataset.service.spec.ts" name="DatasetService &gt; getDataset hits /dataset/public/{did} when anonymous" time="0.003474604">
        </testcase>
        <testcase classname="src/app/dashboard/service/user/dataset/dataset.service.spec.ts" name="DatasetService &gt; retrieveDatasetVersionSingleFile resolves the presigned URL then GETs the blob" time="0.005024933">
        </testcase>
        <testcase classname="src/app/dashboard/service/user/dataset/dataset.service.spec.ts" name="DatasetService &gt; retrieveDatasetVersionSingleFile uses the public presign endpoint when anonymous" time="0.011107034">
        </testcase>
        <testcase classname="src/app/dashboard/service/user/dataset/dataset.service.spec.ts" name="DatasetService &gt; retrieveDatasetVersionZip sets dvid when a version is specified" time="0.005042685">
        </testcase>
        <testcase classname="src/app/dashboard/service/user/dataset/dataset.service.spec.ts" name="DatasetService &gt; retrieveDatasetVersionZip sets latest=true when dvid is omitted" time="0.004846523">
        </testcase>
        <testcase classname="src/app/dashboard/service/user/dataset/dataset.service.spec.ts" name="DatasetService &gt; retrieveAccessibleDatasets GETs /dataset/list" time="0.00419303">
        </testcase>
        <testcase classname="src/app/dashboard/service/user/dataset/dataset.service.spec.ts" name="DatasetService &gt; createDatasetVersion attaches fileNodes onto the returned DatasetVersion" time="0.006260528">
        </testcase>
        <testcase classname="src/app/dashboard/service/user/dataset/dataset.service.spec.ts" name="DatasetService &gt; listMultipartUploads returns the filePaths array" time="0.005223994">
        </testcase>
        <testcase classname="src/app/dashboard/service/user/dataset/dataset.service.spec.ts" name="DatasetService &gt; listMultipartUploads tolerates a null payload" time="0.004210803">
        </testcase>
        <testcase classname="src/app/dashboard/service/user/dataset/dataset.service.spec.ts" name="DatasetService &gt; multipartUpload resumes a failed upload by sending only missing parts" time="0.014481051">
        </testcase>
        <testcase classname="src/app/dashboard/service/user/dataset/dataset.service.spec.ts" name="DatasetService &gt; findExistingUploadFiles posts path and size candidates" time="0.006845629">
        </testcase>
        <testcase classname="src/app/dashboard/service/user/dataset/dataset.service.spec.ts" name="DatasetService &gt; findExistingUploadFiles tolerates a null payload" time="0.004214212">
        </testcase>
        <testcase classname="src/app/dashboard/service/user/dataset/dataset.service.spec.ts" name="DatasetService &gt; finalizeMultipartUpload routes through type=finish when not aborting" time="0.002902612">
        </testcase>
        <testcase classname="src/app/dashboard/service/user/dataset/dataset.service.spec.ts" name="DatasetService &gt; finalizeMultipartUpload routes through type=abort when aborting" time="0.004405842">
        </testcase>
        <testcase classname="src/app/dashboard/service/user/dataset/dataset.service.spec.ts" name="DatasetService &gt; resetDatasetFileDiff PUTs /dataset/{did}/diff with the encoded filePath" time="0.00345954">
        </testcase>
        <testcase classname="src/app/dashboard/service/user/dataset/dataset.service.spec.ts" name="DatasetService &gt; deleteDatasetFile DELETEs /dataset/{did}/file with the encoded filePath" time="0.003578835">
        </testcase>
        <testcase classname="src/app/dashboard/service/user/dataset/dataset.service.spec.ts" name="DatasetService &gt; getDatasetDiff returns the staged-object list" time="0.003236819">
        </testcase>
        <testcase classname="src/app/dashboard/service/user/dataset/dataset.service.spec.ts" name="DatasetService &gt; retrieveDatasetVersionList hits the authenticated path when logged in" time="0.002513328">
        </testcase>
        <testcase classname="src/app/dashboard/service/user/dataset/dataset.service.spec.ts" name="DatasetService &gt; retrieveDatasetVersionList hits the public path when anonymous" time="0.002464973">
        </testcase>
        <testcase classname="src/app/dashboard/service/user/dataset/dataset.service.spec.ts" name="DatasetService &gt; retrieveDatasetLatestVersion attaches fileNodes onto the returned version" time="0.002873009">
        </testcase>
        <testcase classname="src/app/dashboard/service/user/dataset/dataset.service.spec.ts" name="DatasetService &gt; retrieveDatasetVersionFileTree picks the authenticated path when logged in" time="0.00299185">
        </testcase>
        <testcase classname="src/app/dashboard/service/user/dataset/dataset.service.spec.ts" name="DatasetService &gt; retrieveDatasetVersionFileTree picks the public path when anonymous" time="0.002585617">
        </testcase>
        <testcase classname="src/app/dashboard/service/user/dataset/dataset.service.spec.ts" name="DatasetService &gt; deleteDatasets DELETEs /dataset/{did}" time="0.003628422">
        </testcase>
        <testcase classname="src/app/dashboard/service/user/dataset/dataset.service.spec.ts" name="DatasetService &gt; updateDatasetName POSTs name + did into /update/name" time="0.003427971">
        </testcase>
        <testcase classname="src/app/dashboard/service/user/dataset/dataset.service.spec.ts" name="DatasetService &gt; updateDatasetDescription POSTs description + did into /update/description" time="0.003258436">
        </testcase>
        <testcase classname="src/app/dashboard/service/user/dataset/dataset.service.spec.ts" name="DatasetService &gt; updateDatasetPublicity POSTs to /dataset/{did}/update/publicity" time="0.00302261">
        </testcase>
        <testcase classname="src/app/dashboard/service/user/dataset/dataset.service.spec.ts" name="DatasetService &gt; updateDatasetDownloadable POSTs to /dataset/{did}/update/downloadable" time="0.003120023">
        </testcase>
        <testcase classname="src/app/dashboard/service/user/dataset/dataset.service.spec.ts" name="DatasetService &gt; retrieveOwners GETs /dataset/user-dataset-owners" time="0.003538609">
        </testcase>
        <testcase classname="src/app/dashboard/service/user/dataset/dataset.service.spec.ts" name="DatasetService &gt; updateDatasetCoverImage POSTs the cover image base64 to /dataset/{did}/update/cover" time="0.003650887">
        </testcase>
        <testcase classname="src/app/dashboard/service/user/dataset/dataset.service.spec.ts" name="DatasetService &gt; getDatasetCoverUrl GETs /dataset/{did}/cover-url and returns the mapped payload" time="0.003560866">
        </testcase>
        <testcase classname="src/app/dashboard/service/user/dataset/dataset.service.spec.ts" name="DatasetService &gt; getDatasetCoverUrl passes through a null url" time="0.003584041">
        </testcase>
        <testcase classname="src/app/dashboard/service/user/dataset/dataset.service.spec.ts" name="DatasetService &gt; multipartUpload emits uploading progress, attaches the auth header, and finishes on HTTP 200" time="0.007711498">
        </testcase>
        <testcase classname="src/app/dashboard/service/user/dataset/dataset.service.spec.ts" name="DatasetService &gt; multipartUpload errors out when a part upload load returns a non-2xx status" time="0.005050043">
        </testcase>
        <testcase classname="src/app/dashboard/service/user/dataset/dataset.service.spec.ts" name="DatasetService &gt; multipartUpload tolerates a sparse init payload and finishes when no parts are missing" time="0.005358219">
        </testcase>
        <testcase classname="src/app/dashboard/service/user/dataset/dataset.service.spec.ts" name="DatasetService &gt; multipartUpload reports a 0% failure when the finish call errors for an empty file" time="0.006116026">
        </testcase>
        <testcase classname="src/app/dashboard/service/user/dataset/dataset.service.spec.ts" name="DatasetService &gt; multipartUpload aborts the in-flight part request when the caller unsubscribes" time="0.005005625">
        </testcase>
        <testcase classname="src/app/dashboard/service/user/dataset/dataset.service.spec.ts" name="DatasetService &gt; multipartUpload omits the auth header when no access token is available" time="0.00464683">
        </testcase>
        <testcase classname="src/app/dashboard/service/user/dataset/dataset.service.spec.ts" name="DatasetService &gt; multipartUpload smooths, throttles and shifts the progress statistics across events" time="0.032100511">
        </testcase>
        <testcase classname="src/app/dashboard/service/user/dataset/dataset.service.spec.ts" name="DatasetService &gt; multipartUpload clamps a sharply rising ETA to the +30% smoothing bound" time="0.020296641">
        </testcase>
    </testsuite>
    <testsuite name="src/app/dashboard/service/user/download/download.service.spec.ts" timestamp="2026-08-04T22:49:30.375Z" hostname="ali-Inspiron-15-3520" tests="27" failures="0" errors="0" skipped="0" time="0.408768024">
        <testcase classname="src/app/dashboard/service/user/download/download.service.spec.ts" name="DownloadService &gt; downloads a single file and saves it under the basename of the path" time="0.010102813">
        </testcase>
        <testcase classname="src/app/dashboard/service/user/download/download.service.spec.ts" name="DownloadService &gt; falls back to a default filename when the path has no basename segment" time="0.005658011">
        </testcase>
        <testcase classname="src/app/dashboard/service/user/download/download.service.spec.ts" name="DownloadService &gt; propagates errors from downloadSingleFile and emits the error notification" time="0.009826154">
        </testcase>
        <testcase classname="src/app/dashboard/service/user/download/download.service.spec.ts" name="DownloadService &gt; passes isLogin=false through to retrieveDatasetVersionSingleFile" time="0.005027596">
        </testcase>
        <testcase classname="src/app/dashboard/service/user/download/download.service.spec.ts" name="DownloadService &gt; downloads the latest model version as a zip named after the model" time="0.008568269">
        </testcase>
        <testcase classname="src/app/dashboard/service/user/download/download.service.spec.ts" name="DownloadService &gt; downloads a specific model version as a zip named model-version" time="0.006968089">
        </testcase>
        <testcase classname="src/app/dashboard/service/user/download/download.service.spec.ts" name="DownloadService &gt; downloads a single model file and saves it under the basename of the path" time="0.006244176">
        </testcase>
        <testcase classname="src/app/dashboard/service/user/download/download.service.spec.ts" name="DownloadService &gt; propagates errors from downloadModelSingleFile and emits the error notification" time="0.005954879">
        </testcase>
        <testcase classname="src/app/dashboard/service/user/download/download.service.spec.ts" name="DownloadService &gt; downloads the latest dataset version as a zip named after the dataset" time="0.006039613">
        </testcase>
        <testcase classname="src/app/dashboard/service/user/download/download.service.spec.ts" name="DownloadService &gt; emits the dataset error notification and rethrows on retrieve failure" time="0.006554994">
        </testcase>
        <testcase classname="src/app/dashboard/service/user/download/download.service.spec.ts" name="DownloadService &gt; downloads a specific dataset version with composite zip name" time="0.006171759">
        </testcase>
        <testcase classname="src/app/dashboard/service/user/download/download.service.spec.ts" name="DownloadService &gt; emits the version-specific error notification on retrieve failure" time="0.005757917">
        </testcase>
        <testcase classname="src/app/dashboard/service/user/download/download.service.spec.ts" name="DownloadService &gt; downloads a workflow as a JSON blob named after the workflow" time="0.005679948">
        </testcase>
        <testcase classname="src/app/dashboard/service/user/download/download.service.spec.ts" name="DownloadService &gt; downloads the workflow ZIP and routes through createWorkflowsZip" time="0.00747751">
        </testcase>
        <testcase classname="src/app/dashboard/service/user/download/download.service.spec.ts" name="DownloadService &gt; propagates errors from createWorkflowsZip with the expected error notification" time="0.010237325">
        </testcase>
        <testcase classname="src/app/dashboard/service/user/download/download.service.spec.ts" name="DownloadService &gt; assembles a real zip with one JSON entry per workflow" time="0.050285636">
        </testcase>
        <testcase classname="src/app/dashboard/service/user/download/download.service.spec.ts" name="DownloadService &gt; de-duplicates colliding workflow filenames inside the zip" time="0.02152812">
        </testcase>
        <testcase classname="src/app/dashboard/service/user/download/download.service.spec.ts" name="DownloadService &gt; downloads a single operator file directly when there&apos;s exactly one file" time="0.015789089">
        </testcase>
        <testcase classname="src/app/dashboard/service/user/download/download.service.spec.ts" name="DownloadService &gt; zips multiple operator files into a workflow-named archive" time="0.036761751">
        </testcase>
        <testcase classname="src/app/dashboard/service/user/download/download.service.spec.ts" name="DownloadService &gt; flattens operator result batches before deciding single vs zip" time="0.008361047">
        </testcase>
        <testcase classname="src/app/dashboard/service/user/download/download.service.spec.ts" name="DownloadService &gt; errors out cleanly when no operator result files are provided" time="0.007663539">
        </testcase>
        <testcase classname="src/app/dashboard/service/user/download/download.service.spec.ts" name="DownloadService &gt; hits the downloadability endpoint and returns the operator → labels map" time="0.005705785">
        </testcase>
        <testcase classname="src/app/dashboard/service/user/download/download.service.spec.ts" name="DownloadService &gt; POSTs the dataset export request and returns the response body" time="0.022427137">
        </testcase>
        <testcase classname="src/app/dashboard/service/user/download/download.service.spec.ts" name="DownloadService &gt; appends the cuid query param for a kubernetes computing unit" time="0.010792894">
        </testcase>
        <testcase classname="src/app/dashboard/service/user/download/download.service.spec.ts" name="DownloadService &gt; exportWorkflowResultToLocal &gt; builds and submits a hidden form carrying the request and token, then cleans up on timeout" time="0.072407867">
        </testcase>
        <testcase classname="src/app/dashboard/service/user/download/download.service.spec.ts" name="DownloadService &gt; exportWorkflowResultToLocal &gt; falls back to an empty token when none is stored" time="0.023978957">
        </testcase>
        <testcase classname="src/app/dashboard/service/user/download/download.service.spec.ts" name="DownloadService &gt; exportWorkflowResultToLocal &gt; targets the cuid-scoped endpoint for a kubernetes computing unit" time="0.025395458">
        </testcase>
    </testsuite>
    <testsuite name="src/app/dashboard/service/user/feedback/feedback.service.spec.ts" timestamp="2026-08-04T22:49:30.377Z" hostname="ali-Inspiron-15-3520" tests="4" failures="0" errors="0" skipped="0" time="0.024294741">
        <testcase classname="src/app/dashboard/service/user/feedback/feedback.service.spec.ts" name="FeedbackService &gt; submitFeedback POSTs the message to /feedback" time="0.006952152">
        </testcase>
        <testcase classname="src/app/dashboard/service/user/feedback/feedback.service.spec.ts" name="FeedbackService &gt; getMyFeedback GETs /feedback and returns the list" time="0.006567395">
        </testcase>
        <testcase classname="src/app/dashboard/service/user/feedback/feedback.service.spec.ts" name="FeedbackService &gt; getFeedbackCounts GETs /feedback/counts" time="0.005072224">
        </testcase>
        <testcase classname="src/app/dashboard/service/user/feedback/feedback.service.spec.ts" name="FeedbackService &gt; getUserFeedback GETs /feedback/user with a user_id query param" time="0.005099958">
        </testcase>
    </testsuite>
    <testsuite name="src/app/dashboard/service/user/file-resource/multipart-upload.service.spec.ts" timestamp="2026-08-04T22:49:30.377Z" hostname="ali-Inspiron-15-3520" tests="13" failures="0" errors="0" skipped="0" time="0.166033929">
        <testcase classname="src/app/dashboard/service/user/file-resource/multipart-upload.service.spec.ts" name="MultipartUploadService &gt; addresses init, part and finish through the supplied endpoint" time="0.042896971">
        </testcase>
        <testcase classname="src/app/dashboard/service/user/file-resource/multipart-upload.service.spec.ts" name="MultipartUploadService &gt; uses the endpoint for listMultipartUploads" time="0.009928516">
        </testcase>
        <testcase classname="src/app/dashboard/service/user/file-resource/multipart-upload.service.spec.ts" name="MultipartUploadService &gt; uses the endpoint for findExistingUploadFiles" time="0.00863996">
        </testcase>
        <testcase classname="src/app/dashboard/service/user/file-resource/multipart-upload.service.spec.ts" name="MultipartUploadService &gt; uses the endpoint for finalizeMultipartUpload and distinguishes abort from finish" time="0.008154316">
        </testcase>
        <testcase classname="src/app/dashboard/service/user/file-resource/multipart-upload.service.spec.ts" name="MultipartUploadService &gt; emits progress, attaches the auth header, and finishes at 100%" time="0.01749574">
        </testcase>
        <testcase classname="src/app/dashboard/service/user/file-resource/multipart-upload.service.spec.ts" name="MultipartUploadService &gt; omits the auth header when there is no access token" time="0.01023208">
        </testcase>
        <testcase classname="src/app/dashboard/service/user/file-resource/multipart-upload.service.spec.ts" name="MultipartUploadService &gt; resumes by uploading only the parts the backend reports missing" time="0.010007161">
        </testcase>
        <testcase classname="src/app/dashboard/service/user/file-resource/multipart-upload.service.spec.ts" name="MultipartUploadService &gt; finishes without uploading anything when no parts are missing" time="0.008286032">
        </testcase>
        <testcase classname="src/app/dashboard/service/user/file-resource/multipart-upload.service.spec.ts" name="MultipartUploadService &gt; fails the upload when a part returns a non-2xx status" time="0.010109367">
        </testcase>
        <testcase classname="src/app/dashboard/service/user/file-resource/multipart-upload.service.spec.ts" name="MultipartUploadService &gt; fails the upload when a part errors at the transport level" time="0.012344195">
        </testcase>
        <testcase classname="src/app/dashboard/service/user/file-resource/multipart-upload.service.spec.ts" name="MultipartUploadService &gt; aborts the in-flight part request when the caller unsubscribes" time="0.009513551">
        </testcase>
        <testcase classname="src/app/dashboard/service/user/file-resource/multipart-upload.service.spec.ts" name="MultipartUploadService &gt; tolerates null payloads from the list and existing-files endpoints" time="0.007516797">
        </testcase>
        <testcase classname="src/app/dashboard/service/user/file-resource/multipart-upload.service.spec.ts" name="MultipartUploadService &gt; percent-encodes the file path on both the init params and the part URL" time="0.010006907">
        </testcase>
    </testsuite>
    <testsuite name="src/app/dashboard/service/user/flarum/flarum.service.spec.ts" timestamp="2026-08-04T22:49:30.378Z" hostname="ali-Inspiron-15-3520" tests="7" failures="0" errors="0" skipped="0" time="0.039118968">
        <testcase classname="src/app/dashboard/service/user/flarum/flarum.service.spec.ts" name="FlarumService &gt; should be created" time="0.003821688">
        </testcase>
        <testcase classname="src/app/dashboard/service/user/flarum/flarum.service.spec.ts" name="FlarumService &gt; register &gt; POSTs a user with a username derived from email local-part + uid" time="0.004353849">
        </testcase>
        <testcase classname="src/app/dashboard/service/user/flarum/flarum.service.spec.ts" name="FlarumService &gt; register &gt; handles an email that contains multiple &apos;@&apos; by using only the first local-part segment" time="0.003916252">
        </testcase>
        <testcase classname="src/app/dashboard/service/user/flarum/flarum.service.spec.ts" name="FlarumService &gt; register &gt; propagates HTTP errors to the subscriber" time="0.007626255">
        </testcase>
        <testcase classname="src/app/dashboard/service/user/flarum/flarum.service.spec.ts" name="FlarumService &gt; auth &gt; POSTs credentials to the token endpoint" time="0.006528802">
        </testcase>
        <testcase classname="src/app/dashboard/service/user/flarum/flarum.service.spec.ts" name="FlarumService &gt; auth &gt; propagates HTTP errors to the subscriber" time="0.006773997">
        </testcase>
        <testcase classname="src/app/dashboard/service/user/flarum/flarum.service.spec.ts" name="FlarumService &gt; throws when no user is logged in" time="0.005391823">
        </testcase>
    </testsuite>
    <testsuite name="src/app/dashboard/service/user/model/model.service.spec.ts" timestamp="2026-08-04T22:49:30.378Z" hostname="ali-Inspiron-15-3520" tests="27" failures="0" errors="0" skipped="0" time="0.135753574">
        <testcase classname="src/app/dashboard/service/user/model/model.service.spec.ts" name="ModelService &gt; createModel posts the backend&apos;s field names" time="0.012448232">
        </testcase>
        <testcase classname="src/app/dashboard/service/user/model/model.service.spec.ts" name="ModelService &gt; getModel uses the authenticated endpoint when logged in" time="0.007550579">
        </testcase>
        <testcase classname="src/app/dashboard/service/user/model/model.service.spec.ts" name="ModelService &gt; getModel uses the public endpoint when not logged in" time="0.007405022">
        </testcase>
        <testcase classname="src/app/dashboard/service/user/model/model.service.spec.ts" name="ModelService &gt; retrieveAccessibleModels gets the list endpoint" time="0.005201401">
        </testcase>
        <testcase classname="src/app/dashboard/service/user/model/model.service.spec.ts" name="ModelService &gt; deleteModel issues a DELETE on the model" time="0.004890022">
        </testcase>
        <testcase classname="src/app/dashboard/service/user/model/model.service.spec.ts" name="ModelService &gt; updateModelName posts mid and name" time="0.005241843">
        </testcase>
        <testcase classname="src/app/dashboard/service/user/model/model.service.spec.ts" name="ModelService &gt; updateModelDescription posts mid and description" time="0.006278989">
        </testcase>
        <testcase classname="src/app/dashboard/service/user/model/model.service.spec.ts" name="ModelService &gt; updateModelPublicity and updateModelDownloadable toggle via the mid-scoped paths" time="0.005706495">
        </testcase>
        <testcase classname="src/app/dashboard/service/user/model/model.service.spec.ts" name="ModelService &gt; retrieveOwners gets the model owners endpoint, not the dataset one" time="0.004701521">
        </testcase>
        <testcase classname="src/app/dashboard/service/user/model/model.service.spec.ts" name="ModelService &gt; updateModelCoverImage posts the relative cover path to the mid-scoped cover endpoint" time="0.006391791">
        </testcase>
        <testcase classname="src/app/dashboard/service/user/model/model.service.spec.ts" name="ModelService &gt; getModelCoverUrl gets the JWT-aware cover-url variant, not the redirect one" time="0.0052078">
        </testcase>
        <testcase classname="src/app/dashboard/service/user/model/model.service.spec.ts" name="ModelService &gt; getModelCoverUrl surfaces a null url when no cover is set" time="0.007483325">
        </testcase>
        <testcase classname="src/app/dashboard/service/user/model/model.service.spec.ts" name="ModelService &gt; retrieveModelVersionList gets the mid-scoped version list" time="0.004892221">
        </testcase>
        <testcase classname="src/app/dashboard/service/user/model/model.service.spec.ts" name="ModelService &gt; retrieveModelVersionList uses the public list endpoint when not logged in" time="0.004433445">
        </testcase>
        <testcase classname="src/app/dashboard/service/user/model/model.service.spec.ts" name="ModelService &gt; retrieveModelLatestVersion folds fileNodes onto the version" time="0.005311515">
        </testcase>
        <testcase classname="src/app/dashboard/service/user/model/model.service.spec.ts" name="ModelService &gt; retrieveModelVersionFileTree gets the version&apos;s root file nodes and size" time="0.005558402">
        </testcase>
        <testcase classname="src/app/dashboard/service/user/model/model.service.spec.ts" name="ModelService &gt; retrieveModelVersionFileTree uses the public root file nodes endpoint when not logged in" time="0.004800425">
        </testcase>
        <testcase classname="src/app/dashboard/service/user/model/model.service.spec.ts" name="ModelService &gt; retrieveModelVersionZip sets mvid when a version is specified" time="0.005059965">
        </testcase>
        <testcase classname="src/app/dashboard/service/user/model/model.service.spec.ts" name="ModelService &gt; retrieveModelVersionZip sets latest=true when mvid is omitted" time="0.005839333">
        </testcase>
        <testcase classname="src/app/dashboard/service/user/model/model.service.spec.ts" name="ModelService &gt; retrieveModelVersionSingleFile resolves the presigned URL then GETs the blob" time="0.005599694">
        </testcase>
        <testcase classname="src/app/dashboard/service/user/model/model.service.spec.ts" name="ModelService &gt; retrieveModelVersionSingleFile uses the public presign endpoint when anonymous" time="0.004077217">
        </testcase>
        <testcase classname="src/app/dashboard/service/user/model/model.service.spec.ts" name="ModelService &gt; surfaces a server error to the caller" time="0.004757454">
        </testcase>
        <testcase classname="src/app/dashboard/service/user/model/model.service.spec.ts" name="validateModelName &gt; accepts letters, numbers, underscores and hyphens" time="0.001068662">
        </testcase>
        <testcase classname="src/app/dashboard/service/user/model/model.service.spec.ts" name="validateModelName &gt; rejects an empty name" time="0.00087024">
        </testcase>
        <testcase classname="src/app/dashboard/service/user/model/model.service.spec.ts" name="validateModelName &gt; rejects spaces and punctuation" time="0.000899117">
        </testcase>
        <testcase classname="src/app/dashboard/service/user/model/model.service.spec.ts" name="validateModelName &gt; rejects a name longer than the maximum" time="0.001281618">
        </testcase>
        <testcase classname="src/app/dashboard/service/user/model/model.service.spec.ts" name="framework and format options &gt; matches the backend whitelists" time="0.001084381">
        </testcase>
    </testsuite>
    <testsuite name="src/app/dashboard/service/user/project/user-project.service.spec.ts" timestamp="2026-08-04T22:49:30.380Z" hostname="ali-Inspiron-15-3520" tests="19" failures="0" errors="0" skipped="0" time="0.106288881">
        <testcase classname="src/app/dashboard/service/user/project/user-project.service.spec.ts" name="UserProjectService &gt; getProjectList issues GET to the list url" time="0.007148897">
        </testcase>
        <testcase classname="src/app/dashboard/service/user/project/user-project.service.spec.ts" name="UserProjectService &gt; retrieveWorkflowsOfProject issues GET to the project workflows url" time="0.005825308">
        </testcase>
        <testcase classname="src/app/dashboard/service/user/project/user-project.service.spec.ts" name="UserProjectService &gt; retrieveFilesOfProject issues GET to the project files url" time="0.004779653">
        </testcase>
        <testcase classname="src/app/dashboard/service/user/project/user-project.service.spec.ts" name="UserProjectService &gt; retrieveProject issues GET to the project url" time="0.005068847">
        </testcase>
        <testcase classname="src/app/dashboard/service/user/project/user-project.service.spec.ts" name="UserProjectService &gt; createProject issues POST to the create url with the name in the path" time="0.005507102">
        </testcase>
        <testcase classname="src/app/dashboard/service/user/project/user-project.service.spec.ts" name="UserProjectService &gt; updateProjectName issues POST to the rename url" time="0.00570904">
        </testcase>
        <testcase classname="src/app/dashboard/service/user/project/user-project.service.spec.ts" name="UserProjectService &gt; updateProjectDescription issues POST with the description as the raw body" time="0.005259721">
        </testcase>
        <testcase classname="src/app/dashboard/service/user/project/user-project.service.spec.ts" name="UserProjectService &gt; deleteProject issues DELETE to the delete url" time="0.006032277">
        </testcase>
        <testcase classname="src/app/dashboard/service/user/project/user-project.service.spec.ts" name="UserProjectService &gt; addWorkflowToProject issues POST to the add-workflow url" time="0.004972177">
        </testcase>
        <testcase classname="src/app/dashboard/service/user/project/user-project.service.spec.ts" name="UserProjectService &gt; removeWorkflowFromProject issues DELETE to the remove-workflow url" time="0.004825637">
        </testcase>
        <testcase classname="src/app/dashboard/service/user/project/user-project.service.spec.ts" name="UserProjectService &gt; addFileToProject issues POST to the add-file url" time="0.008064331">
        </testcase>
        <testcase classname="src/app/dashboard/service/user/project/user-project.service.spec.ts" name="UserProjectService &gt; updateProjectColor issues POST to the color-add url" time="0.005521467">
        </testcase>
        <testcase classname="src/app/dashboard/service/user/project/user-project.service.spec.ts" name="UserProjectService &gt; deleteProjectColor issues POST to the color-delete url" time="0.010506094">
        </testcase>
        <testcase classname="src/app/dashboard/service/user/project/user-project.service.spec.ts" name="UserProjectService &gt; removeFileFromProject issues DELETE to the remove-file url" time="0.005078696">
        </testcase>
        <testcase classname="src/app/dashboard/service/user/project/user-project.service.spec.ts" name="UserProjectService &gt; getProjectFiles returns an empty list before any fetch" time="0.004734556">
        </testcase>
        <testcase classname="src/app/dashboard/service/user/project/user-project.service.spec.ts" name="UserProjectService &gt; refreshFilesOfProject fetches files and caches them for getProjectFiles" time="0.005698686">
        </testcase>
        <testcase classname="src/app/dashboard/service/user/project/user-project.service.spec.ts" name="UserProjectService &gt; deleteDashboardUserFileEntry deletes the file then refreshes the cached project files" time="0.005956898">
        </testcase>
        <testcase classname="src/app/dashboard/service/user/project/user-project.service.spec.ts" name="UserProjectService color helpers &gt; isInvalidColorFormat flags null, wrong-length, and non-hex strings" time="0.001977617">
        </testcase>
        <testcase classname="src/app/dashboard/service/user/project/user-project.service.spec.ts" name="UserProjectService color helpers &gt; isLightColor is true for light colors and false for dark or invalid ones" time="0.001714468">
        </testcase>
    </testsuite>
    <testsuite name="src/app/dashboard/service/user/quota/user-quota.service.spec.ts" timestamp="2026-08-04T22:49:30.381Z" hostname="ali-Inspiron-15-3520" tests="7" failures="0" errors="0" skipped="0" time="0.033737943">
        <testcase classname="src/app/dashboard/service/user/quota/user-quota.service.spec.ts" name="UserQuotaService &gt; should be created" time="0.006193849">
        </testcase>
        <testcase classname="src/app/dashboard/service/user/quota/user-quota.service.spec.ts" name="UserQuotaService &gt; getCreatedDatasets() GETs the created-datasets endpoint" time="0.004714744">
        </testcase>
        <testcase classname="src/app/dashboard/service/user/quota/user-quota.service.spec.ts" name="UserQuotaService &gt; getCreatedWorkflows() GETs the created-workflows endpoint" time="0.003696031">
        </testcase>
        <testcase classname="src/app/dashboard/service/user/quota/user-quota.service.spec.ts" name="UserQuotaService &gt; getAccessWorkflows() GETs the access-workflows endpoint" time="0.004301525">
        </testcase>
        <testcase classname="src/app/dashboard/service/user/quota/user-quota.service.spec.ts" name="UserQuotaService &gt; getExecutionQuota() GETs the quota-size endpoint" time="0.004547609">
        </testcase>
        <testcase classname="src/app/dashboard/service/user/quota/user-quota.service.spec.ts" name="UserQuotaService &gt; deleteExecutionCollection() DELETEs the per-execution endpoint" time="0.004906542">
        </testcase>
        <testcase classname="src/app/dashboard/service/user/quota/user-quota.service.spec.ts" name="UserQuotaService &gt; deleteExecutionCollection() handles a server error response" time="0.004667366">
        </testcase>
    </testsuite>
    <testsuite name="src/app/dashboard/service/user/share-access/share-access.service.spec.ts" timestamp="2026-08-04T22:49:30.382Z" hostname="ali-Inspiron-15-3520" tests="4" failures="0" errors="0" skipped="0" time="0.014235344">
        <testcase classname="src/app/dashboard/service/user/share-access/share-access.service.spec.ts" name="ShareAccessService &gt; grantAccess composes the correct PUT url" time="0.004658481">
        </testcase>
        <testcase classname="src/app/dashboard/service/user/share-access/share-access.service.spec.ts" name="ShareAccessService &gt; revokeAccess composes the correct DELETE url" time="0.003510796">
        </testcase>
        <testcase classname="src/app/dashboard/service/user/share-access/share-access.service.spec.ts" name="ShareAccessService &gt; getOwner should respond with type text" time="0.002837744">
        </testcase>
        <testcase classname="src/app/dashboard/service/user/share-access/share-access.service.spec.ts" name="ShareAccessService &gt; getAccessList should resolve to an array" time="0.002756509">
        </testcase>
    </testsuite>
    <testsuite name="src/app/dashboard/service/user/workflow-cover/workflow-cover.service.spec.ts" timestamp="2026-08-04T22:49:30.382Z" hostname="ali-Inspiron-15-3520" tests="9" failures="0" errors="0" skipped="0" time="0.101724529">
        <testcase classname="src/app/dashboard/service/user/workflow-cover/workflow-cover.service.spec.ts" name="WorkflowCoverService &gt; getCover returns the stored image data URL" time="0.025163196">
        </testcase>
        <testcase classname="src/app/dashboard/service/user/workflow-cover/workflow-cover.service.spec.ts" name="WorkflowCoverService &gt; getCover resolves to undefined when no cover exists (404)" time="0.017682855">
        </testcase>
        <testcase classname="src/app/dashboard/service/user/workflow-cover/workflow-cover.service.spec.ts" name="WorkflowCoverService &gt; clearCover issues a DELETE" time="0.008865248">
        </testcase>
        <testcase classname="src/app/dashboard/service/user/workflow-cover/workflow-cover.service.spec.ts" name="WorkflowCoverService &gt; setCoverFromFile PUTs the resized data URL and resolves with it" time="0.007358692">
        </testcase>
        <testcase classname="src/app/dashboard/service/user/workflow-cover/workflow-cover.service.spec.ts" name="WorkflowCoverService &gt; fileToResizedDataUrl &gt; downscales a large image along its longest edge and re-encodes it as jpeg" time="0.01080552">
        </testcase>
        <testcase classname="src/app/dashboard/service/user/workflow-cover/workflow-cover.service.spec.ts" name="WorkflowCoverService &gt; fileToResizedDataUrl &gt; leaves an already-small image at its natural size" time="0.007681484">
        </testcase>
        <testcase classname="src/app/dashboard/service/user/workflow-cover/workflow-cover.service.spec.ts" name="WorkflowCoverService &gt; fileToResizedDataUrl &gt; rejects when a 2d canvas context is unavailable" time="0.007224904">
        </testcase>
        <testcase classname="src/app/dashboard/service/user/workflow-cover/workflow-cover.service.spec.ts" name="WorkflowCoverService &gt; fileToResizedDataUrl &gt; rejects when the file is not a decodable image" time="0.007659064">
        </testcase>
        <testcase classname="src/app/dashboard/service/user/workflow-cover/workflow-cover.service.spec.ts" name="WorkflowCoverService &gt; fileToResizedDataUrl &gt; rejects when the file cannot be read" time="0.008089746">
        </testcase>
    </testsuite>
    <testsuite name="src/app/dashboard/service/user/workflow-executions/workflow-executions.service.spec.ts" timestamp="2026-08-04T22:49:30.383Z" hostname="ali-Inspiron-15-3520" tests="7" failures="0" errors="0" skipped="0" time="0.055278374">
        <testcase classname="src/app/dashboard/service/user/workflow-executions/workflow-executions.service.spec.ts" name="WorkflowExecutionsService &gt; retrieveLatestWorkflowExecution issues GET to the latest url" time="0.016222779">
        </testcase>
        <testcase classname="src/app/dashboard/service/user/workflow-executions/workflow-executions.service.spec.ts" name="WorkflowExecutionsService &gt; retrieveWorkflowExecutions issues GET without a status param when no statuses are given" time="0.00620766">
        </testcase>
        <testcase classname="src/app/dashboard/service/user/workflow-executions/workflow-executions.service.spec.ts" name="WorkflowExecutionsService &gt; retrieveWorkflowExecutions sets the status param when statuses are given" time="0.005794952">
        </testcase>
        <testcase classname="src/app/dashboard/service/user/workflow-executions/workflow-executions.service.spec.ts" name="WorkflowExecutionsService &gt; groupSetIsBookmarked issues PUT with the bookmark payload" time="0.012107116">
        </testcase>
        <testcase classname="src/app/dashboard/service/user/workflow-executions/workflow-executions.service.spec.ts" name="WorkflowExecutionsService &gt; groupDeleteWorkflowExecutions issues PUT with the delete payload" time="0.005793959">
        </testcase>
        <testcase classname="src/app/dashboard/service/user/workflow-executions/workflow-executions.service.spec.ts" name="WorkflowExecutionsService &gt; updateWorkflowExecutionsName issues POST with the rename payload" time="0.004452105">
        </testcase>
        <testcase classname="src/app/dashboard/service/user/workflow-executions/workflow-executions.service.spec.ts" name="WorkflowExecutionsService &gt; retrieveWorkflowRuntimeStatistics issues GET with the cuid param" time="0.004107584">
        </testcase>
    </testsuite>
    <testsuite name="src/app/dashboard/service/user/workflow-version/workflow-version.service.spec.ts" timestamp="2026-08-04T22:49:30.383Z" hostname="ali-Inspiron-15-3520" tests="30" failures="0" errors="0" skipped="0" time="0.210915454">
        <testcase classname="src/app/dashboard/service/user/workflow-version/workflow-version.service.spec.ts" name="WorkflowVersionService &gt; canRestoreVersion &gt; is false when no readonly display has been entered" time="0.018407682">
        </testcase>
        <testcase classname="src/app/dashboard/service/user/workflow-version/workflow-version.service.spec.ts" name="WorkflowVersionService &gt; canRestoreVersion &gt; is true after entering readonly display from a modification-enabled state" time="0.007732958">
        </testcase>
        <testcase classname="src/app/dashboard/service/user/workflow-version/workflow-version.service.spec.ts" name="WorkflowVersionService &gt; canRestoreVersion &gt; is false after entering readonly display from an already-disabled state" time="0.012069716">
        </testcase>
        <testcase classname="src/app/dashboard/service/user/workflow-version/workflow-version.service.spec.ts" name="WorkflowVersionService &gt; setDisplayParticularVersion &gt; publishes both ids and the flag when entering a particular version" time="0.006058267">
        </testcase>
        <testcase classname="src/app/dashboard/service/user/workflow-version/workflow-version.service.spec.ts" name="WorkflowVersionService &gt; setDisplayParticularVersion &gt; ignores undefined version ids but still flips the flag" time="0.005324588">
        </testcase>
        <testcase classname="src/app/dashboard/service/user/workflow-version/workflow-version.service.spec.ts" name="WorkflowVersionService &gt; setDisplayParticularVersion &gt; nulls both ids when leaving a particular version" time="0.004199622">
        </testcase>
        <testcase classname="src/app/dashboard/service/user/workflow-version/workflow-version.service.spec.ts" name="WorkflowVersionService &gt; displayWorkflowVersions unhighlights whatever is currently highlighted" time="0.006744095">
        </testcase>
        <testcase classname="src/app/dashboard/service/user/workflow-version/workflow-version.service.spec.ts" name="WorkflowVersionService &gt; displayReadonlyWorkflow &gt; snapshots the current workflow, disables persist+undo, then reloads readonly" time="0.004451911">
        </testcase>
        <testcase classname="src/app/dashboard/service/user/workflow-version/workflow-version.service.spec.ts" name="WorkflowVersionService &gt; displayReadonlyWorkflow &gt; only captures the modification state once across nested calls" time="0.005544201">
        </testcase>
        <testcase classname="src/app/dashboard/service/user/workflow-version/workflow-version.service.spec.ts" name="WorkflowVersionService &gt; displayParticularVersion diffs, swaps the paper, and emits the flag" time="0.007263999">
        </testcase>
        <testcase classname="src/app/dashboard/service/user/workflow-version/workflow-version.service.spec.ts" name="WorkflowVersionService &gt; highlight helpers &gt; highlightOpBoundary writes rect.boundary/fill with the rgba color" time="0.00461153">
        </testcase>
        <testcase classname="src/app/dashboard/service/user/workflow-version/workflow-version.service.spec.ts" name="WorkflowVersionService &gt; highlight helpers &gt; highlightOpBracket writes the position-prefixed stroke attribute" time="0.009836112">
        </testcase>
        <testcase classname="src/app/dashboard/service/user/workflow-version/workflow-version.service.spec.ts" name="WorkflowVersionService &gt; highlight helpers &gt; is a no-op when the joint paper is not yet bound" time="0.002712165">
        </testcase>
        <testcase classname="src/app/dashboard/service/user/workflow-version/workflow-version.service.spec.ts" name="WorkflowVersionService &gt; highlightOpVersionDiff &gt; colors modified ops orange and added ops green" time="0.004554597">
        </testcase>
        <testcase classname="src/app/dashboard/service/user/workflow-version/workflow-version.service.spec.ts" name="WorkflowVersionService &gt; highlightOpVersionDiff &gt; draws left/right red brackets around the neighbors of deleted ops" time="0.003719301">
        </testcase>
        <testcase classname="src/app/dashboard/service/user/workflow-version/workflow-version.service.spec.ts" name="WorkflowVersionService &gt; highlightOpVersionDiff &gt; skips bracket drawing when the temp workflow is missing" time="0.00354956">
        </testcase>
        <testcase classname="src/app/dashboard/service/user/workflow-version/workflow-version.service.spec.ts" name="WorkflowVersionService &gt; unhighlightOpVersionDiff &gt; resets the boundary fill of added and modified ops to transparent" time="0.005317645">
        </testcase>
        <testcase classname="src/app/dashboard/service/user/workflow-version/workflow-version.service.spec.ts" name="WorkflowVersionService &gt; unhighlightOpVersionDiff &gt; resets the red brackets drawn around the neighbors of deleted ops" time="0.005810642">
        </testcase>
        <testcase classname="src/app/dashboard/service/user/workflow-version/workflow-version.service.spec.ts" name="WorkflowVersionService &gt; unhighlightOpVersionDiff &gt; skips bracket clearing when the temp workflow is missing" time="0.00413477">
        </testcase>
        <testcase classname="src/app/dashboard/service/user/workflow-version/workflow-version.service.spec.ts" name="WorkflowVersionService &gt; getWorkflowsDifference &gt; classifies operators into added, deleted, and modified" time="0.007913996">
        </testcase>
        <testcase classname="src/app/dashboard/service/user/workflow-version/workflow-version.service.spec.ts" name="WorkflowVersionService &gt; getWorkflowsDifference &gt; returns empty diffs when the contents are identical" time="0.007049443">
        </testcase>
        <testcase classname="src/app/dashboard/service/user/workflow-version/workflow-version.service.spec.ts" name="WorkflowVersionService &gt; getWorkflowsDifference &gt; records per-property and version-bump diffs in operatorPropertyDiff" time="0.005152199">
        </testcase>
        <testcase classname="src/app/dashboard/service/user/workflow-version/workflow-version.service.spec.ts" name="WorkflowVersionService &gt; close + revert helpers &gt; revertToVersion clears stacks, re-enables modification, and exits readonly mode" time="0.004441639">
        </testcase>
        <testcase classname="src/app/dashboard/service/user/workflow-version/workflow-version.service.spec.ts" name="WorkflowVersionService &gt; close + revert helpers &gt; closeReadonlyWorkflowDisplay restores the previous workflow and re-enables undo" time="0.004245017">
        </testcase>
        <testcase classname="src/app/dashboard/service/user/workflow-version/workflow-version.service.spec.ts" name="WorkflowVersionService &gt; close + revert helpers &gt; closeParticularVersionDisplay unhighlights, restores, and flips the flag" time="0.00401053">
        </testcase>
        <testcase classname="src/app/dashboard/service/user/workflow-version/workflow-version.service.spec.ts" name="WorkflowVersionService &gt; close + revert helpers &gt; restoreModificationState re-disables modification when the snapshot was false" time="0.003771363">
        </testcase>
        <testcase classname="src/app/dashboard/service/user/workflow-version/workflow-version.service.spec.ts" name="WorkflowVersionService &gt; HTTP &gt; retrieveVersionsOfWorkflow GETs /version/{wid}" time="0.004713232">
        </testcase>
        <testcase classname="src/app/dashboard/service/user/workflow-version/workflow-version.service.spec.ts" name="WorkflowVersionService &gt; HTTP &gt; retrieveWorkflowByVersion parses a string `content` into an object" time="0.004215506">
        </testcase>
        <testcase classname="src/app/dashboard/service/user/workflow-version/workflow-version.service.spec.ts" name="WorkflowVersionService &gt; HTTP &gt; retrieveWorkflowByVersion drops null payloads (filter blocks the emission)" time="0.028607813">
        </testcase>
        <testcase classname="src/app/dashboard/service/user/workflow-version/workflow-version.service.spec.ts" name="WorkflowVersionService &gt; HTTP &gt; cloneWorkflowVersion POSTs to /version/clone/{vid} with the displayed id" time="0.012885154">
        </testcase>
    </testsuite>
    <testsuite name="src/app/hub/component/about/local-login/local-login.component.spec.ts" timestamp="2026-08-04T22:49:30.385Z" hostname="ali-Inspiron-15-3520" tests="26" failures="0" errors="0" skipped="0" time="1.597111451">
        <testcase classname="src/app/hub/component/about/local-login/local-login.component.spec.ts" name="LocalLoginComponent &gt; should create the component" time="0.167950608">
        </testcase>
        <testcase classname="src/app/hub/component/about/local-login/local-login.component.spec.ts" name="LocalLoginComponent &gt; form construction &gt; builds allForms with the expected controls" time="0.043429855">
        </testcase>
        <testcase classname="src/app/hub/component/about/local-login/local-login.component.spec.ts" name="LocalLoginComponent &gt; form construction &gt; requires loginUsername and registerUsername" time="0.035968822">
        </testcase>
        <testcase classname="src/app/hub/component/about/local-login/local-login.component.spec.ts" name="LocalLoginComponent &gt; form construction &gt; requires registerEmail and enforces email format" time="0.054133293">
        </testcase>
        <testcase classname="src/app/hub/component/about/local-login/local-login.component.spec.ts" name="LocalLoginComponent &gt; form construction &gt; requires passwords and enforces minLength(6)" time="0.035721685">
        </testcase>
        <testcase classname="src/app/hub/component/about/local-login/local-login.component.spec.ts" name="LocalLoginComponent &gt; form construction &gt; wires the confirmationValidator on registerConfirmationPassword" time="0.053773076">
        </testcase>
        <testcase classname="src/app/hub/component/about/local-login/local-login.component.spec.ts" name="LocalLoginComponent &gt; form construction &gt; requires registerConfirmationPassword to be non-empty" time="0.062432434">
        </testcase>
        <testcase classname="src/app/hub/component/about/local-login/local-login.component.spec.ts" name="LocalLoginComponent &gt; confirmationValidator &gt; returns { confirm: true } when the value does not match registerPassword" time="0.082649774">
        </testcase>
        <testcase classname="src/app/hub/component/about/local-login/local-login.component.spec.ts" name="LocalLoginComponent &gt; confirmationValidator &gt; returns {} when the value matches registerPassword" time="0.154594684">
        </testcase>
        <testcase classname="src/app/hub/component/about/local-login/local-login.component.spec.ts" name="LocalLoginComponent &gt; updateConfirmValidator &gt; schedules updateValueAndValidity on registerConfirmationPassword via setTimeout" time="0.059181723">
        </testcase>
        <testcase classname="src/app/hub/component/about/local-login/local-login.component.spec.ts" name="LocalLoginComponent &gt; ngOnInit &gt; patches loginUsername and loginPassword from defaultLocalUser when populated" time="0.059636155">
        </testcase>
        <testcase classname="src/app/hub/component/about/local-login/local-login.component.spec.ts" name="LocalLoginComponent &gt; ngOnInit &gt; does not patch login fields when defaultLocalUser is empty" time="0.044351902">
        </testcase>
        <testcase classname="src/app/hub/component/about/local-login/local-login.component.spec.ts" name="LocalLoginComponent &gt; login &gt; sets loginErrorMessage and short-circuits when validateUsername fails" time="0.07211743">
        </testcase>
        <testcase classname="src/app/hub/component/about/local-login/local-login.component.spec.ts" name="LocalLoginComponent &gt; login &gt; calls UserService.login with trimmed username and navigates to USER_WORKFLOW on success" time="0.070715046">
        </testcase>
        <testcase classname="src/app/hub/component/about/local-login/local-login.component.spec.ts" name="LocalLoginComponent &gt; login &gt; navigates to queryParams.returnUrl when present" time="0.138120245">
        </testcase>
        <testcase classname="src/app/hub/component/about/local-login/local-login.component.spec.ts" name="LocalLoginComponent &gt; login &gt; surfaces the error&apos;s message via NotificationService.error on failure" time="0.049574305">
        </testcase>
        <testcase classname="src/app/hub/component/about/local-login/local-login.component.spec.ts" name="LocalLoginComponent &gt; login &gt; falls back to &apos;Incorrect username or password&apos; when the error has no message" time="0.037908486">
        </testcase>
        <testcase classname="src/app/hub/component/about/local-login/local-login.component.spec.ts" name="LocalLoginComponent &gt; register &gt; sets registerErrorMessage when the password is shorter than 6 characters" time="0.050685859">
        </testcase>
        <testcase classname="src/app/hub/component/about/local-login/local-login.component.spec.ts" name="LocalLoginComponent &gt; register &gt; sets registerErrorMessage when passwords do not match" time="0.032280542">
        </testcase>
        <testcase classname="src/app/hub/component/about/local-login/local-login.component.spec.ts" name="LocalLoginComponent &gt; register &gt; sets registerErrorMessage when validateUsername fails" time="0.032380646">
        </testcase>
        <testcase classname="src/app/hub/component/about/local-login/local-login.component.spec.ts" name="LocalLoginComponent &gt; register &gt; sets registerErrorMessage when the email is empty" time="0.039314233">
        </testcase>
        <testcase classname="src/app/hub/component/about/local-login/local-login.component.spec.ts" name="LocalLoginComponent &gt; register &gt; sets registerErrorMessage when the email is malformed" time="0.069843834">
        </testcase>
        <testcase classname="src/app/hub/component/about/local-login/local-login.component.spec.ts" name="LocalLoginComponent &gt; register &gt; checks email validity before username validity" time="0.057106454">
        </testcase>
        <testcase classname="src/app/hub/component/about/local-login/local-login.component.spec.ts" name="LocalLoginComponent &gt; register &gt; calls UserService.register with the trimmed username,email and surfaces a success notification" time="0.038359869">
        </testcase>
        <testcase classname="src/app/hub/component/about/local-login/local-login.component.spec.ts" name="LocalLoginComponent &gt; register &gt; surfaces the error&apos;s message via NotificationService.error on failure" time="0.023812046">
        </testcase>
        <testcase classname="src/app/hub/component/about/local-login/local-login.component.spec.ts" name="LocalLoginComponent &gt; register &gt; falls back to &apos;Registration failed&apos; when the error has no message" time="0.027013756">
        </testcase>
    </testsuite>
    <testsuite name="src/app/hub/component/workflow/detail/hub-workflow-detail.component.spec.ts" timestamp="2026-08-04T22:49:30.386Z" hostname="ali-Inspiron-15-3520" tests="32" failures="0" errors="0" skipped="0" time="2.719181533">
        <testcase classname="src/app/hub/component/workflow/detail/hub-workflow-detail.component.spec.ts" name="HubWorkflowDetailComponent &gt; constructor / wid resolution &gt; uses NZ_MODAL_DATA wid and leaves isHub false" time="0.136374139">
        </testcase>
        <testcase classname="src/app/hub/component/workflow/detail/hub-workflow-detail.component.spec.ts" name="HubWorkflowDetailComponent &gt; constructor / wid resolution &gt; falls back to route.snapshot.params.id and sets isHub true" time="0.068369402">
        </testcase>
        <testcase classname="src/app/hub/component/workflow/detail/hub-workflow-detail.component.spec.ts" name="HubWorkflowDetailComponent &gt; constructor / wid resolution &gt; sets isActivatedUser true for REGULAR" time="0.070036728">
        </testcase>
        <testcase classname="src/app/hub/component/workflow/detail/hub-workflow-detail.component.spec.ts" name="HubWorkflowDetailComponent &gt; constructor / wid resolution &gt; sets isActivatedUser true for ADMIN" time="0.05784145">
        </testcase>
        <testcase classname="src/app/hub/component/workflow/detail/hub-workflow-detail.component.spec.ts" name="HubWorkflowDetailComponent &gt; constructor / wid resolution &gt; leaves isActivatedUser false for non-activated roles" time="0.057707076">
        </testcase>
        <testcase classname="src/app/hub/component/workflow/detail/hub-workflow-detail.component.spec.ts" name="HubWorkflowDetailComponent &gt; constructor / wid resolution &gt; disables workflow modification" time="0.085059249">
        </testcase>
        <testcase classname="src/app/hub/component/workflow/detail/hub-workflow-detail.component.spec.ts" name="HubWorkflowDetailComponent &gt; ngOnInit &gt; early-returns when wid is undefined" time="0.131009889">
        </testcase>
        <testcase classname="src/app/hub/component/workflow/detail/hub-workflow-detail.component.spec.ts" name="HubWorkflowDetailComponent &gt; ngOnInit &gt; assigns likeCount and cloneCount from getCounts" time="0.102397674">
        </testcase>
        <testcase classname="src/app/hub/component/workflow/detail/hub-workflow-detail.component.spec.ts" name="HubWorkflowDetailComponent &gt; ngOnInit &gt; defaults likeCount and cloneCount to 0 when counts are missing" time="0.094000376">
        </testcase>
        <testcase classname="src/app/hub/component/workflow/detail/hub-workflow-detail.component.spec.ts" name="HubWorkflowDetailComponent &gt; ngOnInit &gt; pipes postView through throttleTime and assigns viewCount" time="0.099985775">
        </testcase>
        <testcase classname="src/app/hub/component/workflow/detail/hub-workflow-detail.component.spec.ts" name="HubWorkflowDetailComponent &gt; ngOnInit &gt; passes 0 as userId to postView when there is no current user" time="0.061768397">
        </testcase>
        <testcase classname="src/app/hub/component/workflow/detail/hub-workflow-detail.component.spec.ts" name="HubWorkflowDetailComponent &gt; ngOnInit &gt; sets isLiked from the isLiked response when a user is logged in" time="0.072691371">
        </testcase>
        <testcase classname="src/app/hub/component/workflow/detail/hub-workflow-detail.component.spec.ts" name="HubWorkflowDetailComponent &gt; ngOnInit &gt; falls back to isLiked = false when the response is empty" time="0.060174792">
        </testcase>
        <testcase classname="src/app/hub/component/workflow/detail/hub-workflow-detail.component.spec.ts" name="HubWorkflowDetailComponent &gt; ngOnInit &gt; does not call isLiked when there is no current user" time="0.07312708">
        </testcase>
        <testcase classname="src/app/hub/component/workflow/detail/hub-workflow-detail.component.spec.ts" name="HubWorkflowDetailComponent &gt; ngAfterViewInit / loadWorkflowWithId &gt; uses retrieveWorkflow when not in hub mode and triggers center event" time="0.061879424">
        </testcase>
        <testcase classname="src/app/hub/component/workflow/detail/hub-workflow-detail.component.spec.ts" name="HubWorkflowDetailComponent &gt; ngAfterViewInit / loadWorkflowWithId &gt; uses retrievePublicWorkflow when in hub mode and triggers center event" time="0.110802654">
        </testcase>
        <testcase classname="src/app/hub/component/workflow/detail/hub-workflow-detail.component.spec.ts" name="HubWorkflowDetailComponent &gt; ngAfterViewInit / loadWorkflowWithId &gt; reports the load failure and does not reload or trigger center event when retrieveWorkflow errors" time="0.079214567">
        </testcase>
        <testcase classname="src/app/hub/component/workflow/detail/hub-workflow-detail.component.spec.ts" name="HubWorkflowDetailComponent &gt; ngAfterViewInit / loadWorkflowWithId &gt; reports the load failure and does not reload or trigger center event when retrievePublicWorkflow errors" time="0.071123531">
        </testcase>
        <testcase classname="src/app/hub/component/workflow/detail/hub-workflow-detail.component.spec.ts" name="HubWorkflowDetailComponent &gt; ngAfterViewInit / loadWorkflowWithId &gt; skips loading when wid is undefined" time="0.053718566">
        </testcase>
        <testcase classname="src/app/hub/component/workflow/detail/hub-workflow-detail.component.spec.ts" name="HubWorkflowDetailComponent &gt; ngOnDestroy &gt; calls WorkflowActionService.clearWorkflow" time="0.072868181">
        </testcase>
        <testcase classname="src/app/hub/component/workflow/detail/hub-workflow-detail.component.spec.ts" name="HubWorkflowDetailComponent &gt; goBack &gt; navigates to HUB_WORKFLOW_RESULT" time="0.058508425">
        </testcase>
        <testcase classname="src/app/hub/component/workflow/detail/hub-workflow-detail.component.spec.ts" name="HubWorkflowDetailComponent &gt; goBack &gt; notifies the user on navigation failure" time="0.075418845">
        </testcase>
        <testcase classname="src/app/hub/component/workflow/detail/hub-workflow-detail.component.spec.ts" name="HubWorkflowDetailComponent &gt; cloneWorkflow &gt; early-returns when wid is undefined" time="0.089565533">
        </testcase>
        <testcase classname="src/app/hub/component/workflow/detail/hub-workflow-detail.component.spec.ts" name="HubWorkflowDetailComponent &gt; cloneWorkflow &gt; navigates to the user workspace and shows a success notification" time="0.113351419">
        </testcase>
        <testcase classname="src/app/hub/component/workflow/detail/hub-workflow-detail.component.spec.ts" name="HubWorkflowDetailComponent &gt; toggleLike &gt; short-circuits when there is no current user" time="0.097713978">
        </testcase>
        <testcase classname="src/app/hub/component/workflow/detail/hub-workflow-detail.component.spec.ts" name="HubWorkflowDetailComponent &gt; toggleLike &gt; short-circuits when wid is undefined" time="0.073622936">
        </testcase>
        <testcase classname="src/app/hub/component/workflow/detail/hub-workflow-detail.component.spec.ts" name="HubWorkflowDetailComponent &gt; toggleLike &gt; calls postLike when not currently liked, flips isLiked, refreshes likeCount" time="0.068942349">
        </testcase>
        <testcase classname="src/app/hub/component/workflow/detail/hub-workflow-detail.component.spec.ts" name="HubWorkflowDetailComponent &gt; toggleLike &gt; calls postUnlike when currently liked, flips isLiked, refreshes likeCount" time="0.15926386">
        </testcase>
        <testcase classname="src/app/hub/component/workflow/detail/hub-workflow-detail.component.spec.ts" name="HubWorkflowDetailComponent &gt; toggleLike &gt; does not flip isLiked when postLike returns false" time="0.105609357">
        </testcase>
        <testcase classname="src/app/hub/component/workflow/detail/hub-workflow-detail.component.spec.ts" name="HubWorkflowDetailComponent &gt; formatCount &gt; returns 1.0k for 1000" time="0.116688007">
        </testcase>
        <testcase classname="src/app/hub/component/workflow/detail/hub-workflow-detail.component.spec.ts" name="HubWorkflowDetailComponent &gt; formatCount &gt; returns the raw string for values below 1000" time="0.089266215">
        </testcase>
        <testcase classname="src/app/hub/component/workflow/detail/hub-workflow-detail.component.spec.ts" name="HubWorkflowDetailComponent &gt; changeViewDisplayStyle &gt; toggles displayPreciseViewCount" time="0.048014055">
        </testcase>
    </testsuite>
    <testsuite name="src/app/workspace/component/agent/agent-interaction/agent-interaction.component.spec.ts" timestamp="2026-08-04T22:49:30.389Z" hostname="ali-Inspiron-15-3520" tests="25" failures="0" errors="0" skipped="0" time="1.646745699">
        <testcase classname="src/app/workspace/component/agent/agent-interaction/agent-interaction.component.spec.ts" name="AgentInteractionComponent &gt; should create" time="0.142897241">
        </testcase>
        <testcase classname="src/app/workspace/component/agent/agent-interaction/agent-interaction.component.spec.ts" name="AgentInteractionComponent &gt; binds the @Input properties" time="0.107163348">
        </testcase>
        <testcase classname="src/app/workspace/component/agent/agent-interaction/agent-interaction.component.spec.ts" name="AgentInteractionComponent &gt; loadAvailableAgents (ngOnInit) &gt; maps agents and flags the actively connected ones" time="0.092933882">
        </testcase>
        <testcase classname="src/app/workspace/component/agent/agent-interaction/agent-interaction.component.spec.ts" name="AgentInteractionComponent &gt; loadAvailableAgents (ngOnInit) &gt; auto-selects the connected agent" time="0.075809203">
        </testcase>
        <testcase classname="src/app/workspace/component/agent/agent-interaction/agent-interaction.component.spec.ts" name="AgentInteractionComponent &gt; loadAvailableAgents (ngOnInit) &gt; auto-selects the only agent when none is connected" time="0.082030327">
        </testcase>
        <testcase classname="src/app/workspace/component/agent/agent-interaction/agent-interaction.component.spec.ts" name="AgentInteractionComponent &gt; loadAvailableAgents (ngOnInit) &gt; leaves the selection empty with multiple disconnected agents" time="0.037919946">
        </testcase>
        <testcase classname="src/app/workspace/component/agent/agent-interaction/agent-interaction.component.spec.ts" name="AgentInteractionComponent &gt; loadAvailableAgents (ngOnInit) &gt; reloads the agent list when agentChange$ emits" time="0.050969225">
        </testcase>
        <testcase classname="src/app/workspace/component/agent/agent-interaction/agent-interaction.component.spec.ts" name="AgentInteractionComponent &gt; isSelectedAgentConnected &gt; returns false when no agent is selected" time="0.026373491">
        </testcase>
        <testcase classname="src/app/workspace/component/agent/agent-interaction/agent-interaction.component.spec.ts" name="AgentInteractionComponent &gt; isSelectedAgentConnected &gt; delegates to the service for the selected agent" time="0.038656691">
        </testcase>
        <testcase classname="src/app/workspace/component/agent/agent-interaction/agent-interaction.component.spec.ts" name="AgentInteractionComponent &gt; canSend &gt; requires both a selected agent and a non-blank message" time="0.061372021">
        </testcase>
        <testcase classname="src/app/workspace/component/agent/agent-interaction/agent-interaction.component.spec.ts" name="AgentInteractionComponent &gt; sendFeedbackToAgent &gt; is a no-op when no agent is selected" time="0.048213028">
        </testcase>
        <testcase classname="src/app/workspace/component/agent/agent-interaction/agent-interaction.component.spec.ts" name="AgentInteractionComponent &gt; sendFeedbackToAgent &gt; is a no-op when the message is blank" time="0.093091168">
        </testcase>
        <testcase classname="src/app/workspace/component/agent/agent-interaction/agent-interaction.component.spec.ts" name="AgentInteractionComponent &gt; sendFeedbackToAgent &gt; is a no-op when there is no operatorId" time="0.04266643">
        </testcase>
        <testcase classname="src/app/workspace/component/agent/agent-interaction/agent-interaction.component.spec.ts" name="AgentInteractionComponent &gt; sendFeedbackToAgent &gt; errors and does not send when the selected agent is not connected" time="0.039878837">
        </testcase>
        <testcase classname="src/app/workspace/component/agent/agent-interaction/agent-interaction.component.spec.ts" name="AgentInteractionComponent &gt; sendFeedbackToAgent &gt; sends the feedback with operator context, notifies, and clears the input" time="0.075299685">
        </testcase>
        <testcase classname="src/app/workspace/component/agent/agent-interaction/agent-interaction.component.spec.ts" name="AgentInteractionComponent &gt; sendFeedbackToAgent &gt; falls back to the graph&apos;s custom display name when no display name is provided" time="0.071268614">
        </testcase>
        <testcase classname="src/app/workspace/component/agent/agent-interaction/agent-interaction.component.spec.ts" name="AgentInteractionComponent &gt; sendFeedbackToAgent &gt; falls back to &apos;this operator&apos; when no name can be resolved" time="0.06080641">
        </testcase>
        <testcase classname="src/app/workspace/component/agent/agent-interaction/agent-interaction.component.spec.ts" name="AgentInteractionComponent &gt; sample-record helpers &gt; detects a visualization record" time="0.093596862">
        </testcase>
        <testcase classname="src/app/workspace/component/agent/agent-interaction/agent-interaction.component.spec.ts" name="AgentInteractionComponent &gt; sample-record helpers &gt; reports non-visualization and empty records as not a visualization" time="0.066309758">
        </testcase>
        <testcase classname="src/app/workspace/component/agent/agent-interaction/agent-interaction.component.spec.ts" name="AgentInteractionComponent &gt; sample-record helpers &gt; lists columns with the row-index column first and maps its display name to &apos;Row&apos;" time="0.068980134">
        </testcase>
        <testcase classname="src/app/workspace/component/agent/agent-interaction/agent-interaction.component.spec.ts" name="AgentInteractionComponent &gt; sample-record helpers &gt; inserts an ellipsis row where the row index skips ahead" time="0.060172573">
        </testcase>
        <testcase classname="src/app/workspace/component/agent/agent-interaction/agent-interaction.component.spec.ts" name="AgentInteractionComponent &gt; column statistics &gt; parses resultStatistics and excludes noisy keys" time="0.055650047">
        </testcase>
        <testcase classname="src/app/workspace/component/agent/agent-interaction/agent-interaction.component.spec.ts" name="AgentInteractionComponent &gt; column statistics &gt; reports whether any column stats are present" time="0.075912957">
        </testcase>
        <testcase classname="src/app/workspace/component/agent/agent-interaction/agent-interaction.component.spec.ts" name="AgentInteractionComponent &gt; ngOnChanges visualization caching &gt; sanitizes and caches the html-content when sampleRecords change" time="0.039001166">
        </testcase>
        <testcase classname="src/app/workspace/component/agent/agent-interaction/agent-interaction.component.spec.ts" name="AgentInteractionComponent &gt; ngOnChanges visualization caching &gt; clears the cached html when the new records carry no html-content" time="0.037929149">
        </testcase>
    </testsuite>
    <testsuite name="src/app/workspace/component/agent/agent-panel/agent-panel.component.spec.ts" timestamp="2026-08-04T22:49:30.390Z" hostname="ali-Inspiron-15-3520" tests="42" failures="0" errors="0" skipped="0" time="4.966109098">
        <testcase classname="src/app/workspace/component/agent/agent-panel/agent-panel.component.spec.ts" name="AgentPanelComponent &gt; initialization and agent list wiring &gt; loads the agents once on init and renders one tab per agent plus the registration tab" time="0.42395308">
        </testcase>
        <testcase classname="src/app/workspace/component/agent/agent-panel/agent-panel.component.spec.ts" name="AgentPanelComponent &gt; initialization and agent list wiring &gt; shows only the registration tab and a zero count when there are no agents" time="0.187276125">
        </testcase>
        <testcase classname="src/app/workspace/component/agent/agent-panel/agent-panel.component.spec.ts" name="AgentPanelComponent &gt; initialization and agent list wiring &gt; reloads the agent list when the service signals an agent change" time="0.156092357">
        </testcase>
        <testcase classname="src/app/workspace/component/agent/agent-panel/agent-panel.component.spec.ts" name="AgentPanelComponent &gt; initialization and agent list wiring &gt; feeds each agent-chat tab its agent and whether it is the active one" time="0.142473382">
        </testcase>
        <testcase classname="src/app/workspace/component/agent/agent-panel/agent-panel.component.spec.ts" name="AgentPanelComponent &gt; agentIdToActivate input &gt; opens the panel, activates the agent and selects its tab once agents load" time="0.103359485">
        </testcase>
        <testcase classname="src/app/workspace/component/agent/agent-panel/agent-panel.component.spec.ts" name="AgentPanelComponent &gt; agentIdToActivate input &gt; ignores an id that matches no agent and keeps the input for a later retry" time="0.117199088">
        </testcase>
        <testcase classname="src/app/workspace/component/agent/agent-panel/agent-panel.component.spec.ts" name="AgentPanelComponent &gt; agentIdToActivate input &gt; defers activation until the agent list arrives through agentChange$" time="0.076078584">
        </testcase>
        <testcase classname="src/app/workspace/component/agent/agent-panel/agent-panel.component.spec.ts" name="AgentPanelComponent &gt; agentIdToActivate input &gt; deactivates the previously active agent and keeps an already-open panel width" time="0.143237159">
        </testcase>
        <testcase classname="src/app/workspace/component/agent/agent-panel/agent-panel.component.spec.ts" name="AgentPanelComponent &gt; agentIdToActivate input &gt; does nothing when the input change clears the id" time="0.143847299">
        </testcase>
        <testcase classname="src/app/workspace/component/agent/agent-panel/agent-panel.component.spec.ts" name="AgentPanelComponent &gt; openPanel and docked state &gt; the docked button opens the panel and the minimize button docks it again" time="0.092557471">
        </testcase>
        <testcase classname="src/app/workspace/component/agent/agent-panel/agent-panel.component.spec.ts" name="AgentPanelComponent &gt; onAgentCreated &gt; activates the new agent and switches to its tab after refreshing the list" time="0.133272194">
        </testcase>
        <testcase classname="src/app/workspace/component/agent/agent-panel/agent-panel.component.spec.ts" name="AgentPanelComponent &gt; onAgentCreated &gt; deactivates the previously active agent before activating the created one" time="0.116986964">
        </testcase>
        <testcase classname="src/app/workspace/component/agent/agent-panel/agent-panel.component.spec.ts" name="AgentPanelComponent &gt; onAgentCreated &gt; leaves the tab selection alone when the created agent is missing from the refreshed list" time="0.098621819">
        </testcase>
        <testcase classname="src/app/workspace/component/agent/agent-panel/agent-panel.component.spec.ts" name="AgentPanelComponent &gt; onAgentCreated &gt; is wired to the registration tab&apos;s agentCreated output" time="0.10400205">
        </testcase>
        <testcase classname="src/app/workspace/component/agent/agent-panel/agent-panel.component.spec.ts" name="AgentPanelComponent &gt; onTabSelectChange &gt; selecting the registration tab deactivates the current agent" time="0.10232641">
        </testcase>
        <testcase classname="src/app/workspace/component/agent/agent-panel/agent-panel.component.spec.ts" name="AgentPanelComponent &gt; onTabSelectChange &gt; ignores a tab index beyond the agent list" time="0.075389082">
        </testcase>
        <testcase classname="src/app/workspace/component/agent/agent-panel/agent-panel.component.spec.ts" name="AgentPanelComponent &gt; onTabSelectChange &gt; activates the agent behind the selected tab" time="0.075135915">
        </testcase>
        <testcase classname="src/app/workspace/component/agent/agent-panel/agent-panel.component.spec.ts" name="AgentPanelComponent &gt; onTabSelectChange &gt; blocks switching to an agent bound to a different workflow and warns" time="0.083570574">
        </testcase>
        <testcase classname="src/app/workspace/component/agent/agent-panel/agent-panel.component.spec.ts" name="AgentPanelComponent &gt; onTabSelectChange &gt; allows switching when the agent&apos;s workflow matches the current one" time="0.146686668">
        </testcase>
        <testcase classname="src/app/workspace/component/agent/agent-panel/agent-panel.component.spec.ts" name="AgentPanelComponent &gt; onTabSelectChange &gt; treats workflowId 0 as unbound and allows the switch" time="0.12943891">
        </testcase>
        <testcase classname="src/app/workspace/component/agent/agent-panel/agent-panel.component.spec.ts" name="AgentPanelComponent &gt; onTabSelectChange &gt; re-selecting the already-active agent tab is a no-op" time="0.123059509">
        </testcase>
        <testcase classname="src/app/workspace/component/agent/agent-panel/agent-panel.component.spec.ts" name="AgentPanelComponent &gt; onTabSelectChange &gt; re-activates without deactivating when the same agent moved to a different tab" time="0.119129609">
        </testcase>
        <testcase classname="src/app/workspace/component/agent/agent-panel/agent-panel.component.spec.ts" name="AgentPanelComponent &gt; canSwitchToAgent &gt; permits agents with no delegate, no workflow id, or a matching workflow id" time="0.084385485">
        </testcase>
        <testcase classname="src/app/workspace/component/agent/agent-panel/agent-panel.component.spec.ts" name="AgentPanelComponent &gt; canSwitchToAgent &gt; renders a lock icon and mismatch style only on agents from another workflow" time="0.128069973">
        </testcase>
        <testcase classname="src/app/workspace/component/agent/agent-panel/agent-panel.component.spec.ts" name="AgentPanelComponent &gt; deleteAgent &gt; stops the event and does nothing when the deletion is not confirmed" time="0.092817344">
        </testcase>
        <testcase classname="src/app/workspace/component/agent/agent-panel/agent-panel.component.spec.ts" name="AgentPanelComponent &gt; deleteAgent &gt; deactivates and deletes the active agent, returning to the registration tab" time="0.090018406">
        </testcase>
        <testcase classname="src/app/workspace/component/agent/agent-panel/agent-panel.component.spec.ts" name="AgentPanelComponent &gt; deleteAgent &gt; shifts the selected index down when deleting a tab before the current one" time="0.135631443">
        </testcase>
        <testcase classname="src/app/workspace/component/agent/agent-panel/agent-panel.component.spec.ts" name="AgentPanelComponent &gt; deleteAgent &gt; keeps the selected index when deleting a tab after the current one" time="0.110905927">
        </testcase>
        <testcase classname="src/app/workspace/component/agent/agent-panel/agent-panel.component.spec.ts" name="AgentPanelComponent &gt; deleteAgent &gt; logs and leaves the tabs untouched when the backend delete fails" time="0.105481989">
        </testcase>
        <testcase classname="src/app/workspace/component/agent/agent-panel/agent-panel.component.spec.ts" name="AgentPanelComponent &gt; deleteAgent &gt; the close button in a tab title asks for confirmation and deletes through the service" time="0.081758292">
        </testcase>
        <testcase classname="src/app/workspace/component/agent/agent-panel/agent-panel.component.spec.ts" name="AgentPanelComponent &gt; panel geometry &gt; onResize coalesces updates through requestAnimationFrame" time="0.078528327">
        </testcase>
        <testcase classname="src/app/workspace/component/agent/agent-panel/agent-panel.component.spec.ts" name="AgentPanelComponent &gt; panel geometry &gt; handleDragStart undocks the panel" time="0.068568744">
        </testcase>
        <testcase classname="src/app/workspace/component/agent/agent-panel/agent-panel.component.spec.ts" name="AgentPanelComponent &gt; panel settings persistence &gt; restores a saved width only when the panel was left undocked" time="0.101880971">
        </testcase>
        <testcase classname="src/app/workspace/component/agent/agent-panel/agent-panel.component.spec.ts" name="AgentPanelComponent &gt; panel settings persistence &gt; stays docked when the panel was saved docked, regardless of the saved width" time="0.091315339">
        </testcase>
        <testcase classname="src/app/workspace/component/agent/agent-panel/agent-panel.component.spec.ts" name="AgentPanelComponent &gt; panel settings persistence &gt; rejects a saved width below the minimum" time="0.141091094">
        </testcase>
        <testcase classname="src/app/workspace/component/agent/agent-panel/agent-panel.component.spec.ts" name="AgentPanelComponent &gt; panel settings persistence &gt; rejects a non-numeric saved width" time="0.085077112">
        </testcase>
        <testcase classname="src/app/workspace/component/agent/agent-panel/agent-panel.component.spec.ts" name="AgentPanelComponent &gt; panel settings persistence &gt; restores a saved height at or above the minimum" time="0.115235823">
        </testcase>
        <testcase classname="src/app/workspace/component/agent/agent-panel/agent-panel.component.spec.ts" name="AgentPanelComponent &gt; panel settings persistence &gt; keeps the default height when the saved height is below the minimum" time="0.144533373">
        </testcase>
        <testcase classname="src/app/workspace/component/agent/agent-panel/agent-panel.component.spec.ts" name="AgentPanelComponent &gt; panel settings persistence &gt; re-applies the saved container style and derives the return position from its transform" time="0.107653713">
        </testcase>
        <testcase classname="src/app/workspace/component/agent/agent-panel/agent-panel.component.spec.ts" name="AgentPanelComponent &gt; panel settings persistence &gt; counts as docked when the saved transform nets out to the origin" time="0.116942127">
        </testcase>
        <testcase classname="src/app/workspace/component/agent/agent-panel/agent-panel.component.spec.ts" name="AgentPanelComponent &gt; panel settings persistence &gt; persists dimensions, docked flag and container style, and deactivates the agent on destroy" time="0.097230585">
        </testcase>
        <testcase classname="src/app/workspace/component/agent/agent-panel/agent-panel.component.spec.ts" name="AgentPanelComponent &gt; panel settings persistence &gt; saves docked=true for a closed panel and skips the style when no container exists" time="0.092530971">
        </testcase>
    </testsuite>
    <testsuite name="src/app/workspace/component/code-editor-dialog/breakpoint-condition-input/breakpoint-condition-input.component.spec.ts" timestamp="2026-08-04T22:49:30.393Z" hostname="ali-Inspiron-15-3520" tests="5" failures="0" errors="0" skipped="0" time="0.109224536">
        <testcase classname="src/app/workspace/component/code-editor-dialog/breakpoint-condition-input/breakpoint-condition-input.component.spec.ts" name="BreakpointConditionInputComponent &gt; should create the component" time="0.027051327">
        </testcase>
        <testcase classname="src/app/workspace/component/code-editor-dialog/breakpoint-condition-input/breakpoint-condition-input.component.spec.ts" name="BreakpointConditionInputComponent &gt; should update the condition when lineNum changes" time="0.014635062">
        </testcase>
        <testcase classname="src/app/workspace/component/code-editor-dialog/breakpoint-condition-input/breakpoint-condition-input.component.spec.ts" name="BreakpointConditionInputComponent &gt; should handle Enter key event and save the condition" time="0.030233663">
        </testcase>
        <testcase classname="src/app/workspace/component/code-editor-dialog/breakpoint-condition-input/breakpoint-condition-input.component.spec.ts" name="BreakpointConditionInputComponent &gt; should not handle Enter key event if shift key is pressed" time="0.020389343">
        </testcase>
        <testcase classname="src/app/workspace/component/code-editor-dialog/breakpoint-condition-input/breakpoint-condition-input.component.spec.ts" name="BreakpointConditionInputComponent &gt; should emit close event on focusout" time="0.016103569">
        </testcase>
    </testsuite>
    <testsuite name="src/app/workspace/component/left-panel/operator-menu/operator-menu.component.spec.ts" timestamp="2026-08-04T22:49:30.393Z" hostname="ali-Inspiron-15-3520" tests="4" failures="0" errors="0" skipped="0" time="0.313749512">
        <testcase classname="src/app/workspace/component/left-panel/operator-menu/operator-menu.component.spec.ts" name="OperatorPanelComponent &gt; should create" time="0.08159997">
        </testcase>
        <testcase classname="src/app/workspace/component/left-panel/operator-menu/operator-menu.component.spec.ts" name="OperatorPanelComponent &gt; should search an operator by its user friendly name" time="0.065013757">
        </testcase>
        <testcase classname="src/app/workspace/component/left-panel/operator-menu/operator-menu.component.spec.ts" name="OperatorPanelComponent &gt; should support fuzzy search on operator user friendly name" time="0.066752799">
        </testcase>
        <testcase classname="src/app/workspace/component/left-panel/operator-menu/operator-menu.component.spec.ts" name="OperatorPanelComponent &gt; should clear the search box when an operator from search box is dropped" time="0.099774518">
        </testcase>
    </testsuite>
    <testsuite name="src/app/workspace/component/left-panel/time-travel/time-travel.component.spec.ts" timestamp="2026-08-04T22:49:30.393Z" hostname="ali-Inspiron-15-3520" tests="12" failures="0" errors="0" skipped="0" time="0.74452044">
        <testcase classname="src/app/workspace/component/left-panel/time-travel/time-travel.component.spec.ts" name="TimeTravelComponent &gt; should create" time="0.144655057">
        </testcase>
        <testcase classname="src/app/workspace/component/left-panel/time-travel/time-travel.component.spec.ts" name="TimeTravelComponent &gt; extended method coverage &gt; getWid &gt; returns the current workflow id from the metadata" time="0.070918292">
        </testcase>
        <testcase classname="src/app/workspace/component/left-panel/time-travel/time-travel.component.spec.ts" name="TimeTravelComponent &gt; extended method coverage &gt; getWid &gt; returns undefined when there is no workflow metadata" time="0.038489397">
        </testcase>
        <testcase classname="src/app/workspace/component/left-panel/time-travel/time-travel.component.spec.ts" name="TimeTravelComponent &gt; extended method coverage &gt; retrieveLoggedExecutions &gt; keeps only executions that have a non-empty log location" time="0.05615687">
        </testcase>
        <testcase classname="src/app/workspace/component/left-panel/time-travel/time-travel.component.spec.ts" name="TimeTravelComponent &gt; extended method coverage &gt; retrieveInteractionHistory &gt; GETs the interactions endpoint for the given wid/eid" time="0.030908266">
        </testcase>
        <testcase classname="src/app/workspace/component/left-panel/time-travel/time-travel.component.spec.ts" name="TimeTravelComponent &gt; extended method coverage &gt; getInteractionHistory &gt; does nothing when there is no wid" time="0.039069708">
        </testcase>
        <testcase classname="src/app/workspace/component/left-panel/time-travel/time-travel.component.spec.ts" name="TimeTravelComponent &gt; extended method coverage &gt; getInteractionHistory &gt; stores the fetched interaction history under the eid" time="0.050192147">
        </testcase>
        <testcase classname="src/app/workspace/component/left-panel/time-travel/time-travel.component.spec.ts" name="TimeTravelComponent &gt; extended method coverage &gt; displayExecutionWithLogs &gt; stores the executions and refreshes the interaction history of expanded rows" time="0.048520297">
        </testcase>
        <testcase classname="src/app/workspace/component/left-panel/time-travel/time-travel.component.spec.ts" name="TimeTravelComponent &gt; extended method coverage &gt; onInteractionClick &gt; does nothing when there is no wid" time="0.058645257">
        </testcase>
        <testcase classname="src/app/workspace/component/left-panel/time-travel/time-travel.component.spec.ts" name="TimeTravelComponent &gt; extended method coverage &gt; onInteractionClick &gt; loads the versioned workflow, records the reverted interaction, and starts the replay" time="0.097882199">
        </testcase>
        <testcase classname="src/app/workspace/component/left-panel/time-travel/time-travel.component.spec.ts" name="TimeTravelComponent &gt; extended method coverage &gt; toggleRow &gt; expands a collapsed row and loads its interaction history" time="0.05173886">
        </testcase>
        <testcase classname="src/app/workspace/component/left-panel/time-travel/time-travel.component.spec.ts" name="TimeTravelComponent &gt; extended method coverage &gt; toggleRow &gt; collapses an expanded row without reloading" time="0.05457946">
        </testcase>
    </testsuite>
    <testsuite name="src/app/workspace/component/left-panel/settings/settings.component.spec.ts" timestamp="2026-08-04T22:49:30.394Z" hostname="ali-Inspiron-15-3520" tests="10" failures="0" errors="0" skipped="0" time="0.273067904">
        <testcase classname="src/app/workspace/component/left-panel/settings/settings.component.spec.ts" name="SettingsComponent &gt; should create" time="0.03806209">
        </testcase>
        <testcase classname="src/app/workspace/component/left-panel/settings/settings.component.spec.ts" name="SettingsComponent &gt; should initialize the form from current workflow settings" time="0.025775552">
        </testcase>
        <testcase classname="src/app/workspace/component/left-panel/settings/settings.component.spec.ts" name="SettingsComponent &gt; should mark dataTransferBatchSize invalid when below the minimum" time="0.02271637">
        </testcase>
        <testcase classname="src/app/workspace/component/left-panel/settings/settings.component.spec.ts" name="SettingsComponent &gt; should push dataTransferBatchSize updates to the workflow service and persist when logged in" time="0.023819914">
        </testcase>
        <testcase classname="src/app/workspace/component/left-panel/settings/settings.component.spec.ts" name="SettingsComponent &gt; should not update or persist a non-positive batch size" time="0.027270587">
        </testcase>
        <testcase classname="src/app/workspace/component/left-panel/settings/settings.component.spec.ts" name="SettingsComponent &gt; should skip persistWorkflow when the user is not logged in" time="0.022316528">
        </testcase>
        <testcase classname="src/app/workspace/component/left-panel/settings/settings.component.spec.ts" name="SettingsComponent &gt; should update the execution mode on the workflow service and persist" time="0.030157674">
        </testcase>
        <testcase classname="src/app/workspace/component/left-panel/settings/settings.component.spec.ts" name="SettingsComponent &gt; should surface a notification error when persistWorkflow fails" time="0.027596626">
        </testcase>
        <testcase classname="src/app/workspace/component/left-panel/settings/settings.component.spec.ts" name="SettingsComponent &gt; should propagate form value changes through to the workflow service" time="0.023317915">
        </testcase>
        <testcase classname="src/app/workspace/component/left-panel/settings/settings.component.spec.ts" name="SettingsComponent &gt; should ignore form value changes that fail validation" time="0.031004084">
        </testcase>
    </testsuite>
    <testsuite name="src/app/workspace/component/left-panel/versions-list/versions-list.component.spec.ts" timestamp="2026-08-04T22:49:30.395Z" hostname="ali-Inspiron-15-3520" tests="11" failures="0" errors="0" skipped="0" time="0.079103435">
        <testcase classname="src/app/workspace/component/left-panel/versions-list/versions-list.component.spec.ts" name="VersionsListComponent &gt; should create" time="0.011309579">
        </testcase>
        <testcase classname="src/app/workspace/component/left-panel/versions-list/versions-list.component.spec.ts" name="VersionsListComponent &gt; getDisplayedVersionId &gt; should compute the descending displayed id as count - index" time="0.009534698">
        </testcase>
        <testcase classname="src/app/workspace/component/left-panel/versions-list/versions-list.component.spec.ts" name="VersionsListComponent &gt; collapse &gt; should do nothing when versionsList is undefined" time="0.00883141">
        </testcase>
        <testcase classname="src/app/workspace/component/left-panel/versions-list/versions-list.component.spec.ts" name="VersionsListComponent &gt; collapse &gt; should expand the trailing non-important entries when $event is true" time="0.008643766">
        </testcase>
        <testcase classname="src/app/workspace/component/left-panel/versions-list/versions-list.component.spec.ts" name="VersionsListComponent &gt; collapse &gt; should collapse the trailing non-important entries when $event is false" time="0.006050495">
        </testcase>
        <testcase classname="src/app/workspace/component/left-panel/versions-list/versions-list.component.spec.ts" name="VersionsListComponent &gt; collapse &gt; should stop immediately when the next entry is important" time="0.005143831">
        </testcase>
        <testcase classname="src/app/workspace/component/left-panel/versions-list/versions-list.component.spec.ts" name="VersionsListComponent &gt; ngOnInit &gt; should unhighlight the currently highlighted elements" time="0.006429472">
        </testcase>
        <testcase classname="src/app/workspace/component/left-panel/versions-list/versions-list.component.spec.ts" name="VersionsListComponent &gt; ngOnInit &gt; should not retrieve versions when the route has no workflow id" time="0.005212266">
        </testcase>
        <testcase classname="src/app/workspace/component/left-panel/versions-list/versions-list.component.spec.ts" name="VersionsListComponent &gt; ngOnInit &gt; should load and map the retrieved versions with expand defaulting to false" time="0.005230478">
        </testcase>
        <testcase classname="src/app/workspace/component/left-panel/versions-list/versions-list.component.spec.ts" name="VersionsListComponent &gt; getVersion &gt; should select the row, fetch the version and display it" time="0.005767957">
        </testcase>
        <testcase classname="src/app/workspace/component/left-panel/versions-list/versions-list.component.spec.ts" name="VersionsListComponent &gt; getVersion &gt; should use the current workflow metadata wid when fetching the version" time="0.006261446">
        </testcase>
    </testsuite>
    <testsuite name="src/app/workspace/component/menu/coeditor-user-icon/coeditor-user-icon.component.spec.ts" timestamp="2026-08-04T22:49:30.396Z" hostname="ali-Inspiron-15-3520" tests="1" failures="0" errors="0" skipped="0" time="0.028478396">
        <testcase classname="src/app/workspace/component/menu/coeditor-user-icon/coeditor-user-icon.component.spec.ts" name="CoeditorUserIconComponent &gt; should create" time="0.028030702">
        </testcase>
    </testsuite>
    <testsuite name="src/app/workspace/component/property-editor/operator-property-edit-frame/operator-property-edit-frame.component.spec.ts" timestamp="2026-08-04T22:49:30.396Z" hostname="ali-Inspiron-15-3520" tests="191" failures="0" errors="0" skipped="1" time="17.191911914">
        <testcase classname="src/app/workspace/component/property-editor/operator-property-edit-frame/operator-property-edit-frame.component.spec.ts" name="Aggregate attribute requirement &gt; makes the attribute optional for count and required for every other function" time="0.010330772">
        </testcase>
        <testcase classname="src/app/workspace/component/property-editor/operator-property-edit-frame/operator-property-edit-frame.component.spec.ts" name="OperatorPropertyEditFrameComponent &gt; should create" time="0.210888276">
        </testcase>
        <testcase classname="src/app/workspace/component/property-editor/operator-property-edit-frame/operator-property-edit-frame.component.spec.ts" name="OperatorPropertyEditFrameComponent &gt; should change the content of property editor from an empty panel correctly" time="0.195785705">
        </testcase>
        <testcase classname="src/app/workspace/component/property-editor/operator-property-edit-frame/operator-property-edit-frame.component.spec.ts" name="OperatorPropertyEditFrameComponent &gt; should change Texera graph property when the form is edited by the user" time="0.142638038">
        </testcase>
        <testcase classname="src/app/workspace/component/property-editor/operator-property-edit-frame/operator-property-edit-frame.component.spec.ts" name="OperatorPropertyEditFrameComponent &gt; should debounce the user form input to avoid emitting event too frequently" time="0">
            <skipped/>
        </testcase>
        <testcase classname="src/app/workspace/component/property-editor/operator-property-edit-frame/operator-property-edit-frame.component.spec.ts" name="OperatorPropertyEditFrameComponent &gt; should not emit operator property change event if the new property is the same as the old property" time="0.112814434">
        </testcase>
        <testcase classname="src/app/workspace/component/property-editor/operator-property-edit-frame/operator-property-edit-frame.component.spec.ts" name="OperatorPropertyEditFrameComponent &gt; should change operator to default values" time="0.166311722">
        </testcase>
        <testcase classname="src/app/workspace/component/property-editor/operator-property-edit-frame/operator-property-edit-frame.component.spec.ts" name="OperatorPropertyEditFrameComponent &gt; should set result operator version" time="0.102974309">
        </testcase>
        <testcase classname="src/app/workspace/component/property-editor/operator-property-edit-frame/operator-property-edit-frame.component.spec.ts" name="OperatorPropertyEditFrameComponent &gt; should set scan operator version" time="0.0991686">
        </testcase>
        <testcase classname="src/app/workspace/component/property-editor/operator-property-edit-frame/operator-property-edit-frame.component.spec.ts" name="OperatorPropertyEditFrameComponent &gt; operator description truncation &gt; should render .operator-description with tooltip when description is set" time="0.206043613">
        </testcase>
        <testcase classname="src/app/workspace/component/property-editor/operator-property-edit-frame/operator-property-edit-frame.component.spec.ts" name="OperatorPropertyEditFrameComponent &gt; operator description truncation &gt; should not render .operator-description when description is not set" time="0.081183728">
        </testcase>
        <testcase classname="src/app/workspace/component/property-editor/operator-property-edit-frame/operator-property-edit-frame.component.spec.ts" name="OperatorPropertyEditFrameComponent &gt; should return null huggingFaceTaskPreview for non-HF operators" time="0.111809411">
        </testcase>
        <testcase classname="src/app/workspace/component/property-editor/operator-property-edit-frame/operator-property-edit-frame.component.spec.ts" name="OperatorPropertyEditFrameComponent &gt; should return a task preview for HuggingFace operator with a known task" time="0.12033899">
        </testcase>
        <testcase classname="src/app/workspace/component/property-editor/operator-property-edit-frame/operator-property-edit-frame.component.spec.ts" name="OperatorPropertyEditFrameComponent &gt; should return a fallback preview for HuggingFace operator with an unknown task" time="0.091116737">
        </testcase>
        <testcase classname="src/app/workspace/component/property-editor/operator-property-edit-frame/operator-property-edit-frame.component.spec.ts" name="OperatorPropertyEditFrameComponent &gt; should return image kind preview for image-classification task" time="0.080468064">
        </testcase>
        <testcase classname="src/app/workspace/component/property-editor/operator-property-edit-frame/operator-property-edit-frame.component.spec.ts" name="OperatorPropertyEditFrameComponent &gt; should return audio kind preview for text-to-speech task" time="0.10649153">
        </testcase>
        <testcase classname="src/app/workspace/component/property-editor/operator-property-edit-frame/operator-property-edit-frame.component.spec.ts" name="OperatorPropertyEditFrameComponent &gt; should return video kind preview for text-to-video task" time="0.086736151">
        </testcase>
        <testcase classname="src/app/workspace/component/property-editor/operator-property-edit-frame/operator-property-edit-frame.component.spec.ts" name="OperatorPropertyEditFrameComponent &gt; should return null preview when HuggingFace task is empty" time="0.059484291">
        </testcase>
        <testcase classname="src/app/workspace/component/property-editor/operator-property-edit-frame/operator-property-edit-frame.component.spec.ts" name="OperatorPropertyEditFrameComponent &gt; should hide imageInput for text-generation task" time="0.085074778">
        </testcase>
        <testcase classname="src/app/workspace/component/property-editor/operator-property-edit-frame/operator-property-edit-frame.component.spec.ts" name="OperatorPropertyEditFrameComponent &gt; should show imageInput for image-classification task" time="0.114398574">
        </testcase>
        <testcase classname="src/app/workspace/component/property-editor/operator-property-edit-frame/operator-property-edit-frame.component.spec.ts" name="OperatorPropertyEditFrameComponent &gt; should hide audioInput for text-generation task" time="0.114654113">
        </testcase>
        <testcase classname="src/app/workspace/component/property-editor/operator-property-edit-frame/operator-property-edit-frame.component.spec.ts" name="OperatorPropertyEditFrameComponent &gt; should show audioInput for automatic-speech-recognition task" time="0.07597106">
        </testcase>
        <testcase classname="src/app/workspace/component/property-editor/operator-property-edit-frame/operator-property-edit-frame.component.spec.ts" name="OperatorPropertyEditFrameComponent &gt; should hide promptColumn for image-only tasks" time="0.07325679">
        </testcase>
        <testcase classname="src/app/workspace/component/property-editor/operator-property-edit-frame/operator-property-edit-frame.component.spec.ts" name="OperatorPropertyEditFrameComponent &gt; should hide promptColumn for audio-only tasks" time="0.0772329">
        </testcase>
        <testcase classname="src/app/workspace/component/property-editor/operator-property-edit-frame/operator-property-edit-frame.component.spec.ts" name="OperatorPropertyEditFrameComponent &gt; should show promptColumn for text-generation task" time="0.125284632">
        </testcase>
        <testcase classname="src/app/workspace/component/property-editor/operator-property-edit-frame/operator-property-edit-frame.component.spec.ts" name="OperatorPropertyEditFrameComponent &gt; should show systemPrompt only for text-generation" time="0.101845711">
        </testcase>
        <testcase classname="src/app/workspace/component/property-editor/operator-property-edit-frame/operator-property-edit-frame.component.spec.ts" name="OperatorPropertyEditFrameComponent &gt; should show contextColumn only for question-answering" time="0.123210963">
        </testcase>
        <testcase classname="src/app/workspace/component/property-editor/operator-property-edit-frame/operator-property-edit-frame.component.spec.ts" name="OperatorPropertyEditFrameComponent &gt; should show candidateLabels only for classification tasks" time="0.18034075">
        </testcase>
        <testcase classname="src/app/workspace/component/property-editor/operator-property-edit-frame/operator-property-edit-frame.component.spec.ts" name="OperatorPropertyEditFrameComponent &gt; requiredPromptColumn validator should pass when not a prompt-required task" time="0.11364442">
        </testcase>
        <testcase classname="src/app/workspace/component/property-editor/operator-property-edit-frame/operator-property-edit-frame.component.spec.ts" name="OperatorPropertyEditFrameComponent &gt; requiredPromptColumn validator should fail when prompt-required task has no column" time="0.08713971">
        </testcase>
        <testcase classname="src/app/workspace/component/property-editor/operator-property-edit-frame/operator-property-edit-frame.component.spec.ts" name="OperatorPropertyEditFrameComponent &gt; requiredImageInput validator should pass when not an image task" time="0.065892122">
        </testcase>
        <testcase classname="src/app/workspace/component/property-editor/operator-property-edit-frame/operator-property-edit-frame.component.spec.ts" name="OperatorPropertyEditFrameComponent &gt; requiredAudioInput validator should pass when not an audio task" time="0.065662655">
        </testcase>
        <testcase classname="src/app/workspace/component/property-editor/operator-property-edit-frame/operator-property-edit-frame.component.spec.ts" name="OperatorPropertyEditFrameComponent &gt; should show sentencesColumn only for sentence-similarity and text-ranking" time="0.072683391">
        </testcase>
        <testcase classname="src/app/workspace/component/property-editor/operator-property-edit-frame/operator-property-edit-frame.component.spec.ts" name="OperatorPropertyEditFrameComponent &gt; should show inputImageColumn for image tasks" time="0.101466653">
        </testcase>
        <testcase classname="src/app/workspace/component/property-editor/operator-property-edit-frame/operator-property-edit-frame.component.spec.ts" name="OperatorPropertyEditFrameComponent &gt; should show inputAudioColumn for audio tasks" time="0.069165791">
        </testcase>
        <testcase classname="src/app/workspace/component/property-editor/operator-property-edit-frame/operator-property-edit-frame.component.spec.ts" name="OperatorPropertyEditFrameComponent &gt; should hide maxNewTokens and temperature for non-text-generation tasks" time="0.075451086">
        </testcase>
        <testcase classname="src/app/workspace/component/property-editor/operator-property-edit-frame/operator-property-edit-frame.component.spec.ts" name="OperatorPropertyEditFrameComponent &gt; should show candidateLabels for zero-shot-image-classification" time="0.069069952">
        </testcase>
        <testcase classname="src/app/workspace/component/property-editor/operator-property-edit-frame/operator-property-edit-frame.component.spec.ts" name="OperatorPropertyEditFrameComponent &gt; requiredPromptColumn validator should pass when prompt-required task has a column" time="0.054076566">
        </testcase>
        <testcase classname="src/app/workspace/component/property-editor/operator-property-edit-frame/operator-property-edit-frame.component.spec.ts" name="OperatorPropertyEditFrameComponent &gt; requiredImageInput validator should fail when image task has no image and no column" time="0.061345882">
        </testcase>
        <testcase classname="src/app/workspace/component/property-editor/operator-property-edit-frame/operator-property-edit-frame.component.spec.ts" name="OperatorPropertyEditFrameComponent &gt; requiredImageInput validator should pass when image task has inputImageColumn set" time="0.067651016">
        </testcase>
        <testcase classname="src/app/workspace/component/property-editor/operator-property-edit-frame/operator-property-edit-frame.component.spec.ts" name="OperatorPropertyEditFrameComponent &gt; requiredImageInput validator should pass when image task has image uploaded" time="0.117406571">
        </testcase>
        <testcase classname="src/app/workspace/component/property-editor/operator-property-edit-frame/operator-property-edit-frame.component.spec.ts" name="OperatorPropertyEditFrameComponent &gt; requiredAudioInput validator should fail when audio task has no audio and no column" time="0.062233202">
        </testcase>
        <testcase classname="src/app/workspace/component/property-editor/operator-property-edit-frame/operator-property-edit-frame.component.spec.ts" name="OperatorPropertyEditFrameComponent &gt; requiredAudioInput validator should pass when audio task has inputAudioColumn set" time="0.059771759">
        </testcase>
        <testcase classname="src/app/workspace/component/property-editor/operator-property-edit-frame/operator-property-edit-frame.component.spec.ts" name="OperatorPropertyEditFrameComponent &gt; requiredAudioInput validator should pass when audio task has audio uploaded" time="0.107819506">
        </testcase>
        <testcase classname="src/app/workspace/component/property-editor/operator-property-edit-frame/operator-property-edit-frame.component.spec.ts" name="OperatorPropertyEditFrameComponent &gt; should return image kind preview for visual-question-answering task" time="0.109279415">
        </testcase>
        <testcase classname="src/app/workspace/component/property-editor/operator-property-edit-frame/operator-property-edit-frame.component.spec.ts" name="OperatorPropertyEditFrameComponent &gt; should return text kind preview for question-answering task" time="0.127826996">
        </testcase>
        <testcase classname="src/app/workspace/component/property-editor/operator-property-edit-frame/operator-property-edit-frame.component.spec.ts" name="OperatorPropertyEditFrameComponent &gt; should hide the task field for HuggingFace operators" time="0.107084267">
        </testcase>
        <testcase classname="src/app/workspace/component/property-editor/operator-property-edit-frame/operator-property-edit-frame.component.spec.ts" name="OperatorPropertyEditFrameComponent &gt; should set modelId field type to &apos;huggingface&apos; for HF operators" time="0.125101669">
        </testcase>
        <testcase classname="src/app/workspace/component/property-editor/operator-property-edit-frame/operator-property-edit-frame.component.spec.ts" name="OperatorPropertyEditFrameComponent &gt; should set imageInput field type to &apos;huggingface-image-upload&apos;" time="0.10543751">
        </testcase>
        <testcase classname="src/app/workspace/component/property-editor/operator-property-edit-frame/operator-property-edit-frame.component.spec.ts" name="OperatorPropertyEditFrameComponent &gt; should set audioInput field type to &apos;huggingface-audio-upload&apos;" time="0.145530263">
        </testcase>
        <testcase classname="src/app/workspace/component/property-editor/operator-property-edit-frame/operator-property-edit-frame.component.spec.ts" name="OperatorPropertyEditFrameComponent &gt; should hide imageInput when task is undefined" time="0.111323798">
        </testcase>
        <testcase classname="src/app/workspace/component/property-editor/operator-property-edit-frame/operator-property-edit-frame.component.spec.ts" name="OperatorPropertyEditFrameComponent &gt; should hide audioInput when task is undefined" time="0.082706953">
        </testcase>
        <testcase classname="src/app/workspace/component/property-editor/operator-property-edit-frame/operator-property-edit-frame.component.spec.ts" name="OperatorPropertyEditFrameComponent &gt; should hide inputImageColumn when task is undefined" time="0.148403869">
        </testcase>
        <testcase classname="src/app/workspace/component/property-editor/operator-property-edit-frame/operator-property-edit-frame.component.spec.ts" name="OperatorPropertyEditFrameComponent &gt; should hide inputAudioColumn when task is undefined" time="0.107246137">
        </testcase>
        <testcase classname="src/app/workspace/component/property-editor/operator-property-edit-frame/operator-property-edit-frame.component.spec.ts" name="OperatorPropertyEditFrameComponent &gt; should show imageInput for image-to-video task" time="0.126528218">
        </testcase>
        <testcase classname="src/app/workspace/component/property-editor/operator-property-edit-frame/operator-property-edit-frame.component.spec.ts" name="OperatorPropertyEditFrameComponent &gt; should show imageInput for image-to-image task" time="0.106343015">
        </testcase>
        <testcase classname="src/app/workspace/component/property-editor/operator-property-edit-frame/operator-property-edit-frame.component.spec.ts" name="OperatorPropertyEditFrameComponent &gt; should show imageInput for document-question-answering task" time="0.090833024">
        </testcase>
        <testcase classname="src/app/workspace/component/property-editor/operator-property-edit-frame/operator-property-edit-frame.component.spec.ts" name="OperatorPropertyEditFrameComponent &gt; should show imageInput for image-text-to-text task" time="0.154003873">
        </testcase>
        <testcase classname="src/app/workspace/component/property-editor/operator-property-edit-frame/operator-property-edit-frame.component.spec.ts" name="OperatorPropertyEditFrameComponent &gt; should show audioInput for audio-classification task" time="0.148943669">
        </testcase>
        <testcase classname="src/app/workspace/component/property-editor/operator-property-edit-frame/operator-property-edit-frame.component.spec.ts" name="OperatorPropertyEditFrameComponent &gt; should show inputAudioColumn for audio-classification task" time="0.157762167">
        </testcase>
        <testcase classname="src/app/workspace/component/property-editor/operator-property-edit-frame/operator-property-edit-frame.component.spec.ts" name="OperatorPropertyEditFrameComponent &gt; should show promptColumn for visual-question-answering (image + prompt)" time="0.126507413">
        </testcase>
        <testcase classname="src/app/workspace/component/property-editor/operator-property-edit-frame/operator-property-edit-frame.component.spec.ts" name="OperatorPropertyEditFrameComponent &gt; should show promptColumn for document-question-answering (image + prompt)" time="0.10330385">
        </testcase>
        <testcase classname="src/app/workspace/component/property-editor/operator-property-edit-frame/operator-property-edit-frame.component.spec.ts" name="OperatorPropertyEditFrameComponent &gt; should show promptColumn for zero-shot-classification" time="0.055452926">
        </testcase>
        <testcase classname="src/app/workspace/component/property-editor/operator-property-edit-frame/operator-property-edit-frame.component.spec.ts" name="OperatorPropertyEditFrameComponent &gt; should show promptColumn for summarization" time="0.074591275">
        </testcase>
        <testcase classname="src/app/workspace/component/property-editor/operator-property-edit-frame/operator-property-edit-frame.component.spec.ts" name="OperatorPropertyEditFrameComponent &gt; should show promptColumn for translation" time="0.06088111">
        </testcase>
        <testcase classname="src/app/workspace/component/property-editor/operator-property-edit-frame/operator-property-edit-frame.component.spec.ts" name="OperatorPropertyEditFrameComponent &gt; requiredImageInput validator should pass when image task has formControl value" time="0.054149708">
        </testcase>
        <testcase classname="src/app/workspace/component/property-editor/operator-property-edit-frame/operator-property-edit-frame.component.spec.ts" name="OperatorPropertyEditFrameComponent &gt; requiredAudioInput validator should pass when audio task has formControl value" time="0.06721962">
        </testcase>
        <testcase classname="src/app/workspace/component/property-editor/operator-property-edit-frame/operator-property-edit-frame.component.spec.ts" name="OperatorPropertyEditFrameComponent &gt; requiredPromptColumn validator should pass when formControl has value" time="0.092499281">
        </testcase>
        <testcase classname="src/app/workspace/component/property-editor/operator-property-edit-frame/operator-property-edit-frame.component.spec.ts" name="OperatorPropertyEditFrameComponent &gt; should return audio kind preview for automatic-speech-recognition task" time="0.150152054">
        </testcase>
        <testcase classname="src/app/workspace/component/property-editor/operator-property-edit-frame/operator-property-edit-frame.component.spec.ts" name="OperatorPropertyEditFrameComponent &gt; should return image kind preview for image-to-image task" time="0.092727703">
        </testcase>
        <testcase classname="src/app/workspace/component/property-editor/operator-property-edit-frame/operator-property-edit-frame.component.spec.ts" name="OperatorPropertyEditFrameComponent &gt; should return null huggingFaceTaskPreview when operator is deleted" time="0.089492772">
        </testcase>
        <testcase classname="src/app/workspace/component/property-editor/operator-property-edit-frame/operator-property-edit-frame.component.spec.ts" name="OperatorPropertyEditFrameComponent &gt; should title-case multi-segment unknown task in fallback preview" time="0.078342809">
        </testcase>
        <testcase classname="src/app/workspace/component/property-editor/operator-property-edit-frame/operator-property-edit-frame.component.spec.ts" name="OperatorPropertyEditFrameComponent &gt; should title-case single-word unknown task in fallback preview" time="0.086273034">
        </testcase>
        <testcase classname="src/app/workspace/component/property-editor/operator-property-edit-frame/operator-property-edit-frame.component.spec.ts" name="OperatorPropertyEditFrameComponent &gt; should include assetSrc and pills in image-classification preview" time="0.066521392">
        </testcase>
        <testcase classname="src/app/workspace/component/property-editor/operator-property-edit-frame/operator-property-edit-frame.component.spec.ts" name="OperatorPropertyEditFrameComponent &gt; should include outputBody in text-generation preview" time="0.079455698">
        </testcase>
        <testcase classname="src/app/workspace/component/property-editor/operator-property-edit-frame/operator-property-edit-frame.component.spec.ts" name="OperatorPropertyEditFrameComponent &gt; should return video kind preview for image-to-video task" time="0.064886725">
        </testcase>
        <testcase classname="src/app/workspace/component/property-editor/operator-property-edit-frame/operator-property-edit-frame.component.spec.ts" name="OperatorPropertyEditFrameComponent &gt; should return text kind preview for zero-shot-classification task" time="0.071866382">
        </testcase>
        <testcase classname="src/app/workspace/component/property-editor/operator-property-edit-frame/operator-property-edit-frame.component.spec.ts" name="OperatorPropertyEditFrameComponent &gt; should return text kind preview for fill-mask task" time="0.063887861">
        </testcase>
        <testcase classname="src/app/workspace/component/property-editor/operator-property-edit-frame/operator-property-edit-frame.component.spec.ts" name="OperatorPropertyEditFrameComponent &gt; should return image kind preview for object-detection task" time="0.068744411">
        </testcase>
        <testcase classname="src/app/workspace/component/property-editor/operator-property-edit-frame/operator-property-edit-frame.component.spec.ts" name="OperatorPropertyEditFrameComponent &gt; should return image kind preview for text-to-image task" time="0.091656827">
        </testcase>
        <testcase classname="src/app/workspace/component/property-editor/operator-property-edit-frame/operator-property-edit-frame.component.spec.ts" name="OperatorPropertyEditFrameComponent &gt; should return text kind preview for text-classification task" time="0.089478196">
        </testcase>
        <testcase classname="src/app/workspace/component/property-editor/operator-property-edit-frame/operator-property-edit-frame.component.spec.ts" name="OperatorPropertyEditFrameComponent &gt; should return text kind preview for token-classification task" time="0.138584011">
        </testcase>
        <testcase classname="src/app/workspace/component/property-editor/operator-property-edit-frame/operator-property-edit-frame.component.spec.ts" name="OperatorPropertyEditFrameComponent &gt; should return text kind preview for table-question-answering task" time="0.135887327">
        </testcase>
        <testcase classname="src/app/workspace/component/property-editor/operator-property-edit-frame/operator-property-edit-frame.component.spec.ts" name="OperatorPropertyEditFrameComponent &gt; should return text kind preview for feature-extraction task" time="0.093193545">
        </testcase>
        <testcase classname="src/app/workspace/component/property-editor/operator-property-edit-frame/operator-property-edit-frame.component.spec.ts" name="OperatorPropertyEditFrameComponent &gt; should return image kind preview for image-segmentation task" time="0.082651057">
        </testcase>
        <testcase classname="src/app/workspace/component/property-editor/operator-property-edit-frame/operator-property-edit-frame.component.spec.ts" name="OperatorPropertyEditFrameComponent &gt; should return image kind preview for image-to-text task" time="0.073453389">
        </testcase>
        <testcase classname="src/app/workspace/component/property-editor/operator-property-edit-frame/operator-property-edit-frame.component.spec.ts" name="OperatorPropertyEditFrameComponent &gt; should return image kind preview for document-question-answering task" time="0.056130312">
        </testcase>
        <testcase classname="src/app/workspace/component/property-editor/operator-property-edit-frame/operator-property-edit-frame.component.spec.ts" name="OperatorPropertyEditFrameComponent &gt; should return image kind preview for zero-shot-image-classification task" time="0.065889077">
        </testcase>
        <testcase classname="src/app/workspace/component/property-editor/operator-property-edit-frame/operator-property-edit-frame.component.spec.ts" name="OperatorPropertyEditFrameComponent &gt; should return image kind preview for image-text-to-text task" time="0.087928742">
        </testcase>
        <testcase classname="src/app/workspace/component/property-editor/operator-property-edit-frame/operator-property-edit-frame.component.spec.ts" name="OperatorPropertyEditFrameComponent &gt; should return text kind preview for sentence-similarity task" time="0.056158956">
        </testcase>
        <testcase classname="src/app/workspace/component/property-editor/operator-property-edit-frame/operator-property-edit-frame.component.spec.ts" name="OperatorPropertyEditFrameComponent &gt; should return text kind preview for text-ranking task" time="0.102267978">
        </testcase>
        <testcase classname="src/app/workspace/component/property-editor/operator-property-edit-frame/operator-property-edit-frame.component.spec.ts" name="OperatorPropertyEditFrameComponent &gt; should return text kind preview for translation task" time="0.058184336">
        </testcase>
        <testcase classname="src/app/workspace/component/property-editor/operator-property-edit-frame/operator-property-edit-frame.component.spec.ts" name="OperatorPropertyEditFrameComponent &gt; should return text kind preview for summarization task" time="0.057200674">
        </testcase>
        <testcase classname="src/app/workspace/component/property-editor/operator-property-edit-frame/operator-property-edit-frame.component.spec.ts" name="OperatorPropertyEditFrameComponent &gt; should return audio kind preview for audio-classification task" time="0.057760157">
        </testcase>
        <testcase classname="src/app/workspace/component/property-editor/operator-property-edit-frame/operator-property-edit-frame.component.spec.ts" name="OperatorPropertyEditFrameComponent &gt; requiredImageInput validator should return correct message" time="0.088889669">
        </testcase>
        <testcase classname="src/app/workspace/component/property-editor/operator-property-edit-frame/operator-property-edit-frame.component.spec.ts" name="OperatorPropertyEditFrameComponent &gt; requiredAudioInput validator should return correct message" time="0.096189742">
        </testcase>
        <testcase classname="src/app/workspace/component/property-editor/operator-property-edit-frame/operator-property-edit-frame.component.spec.ts" name="OperatorPropertyEditFrameComponent &gt; requiredPromptColumn validator should return correct message" time="0.060478424">
        </testcase>
        <testcase classname="src/app/workspace/component/property-editor/operator-property-edit-frame/operator-property-edit-frame.component.spec.ts" name="OperatorPropertyEditFrameComponent &gt; should show promptColumn for token-classification" time="0.16884941">
        </testcase>
        <testcase classname="src/app/workspace/component/property-editor/operator-property-edit-frame/operator-property-edit-frame.component.spec.ts" name="OperatorPropertyEditFrameComponent &gt; should show promptColumn for table-question-answering" time="0.056588806">
        </testcase>
        <testcase classname="src/app/workspace/component/property-editor/operator-property-edit-frame/operator-property-edit-frame.component.spec.ts" name="OperatorPropertyEditFrameComponent &gt; should show promptColumn for feature-extraction" time="0.085198642">
        </testcase>
        <testcase classname="src/app/workspace/component/property-editor/operator-property-edit-frame/operator-property-edit-frame.component.spec.ts" name="OperatorPropertyEditFrameComponent &gt; should show promptColumn for fill-mask" time="0.060204397">
        </testcase>
        <testcase classname="src/app/workspace/component/property-editor/operator-property-edit-frame/operator-property-edit-frame.component.spec.ts" name="OperatorPropertyEditFrameComponent &gt; should show promptColumn for sentence-similarity" time="0.05948059">
        </testcase>
        <testcase classname="src/app/workspace/component/property-editor/operator-property-edit-frame/operator-property-edit-frame.component.spec.ts" name="OperatorPropertyEditFrameComponent &gt; should show promptColumn for text-ranking" time="0.076003123">
        </testcase>
        <testcase classname="src/app/workspace/component/property-editor/operator-property-edit-frame/operator-property-edit-frame.component.spec.ts" name="OperatorPropertyEditFrameComponent &gt; should show promptColumn for image-text-to-text" time="0.051436332">
        </testcase>
        <testcase classname="src/app/workspace/component/property-editor/operator-property-edit-frame/operator-property-edit-frame.component.spec.ts" name="OperatorPropertyEditFrameComponent &gt; should hide promptColumn for object-detection (image-only)" time="0.112143346">
        </testcase>
        <testcase classname="src/app/workspace/component/property-editor/operator-property-edit-frame/operator-property-edit-frame.component.spec.ts" name="OperatorPropertyEditFrameComponent &gt; should hide promptColumn for image-segmentation (image-only)" time="0.087556769">
        </testcase>
        <testcase classname="src/app/workspace/component/property-editor/operator-property-edit-frame/operator-property-edit-frame.component.spec.ts" name="OperatorPropertyEditFrameComponent &gt; should hide promptColumn for image-to-text (image-only)" time="0.109270156">
        </testcase>
        <testcase classname="src/app/workspace/component/property-editor/operator-property-edit-frame/operator-property-edit-frame.component.spec.ts" name="OperatorPropertyEditFrameComponent &gt; should hide imageInput for text-to-image task" time="0.08259232">
        </testcase>
        <testcase classname="src/app/workspace/component/property-editor/operator-property-edit-frame/operator-property-edit-frame.component.spec.ts" name="OperatorPropertyEditFrameComponent &gt; should hide imageInput for text-to-speech task" time="0.095329463">
        </testcase>
        <testcase classname="src/app/workspace/component/property-editor/operator-property-edit-frame/operator-property-edit-frame.component.spec.ts" name="OperatorPropertyEditFrameComponent &gt; should hide audioInput for text-to-image task" time="0.103989988">
        </testcase>
        <testcase classname="src/app/workspace/component/property-editor/operator-property-edit-frame/operator-property-edit-frame.component.spec.ts" name="OperatorPropertyEditFrameComponent &gt; should hide audioInput for text-to-speech task" time="0.064550846">
        </testcase>
        <testcase classname="src/app/workspace/component/property-editor/operator-property-edit-frame/operator-property-edit-frame.component.spec.ts" name="OperatorPropertyEditFrameComponent &gt; should show imageInput for zero-shot-image-classification task" time="0.106374626">
        </testcase>
        <testcase classname="src/app/workspace/component/property-editor/operator-property-edit-frame/operator-property-edit-frame.component.spec.ts" name="OperatorPropertyEditFrameComponent &gt; should show inputImageColumn for zero-shot-image-classification" time="0.077857472">
        </testcase>
        <testcase classname="src/app/workspace/component/property-editor/operator-property-edit-frame/operator-property-edit-frame.component.spec.ts" name="OperatorPropertyEditFrameComponent &gt; should show inputImageColumn for image-to-image" time="0.084526223">
        </testcase>
        <testcase classname="src/app/workspace/component/property-editor/operator-property-edit-frame/operator-property-edit-frame.component.spec.ts" name="OperatorPropertyEditFrameComponent &gt; should show inputImageColumn for image-to-video" time="0.070134241">
        </testcase>
        <testcase classname="src/app/workspace/component/property-editor/operator-property-edit-frame/operator-property-edit-frame.component.spec.ts" name="OperatorPropertyEditFrameComponent &gt; requiredImageInput validator should fail for zero-shot-image-classification with no input" time="0.071386162">
        </testcase>
        <testcase classname="src/app/workspace/component/property-editor/operator-property-edit-frame/operator-property-edit-frame.component.spec.ts" name="OperatorPropertyEditFrameComponent &gt; requiredImageInput validator should pass for zero-shot-image-classification with column" time="0.073082579">
        </testcase>
        <testcase classname="src/app/workspace/component/property-editor/operator-property-edit-frame/operator-property-edit-frame.component.spec.ts" name="OperatorPropertyEditFrameComponent &gt; requiredPromptColumn validator should fail when value is whitespace-only" time="0.101278598">
        </testcase>
        <testcase classname="src/app/workspace/component/property-editor/operator-property-edit-frame/operator-property-edit-frame.component.spec.ts" name="OperatorPropertyEditFrameComponent &gt; requiredImageInput validator should fail when imageInput is whitespace-only" time="0.092146738">
        </testcase>
        <testcase classname="src/app/workspace/component/property-editor/operator-property-edit-frame/operator-property-edit-frame.component.spec.ts" name="OperatorPropertyEditFrameComponent &gt; requiredAudioInput validator should fail when audioInput is whitespace-only" time="0.148871706">
        </testcase>
        <testcase classname="src/app/workspace/component/property-editor/operator-property-edit-frame/operator-property-edit-frame.component.spec.ts" name="OperatorPropertyEditFrameComponent &gt; should use form.get task value for hide expression when model.task is undefined" time="0.065289927">
        </testcase>
        <testcase classname="src/app/workspace/component/property-editor/operator-property-edit-frame/operator-property-edit-frame.component.spec.ts" name="OperatorPropertyEditFrameComponent &gt; should use formControl.parent.get task value when model and form are empty" time="0.056198504">
        </testcase>
        <testcase classname="src/app/workspace/component/property-editor/operator-property-edit-frame/operator-property-edit-frame.component.spec.ts" name="OperatorPropertyEditFrameComponent &gt; should return null preview when task is whitespace-only" time="0.06418789">
        </testcase>
        <testcase classname="src/app/workspace/component/property-editor/operator-property-edit-frame/operator-property-edit-frame.component.spec.ts" name="OperatorPropertyEditFrameComponent &gt; should hide systemPrompt for automatic-speech-recognition" time="0.06381476">
        </testcase>
        <testcase classname="src/app/workspace/component/property-editor/operator-property-edit-frame/operator-property-edit-frame.component.spec.ts" name="OperatorPropertyEditFrameComponent &gt; should hide contextColumn for image-classification" time="0.106138956">
        </testcase>
        <testcase classname="src/app/workspace/component/property-editor/operator-property-edit-frame/operator-property-edit-frame.component.spec.ts" name="OperatorPropertyEditFrameComponent &gt; should hide candidateLabels for text-generation" time="0.107378765">
        </testcase>
        <testcase classname="src/app/workspace/component/property-editor/operator-property-edit-frame/operator-property-edit-frame.component.spec.ts" name="OperatorPropertyEditFrameComponent &gt; should hide sentencesColumn for question-answering" time="0.0510198">
        </testcase>
        <testcase classname="src/app/workspace/component/property-editor/operator-property-edit-frame/operator-property-edit-frame.component.spec.ts" name="OperatorPropertyEditFrameComponent &gt; should hide promptColumn when task is undefined" time="0.060330235">
        </testcase>
        <testcase classname="src/app/workspace/component/property-editor/operator-property-edit-frame/operator-property-edit-frame.component.spec.ts" name="OperatorPropertyEditFrameComponent &gt; should hide systemPrompt when task is undefined" time="0.076405462">
        </testcase>
        <testcase classname="src/app/workspace/component/property-editor/operator-property-edit-frame/operator-property-edit-frame.component.spec.ts" name="OperatorPropertyEditFrameComponent &gt; should hide contextColumn when task is undefined" time="0.095022692">
        </testcase>
        <testcase classname="src/app/workspace/component/property-editor/operator-property-edit-frame/operator-property-edit-frame.component.spec.ts" name="OperatorPropertyEditFrameComponent &gt; should hide candidateLabels when task is undefined" time="0.091063142">
        </testcase>
        <testcase classname="src/app/workspace/component/property-editor/operator-property-edit-frame/operator-property-edit-frame.component.spec.ts" name="OperatorPropertyEditFrameComponent &gt; should hide sentencesColumn when task is undefined" time="0.066062814">
        </testcase>
        <testcase classname="src/app/workspace/component/property-editor/operator-property-edit-frame/operator-property-edit-frame.component.spec.ts" name="OperatorPropertyEditFrameComponent &gt; should hide maxNewTokens when task is undefined" time="0.062134697">
        </testcase>
        <testcase classname="src/app/workspace/component/property-editor/operator-property-edit-frame/operator-property-edit-frame.component.spec.ts" name="OperatorPropertyEditFrameComponent &gt; should hide temperature when task is undefined" time="0.068589437">
        </testcase>
        <testcase classname="src/app/workspace/component/property-editor/operator-property-edit-frame/operator-property-edit-frame.component.spec.ts" name="OperatorPropertyEditFrameComponent &gt; attributeTypeRules validator (checkAttributeType) &gt; enum rule fails when the input attribute type is not in the enum" time="0.032991811">
        </testcase>
        <testcase classname="src/app/workspace/component/property-editor/operator-property-edit-frame/operator-property-edit-frame.component.spec.ts" name="OperatorPropertyEditFrameComponent &gt; attributeTypeRules validator (checkAttributeType) &gt; enum rule passes when the input attribute type matches the enum" time="0.050202196">
        </testcase>
        <testcase classname="src/app/workspace/component/property-editor/operator-property-edit-frame/operator-property-edit-frame.component.spec.ts" name="OperatorPropertyEditFrameComponent &gt; attributeTypeRules validator (checkAttributeType) &gt; enum rule is skipped when the attribute type is undefined (attribute not selected)" time="0.031017697">
        </testcase>
        <testcase classname="src/app/workspace/component/property-editor/operator-property-edit-frame/operator-property-edit-frame.component.spec.ts" name="OperatorPropertyEditFrameComponent &gt; attributeTypeRules validator (checkAttributeType) &gt; const $data rule fails when the sibling attribute resolves to a different type" time="0.029858093">
        </testcase>
        <testcase classname="src/app/workspace/component/property-editor/operator-property-edit-frame/operator-property-edit-frame.component.spec.ts" name="OperatorPropertyEditFrameComponent &gt; attributeTypeRules validator (checkAttributeType) &gt; const $data rule is skipped when the sibling attribute type is not yet resolved" time="0.028188667">
        </testcase>
        <testcase classname="src/app/workspace/component/property-editor/operator-property-edit-frame/operator-property-edit-frame.component.spec.ts" name="OperatorPropertyEditFrameComponent &gt; attributeTypeRules validator (checkAttributeType) &gt; allOf if/then rule fails when the if-condition holds but the then-enum is violated" time="0.030050324">
        </testcase>
        <testcase classname="src/app/workspace/component/property-editor/operator-property-edit-frame/operator-property-edit-frame.component.spec.ts" name="OperatorPropertyEditFrameComponent &gt; attributeTypeRules validator (checkAttributeType) &gt; allOf if/then rule passes when the if-condition is not satisfied" time="0.028326605">
        </testcase>
        <testcase classname="src/app/workspace/component/property-editor/operator-property-edit-frame/operator-property-edit-frame.component.spec.ts" name="OperatorPropertyEditFrameComponent &gt; field-level validators and type mapping &gt; adds an inEnum validator that rejects values no longer present in the schema enum" time="0.039206704">
        </testcase>
        <testcase classname="src/app/workspace/component/property-editor/operator-property-edit-frame/operator-property-edit-frame.component.spec.ts" name="OperatorPropertyEditFrameComponent &gt; field-level validators and type mapping &gt; maps datasetVersionPath to the datasetversionselector field type" time="0.043140848">
        </testcase>
        <testcase classname="src/app/workspace/component/property-editor/operator-property-edit-frame/operator-property-edit-frame.component.spec.ts" name="OperatorPropertyEditFrameComponent &gt; field-level validators and type mapping &gt; maps a field described as &apos;Input your code here&apos; to the codearea field type" time="0.033579064">
        </testcase>
        <testcase classname="src/app/workspace/component/property-editor/operator-property-edit-frame/operator-property-edit-frame.component.spec.ts" name="OperatorPropertyEditFrameComponent &gt; operator-type-specific field behavior &gt; hides FileScanOp outputFileName unless extract is on or the type is a string/binary type" time="0.026684643">
        </testcase>
        <testcase classname="src/app/workspace/component/property-editor/operator-property-edit-frame/operator-property-edit-frame.component.spec.ts" name="OperatorPropertyEditFrameComponent &gt; operator-type-specific field behavior &gt; maps Projection attributes to repeat-section-dnd and proxies reorder() to onFormChanges" time="0.030125657">
        </testcase>
        <testcase classname="src/app/workspace/component/property-editor/operator-property-edit-frame/operator-property-edit-frame.component.spec.ts" name="OperatorPropertyEditFrameComponent &gt; checkOperatorProperty &gt; returns false when no operator is being displayed" time="0.027007244">
        </testcase>
        <testcase classname="src/app/workspace/component/property-editor/operator-property-edit-frame/operator-property-edit-frame.component.spec.ts" name="OperatorPropertyEditFrameComponent &gt; checkOperatorProperty &gt; returns true only when the form data differs from the stored operator properties" time="0.056472502">
        </testcase>
        <testcase classname="src/app/workspace/component/property-editor/operator-property-edit-frame/operator-property-edit-frame.component.spec.ts" name="OperatorPropertyEditFrameComponent &gt; typeInferenceOnLambdaFunction &gt; does nothing for non-lambda operators" time="0.031232721">
        </testcase>
        <testcase classname="src/app/workspace/component/property-editor/operator-property-edit-frame/operator-property-edit-frame.component.spec.ts" name="OperatorPropertyEditFrameComponent &gt; typeInferenceOnLambdaFunction &gt; infers attribute types from the input schema and clears empty &apos;Add New Column&apos; units" time="0.058632336">
        </testcase>
        <testcase classname="src/app/workspace/component/property-editor/operator-property-edit-frame/operator-property-edit-frame.component.spec.ts" name="OperatorPropertyEditFrameComponent &gt; setInteractivity &gt; disables and re-enables every control in the form group" time="0.034352748">
        </testcase>
        <testcase classname="src/app/workspace/component/property-editor/operator-property-edit-frame/operator-property-edit-frame.component.spec.ts" name="OperatorPropertyEditFrameComponent &gt; setInteractivity &gt; only updates the interactive flag when there is no form group" time="0.03206187">
        </testcase>
        <testcase classname="src/app/workspace/component/property-editor/operator-property-edit-frame/operator-property-edit-frame.component.spec.ts" name="OperatorPropertyEditFrameComponent &gt; Python UDF environment schema patching &gt; injects the environment list into the envName enum without mutating the original schema" time="0.036015043">
        </testcase>
        <testcase classname="src/app/workspace/component/property-editor/operator-property-edit-frame/operator-property-edit-frame.component.spec.ts" name="OperatorPropertyEditFrameComponent &gt; Python UDF environment schema patching &gt; hides envName and makes it optional when the default environment is checked" time="0.039430931">
        </testcase>
        <testcase classname="src/app/workspace/component/property-editor/operator-property-edit-frame/operator-property-edit-frame.component.spec.ts" name="OperatorPropertyEditFrameComponent &gt; registerOperatorPropertyChangeHandler loop guard &gt; refreshes formData on graph property changes only while listeningToChange is true" time="0.133969426">
        </testcase>
        <testcase classname="src/app/workspace/component/property-editor/operator-property-edit-frame/operator-property-edit-frame.component.spec.ts" name="OperatorPropertyEditFrameComponent &gt; real template rendering &gt; should render the title section when editingTitle is false and formTitle is set" time="0.15012912">
        </testcase>
        <testcase classname="src/app/workspace/component/property-editor/operator-property-edit-frame/operator-property-edit-frame.component.spec.ts" name="OperatorPropertyEditFrameComponent &gt; real template rendering &gt; should not render the h3 title when formTitle is undefined" time="0.176578998">
        </testcase>
        <testcase classname="src/app/workspace/component/property-editor/operator-property-edit-frame/operator-property-edit-frame.component.spec.ts" name="OperatorPropertyEditFrameComponent &gt; real template rendering &gt; should disable the edit button when interactive is false" time="0.148808684">
        </testcase>
        <testcase classname="src/app/workspace/component/property-editor/operator-property-edit-frame/operator-property-edit-frame.component.spec.ts" name="OperatorPropertyEditFrameComponent &gt; real template rendering &gt; should enable the edit button when interactive is true" time="0.072251589">
        </testcase>
        <testcase classname="src/app/workspace/component/property-editor/operator-property-edit-frame/operator-property-edit-frame.component.spec.ts" name="OperatorPropertyEditFrameComponent &gt; real template rendering &gt; should hide the title section when editingTitle is true" time="0.061996832">
        </testcase>
        <testcase classname="src/app/workspace/component/property-editor/operator-property-edit-frame/operator-property-edit-frame.component.spec.ts" name="OperatorPropertyEditFrameComponent &gt; real template rendering &gt; should hide the customName div when editingTitle is false" time="0.101499749">
        </testcase>
        <testcase classname="src/app/workspace/component/property-editor/operator-property-edit-frame/operator-property-edit-frame.component.spec.ts" name="OperatorPropertyEditFrameComponent &gt; real template rendering &gt; should show the customName div when editingTitle is true" time="0.054791889">
        </testcase>
        <testcase classname="src/app/workspace/component/property-editor/operator-property-edit-frame/operator-property-edit-frame.component.spec.ts" name="OperatorPropertyEditFrameComponent &gt; real template rendering &gt; should show the PythonLambdaFunction icon when currentOperatorId includes PythonLambdaFunction" time="0.150354153">
        </testcase>
        <testcase classname="src/app/workspace/component/property-editor/operator-property-edit-frame/operator-property-edit-frame.component.spec.ts" name="OperatorPropertyEditFrameComponent &gt; real template rendering &gt; should not show the PythonLambdaFunction icon for other operator types" time="0.09583362">
        </testcase>
        <testcase classname="src/app/workspace/component/property-editor/operator-property-edit-frame/operator-property-edit-frame.component.spec.ts" name="OperatorPropertyEditFrameComponent &gt; real template rendering &gt; should not render the form section when formlyFields is undefined" time="0.056097346">
        </testcase>
        <testcase classname="src/app/workspace/component/property-editor/operator-property-edit-frame/operator-property-edit-frame.component.spec.ts" name="OperatorPropertyEditFrameComponent &gt; real template rendering &gt; should render the operator version span" time="0.052091346">
        </testcase>
        <testcase classname="src/app/workspace/component/property-editor/operator-property-edit-frame/operator-property-edit-frame.component.spec.ts" name="OperatorPropertyEditFrameComponent &gt; real template rendering &gt; should not render the HF preview card when huggingFaceTaskPreview is null" time="0.159631795">
        </testcase>
        <testcase classname="src/app/workspace/component/property-editor/operator-property-edit-frame/operator-property-edit-frame.component.spec.ts" name="OperatorPropertyEditFrameComponent &gt; real template rendering &gt; should render a video element for kind=&apos;video&apos;" time="0.239617923">
        </testcase>
        <testcase classname="src/app/workspace/component/property-editor/operator-property-edit-frame/operator-property-edit-frame.component.spec.ts" name="OperatorPropertyEditFrameComponent &gt; real template rendering &gt; should bind [src] and [muted] on the video element" time="0.193395363">
        </testcase>
        <testcase classname="src/app/workspace/component/property-editor/operator-property-edit-frame/operator-property-edit-frame.component.spec.ts" name="OperatorPropertyEditFrameComponent &gt; real template rendering &gt; should render an img element for kind=&apos;image&apos;" time="0.110368722">
        </testcase>
        <testcase classname="src/app/workspace/component/property-editor/operator-property-edit-frame/operator-property-edit-frame.component.spec.ts" name="OperatorPropertyEditFrameComponent &gt; real template rendering &gt; should render an audio element for kind=&apos;audio&apos;" time="0.217781326">
        </testcase>
        <testcase classname="src/app/workspace/component/property-editor/operator-property-edit-frame/operator-property-edit-frame.component.spec.ts" name="OperatorPropertyEditFrameComponent &gt; real template rendering &gt; should render the text surface for kind=&apos;text&apos;" time="0.137339154">
        </testcase>
        <testcase classname="src/app/workspace/component/property-editor/operator-property-edit-frame/operator-property-edit-frame.component.spec.ts" name="OperatorPropertyEditFrameComponent &gt; real template rendering &gt; should render outputBody in the text surface when present" time="0.16022056">
        </testcase>
        <testcase classname="src/app/workspace/component/property-editor/operator-property-edit-frame/operator-property-edit-frame.component.spec.ts" name="OperatorPropertyEditFrameComponent &gt; real template rendering &gt; should not render outputBody in the text surface when absent" time="0.122819148">
        </testcase>
        <testcase classname="src/app/workspace/component/property-editor/operator-property-edit-frame/operator-property-edit-frame.component.spec.ts" name="OperatorPropertyEditFrameComponent &gt; real template rendering &gt; should render the flow section when inputLabel and outputLabel are set" time="0.176887506">
        </testcase>
        <testcase classname="src/app/workspace/component/property-editor/operator-property-edit-frame/operator-property-edit-frame.component.spec.ts" name="OperatorPropertyEditFrameComponent &gt; real template rendering &gt; should not render the flow section when inputLabel and outputLabel are absent" time="0.084221399">
        </testcase>
        <testcase classname="src/app/workspace/component/property-editor/operator-property-edit-frame/operator-property-edit-frame.component.spec.ts" name="OperatorPropertyEditFrameComponent &gt; real template rendering &gt; should render the description for non-text kinds with body" time="0.142638439">
        </testcase>
        <testcase classname="src/app/workspace/component/property-editor/operator-property-edit-frame/operator-property-edit-frame.component.spec.ts" name="OperatorPropertyEditFrameComponent &gt; real template rendering &gt; should not render the description for kind=&apos;text&apos;" time="0.177358734">
        </testcase>
        <testcase classname="src/app/workspace/component/property-editor/operator-property-edit-frame/operator-property-edit-frame.component.spec.ts" name="OperatorPropertyEditFrameComponent &gt; real template rendering &gt; should render outputBody in meta for non-text kinds" time="0.090930105">
        </testcase>
        <testcase classname="src/app/workspace/component/property-editor/operator-property-edit-frame/operator-property-edit-frame.component.spec.ts" name="OperatorPropertyEditFrameComponent &gt; real template rendering &gt; should not render outputBody in meta for kind=&apos;text&apos;" time="0.094829485">
        </testcase>
        <testcase classname="src/app/workspace/component/property-editor/operator-property-edit-frame/operator-property-edit-frame.component.spec.ts" name="OperatorPropertyEditFrameComponent &gt; real template rendering &gt; should render pills when pills array is non-empty" time="0.143849206">
        </testcase>
        <testcase classname="src/app/workspace/component/property-editor/operator-property-edit-frame/operator-property-edit-frame.component.spec.ts" name="OperatorPropertyEditFrameComponent &gt; real template rendering &gt; should not render pills when pills array is empty" time="0.162203839">
        </testcase>
        <testcase classname="src/app/workspace/component/property-editor/operator-property-edit-frame/operator-property-edit-frame.component.spec.ts" name="OperatorPropertyEditFrameComponent &gt; modify-operator-logic gating &gt; allowModifyOperatorLogic re-enables editing" time="0.054506503">
        </testcase>
        <testcase classname="src/app/workspace/component/property-editor/operator-property-edit-frame/operator-property-edit-frame.component.spec.ts" name="OperatorPropertyEditFrameComponent &gt; modify-operator-logic gating &gt; confirmModifyOperatorLogic pushes the change and locks the form again" time="0.0269814">
        </testcase>
        <testcase classname="src/app/workspace/component/property-editor/operator-property-edit-frame/operator-property-edit-frame.component.spec.ts" name="OperatorPropertyEditFrameComponent &gt; modify-operator-logic gating &gt; confirmModifyOperatorLogic reports a failure and leaves the form editable" time="0.026758601">
        </testcase>
        <testcase classname="src/app/workspace/component/property-editor/operator-property-edit-frame/operator-property-edit-frame.component.spec.ts" name="OperatorPropertyEditFrameComponent &gt; modify-operator-logic gating &gt; confirmModifyOperatorLogic does nothing when no operator is selected" time="0.02577689">
        </testcase>
        <testcase classname="src/app/workspace/component/property-editor/operator-property-edit-frame/operator-property-edit-frame.component.spec.ts" name="OperatorPropertyEditFrameComponent &gt; subscription handlers &gt; retitles the form only when the renamed operator is the current one" time="0.034537162">
        </testcase>
        <testcase classname="src/app/workspace/component/property-editor/operator-property-edit-frame/operator-property-edit-frame.component.spec.ts" name="OperatorPropertyEditFrameComponent &gt; subscription handlers &gt; mirrors the workflow-modification flag onto the form&apos;s interactivity" time="0.026056874">
        </testcase>
        <testcase classname="src/app/workspace/component/property-editor/operator-property-edit-frame/operator-property-edit-frame.component.spec.ts" name="OperatorPropertyEditFrameComponent &gt; subscription handlers &gt; ignores the workflow-modification flag while no operator is selected" time="0.0274707">
        </testcase>
        <testcase classname="src/app/workspace/component/property-editor/operator-property-edit-frame/operator-property-edit-frame.component.spec.ts" name="OperatorPropertyEditFrameComponent &gt; subscription handlers &gt; re-renders only when the current operator&apos;s dynamic schema changes" time="0.084470697">
        </testcase>
        <testcase classname="src/app/workspace/component/property-editor/operator-property-edit-frame/operator-property-edit-frame.component.spec.ts" name="OperatorPropertyEditFrameComponent &gt; rerenderEditorForm &gt; is a no-op when no operator is selected" time="0.101290902">
        </testcase>
    </testsuite>
    <testsuite name="src/app/workspace/component/property-editor/port-property-edit-frame/port-property-edit-frame.component.spec.ts" timestamp="2026-08-04T22:49:30.442Z" hostname="ali-Inspiron-15-3520" tests="24" failures="0" errors="0" skipped="0" time="0.82144079">
        <testcase classname="src/app/workspace/component/property-editor/port-property-edit-frame/port-property-edit-frame.component.spec.ts" name="PortPropertyEditFrameComponent &gt; should create" time="0.08897583">
        </testcase>
        <testcase classname="src/app/workspace/component/property-editor/port-property-edit-frame/port-property-edit-frame.component.spec.ts" name="PortPropertyEditFrameComponent &gt; ngOnInit / handler registration &gt; should register all three change handlers" time="0.030634803">
        </testcase>
        <testcase classname="src/app/workspace/component/property-editor/port-property-edit-frame/port-property-edit-frame.component.spec.ts" name="PortPropertyEditFrameComponent &gt; onFormChanges &gt; should forward the raw form event onto the source form-change stream" time="0.027576484">
        </testcase>
        <testcase classname="src/app/workspace/component/property-editor/port-property-edit-frame/port-property-edit-frame.component.spec.ts" name="PortPropertyEditFrameComponent &gt; ngOnChanges &gt; should adopt the new port id and open the editor when a port is provided" time="0.051268493">
        </testcase>
        <testcase classname="src/app/workspace/component/property-editor/port-property-edit-frame/port-property-edit-frame.component.spec.ts" name="PortPropertyEditFrameComponent &gt; ngOnChanges &gt; should not open the editor when the new port id is undefined" time="0.076153059">
        </testcase>
        <testcase classname="src/app/workspace/component/property-editor/port-property-edit-frame/port-property-edit-frame.component.spec.ts" name="PortPropertyEditFrameComponent &gt; showPortPropertyEditor &gt; should throw when the target port does not exist in the graph" time="0.022687403">
        </testcase>
        <testcase classname="src/app/workspace/component/property-editor/port-property-edit-frame/port-property-edit-frame.component.spec.ts" name="PortPropertyEditFrameComponent &gt; showPortPropertyEditor &gt; should set the title but skip building the form when customization is not allowed" time="0.023251744">
        </testcase>
        <testcase classname="src/app/workspace/component/property-editor/port-property-edit-frame/port-property-edit-frame.component.spec.ts" name="PortPropertyEditFrameComponent &gt; showPortPropertyEditor &gt; should skip building the form for an output port even when customization is allowed" time="0.019720893">
        </testcase>
        <testcase classname="src/app/workspace/component/property-editor/port-property-edit-frame/port-property-edit-frame.component.spec.ts" name="PortPropertyEditFrameComponent &gt; showPortPropertyEditor &gt; should build the formly form from the port descriptor when customization is allowed on an input port" time="0.031126839">
        </testcase>
        <testcase classname="src/app/workspace/component/property-editor/port-property-edit-frame/port-property-edit-frame.component.spec.ts" name="PortPropertyEditFrameComponent &gt; setFormlyFormBinding (interactive vs. display mode) &gt; should keep the form enabled when interactive, and disable it via the onInit hook when not" time="0.027393809">
        </testcase>
        <testcase classname="src/app/workspace/component/property-editor/port-property-edit-frame/port-property-edit-frame.component.spec.ts" name="PortPropertyEditFrameComponent &gt; checkPort &gt; should return false when there is no current port" time="0.030068669">
        </testcase>
        <testcase classname="src/app/workspace/component/property-editor/port-property-edit-frame/port-property-edit-frame.component.spec.ts" name="PortPropertyEditFrameComponent &gt; checkPort &gt; should return false when the current port is no longer in the graph" time="0.029757349">
        </testcase>
        <testcase classname="src/app/workspace/component/property-editor/port-property-edit-frame/port-property-edit-frame.component.spec.ts" name="PortPropertyEditFrameComponent &gt; checkPort &gt; should compare form data against the port&apos;s partition requirement" time="0.033846786">
        </testcase>
        <testcase classname="src/app/workspace/component/property-editor/port-property-edit-frame/port-property-edit-frame.component.spec.ts" name="PortPropertyEditFrameComponent &gt; registerOnFormChangeHandler (edit propagation) &gt; should push a debounced, changed form value to WorkflowActionService.setPortProperty" time="0.032524935">
        </testcase>
        <testcase classname="src/app/workspace/component/property-editor/port-property-edit-frame/port-property-edit-frame.component.spec.ts" name="PortPropertyEditFrameComponent &gt; registerOnFormChangeHandler (edit propagation) &gt; should not propagate when the form value matches the current partition requirement" time="0.026467174">
        </testcase>
        <testcase classname="src/app/workspace/component/property-editor/port-property-edit-frame/port-property-edit-frame.component.spec.ts" name="PortPropertyEditFrameComponent &gt; registerPortPropertyChangeHandler (programmatic updates) &gt; should adopt the new property when the change targets the current port" time="0.024778964">
        </testcase>
        <testcase classname="src/app/workspace/component/property-editor/port-property-edit-frame/port-property-edit-frame.component.spec.ts" name="PortPropertyEditFrameComponent &gt; registerPortPropertyChangeHandler (programmatic updates) &gt; should ignore programmatic changes while not listening" time="0.028647403">
        </testcase>
        <testcase classname="src/app/workspace/component/property-editor/port-property-edit-frame/port-property-edit-frame.component.spec.ts" name="PortPropertyEditFrameComponent &gt; registerPortPropertyChangeHandler (programmatic updates) &gt; should ignore changes targeting a different port" time="0.025837876">
        </testcase>
        <testcase classname="src/app/workspace/component/property-editor/port-property-edit-frame/port-property-edit-frame.component.spec.ts" name="PortPropertyEditFrameComponent &gt; registerPortPropertyChangeHandler (programmatic updates) &gt; should ignore a change equal to the currently held form data" time="0.026926302">
        </testcase>
        <testcase classname="src/app/workspace/component/property-editor/port-property-edit-frame/port-property-edit-frame.component.spec.ts" name="PortPropertyEditFrameComponent &gt; registerPortDisplayNameChangeHandler &gt; should update the form title when the display-name change matches the current port" time="0.034063831">
        </testcase>
        <testcase classname="src/app/workspace/component/property-editor/port-property-edit-frame/port-property-edit-frame.component.spec.ts" name="PortPropertyEditFrameComponent &gt; registerPortDisplayNameChangeHandler &gt; should leave the form title unchanged for a different port" time="0.041874861">
        </testcase>
        <testcase classname="src/app/workspace/component/property-editor/port-property-edit-frame/port-property-edit-frame.component.spec.ts" name="PortPropertyEditFrameComponent &gt; quill title editing &gt; should not create a binding when there is no current port" time="0.028858338">
        </testcase>
        <testcase classname="src/app/workspace/component/property-editor/port-property-edit-frame/port-property-edit-frame.component.spec.ts" name="PortPropertyEditFrameComponent &gt; quill title editing &gt; should not create a binding when the shared port descriptor is unavailable" time="0.029243826">
        </testcase>
        <testcase classname="src/app/workspace/component/property-editor/port-property-edit-frame/port-property-edit-frame.component.spec.ts" name="PortPropertyEditFrameComponent &gt; quill title editing &gt; should blur, drop the binding and exit editing on disconnect" time="0.026841911">
        </testcase>
    </testsuite>
    <testsuite name="src/app/workspace/component/property-editor/typecasting-display/type-casting-display.component.spec.ts" timestamp="2026-08-04T22:49:30.453Z" hostname="ali-Inspiron-15-3520" tests="12" failures="0" errors="0" skipped="0" time="0.239827518">
        <testcase classname="src/app/workspace/component/property-editor/typecasting-display/type-casting-display.component.spec.ts" name="TypecastingDisplayComponent &gt; should create" time="0.013759935">
        </testcase>
        <testcase classname="src/app/workspace/component/property-editor/typecasting-display/type-casting-display.component.spec.ts" name="TypecastingDisplayComponent &gt; ngOnChanges &gt; hides the display and skips rerender when there is no currentOperatorId" time="0.020025323">
        </testcase>
        <testcase classname="src/app/workspace/component/property-editor/typecasting-display/type-casting-display.component.spec.ts" name="TypecastingDisplayComponent &gt; ngOnChanges &gt; hides the display and skips rerender when the operator is not a TypeCasting operator" time="0.015307209">
        </testcase>
        <testcase classname="src/app/workspace/component/property-editor/typecasting-display/type-casting-display.component.spec.ts" name="TypecastingDisplayComponent &gt; ngOnChanges &gt; shows the display and rerenders when the operator is a TypeCasting operator" time="0.028157725">
        </testcase>
        <testcase classname="src/app/workspace/component/property-editor/typecasting-display/type-casting-display.component.spec.ts" name="TypecastingDisplayComponent &gt; rerender &gt; returns early and leaves schemaToDisplay untouched when currentOperatorId is undefined" time="0.012652463">
        </testcase>
        <testcase classname="src/app/workspace/component/property-editor/typecasting-display/type-casting-display.component.spec.ts" name="TypecastingDisplayComponent &gt; rerender &gt; casts attributes listed in typeCastingUnits and passes the remaining attributes through" time="0.017818316">
        </testcase>
        <testcase classname="src/app/workspace/component/property-editor/typecasting-display/type-casting-display.component.spec.ts" name="TypecastingDisplayComponent &gt; rerender &gt; passes every attribute through unchanged when typeCastingUnits is absent" time="0.01693916">
        </testcase>
        <testcase classname="src/app/workspace/component/property-editor/typecasting-display/type-casting-display.component.spec.ts" name="TypecastingDisplayComponent &gt; rerender &gt; produces an empty schemaToDisplay when there is no input schema" time="0.022366661">
        </testcase>
        <testcase classname="src/app/workspace/component/property-editor/typecasting-display/type-casting-display.component.spec.ts" name="TypecastingDisplayComponent &gt; stream handlers registered in ngOnInit &gt; rerenders when the matching TypeCasting operator&apos;s properties change" time="0.020259911">
        </testcase>
        <testcase classname="src/app/workspace/component/property-editor/typecasting-display/type-casting-display.component.spec.ts" name="TypecastingDisplayComponent &gt; stream handlers registered in ngOnInit &gt; ignores property changes emitted for a different operator id" time="0.02097765">
        </testcase>
        <testcase classname="src/app/workspace/component/property-editor/typecasting-display/type-casting-display.component.spec.ts" name="TypecastingDisplayComponent &gt; stream handlers registered in ngOnInit &gt; ignores property changes for the matching id but a non-TypeCasting operator type" time="0.022816069">
        </testcase>
        <testcase classname="src/app/workspace/component/property-editor/typecasting-display/type-casting-display.component.spec.ts" name="TypecastingDisplayComponent &gt; stream handlers registered in ngOnInit &gt; rerenders when the workflow compilation state changes" time="0.02742866">
        </testcase>
    </testsuite>
    <testsuite name="src/app/workspace/component/result-panel/console-frame/console-frame.component.spec.ts" timestamp="2026-08-04T22:49:30.456Z" hostname="ali-Inspiron-15-3520" tests="19" failures="0" errors="0" skipped="0" time="1.163129477">
        <testcase classname="src/app/workspace/component/result-panel/console-frame/console-frame.component.spec.ts" name="ConsoleFrameComponent &gt; should create" time="0.085682327">
        </testcase>
        <testcase classname="src/app/workspace/component/result-panel/console-frame/console-frame.component.spec.ts" name="ConsoleFrameComponent &gt; pure helpers &gt; getWorkerIndex parses the trailing numeric token" time="0.117526908">
        </testcase>
        <testcase classname="src/app/workspace/component/result-panel/console-frame/console-frame.component.spec.ts" name="ConsoleFrameComponent &gt; pure helpers &gt; workerIdToAbbr prefixes the worker index with &apos;W&apos;" time="0.05239592">
        </testcase>
        <testcase classname="src/app/workspace/component/result-panel/console-frame/console-frame.component.spec.ts" name="ConsoleFrameComponent &gt; pure helpers &gt; getWorkerColor returns a deterministic hex color" time="0.047855607">
        </testcase>
        <testcase classname="src/app/workspace/component/result-panel/console-frame/console-frame.component.spec.ts" name="ConsoleFrameComponent &gt; pure helpers &gt; getMessageLabel maps the message type to its tag color" time="0.061918213">
        </testcase>
        <testcase classname="src/app/workspace/component/result-panel/console-frame/console-frame.component.spec.ts" name="ConsoleFrameComponent &gt; console rendering &gt; clearConsole empties the message list" time="0.067393177">
        </testcase>
        <testcase classname="src/app/workspace/component/result-panel/console-frame/console-frame.component.spec.ts" name="ConsoleFrameComponent &gt; console rendering &gt; displayConsoleMessages loads the operator&apos;s messages from the service" time="0.049874556">
        </testcase>
        <testcase classname="src/app/workspace/component/result-panel/console-frame/console-frame.component.spec.ts" name="ConsoleFrameComponent &gt; console rendering &gt; renderConsole loads the worker ids and messages when an operator is set" time="0.053596164">
        </testcase>
        <testcase classname="src/app/workspace/component/result-panel/console-frame/console-frame.component.spec.ts" name="ConsoleFrameComponent &gt; console rendering &gt; renderConsole is a no-op without an operator id" time="0.048316229">
        </testcase>
        <testcase classname="src/app/workspace/component/result-panel/console-frame/console-frame.component.spec.ts" name="ConsoleFrameComponent &gt; debug controls &gt; onClickContinue continues every worker via the debug service" time="0.061235777">
        </testcase>
        <testcase classname="src/app/workspace/component/result-panel/console-frame/console-frame.component.spec.ts" name="ConsoleFrameComponent &gt; debug controls &gt; onClickStep steps every worker via the debug service" time="0.063246305">
        </testcase>
        <testcase classname="src/app/workspace/component/result-panel/console-frame/console-frame.component.spec.ts" name="ConsoleFrameComponent &gt; debug controls &gt; onClickSkipTuples forwards the worker ids and surfaces failures" time="0.055625818">
        </testcase>
        <testcase classname="src/app/workspace/component/result-panel/console-frame/console-frame.component.spec.ts" name="ConsoleFrameComponent &gt; debug controls &gt; onClickRetryTuples forwards the worker ids and surfaces failures" time="0.052348038">
        </testcase>
        <testcase classname="src/app/workspace/component/result-panel/console-frame/console-frame.component.spec.ts" name="ConsoleFrameComponent &gt; debug controls &gt; submitDebugCommand sends the command to every worker when All Workers is targeted" time="0.07760769">
        </testcase>
        <testcase classname="src/app/workspace/component/result-panel/console-frame/console-frame.component.spec.ts" name="ConsoleFrameComponent &gt; debug controls &gt; submitDebugCommand sends only to the selected worker" time="0.047628917">
        </testcase>
        <testcase classname="src/app/workspace/component/result-panel/console-frame/console-frame.component.spec.ts" name="ConsoleFrameComponent &gt; debug controls &gt; submitDebugCommand does nothing without an operator id" time="0.043746251">
        </testcase>
        <testcase classname="src/app/workspace/component/result-panel/console-frame/console-frame.component.spec.ts" name="ConsoleFrameComponent &gt; registerAutoConsoleRerender &gt; clears the console when execution transitions from Initializing to Running" time="0.086272483">
        </testcase>
        <testcase classname="src/app/workspace/component/result-panel/console-frame/console-frame.component.spec.ts" name="ConsoleFrameComponent &gt; registerAutoConsoleRerender &gt; re-renders the console on any other execution state change" time="0.043654199">
        </testcase>
        <testcase classname="src/app/workspace/component/result-panel/console-frame/console-frame.component.spec.ts" name="ConsoleFrameComponent &gt; registerAutoConsoleRerender &gt; re-renders the console when a console message update arrives" time="0.045447899">
        </testcase>
    </testsuite>
    <testsuite name="src/app/workspace/component/result-panel/error-frame/error-frame.component.spec.ts" timestamp="2026-08-04T22:49:30.459Z" hostname="ali-Inspiron-15-3520" tests="7" failures="0" errors="0" skipped="0" time="0.197046158">
        <testcase classname="src/app/workspace/component/result-panel/error-frame/error-frame.component.spec.ts" name="ErrorFrameComponent &gt; should create" time="0.056834912">
        </testcase>
        <testcase classname="src/app/workspace/component/result-panel/error-frame/error-frame.component.spec.ts" name="ErrorFrameComponent &gt; renderError &gt; groups the errors by their type name" time="0.023482412">
        </testcase>
        <testcase classname="src/app/workspace/component/result-panel/error-frame/error-frame.component.spec.ts" name="ErrorFrameComponent &gt; renderError &gt; appends the compilation errors from the compiling service" time="0.048411028">
        </testcase>
        <testcase classname="src/app/workspace/component/result-panel/error-frame/error-frame.component.spec.ts" name="ErrorFrameComponent &gt; renderError &gt; keeps only the errors of the bound operator when operatorId is set" time="0.016385157">
        </testcase>
        <testcase classname="src/app/workspace/component/result-panel/error-frame/error-frame.component.spec.ts" name="ErrorFrameComponent &gt; renderError &gt; strips the exception prefix and &apos;requirement failed:&apos; for COMPILATION_ERROR" time="0.016577245">
        </testcase>
        <testcase classname="src/app/workspace/component/result-panel/error-frame/error-frame.component.spec.ts" name="ErrorFrameComponent &gt; renderError &gt; leaves the message untouched for non-formatted error types" time="0.014365366">
        </testcase>
        <testcase classname="src/app/workspace/component/result-panel/error-frame/error-frame.component.spec.ts" name="ErrorFrameComponent &gt; onClickGotoButton &gt; highlights the offending operator via the workflow action service" time="0.018784997">
        </testcase>
    </testsuite>
    <testsuite name="src/app/workspace/component/result-panel/result-table-frame/result-table-frame.component.spec.ts" timestamp="2026-08-04T22:49:30.461Z" hostname="ali-Inspiron-15-3520" tests="41" failures="0" errors="0" skipped="0" time="4.295819305">
        <testcase classname="src/app/workspace/component/result-panel/result-table-frame/result-table-frame.component.spec.ts" name="ResultTableFrameComponent &gt; should create" time="0.188838537">
        </testcase>
        <testcase classname="src/app/workspace/component/result-panel/result-table-frame/result-table-frame.component.spec.ts" name="ResultTableFrameComponent &gt; currentResult should not be modified if setupResultTable is called with empty (zero-length) execution result" time="0.088825108">
        </testcase>
        <testcase classname="src/app/workspace/component/result-panel/result-table-frame/result-table-frame.component.spec.ts" name="ResultTableFrameComponent &gt; should set columnLimit from gui-config" time="0.086389009">
        </testcase>
        <testcase classname="src/app/workspace/component/result-panel/result-table-frame/result-table-frame.component.spec.ts" name="ResultTableFrameComponent &gt; ngOnChanges &gt; ignores a change that carries no operator id" time="0.082489813">
        </testcase>
        <testcase classname="src/app/workspace/component/result-panel/result-table-frame/result-table-frame.component.spec.ts" name="ResultTableFrameComponent &gt; ngOnChanges &gt; keeps front-end pagination when the operator has no paginated result service" time="0.108510415">
        </testcase>
        <testcase classname="src/app/workspace/component/result-panel/result-table-frame/result-table-frame.component.spec.ts" name="ResultTableFrameComponent &gt; ngOnChanges &gt; switches to server-side pagination and loads the operator&apos;s current page" time="0.119626258">
        </testcase>
        <testcase classname="src/app/workspace/component/result-panel/result-table-frame/result-table-frame.component.spec.ts" name="ResultTableFrameComponent &gt; changePaginatedResultData &gt; is a no-op without an operator id or a paginated result service" time="0.051845334">
        </testcase>
        <testcase classname="src/app/workspace/component/result-panel/result-table-frame/result-table-frame.component.spec.ts" name="ResultTableFrameComponent &gt; changePaginatedResultData &gt; ignores a page response when the user has already switched to another page" time="0.043130776">
        </testcase>
        <testcase classname="src/app/workspace/component/result-panel/result-table-frame/result-table-frame.component.spec.ts" name="ResultTableFrameComponent &gt; setupResultTable &gt; returns early when no operator is selected" time="0.10403659">
        </testcase>
        <testcase classname="src/app/workspace/component/result-panel/result-table-frame/result-table-frame.component.spec.ts" name="ResultTableFrameComponent &gt; setupResultTable &gt; builds columns from the first row and drops the internal _id column" time="0.078369947">
        </testcase>
        <testcase classname="src/app/workspace/component/result-panel/result-table-frame/result-table-frame.component.spec.ts" name="ResultTableFrameComponent &gt; workflow status stream &gt; marks the operator finished only while its reported state is Completed" time="0.107737159">
        </testcase>
        <testcase classname="src/app/workspace/component/result-panel/result-table-frame/result-table-frame.component.spec.ts" name="ResultTableFrameComponent &gt; result update stream &gt; refreshes the table when the currently shown page becomes dirty" time="0.149529316">
        </testcase>
        <testcase classname="src/app/workspace/component/result-panel/result-table-frame/result-table-frame.component.spec.ts" name="ResultTableFrameComponent &gt; result update stream &gt; updates the tuple count without refetching when the current page is clean" time="0.107536844">
        </testcase>
        <testcase classname="src/app/workspace/component/result-panel/result-table-frame/result-table-frame.component.spec.ts" name="ResultTableFrameComponent &gt; result update stream &gt; ignores snapshot updates, cleared entries, and updates for other operators" time="0.096476221">
        </testcase>
        <testcase classname="src/app/workspace/component/result-panel/result-table-frame/result-table-frame.component.spec.ts" name="ResultTableFrameComponent &gt; result update stream &gt; ignores updates when the frame has no operator" time="0.09848778">
        </testcase>
        <testcase classname="src/app/workspace/component/result-panel/result-table-frame/result-table-frame.component.spec.ts" name="ResultTableFrameComponent &gt; result table stats stream &gt; keeps the previous stats when both snapshots describe the same columns" time="0.122469919">
        </testcase>
        <testcase classname="src/app/workspace/component/result-panel/result-table-frame/result-table-frame.component.spec.ts" name="ResultTableFrameComponent &gt; result table stats stream &gt; falls back to the current stats when columns changed or no previous stats exist" time="0.097289292">
        </testcase>
        <testcase classname="src/app/workspace/component/result-panel/result-table-frame/result-table-frame.component.spec.ts" name="ResultTableFrameComponent &gt; result table stats stream &gt; ignores stats without an operator id or without an entry for this operator" time="0.24758091">
        </testcase>
        <testcase classname="src/app/workspace/component/result-panel/result-table-frame/result-table-frame.component.spec.ts" name="ResultTableFrameComponent &gt; checkKeys &gt; compares the column sets of two stats snapshots" time="0.074717857">
        </testcase>
        <testcase classname="src/app/workspace/component/result-panel/result-table-frame/result-table-frame.component.spec.ts" name="ResultTableFrameComponent &gt; compare &gt; highlights digits that changed since the previous stats in blue" time="0.083746285">
        </testcase>
        <testcase classname="src/app/workspace/component/result-panel/result-table-frame/result-table-frame.component.spec.ts" name="ResultTableFrameComponent &gt; compare &gt; renders every digit in black once the operator has finished" time="0.061636108">
        </testcase>
        <testcase classname="src/app/workspace/component/result-panel/result-table-frame/result-table-frame.component.spec.ts" name="ResultTableFrameComponent &gt; compare &gt; falls back to plain formatting when the previous stat is missing" time="0.125983565">
        </testcase>
        <testcase classname="src/app/workspace/component/result-panel/result-table-frame/result-table-frame.component.spec.ts" name="ResultTableFrameComponent &gt; panel resizing &gt; recomputes the page size from the available height" time="0.074933596">
        </testcase>
        <testcase classname="src/app/workspace/component/result-panel/result-table-frame/result-table-frame.component.spec.ts" name="ResultTableFrameComponent &gt; panel resizing &gt; clamps the page index to the last available page when the panel shrinks" time="0.123494155">
        </testcase>
        <testcase classname="src/app/workspace/component/result-panel/result-table-frame/result-table-frame.component.spec.ts" name="ResultTableFrameComponent &gt; onTableQueryParamsChange &gt; ignores page changes under front-end pagination or without an operator" time="0.074775327">
        </testcase>
        <testcase classname="src/app/workspace/component/result-panel/result-table-frame/result-table-frame.component.spec.ts" name="ResultTableFrameComponent &gt; onTableQueryParamsChange &gt; fetches the newly selected page from the paginated result service" time="0.12294489">
        </testcase>
        <testcase classname="src/app/workspace/component/result-panel/result-table-frame/result-table-frame.component.spec.ts" name="ResultTableFrameComponent &gt; row detail modal &gt; opens the modal for the absolute row index with working footer navigation" time="0.054861735">
        </testcase>
        <testcase classname="src/app/workspace/component/result-panel/result-table-frame/result-table-frame.component.spec.ts" name="ResultTableFrameComponent &gt; downloadData &gt; opens the export modal for the clicked cell&apos;s absolute row index" time="0.06891886">
        </testcase>
        <testcase classname="src/app/workspace/component/result-panel/result-table-frame/result-table-frame.component.spec.ts" name="ResultTableFrameComponent &gt; column navigation and search &gt; shifts columns left only when a positive offset exists" time="0.058929951">
        </testcase>
        <testcase classname="src/app/workspace/component/result-panel/result-table-frame/result-table-frame.component.spec.ts" name="ResultTableFrameComponent &gt; column navigation and search &gt; shifts columns right only when a full page of columns is shown" time="0.058573664">
        </testcase>
        <testcase classname="src/app/workspace/component/result-panel/result-table-frame/result-table-frame.component.spec.ts" name="ResultTableFrameComponent &gt; column navigation and search &gt; typing in the column search resets the offset and refetches" time="0.206923612">
        </testcase>
        <testcase classname="src/app/workspace/component/result-panel/result-table-frame/result-table-frame.component.spec.ts" name="ResultTableFrameComponent &gt; template rendering &gt; shows the empty-result hint and hides the table until results arrive" time="0.093933276">
        </testcase>
        <testcase classname="src/app/workspace/component/result-panel/result-table-frame/result-table-frame.component.spec.ts" name="ResultTableFrameComponent &gt; template rendering &gt; renders headers, per-column stats, and clickable row cells once results arrive" time="0.197084978">
        </testcase>
        <testcase classname="src/app/workspace/component/result-panel/result-table-frame/result-table-frame.component.spec.ts" name="ResultTableFrameComponent &gt; should detect media URLs for result cells" time="0.070962172">
        </testcase>
        <testcase classname="src/app/workspace/component/result-panel/result-table-frame/result-table-frame.component.spec.ts" name="ResultTableFrameComponent &gt; should reject non-media values for result cells" time="0.08601152">
        </testcase>
        <testcase classname="src/app/workspace/component/result-panel/result-table-frame/result-table-frame.component.spec.ts" name="ResultTableFrameComponent &gt; media-type util helpers should classify URLs consistently" time="0.044292303">
        </testcase>
        <testcase classname="src/app/workspace/component/result-panel/result-table-frame/result-table-frame.component.spec.ts" name="ResultTableFrameComponent &gt; media cell rendering in table &gt; should render Play Video indicator for video URL cells" time="0.097654706">
        </testcase>
        <testcase classname="src/app/workspace/component/result-panel/result-table-frame/result-table-frame.component.spec.ts" name="ResultTableFrameComponent &gt; media cell rendering in table &gt; should render Play Audio indicator for audio URL cells" time="0.179429898">
        </testcase>
        <testcase classname="src/app/workspace/component/result-panel/result-table-frame/result-table-frame.component.spec.ts" name="ResultTableFrameComponent &gt; media cell rendering in table &gt; should render View Image indicator for image URL cells" time="0.128258065">
        </testcase>
        <testcase classname="src/app/workspace/component/result-panel/result-table-frame/result-table-frame.component.spec.ts" name="ResultTableFrameComponent &gt; media cell rendering in table &gt; should render plain text for non-media cell values" time="0.078985229">
        </testcase>
        <testcase classname="src/app/workspace/component/result-panel/result-table-frame/result-table-frame.component.spec.ts" name="ResultTableFrameComponent &gt; media cell rendering in table &gt; should render column headers matching the row keys" time="0.145664687">
        </testcase>
    </testsuite>
    <testsuite name="src/app/workspace/component/workflow-editor/comment-box-modal/nz-modal-comment-box.component.spec.ts" timestamp="2026-08-04T22:49:30.470Z" hostname="ali-Inspiron-15-3520" tests="15" failures="0" errors="0" skipped="0" time="0.468822561">
        <testcase classname="src/app/workspace/component/workflow-editor/comment-box-modal/nz-modal-comment-box.component.spec.ts" name="NzModalCommentBoxComponent &gt; should create and render a comment from the box" time="0.125378109">
        </testcase>
        <testcase classname="src/app/workspace/component/workflow-editor/comment-box-modal/nz-modal-comment-box.component.spec.ts" name="NzModalCommentBoxComponent &gt; onClickAddComment adds the comment for the current user and clears the input" time="0.031725186">
        </testcase>
        <testcase classname="src/app/workspace/component/workflow-editor/comment-box-modal/nz-modal-comment-box.component.spec.ts" name="NzModalCommentBoxComponent &gt; onClickAddComment does not add when there is no current user" time="0.020021991">
        </testcase>
        <testcase classname="src/app/workspace/component/workflow-editor/comment-box-modal/nz-modal-comment-box.component.spec.ts" name="NzModalCommentBoxComponent &gt; deleteComment forwards to the service with the box id when a user is present" time="0.017300331">
        </testcase>
        <testcase classname="src/app/workspace/component/workflow-editor/comment-box-modal/nz-modal-comment-box.component.spec.ts" name="NzModalCommentBoxComponent &gt; deleteComment is a no-op without a current user" time="0.019316886">
        </testcase>
        <testcase classname="src/app/workspace/component/workflow-editor/comment-box-modal/nz-modal-comment-box.component.spec.ts" name="NzModalCommentBoxComponent &gt; editComment forwards the new content to the service and resets editValue" time="0.019407828">
        </testcase>
        <testcase classname="src/app/workspace/component/workflow-editor/comment-box-modal/nz-modal-comment-box.component.spec.ts" name="NzModalCommentBoxComponent &gt; replyToComment appends a quoted mention to the input" time="0.020546921">
        </testcase>
        <testcase classname="src/app/workspace/component/workflow-editor/comment-box-modal/nz-modal-comment-box.component.spec.ts" name="NzModalCommentBoxComponent &gt; onKeyDown submits the comment on Ctrl/Cmd+Enter and ignores other keys" time="0.024806831">
        </testcase>
        <testcase classname="src/app/workspace/component/workflow-editor/comment-box-modal/nz-modal-comment-box.component.spec.ts" name="NzModalCommentBoxComponent &gt; edit flows &gt; toggleEditInput is a no-op when its DOM targets are missing" time="0.036396022">
        </testcase>
        <testcase classname="src/app/workspace/component/workflow-editor/comment-box-modal/nz-modal-comment-box.component.spec.ts" name="NzModalCommentBoxComponent &gt; edit flows &gt; toggleEditInput opens the editor, hides the comment, and loads its text" time="0.021131278">
        </testcase>
        <testcase classname="src/app/workspace/component/workflow-editor/comment-box-modal/nz-modal-comment-box.component.spec.ts" name="NzModalCommentBoxComponent &gt; edit flows &gt; toggleEditInput closes the editor and clears editValue on the second toggle" time="0.021424044">
        </testcase>
        <testcase classname="src/app/workspace/component/workflow-editor/comment-box-modal/nz-modal-comment-box.component.spec.ts" name="NzModalCommentBoxComponent &gt; edit flows &gt; editComment is a no-op without a current user and preserves editValue" time="0.019108842">
        </testcase>
        <testcase classname="src/app/workspace/component/workflow-editor/comment-box-modal/nz-modal-comment-box.component.spec.ts" name="NzModalCommentBoxComponent &gt; edit flows &gt; editComment saves the new content and then hides the edit textarea and button" time="0.024884585">
        </testcase>
        <testcase classname="src/app/workspace/component/workflow-editor/comment-box-modal/nz-modal-comment-box.component.spec.ts" name="NzModalCommentBoxComponent &gt; edit flows &gt; editComment still saves when the edit DOM targets are absent (guarded tail)" time="0.01995316">
        </testcase>
        <testcase classname="src/app/workspace/component/workflow-editor/comment-box-modal/nz-modal-comment-box.component.spec.ts" name="NzModalCommentBoxComponent &gt; the window:keydown host binding submits the comment on Ctrl+Enter" time="0.045282947">
        </testcase>
    </testsuite>
    <testsuite name="src/app/workspace/component/workflow-editor/mini-map/mini-map.component.spec.ts" timestamp="2026-08-04T22:49:30.474Z" hostname="ali-Inspiron-15-3520" tests="1" failures="0" errors="0" skipped="0" time="0.170551982">
        <testcase classname="src/app/workspace/component/workflow-editor/mini-map/mini-map.component.spec.ts" name="MiniMapComponent &gt; should create" time="0.170026553">
        </testcase>
    </testsuite>
    <testsuite name="src/app/workspace/service/workflow-graph/util/workflow-util.service.spec.ts" timestamp="2026-08-04T22:49:30.474Z" hostname="ali-Inspiron-15-3520" tests="13" failures="0" errors="0" skipped="0" time="0.617081909">
        <testcase classname="src/app/workspace/service/workflow-graph/util/workflow-util.service.spec.ts" name="WorkflowUtilService &gt; should be created" time="0.007531066">
        </testcase>
        <testcase classname="src/app/workspace/service/workflow-graph/util/workflow-util.service.spec.ts" name="WorkflowUtilService &gt; should be able to generate an operator predicate properly given a valid operator type" time="0.131945159">
        </testcase>
        <testcase classname="src/app/workspace/service/workflow-graph/util/workflow-util.service.spec.ts" name="WorkflowUtilService &gt; should throw an error when trying to generate an operator predicate with non exist operator type" time="0.008523674">
        </testcase>
        <testcase classname="src/app/workspace/service/workflow-graph/util/workflow-util.service.spec.ts" name="WorkflowUtilService &gt; should be able to generate different operator IDs" time="0.011002035">
        </testcase>
        <testcase classname="src/app/workspace/service/workflow-graph/util/workflow-util.service.spec.ts" name="WorkflowUtilService &gt; should be able to generate different link IDs" time="0.013198615">
        </testcase>
        <testcase classname="src/app/workspace/service/workflow-graph/util/workflow-util.service.spec.ts" name="WorkflowUtilService &gt; should be able to assign different operator IDs to newly generated operators" time="0.401838511">
        </testcase>
        <testcase classname="src/app/workspace/service/workflow-graph/util/workflow-util.service.spec.ts" name="WorkflowUtilService &gt; should rebuild ports and version from the schema when the operator has no ports" time="0.007116076">
        </testcase>
        <testcase classname="src/app/workspace/service/workflow-graph/util/workflow-util.service.spec.ts" name="WorkflowUtilService &gt; should keep the operator&apos;s existing ports when they are already present" time="0.005183575">
        </testcase>
        <testcase classname="src/app/workspace/service/workflow-graph/util/workflow-util.service.spec.ts" name="WorkflowUtilService &gt; should throw an error when updating the version of an operator with an unknown type" time="0.005637202">
        </testcase>
        <testcase classname="src/app/workspace/service/workflow-graph/util/workflow-util.service.spec.ts" name="WorkflowUtilService &gt; should parse the workflow content string into an object" time="0.005657688">
        </testcase>
        <testcase classname="src/app/workspace/service/workflow-graph/util/workflow-util.service.spec.ts" name="WorkflowUtilService &gt; should leave workflow content untouched when it is already an object" time="0.005632">
        </testcase>
        <testcase classname="src/app/workspace/service/workflow-graph/util/workflow-util.service.spec.ts" name="WorkflowUtilService &gt; should create a fresh comment box at the default position" time="0.006074747">
        </testcase>
        <testcase classname="src/app/workspace/service/workflow-graph/util/workflow-util.service.spec.ts" name="WorkflowUtilService &gt; should generate a distinct comment box each time" time="0.005759028">
        </testcase>
    </testsuite>
    <testsuite name="src/app/workspace/service/workflow-graph/model/coeditor-presence.service.spec.ts" timestamp="2026-08-04T22:49:30.477Z" hostname="ali-Inspiron-15-3520" tests="24" failures="0" errors="0" skipped="0" time="0.372056376">
        <testcase classname="src/app/workspace/service/workflow-graph/model/coeditor-presence.service.spec.ts" name="CoeditorPresenceService &gt; should be created" time="0.023563899">
        </testcase>
        <testcase classname="src/app/workspace/service/workflow-graph/model/coeditor-presence.service.spec.ts" name="CoeditorPresenceService &gt; co-editor join and leave &gt; registers a remote co-editor and draws its cursor pointer" time="0.016598536">
        </testcase>
        <testcase classname="src/app/workspace/service/workflow-graph/model/coeditor-presence.service.spec.ts" name="CoeditorPresenceService &gt; co-editor join and leave &gt; does not register the same co-editor twice" time="0.013551603">
        </testcase>
        <testcase classname="src/app/workspace/service/workflow-graph/model/coeditor-presence.service.spec.ts" name="CoeditorPresenceService &gt; co-editor join and leave &gt; ignores added events for the local client" time="0.010095493">
        </testcase>
        <testcase classname="src/app/workspace/service/workflow-graph/model/coeditor-presence.service.spec.ts" name="CoeditorPresenceService &gt; co-editor join and leave &gt; unregisters a co-editor and removes its cursor when its state is dropped" time="0.011961578">
        </testcase>
        <testcase classname="src/app/workspace/service/workflow-graph/model/coeditor-presence.service.spec.ts" name="CoeditorPresenceService &gt; co-editor join and leave &gt; keeps a co-editor whose state is still present when a removal event arrives" time="0.011491066">
        </testcase>
        <testcase classname="src/app/workspace/service/workflow-graph/model/coeditor-presence.service.spec.ts" name="CoeditorPresenceService &gt; co-editor join and leave &gt; registers an unseen co-editor arriving through an update event" time="0.010432517">
        </testcase>
        <testcase classname="src/app/workspace/service/workflow-graph/model/coeditor-presence.service.spec.ts" name="CoeditorPresenceService &gt; co-editor join and leave &gt; ignores update events from the local client" time="0.009543558">
        </testcase>
        <testcase classname="src/app/workspace/service/workflow-graph/model/coeditor-presence.service.spec.ts" name="CoeditorPresenceService &gt; re-observing after a new yDoc is loaded &gt; tears down and re-registers remote co-editors" time="0.013977976">
        </testcase>
        <testcase classname="src/app/workspace/service/workflow-graph/model/coeditor-presence.service.spec.ts" name="CoeditorPresenceService &gt; re-observing after a new yDoc is loaded &gt; does not register the local user during first-time registration" time="0.009265307">
        </testcase>
        <testcase classname="src/app/workspace/service/workflow-graph/model/coeditor-presence.service.spec.ts" name="CoeditorPresenceService &gt; shadowing mode &gt; highlights the shadowed co-editor&apos;s operator and re-emits its open code editor" time="0.023049216">
        </testcase>
        <testcase classname="src/app/workspace/service/workflow-graph/model/coeditor-presence.service.spec.ts" name="CoeditorPresenceService &gt; shadowing mode &gt; does not re-emit code-editor state when the shadowed co-editor has none" time="0.019104395">
        </testcase>
        <testcase classname="src/app/workspace/service/workflow-graph/model/coeditor-presence.service.spec.ts" name="CoeditorPresenceService &gt; shadowing mode &gt; stops shadowing when the shadowed co-editor leaves" time="0.011064269">
        </testcase>
        <testcase classname="src/app/workspace/service/workflow-graph/model/coeditor-presence.service.spec.ts" name="CoeditorPresenceService &gt; currently-editing propagation &gt; shows and clears the currently-editing indicator" time="0.018238532">
        </testcase>
        <testcase classname="src/app/workspace/service/workflow-graph/model/coeditor-presence.service.spec.ts" name="CoeditorPresenceService &gt; currently-editing propagation &gt; highlights and unhighlights the edited operator while shadowing" time="0.02527987">
        </testcase>
        <testcase classname="src/app/workspace/service/workflow-graph/model/coeditor-presence.service.spec.ts" name="CoeditorPresenceService &gt; currently-editing propagation &gt; ignores currently-editing targets that are not in the graph" time="0.018202625">
        </testcase>
        <testcase classname="src/app/workspace/service/workflow-graph/model/coeditor-presence.service.spec.ts" name="CoeditorPresenceService &gt; operator highlight propagation &gt; mirrors incremental highlight and unhighlight changes" time="0.020112932">
        </testcase>
        <testcase classname="src/app/workspace/service/workflow-graph/model/coeditor-presence.service.spec.ts" name="CoeditorPresenceService &gt; property-changed propagation &gt; flashes the property-changed indicator and clears it after the timeout" time="0.017732086">
        </testcase>
        <testcase classname="src/app/workspace/service/workflow-graph/model/coeditor-presence.service.spec.ts" name="CoeditorPresenceService &gt; code editor open/close propagation &gt; emits open and close events for the shadowed co-editor" time="0.019468999">
        </testcase>
        <testcase classname="src/app/workspace/service/workflow-graph/model/coeditor-presence.service.spec.ts" name="CoeditorPresenceService &gt; code editor open/close propagation &gt; tracks code-editor state silently when not shadowing" time="0.022263453">
        </testcase>
        <testcase classname="src/app/workspace/service/workflow-graph/model/coeditor-presence.service.spec.ts" name="CoeditorPresenceService &gt; cursor propagation &gt; moves the pointer when an active co-editor&apos;s cursor position changes" time="0.012273241">
        </testcase>
        <testcase classname="src/app/workspace/service/workflow-graph/model/coeditor-presence.service.spec.ts" name="CoeditorPresenceService &gt; cursor propagation &gt; removes the pointer when the co-editor becomes inactive" time="0.011774337">
        </testcase>
        <testcase classname="src/app/workspace/service/workflow-graph/model/coeditor-presence.service.spec.ts" name="CoeditorPresenceService &gt; cursor propagation &gt; does not draw a pointer for an inactive or colorless co-editor" time="0.009449515">
        </testcase>
        <testcase classname="src/app/workspace/service/workflow-graph/model/coeditor-presence.service.spec.ts" name="CoeditorPresenceService &gt; cursor propagation &gt; removes the pointer without redrawing when the co-editor loses its color" time="0.011247249">
        </testcase>
    </testsuite>
    <testsuite name="src/app/workspace/service/workflow-graph/model/joint-graph-wrapper.spec.ts" timestamp="2026-08-04T22:49:30.482Z" hostname="ali-Inspiron-15-3520" tests="47" failures="0" errors="0" skipped="0" time="0.570230464">
        <testcase classname="src/app/workspace/service/workflow-graph/model/joint-graph-wrapper.spec.ts" name="JointGraphWrapperService &gt; should emit operator delete event correctly when operator is deleted by JointJS" time="0.015562235">
        </testcase>
        <testcase classname="src/app/workspace/service/workflow-graph/model/joint-graph-wrapper.spec.ts" name="JointGraphWrapperService &gt; should emit link add event correctly when a link is connected by JointJS" time="0.015539123">
        </testcase>
        <testcase classname="src/app/workspace/service/workflow-graph/model/joint-graph-wrapper.spec.ts" name="JointGraphWrapperService &gt; should emit link delete event correctly when a link is deleted by JointJS" time="0.013274165">
        </testcase>
        <testcase classname="src/app/workspace/service/workflow-graph/model/joint-graph-wrapper.spec.ts" name="JointGraphWrapperService &gt; should emit operator delete event and link delete event correctly
          when an operator along with one connected link are deleted by JointJS" time="0.010912149">
        </testcase>
        <testcase classname="src/app/workspace/service/workflow-graph/model/joint-graph-wrapper.spec.ts" name="JointGraphWrapperService &gt; should emit operator delete event and link delete event correctly when
        an operator along with multiple links are deleted by JointJS" time="0.010250966">
        </testcase>
        <testcase classname="src/app/workspace/service/workflow-graph/model/joint-graph-wrapper.spec.ts" name="JointGraphWrapperService &gt; should emit a highlight event correctly when an operator is highlighted" time="0.015368917">
        </testcase>
        <testcase classname="src/app/workspace/service/workflow-graph/model/joint-graph-wrapper.spec.ts" name="JointGraphWrapperService &gt; should emit a highlight event correctly when multiple operators are highlighted" time="0.014202485">
        </testcase>
        <testcase classname="src/app/workspace/service/workflow-graph/model/joint-graph-wrapper.spec.ts" name="JointGraphWrapperService &gt; should emit an unhighlight event correctly when an operator is unhighlighted" time="0.011319593">
        </testcase>
        <testcase classname="src/app/workspace/service/workflow-graph/model/joint-graph-wrapper.spec.ts" name="JointGraphWrapperService &gt; should emit an unhighlight event correctly when multiple operators are unhighlighted" time="0.013217669">
        </testcase>
        <testcase classname="src/app/workspace/service/workflow-graph/model/joint-graph-wrapper.spec.ts" name="JointGraphWrapperService &gt; should unhighlight previous highlighted operator if a new operator is highlighted" time="0.015927274">
        </testcase>
        <testcase classname="src/app/workspace/service/workflow-graph/model/joint-graph-wrapper.spec.ts" name="JointGraphWrapperService &gt; should ignore the action if trying to highlight the same currently highlighted operator" time="0.010928225">
        </testcase>
        <testcase classname="src/app/workspace/service/workflow-graph/model/joint-graph-wrapper.spec.ts" name="JointGraphWrapperService &gt; should unhighlight the currently highlighted operator if it is deleted" time="0.010048707">
        </testcase>
        <testcase classname="src/app/workspace/service/workflow-graph/model/joint-graph-wrapper.spec.ts" name="JointGraphWrapperService &gt; should get operator position successfully if the operator exists in the paper" time="0.010243401">
        </testcase>
        <testcase classname="src/app/workspace/service/workflow-graph/model/joint-graph-wrapper.spec.ts" name="JointGraphWrapperService &gt; should throw an error if operator does not exist in the paper when calling &apos;getElementPosition()&apos;" time="0.007551296">
        </testcase>
        <testcase classname="src/app/workspace/service/workflow-graph/model/joint-graph-wrapper.spec.ts" name="JointGraphWrapperService &gt; should throw an error if the id we are using is linkID when calling &apos;getElementPosition()&apos;" time="0.016404206">
        </testcase>
        <testcase classname="src/app/workspace/service/workflow-graph/model/joint-graph-wrapper.spec.ts" name="JointGraphWrapperService &gt; should repositions the operator successfully if the operator exists in the paper" time="0.010608587">
        </testcase>
        <testcase classname="src/app/workspace/service/workflow-graph/model/joint-graph-wrapper.spec.ts" name="JointGraphWrapperService &gt; should successfully set a new zoom property" time="0.003284151">
        </testcase>
        <testcase classname="src/app/workspace/service/workflow-graph/model/joint-graph-wrapper.spec.ts" name="JointGraphWrapperService &gt; should triggle getWorkflowEditorZoomStream when new zoom ratio is set" time="0.003580128">
        </testcase>
        <testcase classname="src/app/workspace/service/workflow-graph/model/joint-graph-wrapper.spec.ts" name="JointGraphWrapperService &gt; should trigger getRestorePaperOffsetStream when resumeDefaultZoomAndOffset is called" time="0.003723544">
        </testcase>
        <testcase classname="src/app/workspace/service/workflow-graph/model/joint-graph-wrapper.spec.ts" name="JointGraphWrapperService &gt; should move all highlighted operators together when any one of them is moved" time="0.012965635">
        </testcase>
        <testcase classname="src/app/workspace/service/workflow-graph/model/joint-graph-wrapper.spec.ts" name="JointGraphWrapperService &gt; when linkBreakpoint is enabled &gt; should emit link highlight event correctly when a link is selected" time="0.02268234">
        </testcase>
        <testcase classname="src/app/workspace/service/workflow-graph/model/joint-graph-wrapper.spec.ts" name="JointGraphWrapperService &gt; when linkBreakpoint is enabled &gt; should emit an unhighlight event correctly when an link is unhighlighted" time="0.020047952">
        </testcase>
        <testcase classname="src/app/workspace/service/workflow-graph/model/joint-graph-wrapper.spec.ts" name="JointGraphWrapperService &gt; when linkBreakpoint is enabled &gt; should emit an unhighlight event correctly when an highlighted link is deleted" time="0.029700511">
        </testcase>
        <testcase classname="src/app/workspace/service/workflow-graph/model/joint-graph-wrapper.spec.ts" name="JointGraphWrapperService &gt; when linkBreakpoint is enabled &gt; should unhighlight previous highlighted link if another link is selected/highlighted" time="0.029277904">
        </testcase>
        <testcase classname="src/app/workspace/service/workflow-graph/model/joint-graph-wrapper.spec.ts" name="JointGraphWrapperService &gt; when linkBreakpoint is enabled &gt; should unhighlight previous highlighted links if an operator is highlighted" time="0.021142849">
        </testcase>
        <testcase classname="src/app/workspace/service/workflow-graph/model/joint-graph-wrapper.spec.ts" name="JointGraphWrapperService &gt; regions displayed flag &gt; defaults to not displayed" time="0.005423398">
        </testcase>
        <testcase classname="src/app/workspace/service/workflow-graph/model/joint-graph-wrapper.spec.ts" name="JointGraphWrapperService &gt; regions displayed flag &gt; updates the value when set" time="0.004729205">
        </testcase>
        <testcase classname="src/app/workspace/service/workflow-graph/model/joint-graph-wrapper.spec.ts" name="JointGraphWrapperService &gt; regions displayed flag &gt; emits the current value to new subscribers and on every change" time="0.008592157">
        </testcase>
        <testcase classname="src/app/workspace/service/workflow-graph/model/joint-graph-wrapper.spec.ts" name="JointGraphWrapperService &gt; highlighting links, comment boxes and ports &gt; highlightLinks and unhighlightLinks track the current link ids and emit" time="0.01630787">
        </testcase>
        <testcase classname="src/app/workspace/service/workflow-graph/model/joint-graph-wrapper.spec.ts" name="JointGraphWrapperService &gt; highlighting links, comment boxes and ports &gt; highlightCommentBoxes and unhighlightCommentBoxes track the ids and emit" time="0.008740467">
        </testcase>
        <testcase classname="src/app/workspace/service/workflow-graph/model/joint-graph-wrapper.spec.ts" name="JointGraphWrapperService &gt; highlighting links, comment boxes and ports &gt; highlightPorts and unhighlightPorts track the current ports and emit" time="0.006537358">
        </testcase>
        <testcase classname="src/app/workspace/service/workflow-graph/model/joint-graph-wrapper.spec.ts" name="JointGraphWrapperService &gt; highlighting links, comment boxes and ports &gt; single-select mode (the default) unhighlights the previous element" time="0.015306859">
        </testcase>
        <testcase classname="src/app/workspace/service/workflow-graph/model/joint-graph-wrapper.spec.ts" name="JointGraphWrapperService &gt; highlighting links, comment boxes and ports &gt; multi-select mode keeps previously highlighted elements" time="0.016212134">
        </testcase>
        <testcase classname="src/app/workspace/service/workflow-graph/model/joint-graph-wrapper.spec.ts" name="JointGraphWrapperService &gt; highlighting links, comment boxes and ports &gt; getCurrentHighlights and getCurrentHighlightedIDs aggregate every family" time="0.015195468">
        </testcase>
        <testcase classname="src/app/workspace/service/workflow-graph/model/joint-graph-wrapper.spec.ts" name="JointGraphWrapperService &gt; highlighting links, comment boxes and ports &gt; unhighlightElements clears operators, links, comment boxes and ports together" time="0.017100903">
        </testcase>
        <testcase classname="src/app/workspace/service/workflow-graph/model/joint-graph-wrapper.spec.ts" name="JointGraphWrapperService &gt; highlighting links, comment boxes and ports &gt; exposes the group highlight streams, which operator highlighting does not touch" time="0.012795535">
        </testcase>
        <testcase classname="src/app/workspace/service/workflow-graph/model/joint-graph-wrapper.spec.ts" name="JointGraphWrapperService &gt; workflow flags &gt; setReloadingWorkflow round-trips through getReloadingWorkflow" time="0.00527993">
        </testcase>
        <testcase classname="src/app/workspace/service/workflow-graph/model/joint-graph-wrapper.spec.ts" name="JointGraphWrapperService &gt; workflow flags &gt; setListenPositionChange round-trips through getListenPositionChange" time="0.006048498">
        </testcase>
        <testcase classname="src/app/workspace/service/workflow-graph/model/joint-graph-wrapper.spec.ts" name="JointGraphWrapperService &gt; zoom ratio bounds &gt; setZoomProperty updates the ratio and emits it on the zoom stream" time="0.005599472">
        </testcase>
        <testcase classname="src/app/workspace/service/workflow-graph/model/joint-graph-wrapper.spec.ts" name="JointGraphWrapperService &gt; zoom ratio bounds &gt; isZoomRatioMin and isZoomRatioMax report the configured bounds" time="0.00512093">
        </testcase>
        <testcase classname="src/app/workspace/service/workflow-graph/model/joint-graph-wrapper.spec.ts" name="JointGraphWrapperService &gt; zoom ratio bounds &gt; restoreDefaultZoomAndOffset resets the ratio and signals a paper-offset restore" time="0.00577554">
        </testcase>
        <testcase classname="src/app/workspace/service/workflow-graph/model/joint-graph-wrapper.spec.ts" name="JointGraphWrapperService &gt; cell layer, breakpoints and position changes &gt; getCellLayer returns the cell&apos;s z index and throws for an unknown cell" time="0.008763664">
        </testcase>
        <testcase classname="src/app/workspace/service/workflow-graph/model/joint-graph-wrapper.spec.ts" name="JointGraphWrapperService &gt; cell layer, breakpoints and position changes &gt; getLinkIDsWithBreakpoint starts empty" time="0.004444212">
        </testcase>
        <testcase classname="src/app/workspace/service/workflow-graph/model/joint-graph-wrapper.spec.ts" name="JointGraphWrapperService &gt; cell layer, breakpoints and position changes &gt; getElementPositionChangeEvent reports the old and new position of a moved element" time="0.009580984">
        </testcase>
        <testcase classname="src/app/workspace/service/workflow-graph/model/joint-graph-wrapper.spec.ts" name="JointGraphWrapperService &gt; coeditor presence without an attached paper &gt; add/deleteCoeditorOperatorHighlight are no-ops when no paper is attached" time="0.006838582">
        </testcase>
        <testcase classname="src/app/workspace/service/workflow-graph/model/joint-graph-wrapper.spec.ts" name="JointGraphWrapperService &gt; coeditor presence without an attached paper &gt; setCurrentEditing returns an interval that removeCurrentEditing clears" time="0.01016952">
        </testcase>
        <testcase classname="src/app/workspace/service/workflow-graph/model/joint-graph-wrapper.spec.ts" name="JointGraphWrapperService &gt; coeditor presence without an attached paper &gt; set/removePropertyChanged are no-ops when no paper is attached" time="0.017426779">
        </testcase>
    </testsuite>
    <testsuite name="src/app/workspace/service/workflow-graph/model/shared-model-change-handler.spec.ts" timestamp="2026-08-04T22:49:30.489Z" hostname="ali-Inspiron-15-3520" tests="29" failures="0" errors="0" skipped="0" time="0.803724539">
        <testcase classname="src/app/workspace/service/workflow-graph/model/shared-model-change-handler.spec.ts" name="SharedModelChangeHandler &gt; operator add and delete &gt; should emit operatorAddSubject and add a joint element when an operator is added" time="0.030347007">
        </testcase>
        <testcase classname="src/app/workspace/service/workflow-graph/model/shared-model-change-handler.spec.ts" name="SharedModelChangeHandler &gt; operator add and delete &gt; should throw when adding an operator that has no entry in the position map" time="0.015574704">
        </testcase>
        <testcase classname="src/app/workspace/service/workflow-graph/model/shared-model-change-handler.spec.ts" name="SharedModelChangeHandler &gt; operator add and delete &gt; should highlight all newly added operators in multi-select mode when several are added together" time="0.067155661">
        </testcase>
        <testcase classname="src/app/workspace/service/workflow-graph/model/shared-model-change-handler.spec.ts" name="SharedModelChangeHandler &gt; operator add and delete &gt; should emit operatorDeleteSubject and remove the joint element (unhighlighting first) when an operator is deleted" time="0.029822982">
        </testcase>
        <testcase classname="src/app/workspace/service/workflow-graph/model/shared-model-change-handler.spec.ts" name="SharedModelChangeHandler &gt; link add and delete &gt; should emit linkAddSubject and add a joint link cell when a valid link is added" time="0.024318838">
        </testcase>
        <testcase classname="src/app/workspace/service/workflow-graph/model/shared-model-change-handler.spec.ts" name="SharedModelChangeHandler &gt; link add and delete &gt; should emit linkDeleteSubject and remove the joint link cell when a link is deleted" time="0.039874908">
        </testcase>
        <testcase classname="src/app/workspace/service/workflow-graph/model/shared-model-change-handler.spec.ts" name="SharedModelChangeHandler &gt; link add and delete &gt; should repair the shared model (and not emit linkAddSubject) when an invalid link is added directly" time="0.02487589">
        </testcase>
        <testcase classname="src/app/workspace/service/workflow-graph/model/shared-model-change-handler.spec.ts" name="SharedModelChangeHandler &gt; element position change &gt; should reposition the joint element when the element position map is updated" time="0.025496679">
        </testcase>
        <testcase classname="src/app/workspace/service/workflow-graph/model/shared-model-change-handler.spec.ts" name="SharedModelChangeHandler &gt; comment box add and delete &gt; should emit commentBoxAddSubject and add a joint comment element when a comment box is added" time="0.027968758">
        </testcase>
        <testcase classname="src/app/workspace/service/workflow-graph/model/shared-model-change-handler.spec.ts" name="SharedModelChangeHandler &gt; comment box add and delete &gt; should remove the joint comment element when a comment box is deleted" time="0.035942538">
        </testcase>
        <testcase classname="src/app/workspace/service/workflow-graph/model/shared-model-change-handler.spec.ts" name="SharedModelChangeHandler &gt; deep operator changes &gt; should emit viewResultOperatorChangedSubject when the view-result flag is toggled on and off" time="0.028350177">
        </testcase>
        <testcase classname="src/app/workspace/service/workflow-graph/model/shared-model-change-handler.spec.ts" name="SharedModelChangeHandler &gt; deep operator changes &gt; should emit reuseOperatorChangedSubject when the reuse-cache flag is toggled on and off" time="0.023510827">
        </testcase>
        <testcase classname="src/app/workspace/service/workflow-graph/model/shared-model-change-handler.spec.ts" name="SharedModelChangeHandler &gt; deep operator changes &gt; should emit disabledOperatorChangedSubject when the operator is disabled and enabled" time="0.034786817">
        </testcase>
        <testcase classname="src/app/workspace/service/workflow-graph/model/shared-model-change-handler.spec.ts" name="SharedModelChangeHandler &gt; deep operator changes &gt; should emit operatorPropertyChangeSubject when the operator properties change" time="0.0217566">
        </testcase>
        <testcase classname="src/app/workspace/service/workflow-graph/model/shared-model-change-handler.spec.ts" name="SharedModelChangeHandler &gt; deep operator changes &gt; should update local awareness when the currently-edited operator&apos;s property changes locally" time="0.019501556">
        </testcase>
        <testcase classname="src/app/workspace/service/workflow-graph/model/shared-model-change-handler.spec.ts" name="SharedModelChangeHandler &gt; deep operator changes &gt; should emit operatorPropertyChangeSubject when the whole operatorProperties type is replaced" time="0.016727075">
        </testcase>
        <testcase classname="src/app/workspace/service/workflow-graph/model/shared-model-change-handler.spec.ts" name="SharedModelChangeHandler &gt; deep operator changes &gt; should throw on an unrecognized nested operator change" time="0.019078967">
        </testcase>
        <testcase classname="src/app/workspace/service/workflow-graph/model/shared-model-change-handler.spec.ts" name="SharedModelChangeHandler &gt; deep operator changes &gt; should emit operatorDisplayNameChangedSubject when the custom display name text changes" time="0.02432591">
        </testcase>
        <testcase classname="src/app/workspace/service/workflow-graph/model/shared-model-change-handler.spec.ts" name="SharedModelChangeHandler &gt; port events &gt; should emit portAddedOrDeletedSubject and add a joint port when an output port is added" time="0.022211704">
        </testcase>
        <testcase classname="src/app/workspace/service/workflow-graph/model/shared-model-change-handler.spec.ts" name="SharedModelChangeHandler &gt; port events &gt; should emit portAddedOrDeletedSubject and add a joint port when an input port is added" time="0.023263236">
        </testcase>
        <testcase classname="src/app/workspace/service/workflow-graph/model/shared-model-change-handler.spec.ts" name="SharedModelChangeHandler &gt; port events &gt; should emit portAddedOrDeletedSubject and remove a joint port when input and output ports are removed" time="0.065800484">
        </testcase>
        <testcase classname="src/app/workspace/service/workflow-graph/model/shared-model-change-handler.spec.ts" name="SharedModelChangeHandler &gt; port events &gt; should emit portDisplayNameChangedSubject when a port&apos;s display name text changes" time="0.020712931">
        </testcase>
        <testcase classname="src/app/workspace/service/workflow-graph/model/shared-model-change-handler.spec.ts" name="SharedModelChangeHandler &gt; port events &gt; should emit portPropertyChangedSubject when a port&apos;s partition/dependency properties change" time="0.030828493">
        </testcase>
        <testcase classname="src/app/workspace/service/workflow-graph/model/shared-model-change-handler.spec.ts" name="SharedModelChangeHandler &gt; deep comment box changes &gt; should emit commentBoxAddCommentSubject when a comment is added" time="0.014944102">
        </testcase>
        <testcase classname="src/app/workspace/service/workflow-graph/model/shared-model-change-handler.spec.ts" name="SharedModelChangeHandler &gt; deep comment box changes &gt; should emit commentBoxDeleteCommentSubject when a comment is deleted" time="0.017553339">
        </testcase>
        <testcase classname="src/app/workspace/service/workflow-graph/model/shared-model-change-handler.spec.ts" name="SharedModelChangeHandler &gt; deep comment box changes &gt; should emit commentBoxEditCommentSubject when a comment is edited in place" time="0.023665529">
        </testcase>
        <testcase classname="src/app/workspace/service/workflow-graph/model/shared-model-change-handler.spec.ts" name="SharedModelChangeHandler &gt; new Y doc reload &gt; should re-register the observers on the freshly loaded shared model" time="0.020107135">
        </testcase>
        <testcase classname="src/app/workspace/service/workflow-graph/model/shared-model-change-handler.spec.ts" name="SharedModelChangeHandler &gt; async rendering path &gt; should batch-add operators onto the joint graph when async rendering is enabled" time="0.023416764">
        </testcase>
        <testcase classname="src/app/workspace/service/workflow-graph/model/shared-model-change-handler.spec.ts" name="SharedModelChangeHandler &gt; async rendering path &gt; should batch-add links onto the joint graph when async rendering is enabled" time="0.02955612">
        </testcase>
    </testsuite>
    <testsuite name="src/app/workspace/service/workflow-graph/model/sync-texera-model.spec.ts" timestamp="2026-08-04T22:49:30.494Z" hostname="ali-Inspiron-15-3520" tests="9" failures="0" errors="0" skipped="0" time="0.035024436">
        <testcase classname="src/app/workspace/service/workflow-graph/model/sync-texera-model.spec.ts" name="SyncTexeraModel &gt; should add a link when link add event happen from JointJS" time="0.00722152">
        </testcase>
        <testcase classname="src/app/workspace/service/workflow-graph/model/sync-texera-model.spec.ts" name="SyncTexeraModel &gt; should not create a link when an incomplete link is added in JointJS" time="0.003172486">
        </testcase>
        <testcase classname="src/app/workspace/service/workflow-graph/model/sync-texera-model.spec.ts" name="SyncTexeraModel &gt; should delete a link when link delete event happens from JointJS" time="0.003817526">
        </testcase>
        <testcase classname="src/app/workspace/service/workflow-graph/model/sync-texera-model.spec.ts" name="SyncTexeraModel &gt; should ignore JointJS link delete event of an incomplete link" time="0.003214329">
        </testcase>
        <testcase classname="src/app/workspace/service/workflow-graph/model/sync-texera-model.spec.ts" name="SyncTexeraModel &gt; should delete the link when a link is detached from the target port" time="0.004476726">
        </testcase>
        <testcase classname="src/app/workspace/service/workflow-graph/model/sync-texera-model.spec.ts" name="SyncTexeraModel &gt; should delete and then re-add the link if link target is changed from one port to another" time="0.004982437">
        </testcase>
        <testcase classname="src/app/workspace/service/workflow-graph/model/sync-texera-model.spec.ts" name="SyncTexeraModel &gt; getOperatorLink &gt; transforms a fully connected joint link into the matching OperatorLink" time="0.002524383">
        </testcase>
        <testcase classname="src/app/workspace/service/workflow-graph/model/sync-texera-model.spec.ts" name="SyncTexeraModel &gt; getOperatorLink &gt; throws when the joint link has no source attribute" time="0.002579719">
        </testcase>
        <testcase classname="src/app/workspace/service/workflow-graph/model/sync-texera-model.spec.ts" name="SyncTexeraModel &gt; getOperatorLink &gt; throws when the joint link has no target attribute" time="0.002237927">
        </testcase>
    </testsuite>
    <testsuite name="src/app/workspace/service/workflow-graph/model/workflow-action.service.spec.ts" timestamp="2026-08-04T22:49:30.495Z" hostname="ali-Inspiron-15-3520" tests="55" failures="0" errors="0" skipped="0" time="1.013470176">
        <testcase classname="src/app/workspace/service/workflow-graph/model/workflow-action.service.spec.ts" name="WorkflowActionService &gt; should be created" time="0.009910367">
        </testcase>
        <testcase classname="src/app/workspace/service/workflow-graph/model/workflow-action.service.spec.ts" name="WorkflowActionService &gt; should add an operator to both jointjs and texera graph correctly" time="0.013873406">
        </testcase>
        <testcase classname="src/app/workspace/service/workflow-graph/model/workflow-action.service.spec.ts" name="WorkflowActionService &gt; should add commentBox to both jointjs and texera graph correctly" time="0.018667336">
        </testcase>
        <testcase classname="src/app/workspace/service/workflow-graph/model/workflow-action.service.spec.ts" name="WorkflowActionService &gt; should throw an error when adding an existed operator" time="0.017705963">
        </testcase>
        <testcase classname="src/app/workspace/service/workflow-graph/model/workflow-action.service.spec.ts" name="WorkflowActionService &gt; should throw an error when adding an operator with invalid operator type" time="0.008956688">
        </testcase>
        <testcase classname="src/app/workspace/service/workflow-graph/model/workflow-action.service.spec.ts" name="WorkflowActionService &gt; should delete an operator to both jointjs and texera graph correctly" time="0.008444033">
        </testcase>
        <testcase classname="src/app/workspace/service/workflow-graph/model/workflow-action.service.spec.ts" name="WorkflowActionService &gt; should throw an error when trying to delete an non-existing operator" time="0.005915335">
        </testcase>
        <testcase classname="src/app/workspace/service/workflow-graph/model/workflow-action.service.spec.ts" name="WorkflowActionService &gt; should add a link to both jointjs and texera graph correctly" time="0.010452823">
        </testcase>
        <testcase classname="src/app/workspace/service/workflow-graph/model/workflow-action.service.spec.ts" name="WorkflowActionService &gt; should throw appropriate errors when adding various types of incorrect links" time="0.01523253">
        </testcase>
        <testcase classname="src/app/workspace/service/workflow-graph/model/workflow-action.service.spec.ts" name="WorkflowActionService &gt; should delete a link by link ID from both jointjs and texera graph correctly" time="0.018014977">
        </testcase>
        <testcase classname="src/app/workspace/service/workflow-graph/model/workflow-action.service.spec.ts" name="WorkflowActionService &gt; should delete a link by source and target from both jointjs and texera graph correctly" time="0.016885311">
        </testcase>
        <testcase classname="src/app/workspace/service/workflow-graph/model/workflow-action.service.spec.ts" name="WorkflowActionService &gt; should throw an error when trying to delete non-existing link" time="0.027535655">
        </testcase>
        <testcase classname="src/app/workspace/service/workflow-graph/model/workflow-action.service.spec.ts" name="WorkflowActionService &gt; should set operator property to texera graph correctly" time="0.011104909">
        </testcase>
        <testcase classname="src/app/workspace/service/workflow-graph/model/workflow-action.service.spec.ts" name="WorkflowActionService &gt; should throw an error when trying to set operator property of an nonexist operator" time="0.005544909">
        </testcase>
        <testcase classname="src/app/workspace/service/workflow-graph/model/workflow-action.service.spec.ts" name="WorkflowActionService &gt; should handle delete an operator causing connected links to be deleted correctly" time="0.022288495">
        </testcase>
        <testcase classname="src/app/workspace/service/workflow-graph/model/workflow-action.service.spec.ts" name="WorkflowActionService &gt; should reformat the workflow" time="0.069170649">
        </testcase>
        <testcase classname="src/app/workspace/service/workflow-graph/model/workflow-action.service.spec.ts" name="WorkflowActionService &gt; should reload a workflow, repopulating the graph and clearing the undo/redo stacks" time="0.021022378">
        </testcase>
        <testcase classname="src/app/workspace/service/workflow-graph/model/workflow-action.service.spec.ts" name="WorkflowActionService &gt; should throw when a reloaded operator is missing its position" time="0.016137603">
        </testcase>
        <testcase classname="src/app/workspace/service/workflow-graph/model/workflow-action.service.spec.ts" name="WorkflowActionService &gt; should empty the graph and skip viewport restore when reloading undefined" time="0.025670475">
        </testcase>
        <testcase classname="src/app/workspace/service/workflow-graph/model/workflow-action.service.spec.ts" name="WorkflowActionService &gt; should clear the workflow back to its defaults" time="0.022216983">
        </testcase>
        <testcase classname="src/app/workspace/service/workflow-graph/model/workflow-action.service.spec.ts" name="WorkflowActionService &gt; should emit on workflowChanged when resetting as a new workflow" time="0.007429511">
        </testcase>
        <testcase classname="src/app/workspace/service/workflow-graph/model/workflow-action.service.spec.ts" name="WorkflowActionService &gt; should only emit metadata changes when the reference changes" time="0.007517985">
        </testcase>
        <testcase classname="src/app/workspace/service/workflow-graph/model/workflow-action.service.spec.ts" name="WorkflowActionService &gt; should set the workflow name, defaulting blank names" time="0.00717436">
        </testcase>
        <testcase classname="src/app/workspace/service/workflow-graph/model/workflow-action.service.spec.ts" name="WorkflowActionService &gt; should manage workflow settings and publish state" time="0.005777926">
        </testcase>
        <testcase classname="src/app/workspace/service/workflow-graph/model/workflow-action.service.spec.ts" name="WorkflowActionService &gt; should toggle the shared-editing connection through temp workflow" time="0.009218446">
        </testcase>
        <testcase classname="src/app/workspace/service/workflow-graph/model/workflow-action.service.spec.ts" name="WorkflowActionService &gt; should add a dynamic input port to both the texera and joint graphs" time="0.027515038">
        </testcase>
        <testcase classname="src/app/workspace/service/workflow-graph/model/workflow-action.service.spec.ts" name="WorkflowActionService &gt; should honor disallowMultiInputs when adding an input port" time="0.071849623">
        </testcase>
        <testcase classname="src/app/workspace/service/workflow-graph/model/workflow-action.service.spec.ts" name="WorkflowActionService &gt; should remove the last dynamic port from both the texera and joint graphs" time="0.037807436">
        </testcase>
        <testcase classname="src/app/workspace/service/workflow-graph/model/workflow-action.service.spec.ts" name="WorkflowActionService &gt; should throw when adding a port to an operator without dynamic ports" time="0.020615345">
        </testcase>
        <testcase classname="src/app/workspace/service/workflow-graph/model/workflow-action.service.spec.ts" name="WorkflowActionService &gt; should disable and enable operators, reflecting in the graph and change stream" time="0.017985302">
        </testcase>
        <testcase classname="src/app/workspace/service/workflow-graph/model/workflow-action.service.spec.ts" name="WorkflowActionService &gt; should mark and unmark operators for result reuse" time="0.016678785">
            <system-out>
seeting marked for reuse in shared model

            </system-out>
        </testcase>
        <testcase classname="src/app/workspace/service/workflow-graph/model/workflow-action.service.spec.ts" name="WorkflowActionService &gt; should set and unset operators for viewing results" time="0.068611832">
        </testcase>
        <testcase classname="src/app/workspace/service/workflow-graph/model/workflow-action.service.spec.ts" name="WorkflowActionService &gt; should highlight and unhighlight ports honoring multiselect mode" time="0.010839223">
        </testcase>
        <testcase classname="src/app/workspace/service/workflow-graph/model/workflow-action.service.spec.ts" name="WorkflowActionService &gt; should highlight mixed operator and comment-box elements with multiselect" time="0.019064031">
        </testcase>
        <testcase classname="src/app/workspace/service/workflow-graph/model/workflow-action.service.spec.ts" name="WorkflowActionService &gt; should update an operator&apos;s version in the graph" time="0.020231202">
        </testcase>
        <testcase classname="src/app/workspace/service/workflow-graph/model/workflow-action.service.spec.ts" name="WorkflowActionService &gt; should set a port property on an existing port and throw on a missing one" time="0.02140879">
        </testcase>
        <testcase classname="src/app/workspace/service/workflow-graph/model/workflow-action.service.spec.ts" name="WorkflowActionService &gt; should compute the top-left position across all operators" time="0.017733946">
        </testcase>
        <testcase classname="src/app/workspace/service/workflow-graph/model/workflow-action.service.spec.ts" name="WorkflowActionService &gt; should leave the center point at its default when there are no operators" time="0.006160466">
        </testcase>
        <testcase classname="src/app/workspace/service/workflow-graph/model/workflow-action.service.spec.ts" name="WorkflowActionService &gt; should toggle the workflow-modification lock and emit each state on the stream" time="0.006810797">
        </testcase>
        <testcase classname="src/app/workspace/service/workflow-graph/model/workflow-action.service.spec.ts" name="WorkflowActionService &gt; should expose the underlying joint graph instance" time="0.005894987">
        </testcase>
        <testcase classname="src/app/workspace/service/workflow-graph/model/workflow-action.service.spec.ts" name="WorkflowActionService &gt; should resolve a conflicting port ID when adding a dynamic input port" time="0.018573664">
        </testcase>
        <testcase classname="src/app/workspace/service/workflow-graph/model/workflow-action.service.spec.ts" name="WorkflowActionService &gt; should add a dynamic output port to an operator that allows them" time="0.018974729">
        </testcase>
        <testcase classname="src/app/workspace/service/workflow-graph/model/workflow-action.service.spec.ts" name="WorkflowActionService &gt; should throw when adding an output port to an operator without dynamic output ports" time="0.017666146">
        </testcase>
        <testcase classname="src/app/workspace/service/workflow-graph/model/workflow-action.service.spec.ts" name="WorkflowActionService &gt; should throw when specifying disallowMultiInputs on an output port" time="0.018960491">
        </testcase>
        <testcase classname="src/app/workspace/service/workflow-graph/model/workflow-action.service.spec.ts" name="WorkflowActionService &gt; should add a comment box together with its initial comments" time="0.00866091">
        </testcase>
        <testcase classname="src/app/workspace/service/workflow-graph/model/workflow-action.service.spec.ts" name="WorkflowActionService &gt; should delete a comment box and throw when deleting a non-existing one" time="0.011925922">
        </testcase>
        <testcase classname="src/app/workspace/service/workflow-graph/model/workflow-action.service.spec.ts" name="WorkflowActionService &gt; should add, edit, and delete a comment inside a comment box" time="0.010493142">
        </testcase>
        <testcase classname="src/app/workspace/service/workflow-graph/model/workflow-action.service.spec.ts" name="WorkflowActionService &gt; should delete multiple operators along with their connecting links" time="0.032836118">
        </testcase>
        <testcase classname="src/app/workspace/service/workflow-graph/model/workflow-action.service.spec.ts" name="WorkflowActionService &gt; should delete a downstream operator and drop links matched by their target" time="0.015898574">
        </testcase>
        <testcase classname="src/app/workspace/service/workflow-graph/model/workflow-action.service.spec.ts" name="WorkflowActionService &gt; should record comment-box positions during auto layout" time="0.01869092">
        </testcase>
        <testcase classname="src/app/workspace/service/workflow-graph/model/workflow-action.service.spec.ts" name="WorkflowActionService &gt; should emit open and close events on the result-panel stream" time="0.006868887">
        </testcase>
        <testcase classname="src/app/workspace/service/workflow-graph/model/workflow-action.service.spec.ts" name="WorkflowActionService &gt; should not replace the workflow settings object when given the same reference" time="0.005348308">
        </testcase>
        <testcase classname="src/app/workspace/service/workflow-graph/model/workflow-action.service.spec.ts" name="WorkflowActionService &gt; should assemble workflow content and the full workflow from graph state" time="0.018623777">
        </testcase>
        <testcase classname="src/app/workspace/service/workflow-graph/model/workflow-action.service.spec.ts" name="WorkflowActionService &gt; should clear pre-existing comment boxes and fall back to default settings when reloading" time="0.014107961">
        </testcase>
        <testcase classname="src/app/workspace/service/workflow-graph/model/workflow-action.service.spec.ts" name="WorkflowActionService &gt; should drag all highlighted elements together when one highlighted operator is moved" time="0.022577343">
        </testcase>
    </testsuite>
    <testsuite name="src/app/workspace/service/workflow-graph/model/workflow-graph.spec.ts" timestamp="2026-08-04T22:49:30.505Z" hostname="ali-Inspiron-15-3520" tests="68" failures="0" errors="0" skipped="0" time="0.296560433">
        <testcase classname="src/app/workspace/service/workflow-graph/model/workflow-graph.spec.ts" name="WorkflowGraph &gt; should have an empty graph from the beginning" time="0.007065536">
        </testcase>
        <testcase classname="src/app/workspace/service/workflow-graph/model/workflow-graph.spec.ts" name="WorkflowGraph &gt; should load an existing graph properly" time="0.011420053">
        </testcase>
        <testcase classname="src/app/workspace/service/workflow-graph/model/workflow-graph.spec.ts" name="WorkflowGraph &gt; should add an operator and get it properly" time="0.0049949">
        </testcase>
        <testcase classname="src/app/workspace/service/workflow-graph/model/workflow-graph.spec.ts" name="WorkflowGraph &gt; should return undefined when get an operator with a nonexist operator ID" time="0.005624727">
        </testcase>
        <testcase classname="src/app/workspace/service/workflow-graph/model/workflow-graph.spec.ts" name="WorkflowGraph &gt; should throw an error when trying to add an operator with an existing operator ID" time="0.003752092">
        </testcase>
        <testcase classname="src/app/workspace/service/workflow-graph/model/workflow-graph.spec.ts" name="WorkflowGraph &gt; should delete an operator properly" time="0.003809863">
        </testcase>
        <testcase classname="src/app/workspace/service/workflow-graph/model/workflow-graph.spec.ts" name="WorkflowGraph &gt; should throw an error when tring to delete an operator that doesn&apos;t exist" time="0.002869931">
        </testcase>
        <testcase classname="src/app/workspace/service/workflow-graph/model/workflow-graph.spec.ts" name="WorkflowGraph &gt; should add and get a link properly" time="0.004126367">
        </testcase>
        <testcase classname="src/app/workspace/service/workflow-graph/model/workflow-graph.spec.ts" name="WorkflowGraph &gt; should throw an error when try to add a link with an existingID" time="0.004791651">
        </testcase>
        <testcase classname="src/app/workspace/service/workflow-graph/model/workflow-graph.spec.ts" name="WorkflowGraph &gt; should throw an error when try to add a link with exising source and target but different ID" time="0.005298507">
        </testcase>
        <testcase classname="src/app/workspace/service/workflow-graph/model/workflow-graph.spec.ts" name="WorkflowGraph &gt; should return undefined when tring to get a nonexist link by link ID" time="0.003094439">
        </testcase>
        <testcase classname="src/app/workspace/service/workflow-graph/model/workflow-graph.spec.ts" name="WorkflowGraph &gt; should throw an error when tring to get a nonexist link by link source and target" time="0.003117461">
        </testcase>
        <testcase classname="src/app/workspace/service/workflow-graph/model/workflow-graph.spec.ts" name="WorkflowGraph &gt; should delete a link by ID properly" time="0.004681202">
        </testcase>
        <testcase classname="src/app/workspace/service/workflow-graph/model/workflow-graph.spec.ts" name="WorkflowGraph &gt; should delete a link by source and target properly" time="0.008127591">
        </testcase>
        <testcase classname="src/app/workspace/service/workflow-graph/model/workflow-graph.spec.ts" name="WorkflowGraph &gt; should throw an error when trying to delete a link (by ID) that doesn&apos;t exist" time="0.002924227">
        </testcase>
        <testcase classname="src/app/workspace/service/workflow-graph/model/workflow-graph.spec.ts" name="WorkflowGraph &gt; should throw an error when trying to delete a link (by source and target) that doesn&apos;t exist" time="0.003378612">
        </testcase>
        <testcase classname="src/app/workspace/service/workflow-graph/model/workflow-graph.spec.ts" name="WorkflowGraph &gt; should set the operator property(attributes) properly" time="0.004117592">
        </testcase>
        <testcase classname="src/app/workspace/service/workflow-graph/model/workflow-graph.spec.ts" name="WorkflowGraph &gt; should throw an error when trying to set the property of an nonexist operator" time="0.003618488">
        </testcase>
        <testcase classname="src/app/workspace/service/workflow-graph/model/workflow-graph.spec.ts" name="WorkflowGraph &gt; it should get input links of the certain operator correctly" time="0.004017864">
        </testcase>
        <testcase classname="src/app/workspace/service/workflow-graph/model/workflow-graph.spec.ts" name="WorkflowGraph &gt; it should get output links of the certain operator correctly" time="0.006349538">
        </testcase>
        <testcase classname="src/app/workspace/service/workflow-graph/model/workflow-graph.spec.ts" name="WorkflowGraph &gt; should disable and enable an operator" time="0.006214449">
        </testcase>
        <testcase classname="src/app/workspace/service/workflow-graph/model/workflow-graph.spec.ts" name="WorkflowGraph &gt; should calculate if link is disabled based on the disabled operator" time="0.006476966">
        </testcase>
        <testcase classname="src/app/workspace/service/workflow-graph/model/workflow-graph.spec.ts" name="WorkflowGraph &gt; should set and un-set viewing result status of an operator" time="0.005850272">
        </testcase>
        <testcase classname="src/app/workspace/service/workflow-graph/model/workflow-graph.spec.ts" name="WorkflowGraph &gt; should ignore set the view result of the sink operator" time="0.00539253">
        </testcase>
        <testcase classname="src/app/workspace/service/workflow-graph/model/workflow-graph.spec.ts" name="WorkflowGraph &gt; sync flags and shared model lifecycle &gt; should default to syncing both graphs and toggle the sync flags" time="0.002971646">
        </testcase>
        <testcase classname="src/app/workspace/service/workflow-graph/model/workflow-graph.spec.ts" name="WorkflowGraph &gt; sync flags and shared model lifecycle &gt; should expose the shared awareness and forward awareness updates without a user" time="0.008669299">
        </testcase>
        <testcase classname="src/app/workspace/service/workflow-graph/model/workflow-graph.spec.ts" name="WorkflowGraph &gt; sync flags and shared model lifecycle &gt; should load a fresh Y model, discarding previous operators and emitting the loaded event" time="0.006519256">
        </testcase>
        <testcase classname="src/app/workspace/service/workflow-graph/model/workflow-graph.spec.ts" name="WorkflowGraph &gt; sync flags and shared model lifecycle &gt; should run a bundled action as an atomic transaction that mutates the graph" time="0.002305117">
        </testcase>
        <testcase classname="src/app/workspace/service/workflow-graph/model/workflow-graph.spec.ts" name="WorkflowGraph &gt; shared-editing accessors &gt; should return the shared operator property type" time="0.002640088">
        </testcase>
        <testcase classname="src/app/workspace/service/workflow-graph/model/workflow-graph.spec.ts" name="WorkflowGraph &gt; shared-editing accessors &gt; should return the shared port description type for input and output ports" time="0.002713666">
        </testcase>
        <testcase classname="src/app/workspace/service/workflow-graph/model/workflow-graph.spec.ts" name="WorkflowGraph &gt; shared-editing accessors &gt; should return undefined for a shared port description of a nonexistent port" time="0.0035024">
        </testcase>
        <testcase classname="src/app/workspace/service/workflow-graph/model/workflow-graph.spec.ts" name="WorkflowGraph &gt; shared-editing accessors &gt; should throw when getting the shared operator type of a nonexistent operator" time="0.001608422">
        </testcase>
        <testcase classname="src/app/workspace/service/workflow-graph/model/workflow-graph.spec.ts" name="WorkflowGraph &gt; operator version and reuse-cache state &gt; should change the operator version and emit the change" time="0.002177372">
        </testcase>
        <testcase classname="src/app/workspace/service/workflow-graph/model/workflow-graph.spec.ts" name="WorkflowGraph &gt; operator version and reuse-cache state &gt; should not emit or change when the operator version is unchanged" time="0.004840435">
        </testcase>
        <testcase classname="src/app/workspace/service/workflow-graph/model/workflow-graph.spec.ts" name="WorkflowGraph &gt; operator version and reuse-cache state &gt; should mark and un-mark an operator for reuse-cache result" time="0.004756439">
            <system-out>
seeting marked for reuse in shared model

            </system-out>
        </testcase>
        <testcase classname="src/app/workspace/service/workflow-graph/model/workflow-graph.spec.ts" name="WorkflowGraph &gt; operator version and reuse-cache state &gt; should ignore reuse-cache marking of a sink operator" time="0.002932583">
        </testcase>
        <testcase classname="src/app/workspace/service/workflow-graph/model/workflow-graph.spec.ts" name="WorkflowGraph &gt; operator version and reuse-cache state &gt; should throw on reuse-cache queries against a nonexistent operator" time="0.00357452">
        </testcase>
        <testcase classname="src/app/workspace/service/workflow-graph/model/workflow-graph.spec.ts" name="WorkflowGraph &gt; disabled / view-result guard branches &gt; should be a no-op when disabling an already-disabled operator and enabling an already-enabled one" time="0.002848528">
        </testcase>
        <testcase classname="src/app/workspace/service/workflow-graph/model/workflow-graph.spec.ts" name="WorkflowGraph &gt; disabled / view-result guard branches &gt; should be a no-op when re-setting an already-set view result and un-setting an already-unset one" time="0.003781153">
        </testcase>
        <testcase classname="src/app/workspace/service/workflow-graph/model/workflow-graph.spec.ts" name="WorkflowGraph &gt; disabled / view-result guard branches &gt; should throw on disabled / view-result queries against nonexistent operators" time="0.002900258">
        </testcase>
        <testcase classname="src/app/workspace/service/workflow-graph/model/workflow-graph.spec.ts" name="WorkflowGraph &gt; disabled / view-result guard branches &gt; should report only enabled operators from getAllEnabledOperators" time="0.004765149">
        </testcase>
        <testcase classname="src/app/workspace/service/workflow-graph/model/workflow-graph.spec.ts" name="WorkflowGraph &gt; ports &gt; should add and remove input and output ports" time="0.003245399">
        </testcase>
        <testcase classname="src/app/workspace/service/workflow-graph/model/workflow-graph.spec.ts" name="WorkflowGraph &gt; ports &gt; should throw when adding or removing a port on a nonexistent operator" time="0.002312382">
        </testcase>
        <testcase classname="src/app/workspace/service/workflow-graph/model/workflow-graph.spec.ts" name="WorkflowGraph &gt; ports &gt; should report port existence via hasPort" time="0.00241838">
        </testcase>
        <testcase classname="src/app/workspace/service/workflow-graph/model/workflow-graph.spec.ts" name="WorkflowGraph &gt; ports &gt; should return the port description for an existing port and throw for a missing one" time="0.002663072">
        </testcase>
        <testcase classname="src/app/workspace/service/workflow-graph/model/workflow-graph.spec.ts" name="WorkflowGraph &gt; ports &gt; should set the partition and dependency properties of a port" time="0.002599818">
        </testcase>
        <testcase classname="src/app/workspace/service/workflow-graph/model/workflow-graph.spec.ts" name="WorkflowGraph &gt; ports &gt; should throw when setting a property on a nonexistent port" time="0.002693872">
        </testcase>
        <testcase classname="src/app/workspace/service/workflow-graph/model/workflow-graph.spec.ts" name="WorkflowGraph &gt; comment boxes &gt; should load comment boxes provided to the constructor" time="0.003419387">
        </testcase>
        <testcase classname="src/app/workspace/service/workflow-graph/model/workflow-graph.spec.ts" name="WorkflowGraph &gt; comment boxes &gt; should add, query, and delete a comment box" time="0.002563116">
        </testcase>
        <testcase classname="src/app/workspace/service/workflow-graph/model/workflow-graph.spec.ts" name="WorkflowGraph &gt; comment boxes &gt; should throw when adding a duplicate comment box" time="0.002227228">
        </testcase>
        <testcase classname="src/app/workspace/service/workflow-graph/model/workflow-graph.spec.ts" name="WorkflowGraph &gt; comment boxes &gt; should throw when operating on a nonexistent comment box" time="0.002198851">
        </testcase>
        <testcase classname="src/app/workspace/service/workflow-graph/model/workflow-graph.spec.ts" name="WorkflowGraph &gt; comment boxes &gt; should throw from assertCommentBoxNotExists when the comment box already exists" time="0.002046432">
        </testcase>
        <testcase classname="src/app/workspace/service/workflow-graph/model/workflow-graph.spec.ts" name="WorkflowGraph &gt; comment boxes &gt; should add, edit, and delete a comment within a comment box" time="0.006511269">
        </testcase>
        <testcase classname="src/app/workspace/service/workflow-graph/model/workflow-graph.spec.ts" name="WorkflowGraph &gt; comment boxes &gt; should throw when adding a comment to a nonexistent comment box" time="0.003064377">
        </testcase>
        <testcase classname="src/app/workspace/service/workflow-graph/model/workflow-graph.spec.ts" name="WorkflowGraph &gt; debug state &gt; should create, get, and idempotently re-create an operator debug state" time="0.003125266">
        </testcase>
        <testcase classname="src/app/workspace/service/workflow-graph/model/workflow-graph.spec.ts" name="WorkflowGraph &gt; debug state &gt; should throw when getting a debug state that was never created" time="0.003683347">
        </testcase>
        <testcase classname="src/app/workspace/service/workflow-graph/model/workflow-graph.spec.ts" name="WorkflowGraph &gt; link assertions and guards &gt; should throw the duplicate-link error when two links share source and target" time="0.004027152">
        </testcase>
        <testcase classname="src/app/workspace/service/workflow-graph/model/workflow-graph.spec.ts" name="WorkflowGraph &gt; link assertions and guards &gt; should not throw from assertLinkNotDuplicated for a unique link" time="0.003569892">
        </testcase>
        <testcase classname="src/app/workspace/service/workflow-graph/model/workflow-graph.spec.ts" name="WorkflowGraph &gt; link assertions and guards &gt; should throw from assertLinkWithIDExists and assertLinkExists for missing links" time="0.003841819">
        </testcase>
        <testcase classname="src/app/workspace/service/workflow-graph/model/workflow-graph.spec.ts" name="WorkflowGraph &gt; link assertions and guards &gt; should validate a link&apos;s source port existence" time="0.00416432">
        </testcase>
        <testcase classname="src/app/workspace/service/workflow-graph/model/workflow-graph.spec.ts" name="WorkflowGraph &gt; link assertions and guards &gt; should validate a link&apos;s target port existence" time="0.007226997">
        </testcase>
        <testcase classname="src/app/workspace/service/workflow-graph/model/workflow-graph.spec.ts" name="WorkflowGraph &gt; link assertions and guards &gt; should throw when validating a link whose source or target operator is missing" time="0.00717727">
        </testcase>
        <testcase classname="src/app/workspace/service/workflow-graph/model/workflow-graph.spec.ts" name="WorkflowGraph &gt; link assertions and guards &gt; should throw the correct errors when deleting nonexistent links (both overloads)" time="0.004204093">
        </testcase>
        <testcase classname="src/app/workspace/service/workflow-graph/model/workflow-graph.spec.ts" name="WorkflowGraph &gt; getSubDAG &gt; should build the whole subDAG from terminal operators when no target is given" time="0.006961488">
        </testcase>
        <testcase classname="src/app/workspace/service/workflow-graph/model/workflow-graph.spec.ts" name="WorkflowGraph &gt; getSubDAG &gt; should build a subDAG rooted at a specific target operator" time="0.006126002">
        </testcase>
        <testcase classname="src/app/workspace/service/workflow-graph/model/workflow-graph.spec.ts" name="WorkflowGraph &gt; getSubDAG &gt; should exclude disabled operators and their links from the subDAG" time="0.006331825">
        </testcase>
        <testcase classname="src/app/workspace/service/workflow-graph/model/workflow-graph.spec.ts" name="WorkflowGraph &gt; event stream getters &gt; should expose observable streams that forward emissions from their subjects" time="0.005912324">
        </testcase>
        <testcase classname="src/app/workspace/service/workflow-graph/model/workflow-graph.spec.ts" name="WorkflowGraph &gt; event stream getters &gt; should emit on the center-event stream when triggerCenterEvent is called" time="0.004420833">
        </testcase>
    </testsuite>
    <testsuite name="src/app/workspace/service/workflow-result/panel-resize/panel-resize.service.spec.ts" timestamp="2026-08-04T22:49:30.516Z" hostname="ali-Inspiron-15-3520" tests="1" failures="0" errors="0" skipped="0" time="0.006531485">
        <testcase classname="src/app/workspace/service/workflow-result/panel-resize/panel-resize.service.spec.ts" name="PanelResizeService &gt; should be created" time="0.006016563">
        </testcase>
    </testsuite>
    <testsuite name="src/app/dashboard/component/user/files-uploader/conflicting-file-modal-content/conflicting-file-modal-content.component.spec.ts" timestamp="2026-08-04T22:49:30.517Z" hostname="ali-Inspiron-15-3520" tests="2" failures="0" errors="0" skipped="0" time="0.021568492">
        <testcase classname="src/app/dashboard/component/user/files-uploader/conflicting-file-modal-content/conflicting-file-modal-content.component.spec.ts" name="ConflictingFileModalContentComponent &gt; should create" time="0.012431899">
        </testcase>
        <testcase classname="src/app/dashboard/component/user/files-uploader/conflicting-file-modal-content/conflicting-file-modal-content.component.spec.ts" name="ConflictingFileModalContentComponent &gt; should expose injected modal data" time="0.008633949">
        </testcase>
    </testsuite>
    <testsuite name="src/app/dashboard/component/user/list-item/card-item/card-item.component.spec.ts" timestamp="2026-08-04T22:49:30.517Z" hostname="ali-Inspiron-15-3520" tests="79" failures="0" errors="0" skipped="0" time="5.369214263">
        <testcase classname="src/app/dashboard/component/user/list-item/card-item/card-item.component.spec.ts" name="CardItemComponent &gt; should update workflow name successfully" time="0.160256111">
        </testcase>
        <testcase classname="src/app/dashboard/component/user/list-item/card-item/card-item.component.spec.ts" name="CardItemComponent &gt; should revert the name and exit edit mode when the update fails" time="0.046645722">
        </testcase>
        <testcase classname="src/app/dashboard/component/user/list-item/card-item/card-item.component.spec.ts" name="CardItemComponent &gt; should reject an invalid dataset name, revert to original, and exit editing" time="0.192934343">
        </testcase>
        <testcase classname="src/app/dashboard/component/user/list-item/card-item/card-item.component.spec.ts" name="CardItemComponent &gt; should call the dataset service for a valid dataset rename" time="0.11387074">
        </testcase>
        <testcase classname="src/app/dashboard/component/user/list-item/card-item/card-item.component.spec.ts" name="CardItemComponent &gt; should surface the error message and revert the name when a dataset rename fails" time="0.118657581">
        </testcase>
        <testcase classname="src/app/dashboard/component/user/list-item/card-item/card-item.component.spec.ts" name="CardItemComponent &gt; should update workflow description successfully" time="0.078294373">
        </testcase>
        <testcase classname="src/app/dashboard/component/user/list-item/card-item/card-item.component.spec.ts" name="CardItemComponent &gt; should revert the description and exit edit mode when the update fails" time="0.088580735">
        </testcase>
        <testcase classname="src/app/dashboard/component/user/list-item/card-item/card-item.component.spec.ts" name="CardItemComponent &gt; should route owners to the workspace and non-owners to the hub detail view" time="0.066196478">
        </testcase>
        <testcase classname="src/app/dashboard/component/user/list-item/card-item/card-item.component.spec.ts" name="CardItemComponent &gt; should format counts as kilo for values &gt;= 1000" time="0.082443096">
        </testcase>
        <testcase classname="src/app/dashboard/component/user/list-item/card-item/card-item.component.spec.ts" name="CardItemComponent &gt; should return &apos;Unknown&apos; for undefined timestamps" time="0.104451547">
        </testcase>
        <testcase classname="src/app/dashboard/component/user/list-item/card-item/card-item.component.spec.ts" name="CardItemComponent &gt; should emit deleted when the parent triggers the delete confirmation" time="0.053350956">
        </testcase>
        <testcase classname="src/app/dashboard/component/user/list-item/card-item/card-item.component.spec.ts" name="CardItemComponent &gt; should toggle the entry checked flag and emit checkboxChanged" time="0.057178221">
        </testcase>
        <testcase classname="src/app/dashboard/component/user/list-item/card-item/card-item.component.spec.ts" name="CardItemComponent &gt; should show cover controls only for an owned workflow in private search" time="0.047727528">
        </testcase>
        <testcase classname="src/app/dashboard/component/user/list-item/card-item/card-item.component.spec.ts" name="CardItemComponent &gt; should use the stored cover image on initialization" time="0.039318675">
        </testcase>
        <testcase classname="src/app/dashboard/component/user/list-item/card-item/card-item.component.spec.ts" name="CardItemComponent &gt; should fall back to the default preview image when no cover is set" time="0.048451712">
        </testcase>
        <testcase classname="src/app/dashboard/component/user/list-item/card-item/card-item.component.spec.ts" name="CardItemComponent &gt; should upload a selected image and use the returned data URL as the cover" time="0.095050402">
        </testcase>
        <testcase classname="src/app/dashboard/component/user/list-item/card-item/card-item.component.spec.ts" name="CardItemComponent &gt; should reject a non-image file and not upload it" time="0.097148427">
        </testcase>
        <testcase classname="src/app/dashboard/component/user/list-item/card-item/card-item.component.spec.ts" name="CardItemComponent &gt; should notify on upload failure and keep the previous preview image" time="0.118760771">
        </testcase>
        <testcase classname="src/app/dashboard/component/user/list-item/card-item/card-item.component.spec.ts" name="CardItemComponent &gt; should clear the cover and revert to the default image on reset" time="0.0981212">
        </testcase>
        <testcase classname="src/app/dashboard/component/user/list-item/card-item/card-item.component.spec.ts" name="CardItemComponent &gt; should notify and keep the cover when reset fails" time="0.128140024">
        </testcase>
        <testcase classname="src/app/dashboard/component/user/list-item/card-item/card-item.component.spec.ts" name="CardItemComponent &gt; openImagePicker clicks the hidden file input" time="0.05640538">
        </testcase>
        <testcase classname="src/app/dashboard/component/user/list-item/card-item/card-item.component.spec.ts" name="CardItemComponent &gt; openImagePicker is a no-op when the file input is absent" time="0.066827001">
        </testcase>
        <testcase classname="src/app/dashboard/component/user/list-item/card-item/card-item.component.spec.ts" name="CardItemComponent &gt; should do nothing when no file is selected" time="0.05785681">
        </testcase>
        <testcase classname="src/app/dashboard/component/user/list-item/card-item/card-item.component.spec.ts" name="CardItemComponent &gt; should not upload when the entry id is not numeric" time="0.065532365">
        </testcase>
        <testcase classname="src/app/dashboard/component/user/list-item/card-item/card-item.component.spec.ts" name="CardItemComponent &gt; resetImage does nothing when the entry id is not numeric" time="0.072700302">
        </testcase>
        <testcase classname="src/app/dashboard/component/user/list-item/card-item/card-item.component.spec.ts" name="CardItemComponent &gt; should load the dataset cover into the preview when the entry has a cover" time="0.086557987">
        </testcase>
        <testcase classname="src/app/dashboard/component/user/list-item/card-item/card-item.component.spec.ts" name="CardItemComponent &gt; should fall back to the default preview when the cover fetch fails" time="0.076595236">
        </testcase>
        <testcase classname="src/app/dashboard/component/user/list-item/card-item/card-item.component.spec.ts" name="CardItemComponent &gt; should reset the preview to the default image on cover load error" time="0.071292788">
        </testcase>
        <testcase classname="src/app/dashboard/component/user/list-item/card-item/card-item.component.spec.ts" name="CardItemComponent &gt; should keep the default preview for non-dataset entries" time="0.051164732">
        </testcase>
        <testcase classname="src/app/dashboard/component/user/list-item/card-item/card-item.component.spec.ts" name="CardItemComponent &gt; should not fetch a cover when the dataset has no cover image" time="0.072629401">
        </testcase>
        <testcase classname="src/app/dashboard/component/user/list-item/card-item/card-item.component.spec.ts" name="CardItemComponent &gt; should use the default preview when the cover url resolves to null" time="0.060324604">
        </testcase>
        <testcase classname="src/app/dashboard/component/user/list-item/card-item/card-item.component.spec.ts" name="CardItemComponent &gt; initializeEntry configures workflow metadata: disableDelete, workspace link, icon, counts" time="0.072853527">
        </testcase>
        <testcase classname="src/app/dashboard/component/user/list-item/card-item/card-item.component.spec.ts" name="CardItemComponent &gt; initializeEntry sets the project link and container icon and resets the cover for a project entry" time="0.066252181">
        </testcase>
        <testcase classname="src/app/dashboard/component/user/list-item/card-item/card-item.component.spec.ts" name="CardItemComponent &gt; initializeEntry uses the folder-open icon for a file entry" time="0.057253733">
        </testcase>
        <testcase classname="src/app/dashboard/component/user/list-item/card-item/card-item.component.spec.ts" name="CardItemComponent &gt; initializeEntry throws for an unexpected entry type" time="0.118670594">
        </testcase>
        <testcase classname="src/app/dashboard/component/user/list-item/card-item/card-item.component.spec.ts" name="CardItemComponent &gt; onEditName captures the original name, enters edit mode, and focuses the input at the caret end" time="0.071882817">
        </testcase>
        <testcase classname="src/app/dashboard/component/user/list-item/card-item/card-item.component.spec.ts" name="CardItemComponent &gt; onEditName enters edit mode without throwing when the input is not rendered" time="0.072953185">
        </testcase>
        <testcase classname="src/app/dashboard/component/user/list-item/card-item/card-item.component.spec.ts" name="CardItemComponent &gt; onEditDescription captures the original description, enters edit mode, and focuses the textarea at the caret end" time="0.0695343">
        </testcase>
        <testcase classname="src/app/dashboard/component/user/list-item/card-item/card-item.component.spec.ts" name="CardItemComponent &gt; openDetailModal opens the workflow detail modal and bumps the view count" time="0.084076239">
        </testcase>
        <testcase classname="src/app/dashboard/component/user/list-item/card-item/card-item.component.spec.ts" name="CardItemComponent &gt; openDetailModal defaults nzData wid to 0 and skips the count fetch when wid is undefined" time="0.075245189">
        </testcase>
        <testcase classname="src/app/dashboard/component/user/list-item/card-item/card-item.component.spec.ts" name="CardItemComponent &gt; openDetailModal skips the count fetch when the modal has no component instance" time="0.048623417">
        </testcase>
        <testcase classname="src/app/dashboard/component/user/list-item/card-item/card-item.component.spec.ts" name="CardItemComponent &gt; toggleLike posts a like and refreshes the count when the entry is not yet liked" time="0.072911952">
        </testcase>
        <testcase classname="src/app/dashboard/component/user/list-item/card-item/card-item.component.spec.ts" name="CardItemComponent &gt; toggleLike posts an unlike and refreshes the count when the entry is already liked" time="0.055775831">
        </testcase>
        <testcase classname="src/app/dashboard/component/user/list-item/card-item/card-item.component.spec.ts" name="CardItemComponent &gt; toggleLike leaves state unchanged and skips the count fetch when the like request reports failure" time="0.121778326">
        </testcase>
        <testcase classname="src/app/dashboard/component/user/list-item/card-item/card-item.component.spec.ts" name="CardItemComponent &gt; toggleLike is a no-op when there is no current user" time="0.120981419">
        </testcase>
        <testcase classname="src/app/dashboard/component/user/list-item/card-item/card-item.component.spec.ts" name="CardItemComponent &gt; toggleLike is a no-op when the entry has no id" time="0.08285589">
        </testcase>
        <testcase classname="src/app/dashboard/component/user/list-item/card-item/card-item.component.spec.ts" name="CardItemComponent &gt; extended coverage &gt; entry getter throws when no entry has been provided" time="0.059761649">
        </testcase>
        <testcase classname="src/app/dashboard/component/user/list-item/card-item/card-item.component.spec.ts" name="CardItemComponent &gt; extended coverage &gt; initializeEntry routes an owning dataset user to the user dataset view" time="0.048080379">
        </testcase>
        <testcase classname="src/app/dashboard/component/user/list-item/card-item/card-item.component.spec.ts" name="CardItemComponent &gt; extended coverage &gt; initializeEntry routes a non-owning dataset user to the hub dataset detail view" time="0.073879321">
        </testcase>
        <testcase classname="src/app/dashboard/component/user/list-item/card-item/card-item.component.spec.ts" name="CardItemComponent &gt; extended coverage &gt; onClickDownload downloads a workflow via the download service" time="0.055769749">
        </testcase>
        <testcase classname="src/app/dashboard/component/user/list-item/card-item/card-item.component.spec.ts" name="CardItemComponent &gt; extended coverage &gt; onClickDownload downloads a dataset via the download service" time="0.070274665">
        </testcase>
        <testcase classname="src/app/dashboard/component/user/list-item/card-item/card-item.component.spec.ts" name="CardItemComponent &gt; extended coverage &gt; onClickDownload downloads a model via the download service" time="0.058091541">
        </testcase>
        <testcase classname="src/app/dashboard/component/user/list-item/card-item/card-item.component.spec.ts" name="CardItemComponent &gt; extended coverage &gt; onClickDownload is a no-op when the entry has no id" time="0.059043645">
        </testcase>
        <testcase classname="src/app/dashboard/component/user/list-item/card-item/card-item.component.spec.ts" name="CardItemComponent &gt; extended coverage &gt; onClickDownload is a no-op for a project entry" time="0.104569511">
        </testcase>
        <testcase classname="src/app/dashboard/component/user/list-item/card-item/card-item.component.spec.ts" name="CardItemComponent &gt; extended coverage &gt; onClickOpenShareAccess opens the workflow share modal and forwards refresh events" time="0.025133492">
        </testcase>
        <testcase classname="src/app/dashboard/component/user/list-item/card-item/card-item.component.spec.ts" name="CardItemComponent &gt; extended coverage &gt; onClickOpenShareAccess opens the dataset share modal with dataset-specific data" time="0.026141536">
        </testcase>
        <testcase classname="src/app/dashboard/component/user/list-item/card-item/card-item.component.spec.ts" name="CardItemComponent &gt; extended coverage &gt; onClickOpenShareAccess does not open a modal for a non-shareable entry type" time="0.035412192">
        </testcase>
        <testcase classname="src/app/dashboard/component/user/list-item/card-item/card-item.component.spec.ts" name="CardItemComponent &gt; extended coverage &gt; confirmUpdateCustomName surfaces a missing-id error and skips the update" time="0.049601867">
        </testcase>
        <testcase classname="src/app/dashboard/component/user/list-item/card-item/card-item.component.spec.ts" name="CardItemComponent &gt; extended coverage &gt; confirmUpdateCustomName falls back to the default workflow name when the new name is blank" time="0.034319931">
        </testcase>
        <testcase classname="src/app/dashboard/component/user/list-item/card-item/card-item.component.spec.ts" name="CardItemComponent &gt; extended coverage &gt; confirmUpdateCustomName falls back to the default dataset name when the new name is blank" time="0.037185837">
        </testcase>
        <testcase classname="src/app/dashboard/component/user/list-item/card-item/card-item.component.spec.ts" name="CardItemComponent &gt; extended coverage &gt; confirmUpdateCustomDescription updates a dataset description via the dataset service" time="0.057751701">
        </testcase>
        <testcase classname="src/app/dashboard/component/user/list-item/card-item/card-item.component.spec.ts" name="CardItemComponent &gt; extended coverage &gt; confirmUpdateCustomDescription writes an empty string when the description is undefined" time="0.042739297">
        </testcase>
        <testcase classname="src/app/dashboard/component/user/list-item/card-item/card-item.component.spec.ts" name="CardItemComponent &gt; extended coverage &gt; confirmUpdateCustomDescription falls back to an empty string when the update fails without an original" time="0.058829245">
        </testcase>
        <testcase classname="src/app/dashboard/component/user/list-item/card-item/card-item.component.spec.ts" name="CardItemComponent &gt; extended coverage &gt; openDetailModal defaults the bumped view count to 1 when no counts are returned" time="0.035455007">
        </testcase>
        <testcase classname="src/app/dashboard/component/user/list-item/card-item/card-item.component.spec.ts" name="CardItemComponent &gt; extended coverage &gt; toggleLike defaults the like count to 0 when the refreshed count is missing" time="0.028516508">
        </testcase>
        <testcase classname="src/app/dashboard/component/user/list-item/card-item/card-item.component.spec.ts" name="CardItemComponent &gt; extended coverage &gt; toggleLike defaults the like count to 0 after an unlike when the refreshed count is missing" time="0.030703097">
        </testcase>
        <testcase classname="src/app/dashboard/component/user/list-item/card-item/card-item.component.spec.ts" name="CardItemComponent &gt; model entries &gt; links an accessible model to the user model page, uses the flask icon, and carries the size" time="0.041586292">
        </testcase>
        <testcase classname="src/app/dashboard/component/user/list-item/card-item/card-item.component.spec.ts" name="CardItemComponent &gt; model entries &gt; links a non-owned model to the hub model detail page" time="0.052361875">
        </testcase>
        <testcase classname="src/app/dashboard/component/user/list-item/card-item/card-item.component.spec.ts" name="CardItemComponent &gt; model entries &gt; links a model to the hub detail page for an anonymous visitor" time="0.038368289">
        </testcase>
        <testcase classname="src/app/dashboard/component/user/list-item/card-item/card-item.component.spec.ts" name="CardItemComponent &gt; model entries &gt; disables delete for a model the user does not own" time="0.032978156">
        </testcase>
        <testcase classname="src/app/dashboard/component/user/list-item/card-item/card-item.component.spec.ts" name="CardItemComponent &gt; model entries &gt; loads the model cover from the model endpoint, not the dataset one" time="0.038263492">
        </testcase>
        <testcase classname="src/app/dashboard/component/user/list-item/card-item/card-item.component.spec.ts" name="CardItemComponent &gt; model entries &gt; keeps the placeholder for a model with no cover image" time="0.041000125">
        </testcase>
        <testcase classname="src/app/dashboard/component/user/list-item/card-item/card-item.component.spec.ts" name="CardItemComponent &gt; model entries &gt; falls back to the placeholder when the model cover request fails" time="0.063111421">
        </testcase>
        <testcase classname="src/app/dashboard/component/user/list-item/card-item/card-item.component.spec.ts" name="CardItemComponent &gt; model entries &gt; opens the share modal against the model access resource" time="0.055306443">
        </testcase>
        <testcase classname="src/app/dashboard/component/user/list-item/card-item/card-item.component.spec.ts" name="CardItemComponent &gt; model entries &gt; renames a model through the model service" time="0.047909233">
        </testcase>
        <testcase classname="src/app/dashboard/component/user/list-item/card-item/card-item.component.spec.ts" name="CardItemComponent &gt; model entries &gt; rejects an invalid model name, reverts it, and exits editing" time="0.063626891">
        </testcase>
        <testcase classname="src/app/dashboard/component/user/list-item/card-item/card-item.component.spec.ts" name="CardItemComponent &gt; model entries &gt; falls back to the default model name when the name is cleared" time="0.048557844">
        </testcase>
        <testcase classname="src/app/dashboard/component/user/list-item/card-item/card-item.component.spec.ts" name="CardItemComponent &gt; model entries &gt; updates a model description through the model service" time="0.042878356">
        </testcase>
        <testcase classname="src/app/dashboard/component/user/list-item/card-item/card-item.component.spec.ts" name="CardItemComponent &gt; model entries &gt; skips the update when the description has not changed" time="0.042190796">
        </testcase>
    </testsuite>
    <testsuite name="src/app/dashboard/component/user/user-computing-unit/user-computing-unit-list-item/user-computing-unit-list-item.component.spec.ts" timestamp="2026-08-04T22:49:30.528Z" hostname="ali-Inspiron-15-3520" tests="35" failures="0" errors="0" skipped="0" time="2.319166352">
        <testcase classname="src/app/dashboard/component/user/user-computing-unit/user-computing-unit-list-item/user-computing-unit-list-item.component.spec.ts" name="UserComputingUnitListItemComponent &gt; should create" time="0.167981543">
        </testcase>
        <testcase classname="src/app/dashboard/component/user/user-computing-unit/user-computing-unit-list-item/user-computing-unit-list-item.component.spec.ts" name="UserComputingUnitListItemComponent &gt; ngOnInit &gt; populates gpuOptions from the service" time="0.050877483">
        </testcase>
        <testcase classname="src/app/dashboard/component/user/user-computing-unit/user-computing-unit-list-item/user-computing-unit-list-item.component.spec.ts" name="UserComputingUnitListItemComponent &gt; ngOnInit &gt; notifies the user when the resource options request fails" time="0.101250051">
        </testcase>
        <testcase classname="src/app/dashboard/component/user/user-computing-unit/user-computing-unit-list-item/user-computing-unit-list-item.component.spec.ts" name="UserComputingUnitListItemComponent &gt; entry and unit getters &gt; throws when entry is accessed before being set" time="0.094110167">
        </testcase>
        <testcase classname="src/app/dashboard/component/user/user-computing-unit/user-computing-unit-list-item/user-computing-unit-list-item.component.spec.ts" name="UserComputingUnitListItemComponent &gt; entry and unit getters &gt; returns the entry once set" time="0.064556409">
        </testcase>
        <testcase classname="src/app/dashboard/component/user/user-computing-unit/user-computing-unit-list-item/user-computing-unit-list-item.component.spec.ts" name="UserComputingUnitListItemComponent &gt; entry and unit getters &gt; exposes the computing unit via the unit getter" time="0.056767784">
        </testcase>
        <testcase classname="src/app/dashboard/component/user/user-computing-unit/user-computing-unit-list-item/user-computing-unit-list-item.component.spec.ts" name="UserComputingUnitListItemComponent &gt; entry and unit getters &gt; throws when the entry has no computing unit" time="0.06198128">
        </testcase>
        <testcase classname="src/app/dashboard/component/user/user-computing-unit/user-computing-unit-list-item/user-computing-unit-list-item.component.spec.ts" name="UserComputingUnitListItemComponent &gt; startEditingUnitName &gt; rejects renaming for non-owners" time="0.057858355">
        </testcase>
        <testcase classname="src/app/dashboard/component/user/user-computing-unit/user-computing-unit-list-item/user-computing-unit-list-item.component.spec.ts" name="UserComputingUnitListItemComponent &gt; startEditingUnitName &gt; enters editing mode for owners" time="0.064632021">
        </testcase>
        <testcase classname="src/app/dashboard/component/user/user-computing-unit/user-computing-unit-list-item/user-computing-unit-list-item.component.spec.ts" name="UserComputingUnitListItemComponent &gt; cancelEditingUnitName &gt; clears the editing state" time="0.049407107">
        </testcase>
        <testcase classname="src/app/dashboard/component/user/user-computing-unit/user-computing-unit-list-item/user-computing-unit-list-item.component.spec.ts" name="UserComputingUnitListItemComponent &gt; confirmUpdateUnitName &gt; rejects an empty name without calling the rename endpoint" time="0.065017219">
        </testcase>
        <testcase classname="src/app/dashboard/component/user/user-computing-unit/user-computing-unit-list-item/user-computing-unit-list-item.component.spec.ts" name="UserComputingUnitListItemComponent &gt; confirmUpdateUnitName &gt; renames with the trimmed name, updates the entry, refreshes, and resets editing on success" time="0.051035158">
        </testcase>
        <testcase classname="src/app/dashboard/component/user/user-computing-unit/user-computing-unit-list-item/user-computing-unit-list-item.component.spec.ts" name="UserComputingUnitListItemComponent &gt; confirmUpdateUnitName &gt; does not rewrite the entry name when the cuid does not match" time="0.04860992">
        </testcase>
        <testcase classname="src/app/dashboard/component/user/user-computing-unit/user-computing-unit-list-item/user-computing-unit-list-item.component.spec.ts" name="UserComputingUnitListItemComponent &gt; confirmUpdateUnitName &gt; notifies on failure, leaves the name unchanged, and resets editing" time="0.079476355">
        </testcase>
        <testcase classname="src/app/dashboard/component/user/user-computing-unit/user-computing-unit-list-item/user-computing-unit-list-item.component.spec.ts" name="UserComputingUnitListItemComponent &gt; onClickOpenShareAccess &gt; delegates to the actions service with inWorkspace = false" time="0.041041217">
        </testcase>
        <testcase classname="src/app/dashboard/component/user/user-computing-unit/user-computing-unit-list-item/user-computing-unit-list-item.component.spec.ts" name="UserComputingUnitListItemComponent &gt; deleted output &gt; is an EventEmitter" time="0.038475617">
        </testcase>
        <testcase classname="src/app/dashboard/component/user/user-computing-unit/user-computing-unit-list-item/user-computing-unit-list-item.component.spec.ts" name="UserComputingUnitListItemComponent &gt; deleted output &gt; emits when the delete button is clicked" time="0.049610809">
        </testcase>
        <testcase classname="src/app/dashboard/component/user/user-computing-unit/user-computing-unit-list-item/user-computing-unit-list-item.component.spec.ts" name="UserComputingUnitListItemComponent &gt; resource getters &gt; reads resource limits straight from the unit" time="0.037873737">
        </testcase>
        <testcase classname="src/app/dashboard/component/user/user-computing-unit/user-computing-unit-list-item/user-computing-unit-list-item.component.spec.ts" name="UserComputingUnitListItemComponent &gt; resource getters &gt; returns zero usage values when metrics are unavailable" time="0.039187818">
        </testcase>
        <testcase classname="src/app/dashboard/component/user/user-computing-unit/user-computing-unit-list-item/user-computing-unit-list-item.component.spec.ts" name="UserComputingUnitListItemComponent &gt; resource getters &gt; shows GPU selection when more than one option is available" time="0.038851552">
        </testcase>
        <testcase classname="src/app/dashboard/component/user/user-computing-unit/user-computing-unit-list-item/user-computing-unit-list-item.component.spec.ts" name="UserComputingUnitListItemComponent &gt; ngOnInit gpuOptions fallback &gt; defaults gpuOptions to an empty array when the service omits gpuLimitOptions" time="0.081471033">
        </testcase>
        <testcase classname="src/app/dashboard/component/user/user-computing-unit/user-computing-unit-list-item/user-computing-unit-list-item.component.spec.ts" name="UserComputingUnitListItemComponent &gt; startEditingUnitName focus behavior &gt; focuses and selects the rendered input after the timeout fires" time="0.039163174">
        </testcase>
        <testcase classname="src/app/dashboard/component/user/user-computing-unit/user-computing-unit-list-item/user-computing-unit-list-item.component.spec.ts" name="UserComputingUnitListItemComponent &gt; openComputingUnitMetadataModal &gt; opens the metadata modal with the expected configuration" time="0.066778845">
        </testcase>
        <testcase classname="src/app/dashboard/component/user/user-computing-unit/user-computing-unit-list-item/user-computing-unit-list-item.component.spec.ts" name="UserComputingUnitListItemComponent &gt; status and label computations &gt; delegates badge color to the status util" time="0.084424588">
        </testcase>
        <testcase classname="src/app/dashboard/component/user/user-computing-unit/user-computing-unit-list-item/user-computing-unit-list-item.component.spec.ts" name="UserComputingUnitListItemComponent &gt; status and label computations &gt; delegates the status tooltip to the status util" time="0.07519604">
        </testcase>
        <testcase classname="src/app/dashboard/component/user/user-computing-unit/user-computing-unit-list-item/user-computing-unit-list-item.component.spec.ts" name="UserComputingUnitListItemComponent &gt; status and label computations &gt; computes CPU/memory percentages and maps them to progress statuses under heavy load" time="0.05803693">
        </testcase>
        <testcase classname="src/app/dashboard/component/user/user-computing-unit/user-computing-unit-list-item/user-computing-unit-list-item.component.spec.ts" name="UserComputingUnitListItemComponent &gt; status and label computations &gt; reports 0% and success statuses for the default entry&apos;s N/A (unavailable) metrics" time="0.059103034">
        </testcase>
        <testcase classname="src/app/dashboard/component/user/user-computing-unit/user-computing-unit-list-item/user-computing-unit-list-item.component.spec.ts" name="UserComputingUnitListItemComponent &gt; resource limit units &gt; returns CPU for a unitless core limit and passes through the raw unit otherwise" time="0.075331699">
        </testcase>
        <testcase classname="src/app/dashboard/component/user/user-computing-unit/user-computing-unit-list-item/user-computing-unit-list-item.component.spec.ts" name="UserComputingUnitListItemComponent &gt; resource limit units &gt; returns the memory limit unit parsed from the limit string" time="0.088811814">
        </testcase>
        <testcase classname="src/app/dashboard/component/user/user-computing-unit/user-computing-unit-list-item/user-computing-unit-list-item.component.spec.ts" name="UserComputingUnitListItemComponent &gt; getCpuValue / getMemoryValue with real usage &gt; converts CPU usage to cores when the limit is expressed in cores" time="0.051455756">
        </testcase>
        <testcase classname="src/app/dashboard/component/user/user-computing-unit/user-computing-unit-list-item/user-computing-unit-list-item.component.spec.ts" name="UserComputingUnitListItemComponent &gt; getCpuValue / getMemoryValue with real usage &gt; converts CPU usage into the limit&apos;s unit when the limit carries a suffix" time="0.065431827">
        </testcase>
        <testcase classname="src/app/dashboard/component/user/user-computing-unit/user-computing-unit-list-item/user-computing-unit-list-item.component.spec.ts" name="UserComputingUnitListItemComponent &gt; fallback getters when metrics/resource are absent &gt; returns N/A for every usage and limit getter" time="0.060671229">
        </testcase>
        <testcase classname="src/app/dashboard/component/user/user-computing-unit/user-computing-unit-list-item/user-computing-unit-list-item.component.spec.ts" name="UserComputingUnitListItemComponent &gt; showGpuSelection edge cases &gt; hides the selection when the only option is the zero option" time="0.053407024">
        </testcase>
        <testcase classname="src/app/dashboard/component/user/user-computing-unit/user-computing-unit-list-item/user-computing-unit-list-item.component.spec.ts" name="UserComputingUnitListItemComponent &gt; showGpuSelection edge cases &gt; hides the selection when there are no options" time="0.094133768">
        </testcase>
        <testcase classname="src/app/dashboard/component/user/user-computing-unit/user-computing-unit-list-item/user-computing-unit-list-item.component.spec.ts" name="UserComputingUnitListItemComponent &gt; showGpuSelection edge cases &gt; shows the selection when the single option is a non-zero value" time="0.103894809">
        </testcase>
    </testsuite>
    <testsuite name="src/app/dashboard/component/user/user-dataset/user-dataset-explorer/dataset-detail.component.spec.ts" timestamp="2026-08-04T22:49:30.533Z" hostname="ali-Inspiron-15-3520" tests="85" failures="0" errors="0" skipped="0" time="7.573016215">
        <testcase classname="src/app/dashboard/component/user/user-dataset/user-dataset-explorer/dataset-detail.component.spec.ts" name="DatasetDetailComponent upload queue &gt; starts at most maxConcurrentFiles uploads immediately and queues the rest" time="0.966448285">
        </testcase>
        <testcase classname="src/app/dashboard/component/user/user-dataset/user-dataset-explorer/dataset-detail.component.spec.ts" name="DatasetDetailComponent upload queue &gt; does nothing when an empty file list is dropped" time="0.376363547">
        </testcase>
        <testcase classname="src/app/dashboard/component/user/user-dataset/user-dataset-explorer/dataset-detail.component.spec.ts" name="DatasetDetailComponent upload queue &gt; starts the next queued upload when an active upload finishes" time="0.327459925">
        </testcase>
        <testcase classname="src/app/dashboard/component/user/user-dataset/user-dataset-explorer/dataset-detail.component.spec.ts" name="DatasetDetailComponent upload queue &gt; removes a cancelled file from the pending queue without starting it" time="0.250665489">
        </testcase>
        <testcase classname="src/app/dashboard/component/user/user-dataset/user-dataset-explorer/dataset-detail.component.spec.ts" name="DatasetDetailComponent upload queue &gt; ignores cancellation of a file that is neither active nor queued" time="0.242099483">
        </testcase>
        <testcase classname="src/app/dashboard/component/user/user-dataset/user-dataset-explorer/dataset-detail.component.spec.ts" name="DatasetDetailComponent upload queue &gt; keeps the same queuedFileNames array reference while the queue is unchanged" time="0.23665549">
        </testcase>
        <testcase classname="src/app/dashboard/component/user/user-dataset/user-dataset-explorer/dataset-detail.component.spec.ts" name="DatasetDetailComponent upload queue &gt; exposes a new queuedFileNames array after the queue changes" time="0.246607784">
        </testcase>
        <testcase classname="src/app/dashboard/component/user/user-dataset/user-dataset-explorer/dataset-detail.component.spec.ts" name="DatasetDetailComponent upload queue &gt; identifies pending queue entries by file name in trackByPendingFile" time="0.217792015">
        </testcase>
        <testcase classname="src/app/dashboard/component/user/user-dataset/user-dataset-explorer/dataset-detail.component.spec.ts" name="DatasetDetailComponent upload queue &gt; releases the concurrency slot when a finished upload reports totalTime 0" time="0.22522529">
        </testcase>
        <testcase classname="src/app/dashboard/component/user/user-dataset/user-dataset-explorer/dataset-detail.component.spec.ts" name="DatasetDetailComponent upload queue &gt; updates the Finished count immediately when uploads finish" time="0.210493021">
        </testcase>
        <testcase classname="src/app/dashboard/component/user/user-dataset/user-dataset-explorer/dataset-detail.component.spec.ts" name="DatasetDetailComponent upload queue &gt; reconciles the optimistic Finished count with a diff response" time="0.179151406">
        </testcase>
        <testcase classname="src/app/dashboard/component/user/user-dataset/user-dataset-explorer/dataset-detail.component.spec.ts" name="DatasetDetailComponent upload queue &gt; keeps an in-progress upload&apos;s slot while progress events stream in" time="0.183410506">
        </testcase>
        <testcase classname="src/app/dashboard/component/user/user-dataset/user-dataset-explorer/dataset-detail.component.spec.ts" name="DatasetDetailComponent upload queue &gt; does not double-count a finished upload already confirmed by a diff response" time="0.17309198">
        </testcase>
        <testcase classname="src/app/dashboard/component/user/user-dataset/user-dataset-explorer/dataset-detail.component.spec.ts" name="DatasetDetailComponent upload queue &gt; does not start queued uploads beyond a lowered concurrency limit" time="0.143221082">
        </testcase>
        <testcase classname="src/app/dashboard/component/user/user-dataset/user-dataset-explorer/dataset-detail.component.spec.ts" name="DatasetDetailComponent upload queue &gt; clears the Finished count when a version is created" time="0.205695006">
        </testcase>
        <testcase classname="src/app/dashboard/component/user/user-dataset/user-dataset-explorer/dataset-detail.component.spec.ts" name="DatasetDetailComponent upload queue &gt; does not remove a re-uploaded file&apos;s active task when hiding its finished predecessor" time="0.169088259">
        </testcase>
        <testcase classname="src/app/dashboard/component/user/user-dataset/user-dataset-explorer/dataset-detail.component.spec.ts" name="DatasetDetailComponent upload queue &gt; renders the virtualized pending list and re-measures viewports on panel expand" time="0.368983491">
        </testcase>
        <testcase classname="src/app/dashboard/component/user/user-dataset/user-dataset-explorer/dataset-detail.component.spec.ts" name="DatasetDetailComponent upload queue &gt; counts a staged file deletion immediately" time="0.289684148">
        </testcase>
        <testcase classname="src/app/dashboard/component/user/user-dataset/user-dataset-explorer/dataset-detail.component.spec.ts" name="DatasetDetailComponent behavior &gt; ngOnInit &gt; loads info, versions, like and view counts but skips liked/upload settings without a current user" time="0.112361189">
        </testcase>
        <testcase classname="src/app/dashboard/component/user/user-dataset/user-dataset-explorer/dataset-detail.component.spec.ts" name="DatasetDetailComponent behavior &gt; ngOnInit &gt; fetches liked status and upload settings for a logged-in user" time="0.118181882">
        </testcase>
        <testcase classname="src/app/dashboard/component/user/user-dataset/user-dataset-explorer/dataset-detail.component.spec.ts" name="DatasetDetailComponent behavior &gt; ngOnInit &gt; keeps the default upload settings when the public settings are missing" time="0.128889896">
        </testcase>
        <testcase classname="src/app/dashboard/component/user/user-dataset/user-dataset-explorer/dataset-detail.component.spec.ts" name="DatasetDetailComponent behavior &gt; ngOnInit &gt; makes no hub calls when the route carries no did" time="0.017045639">
        </testcase>
        <testcase classname="src/app/dashboard/component/user/user-dataset/user-dataset-explorer/dataset-detail.component.spec.ts" name="DatasetDetailComponent behavior &gt; retrieveDatasetInfo &gt; maps dataset fields, formats numeric creation time, and resolves the cover image url" time="0.042093105">
        </testcase>
        <testcase classname="src/app/dashboard/component/user/user-dataset/user-dataset-explorer/dataset-detail.component.spec.ts" name="DatasetDetailComponent behavior &gt; retrieveDatasetInfo &gt; nulls the cover image url when its retrieval fails" time="0.019649576">
        </testcase>
        <testcase classname="src/app/dashboard/component/user/user-dataset/user-dataset-explorer/dataset-detail.component.spec.ts" name="DatasetDetailComponent behavior &gt; retrieveDatasetInfo &gt; leaves the cover image url null and skips the cover fetch when there is no cover image" time="0.017285023">
        </testcase>
        <testcase classname="src/app/dashboard/component/user/user-dataset/user-dataset-explorer/dataset-detail.component.spec.ts" name="DatasetDetailComponent behavior &gt; retrieveDatasetVersionList &gt; selects the first version and delegates to onVersionSelected when the list is non-empty" time="0.024887327">
        </testcase>
        <testcase classname="src/app/dashboard/component/user/user-dataset/user-dataset-explorer/dataset-detail.component.spec.ts" name="DatasetDetailComponent behavior &gt; retrieveDatasetVersionList &gt; makes no selection when the version list is empty" time="0.01677883">
        </testcase>
        <testcase classname="src/app/dashboard/component/user/user-dataset/user-dataset-explorer/dataset-detail.component.spec.ts" name="DatasetDetailComponent behavior &gt; onVersionSelected &gt; walks nested directories to the first file leaf and loads it" time="0.021255277">
        </testcase>
        <testcase classname="src/app/dashboard/component/user/user-dataset/user-dataset-explorer/dataset-detail.component.spec.ts" name="DatasetDetailComponent behavior &gt; onVersionSelected &gt; does not fetch a file tree for a version without a dvid" time="0.019984962">
        </testcase>
        <testcase classname="src/app/dashboard/component/user/user-dataset/user-dataset-explorer/dataset-detail.component.spec.ts" name="DatasetDetailComponent behavior &gt; onVersionSelected &gt; does not throw and leaves the displayed file untouched when the version has no files" time="0.021577517">
        </testcase>
        <testcase classname="src/app/dashboard/component/user/user-dataset/user-dataset-explorer/dataset-detail.component.spec.ts" name="DatasetDetailComponent behavior &gt; retrieveLatestVersionFile &gt; fetches the latest version independently and sets latestVersionFileName to the first leaf file" time="0.026577498">
        </testcase>
        <testcase classname="src/app/dashboard/component/user/user-dataset/user-dataset-explorer/dataset-detail.component.spec.ts" name="DatasetDetailComponent behavior &gt; retrieveLatestVersionFile &gt; walks nested directories to find the first leaf file" time="0.036010854">
        </testcase>
        <testcase classname="src/app/dashboard/component/user/user-dataset/user-dataset-explorer/dataset-detail.component.spec.ts" name="DatasetDetailComponent behavior &gt; retrieveLatestVersionFile &gt; sets latestVersionFileName to an empty string when the latest version has no files" time="0.101386649">
        </testcase>
        <testcase classname="src/app/dashboard/component/user/user-dataset/user-dataset-explorer/dataset-detail.component.spec.ts" name="DatasetDetailComponent behavior &gt; retrieveLatestVersionFile &gt; derives latestVersionCreationTime from the latest version&apos;s creationTime" time="0.037653301">
        </testcase>
        <testcase classname="src/app/dashboard/component/user/user-dataset/user-dataset-explorer/dataset-detail.component.spec.ts" name="DatasetDetailComponent behavior &gt; retrieveLatestVersionFile &gt; leaves latestVersionCreationTime empty when the latest version has no creation time" time="0.019351433">
        </testcase>
        <testcase classname="src/app/dashboard/component/user/user-dataset/user-dataset-explorer/dataset-detail.component.spec.ts" name="DatasetDetailComponent behavior &gt; retrieveLatestVersionFile &gt; sets latestVersionSize from a file-tree fetch for the latest version&apos;s dvid" time="0.02191316">
        </testcase>
        <testcase classname="src/app/dashboard/component/user/user-dataset/user-dataset-explorer/dataset-detail.component.spec.ts" name="DatasetDetailComponent behavior &gt; retrieveLatestVersionFile &gt; does not fetch a size when the latest version has no dvid" time="0.02110993">
        </testcase>
        <testcase classname="src/app/dashboard/component/user/user-dataset/user-dataset-explorer/dataset-detail.component.spec.ts" name="DatasetDetailComponent behavior &gt; retrieveLatestVersionFile &gt; clears a previously fetched latestVersionSize when the latest version has no dvid" time="0.020772921">
        </testcase>
        <testcase classname="src/app/dashboard/component/user/user-dataset/user-dataset-explorer/dataset-detail.component.spec.ts" name="DatasetDetailComponent behavior &gt; retrieveLatestVersionFile &gt; ignores a superseded call&apos;s size response that resolves after a newer one" time="0.023468294">
        </testcase>
        <testcase classname="src/app/dashboard/component/user/user-dataset/user-dataset-explorer/dataset-detail.component.spec.ts" name="DatasetDetailComponent behavior &gt; retrieveLatestVersionFile &gt; keeps the latest-version facts fixed when a different version is later selected" time="0.023923733">
        </testcase>
        <testcase classname="src/app/dashboard/component/user/user-dataset/user-dataset-explorer/dataset-detail.component.spec.ts" name="DatasetDetailComponent behavior &gt; retrieveLatestVersionFile &gt; does nothing when there is no did" time="0.021096735">
        </testcase>
        <testcase classname="src/app/dashboard/component/user/user-dataset/user-dataset-explorer/dataset-detail.component.spec.ts" name="DatasetDetailComponent behavior &gt; isDownloadAllowed and userHasWriteAccess &gt; always allows the owner to download, even when the dataset is not downloadable" time="0.020966569">
        </testcase>
        <testcase classname="src/app/dashboard/component/user/user-dataset/user-dataset-explorer/dataset-detail.component.spec.ts" name="DatasetDetailComponent behavior &gt; isDownloadAllowed and userHasWriteAccess &gt; allows a non-owner to download a public downloadable dataset without explicit access" time="0.018710481">
        </testcase>
        <testcase classname="src/app/dashboard/component/user/user-dataset/user-dataset-explorer/dataset-detail.component.spec.ts" name="DatasetDetailComponent behavior &gt; isDownloadAllowed and userHasWriteAccess &gt; blocks a non-owner from a private downloadable dataset without access" time="0.019953307">
        </testcase>
        <testcase classname="src/app/dashboard/component/user/user-dataset/user-dataset-explorer/dataset-detail.component.spec.ts" name="DatasetDetailComponent behavior &gt; isDownloadAllowed and userHasWriteAccess &gt; blocks download when the dataset is not downloadable" time="0.02292658">
        </testcase>
        <testcase classname="src/app/dashboard/component/user/user-dataset/user-dataset-explorer/dataset-detail.component.spec.ts" name="DatasetDetailComponent behavior &gt; isDownloadAllowed and userHasWriteAccess &gt; reports write access only for the WRITE privilege" time="0.031451707">
        </testcase>
        <testcase classname="src/app/dashboard/component/user/user-dataset/user-dataset-explorer/dataset-detail.component.spec.ts" name="DatasetDetailComponent behavior &gt; publicity and downloadable toggles &gt; marks the dataset public and toasts on success" time="0.029644322">
        </testcase>
        <testcase classname="src/app/dashboard/component/user/user-dataset/user-dataset-explorer/dataset-detail.component.spec.ts" name="DatasetDetailComponent behavior &gt; publicity and downloadable toggles &gt; keeps the public flag and toasts an error when the publicity update fails" time="0.022700221">
        </testcase>
        <testcase classname="src/app/dashboard/component/user/user-dataset/user-dataset-explorer/dataset-detail.component.spec.ts" name="DatasetDetailComponent behavior &gt; publicity and downloadable toggles &gt; marks downloads not-allowed and toasts on success" time="0.022268314">
        </testcase>
        <testcase classname="src/app/dashboard/component/user/user-dataset/user-dataset-explorer/dataset-detail.component.spec.ts" name="DatasetDetailComponent behavior &gt; publicity and downloadable toggles &gt; keeps the downloadable flag and toasts an error when the update fails" time="0.021425447">
        </testcase>
        <testcase classname="src/app/dashboard/component/user/user-dataset/user-dataset-explorer/dataset-detail.component.spec.ts" name="DatasetDetailComponent behavior &gt; onClickOpenVersionCreator &gt; creates a version, clears the name, refreshes the list and emits a change on success" time="0.024600151">
        </testcase>
        <testcase classname="src/app/dashboard/component/user/user-dataset/user-dataset-explorer/dataset-detail.component.spec.ts" name="DatasetDetailComponent behavior &gt; onClickOpenVersionCreator &gt; surfaces the backend message and resets the in-progress flag on failure" time="0.021810615">
        </testcase>
        <testcase classname="src/app/dashboard/component/user/user-dataset/user-dataset-explorer/dataset-detail.component.spec.ts" name="DatasetDetailComponent behavior &gt; onClickOpenVersionCreator &gt; ignores a second click while a version creation is already in progress" time="0.021493427">
        </testcase>
        <testcase classname="src/app/dashboard/component/user/user-dataset/user-dataset-explorer/dataset-detail.component.spec.ts" name="DatasetDetailComponent behavior &gt; downloads &gt; downloads the selected version as a zip when did and dvid are present" time="0.02305642">
        </testcase>
        <testcase classname="src/app/dashboard/component/user/user-dataset/user-dataset-explorer/dataset-detail.component.spec.ts" name="DatasetDetailComponent behavior &gt; downloads &gt; does not download a zip when no version is selected" time="0.020556928">
        </testcase>
        <testcase classname="src/app/dashboard/component/user/user-dataset/user-dataset-explorer/dataset-detail.component.spec.ts" name="DatasetDetailComponent behavior &gt; downloads &gt; uses the public endpoint to download the current file for a public non-owner dataset" time="0.048680225">
        </testcase>
        <testcase classname="src/app/dashboard/component/user/user-dataset/user-dataset-explorer/dataset-detail.component.spec.ts" name="DatasetDetailComponent behavior &gt; downloads &gt; uses the authenticated endpoint to download the current file for the owner" time="0.014275205">
        </testcase>
        <testcase classname="src/app/dashboard/component/user/user-dataset/user-dataset-explorer/dataset-detail.component.spec.ts" name="DatasetDetailComponent behavior &gt; downloads &gt; does not download the current file without a selected version dvid" time="0.021112024">
        </testcase>
        <testcase classname="src/app/dashboard/component/user/user-dataset/user-dataset-explorer/dataset-detail.component.spec.ts" name="DatasetDetailComponent behavior &gt; staged objects and view flags &gt; tracks the pending-change count from staged objects" time="0.017933686">
        </testcase>
        <testcase classname="src/app/dashboard/component/user/user-dataset/user-dataset-explorer/dataset-detail.component.spec.ts" name="DatasetDetailComponent behavior &gt; staged objects and view flags &gt; toggles the maximize, right-bar and precise-view-count flags" time="0.044837742">
        </testcase>
        <testcase classname="src/app/dashboard/component/user/user-dataset/user-dataset-explorer/dataset-detail.component.spec.ts" name="DatasetDetailComponent behavior &gt; toggleLike &gt; unlikes and decrements the like count when currently liked" time="0.020805134">
        </testcase>
        <testcase classname="src/app/dashboard/component/user/user-dataset/user-dataset-explorer/dataset-detail.component.spec.ts" name="DatasetDetailComponent behavior &gt; toggleLike &gt; likes and increments the like count when not currently liked" time="0.024053509">
        </testcase>
        <testcase classname="src/app/dashboard/component/user/user-dataset/user-dataset-explorer/dataset-detail.component.spec.ts" name="DatasetDetailComponent behavior &gt; toggleLike &gt; does nothing when no user is logged in" time="0.038285545">
        </testcase>
        <testcase classname="src/app/dashboard/component/user/user-dataset/user-dataset-explorer/dataset-detail.component.spec.ts" name="DatasetDetailComponent behavior &gt; cover image and description persistence &gt; refreshes the cover url and toasts success after setting a cover image" time="0.030566057">
        </testcase>
        <testcase classname="src/app/dashboard/component/user/user-dataset/user-dataset-explorer/dataset-detail.component.spec.ts" name="DatasetDetailComponent behavior &gt; cover image and description persistence &gt; surfaces the backend message when setting the cover image fails" time="0.017298241">
        </testcase>
        <testcase classname="src/app/dashboard/component/user/user-dataset/user-dataset-explorer/dataset-detail.component.spec.ts" name="DatasetDetailComponent behavior &gt; cover image and description persistence &gt; does nothing when there is no selected version to attach the cover to" time="0.028172916">
        </testcase>
        <testcase classname="src/app/dashboard/component/user/user-dataset/user-dataset-explorer/dataset-detail.component.spec.ts" name="DatasetDetailComponent behavior &gt; cover image and description persistence &gt; persists a changed description and updates the field" time="0.022304158">
        </testcase>
        <testcase classname="src/app/dashboard/component/user/user-dataset/user-dataset-explorer/dataset-detail.component.spec.ts" name="DatasetDetailComponent behavior &gt; cover image and description persistence &gt; skips the persistence call when the description is unchanged" time="0.02608239">
        </testcase>
        <testcase classname="src/app/dashboard/component/user/user-dataset/user-dataset-explorer/dataset-detail.component.spec.ts" name="DatasetDetailComponent behavior &gt; cover image and description persistence &gt; reverts the description and toasts an error when persistence fails" time="0.024003604">
        </testcase>
        <testcase classname="src/app/dashboard/component/user/user-dataset/user-dataset-explorer/dataset-detail.component.spec.ts" name="DatasetDetailComponent behavior &gt; copyCurrentFilePath &gt; writes the displayed path to the clipboard and toasts success" time="0.030396925">
        </testcase>
        <testcase classname="src/app/dashboard/component/user/user-dataset/user-dataset-explorer/dataset-detail.component.spec.ts" name="DatasetDetailComponent behavior &gt; copyCurrentFilePath &gt; does nothing when no file is displayed" time="0.023385949">
        </testcase>
        <testcase classname="src/app/dashboard/component/user/user-dataset/user-dataset-explorer/dataset-detail.component.spec.ts" name="DatasetDetailComponent behavior &gt; copyCurrentFilePath &gt; toasts an error when the clipboard write rejects" time="0.043859573">
        </testcase>
        <testcase classname="src/app/dashboard/component/user/user-dataset/user-dataset-explorer/dataset-detail.component.spec.ts" name="DatasetDetailComponent behavior &gt; upload status, version-node selection, and trackBy &gt; getUploadStatus maps the upload status to a progress state" time="0.002800355">
        </testcase>
        <testcase classname="src/app/dashboard/component/user/user-dataset/user-dataset-explorer/dataset-detail.component.spec.ts" name="DatasetDetailComponent behavior &gt; upload status, version-node selection, and trackBy &gt; onVersionFileTreeNodeSelected loads the selected node&apos;s content" time="0.00235946">
        </testcase>
        <testcase classname="src/app/dashboard/component/user/user-dataset/user-dataset-explorer/dataset-detail.component.spec.ts" name="DatasetDetailComponent behavior &gt; upload status, version-node selection, and trackBy &gt; trackByTask returns the task&apos;s file path" time="0.00154166">
        </testcase>
        <testcase classname="src/app/dashboard/component/user/user-dataset/user-dataset-explorer/dataset-detail.component.spec.ts" name="DatasetDetailComponent behavior &gt; onSaveDatasetName &gt; seeds editedDatasetName from the loaded dataset name" time="0.04099742">
        </testcase>
        <testcase classname="src/app/dashboard/component/user/user-dataset/user-dataset-explorer/dataset-detail.component.spec.ts" name="DatasetDetailComponent behavior &gt; onSaveDatasetName &gt; persists a valid name unchanged and toasts success" time="0.04008169">
        </testcase>
        <testcase classname="src/app/dashboard/component/user/user-dataset/user-dataset-explorer/dataset-detail.component.spec.ts" name="DatasetDetailComponent behavior &gt; onSaveDatasetName &gt; rejects an invalid name with a validation error and does not call the rename API" time="0.028198315">
        </testcase>
        <testcase classname="src/app/dashboard/component/user/user-dataset/user-dataset-explorer/dataset-detail.component.spec.ts" name="DatasetDetailComponent behavior &gt; onSaveDatasetName &gt; toasts an error and leaves the name unchanged when the rename fails" time="0.02802529">
        </testcase>
        <testcase classname="src/app/dashboard/component/user/user-dataset/user-dataset-explorer/dataset-detail.component.spec.ts" name="DatasetDetailComponent behavior &gt; onSaveDatasetName &gt; does nothing when there is no did" time="0.041727169">
        </testcase>
        <testcase classname="src/app/dashboard/component/user/user-dataset/user-dataset-explorer/dataset-detail.component.spec.ts" name="DatasetDetailComponent behavior &gt; onDeleteDataset &gt; deletes the dataset, toasts success and navigates back to the dataset list" time="0.028070704">
        </testcase>
        <testcase classname="src/app/dashboard/component/user/user-dataset/user-dataset-explorer/dataset-detail.component.spec.ts" name="DatasetDetailComponent behavior &gt; onDeleteDataset &gt; toasts an error and does not navigate when the deletion fails" time="0.070665056">
        </testcase>
        <testcase classname="src/app/dashboard/component/user/user-dataset/user-dataset-explorer/dataset-detail.component.spec.ts" name="DatasetDetailComponent behavior &gt; onDeleteDataset &gt; does nothing when there is no did" time="0.029121619">
        </testcase>
        <testcase classname="src/app/dashboard/component/user/user-dataset/user-dataset-explorer/dataset-detail.component.spec.ts" name="DatasetDetailComponent behavior &gt; delete button disabled state &gt; disables the delete button for a non-owner with write access" time="0.289960021">
        </testcase>
        <testcase classname="src/app/dashboard/component/user/user-dataset/user-dataset-explorer/dataset-detail.component.spec.ts" name="DatasetDetailComponent behavior &gt; delete button disabled state &gt; enables the delete button for the owner" time="0.237638336">
        </testcase>
    </testsuite>
    <testsuite name="src/app/dashboard/component/user/user-dataset/user-dataset-list-item/user-dataset-list-item.component.spec.ts" timestamp="2026-08-04T22:49:30.547Z" hostname="ali-Inspiron-15-3520" tests="20" failures="0" errors="0" skipped="0" time="1.628792479">
        <testcase classname="src/app/dashboard/component/user/user-dataset/user-dataset-list-item/user-dataset-list-item.component.spec.ts" name="UserDatasetListItemComponent &gt; should create" time="0.171218105">
        </testcase>
        <testcase classname="src/app/dashboard/component/user/user-dataset/user-dataset-list-item/user-dataset-list-item.component.spec.ts" name="UserDatasetListItemComponent &gt; entry getter &gt; throws when accessed before being set" time="0.15804449">
        </testcase>
        <testcase classname="src/app/dashboard/component/user/user-dataset/user-dataset-list-item/user-dataset-list-item.component.spec.ts" name="UserDatasetListItemComponent &gt; entry getter &gt; returns the value once set" time="0.141733067">
        </testcase>
        <testcase classname="src/app/dashboard/component/user/user-dataset/user-dataset-list-item/user-dataset-list-item.component.spec.ts" name="UserDatasetListItemComponent &gt; dataset getter &gt; returns entry.dataset when present" time="0.074066923">
        </testcase>
        <testcase classname="src/app/dashboard/component/user/user-dataset/user-dataset-list-item/user-dataset-list-item.component.spec.ts" name="UserDatasetListItemComponent &gt; dataset getter &gt; throws when entry.dataset is missing" time="0.083881786">
        </testcase>
        <testcase classname="src/app/dashboard/component/user/user-dataset/user-dataset-list-item/user-dataset-list-item.component.spec.ts" name="UserDatasetListItemComponent &gt; confirmUpdateDatasetCustomName &gt; is a no-op when the name has not changed" time="0.093951918">
        </testcase>
        <testcase classname="src/app/dashboard/component/user/user-dataset/user-dataset-list-item/user-dataset-list-item.component.spec.ts" name="UserDatasetListItemComponent &gt; confirmUpdateDatasetCustomName &gt; updates the dataset name on success and clears editingName" time="0.106736926">
        </testcase>
        <testcase classname="src/app/dashboard/component/user/user-dataset/user-dataset-list-item/user-dataset-list-item.component.spec.ts" name="UserDatasetListItemComponent &gt; confirmUpdateDatasetCustomName &gt; notifies the user on error and still clears editingName" time="0.074385284">
        </testcase>
        <testcase classname="src/app/dashboard/component/user/user-dataset/user-dataset-list-item/user-dataset-list-item.component.spec.ts" name="UserDatasetListItemComponent &gt; confirmUpdateDatasetCustomName &gt; rejects the invalid name &apos;&apos; without calling the service" time="0.054616425">
        </testcase>
        <testcase classname="src/app/dashboard/component/user/user-dataset/user-dataset-list-item/user-dataset-list-item.component.spec.ts" name="UserDatasetListItemComponent &gt; confirmUpdateDatasetCustomName &gt; rejects the invalid name &apos;a/b&apos; without calling the service" time="0.049042991">
        </testcase>
        <testcase classname="src/app/dashboard/component/user/user-dataset/user-dataset-list-item/user-dataset-list-item.component.spec.ts" name="UserDatasetListItemComponent &gt; confirmUpdateDatasetCustomName &gt; rejects the invalid name &apos;has space&apos; without calling the service" time="0.04920694">
        </testcase>
        <testcase classname="src/app/dashboard/component/user/user-dataset/user-dataset-list-item/user-dataset-list-item.component.spec.ts" name="UserDatasetListItemComponent &gt; confirmUpdateDatasetCustomName &gt; rejects the invalid name &apos;名前&apos; without calling the service" time="0.049510176">
        </testcase>
        <testcase classname="src/app/dashboard/component/user/user-dataset/user-dataset-list-item/user-dataset-list-item.component.spec.ts" name="UserDatasetListItemComponent &gt; confirmUpdateDatasetCustomName &gt; surfaces the backend error message when the rename is rejected" time="0.049752689">
        </testcase>
        <testcase classname="src/app/dashboard/component/user/user-dataset/user-dataset-list-item/user-dataset-list-item.component.spec.ts" name="UserDatasetListItemComponent &gt; confirmUpdateDatasetCustomDescription &gt; is a no-op when the description has not changed" time="0.064208076">
        </testcase>
        <testcase classname="src/app/dashboard/component/user/user-dataset/user-dataset-list-item/user-dataset-list-item.component.spec.ts" name="UserDatasetListItemComponent &gt; confirmUpdateDatasetCustomDescription &gt; updates the dataset description on success and clears editingDescription" time="0.045728054">
        </testcase>
        <testcase classname="src/app/dashboard/component/user/user-dataset/user-dataset-list-item/user-dataset-list-item.component.spec.ts" name="UserDatasetListItemComponent &gt; confirmUpdateDatasetCustomDescription &gt; notifies the user on error and still clears editingDescription" time="0.051853358">
        </testcase>
        <testcase classname="src/app/dashboard/component/user/user-dataset/user-dataset-list-item/user-dataset-list-item.component.spec.ts" name="UserDatasetListItemComponent &gt; onClickOpenShareAccess &gt; opens the share-access modal with the expected nzData and options" time="0.072747698">
        </testcase>
        <testcase classname="src/app/dashboard/component/user/user-dataset/user-dataset-list-item/user-dataset-list-item.component.spec.ts" name="UserDatasetListItemComponent &gt; onClickOpenShareAccess &gt; sets writeAccess to false when accessPrivilege is not WRITE" time="0.065074832">
        </testcase>
        <testcase classname="src/app/dashboard/component/user/user-dataset/user-dataset-list-item/user-dataset-list-item.component.spec.ts" name="UserDatasetListItemComponent &gt; inputs and outputs &gt; defaults editable to false" time="0.07036473">
        </testcase>
        <testcase classname="src/app/dashboard/component/user/user-dataset/user-dataset-list-item/user-dataset-list-item.component.spec.ts" name="UserDatasetListItemComponent &gt; inputs and outputs &gt; exposes deleted, duplicated, and refresh as EventEmitters" time="0.099404771">
        </testcase>
    </testsuite>
    <testsuite name="src/app/dashboard/component/user/user-model/user-model-creator/user-model-creator.component.spec.ts" timestamp="2026-08-04T22:49:30.551Z" hostname="ali-Inspiron-15-3520" tests="10" failures="0" errors="0" skipped="0" time="0.462170769">
        <testcase classname="src/app/dashboard/component/user/user-model/user-model-creator/user-model-creator.component.spec.ts" name="sanitizeModelName &gt; keeps underscores and hyphens, unlike the dataset sanitizer" time="0.001075464">
        </testcase>
        <testcase classname="src/app/dashboard/component/user/user-model/user-model-creator/user-model-creator.component.spec.ts" name="sanitizeModelName &gt; lower-cases and replaces disallowed runs with a single hyphen" time="0.001127796">
        </testcase>
        <testcase classname="src/app/dashboard/component/user/user-model/user-model-creator/user-model-creator.component.spec.ts" name="sanitizeModelName &gt; trims leading whitespace" time="0.000669927">
        </testcase>
        <testcase classname="src/app/dashboard/component/user/user-model/user-model-creator/user-model-creator.component.spec.ts" name="UserModelCreatorComponent &gt; renders the four create fields, with no version-description field" time="0.086654654">
        </testcase>
        <testcase classname="src/app/dashboard/component/user/user-model/user-model-creator/user-model-creator.component.spec.ts" name="UserModelCreatorComponent &gt; offers exactly the framework and format values the backend accepts" time="0.096571313">
        </testcase>
        <testcase classname="src/app/dashboard/component/user/user-model/user-model-creator/user-model-creator.component.spec.ts" name="UserModelCreatorComponent &gt; does nothing when the required name is empty" time="0.071442486">
        </testcase>
        <testcase classname="src/app/dashboard/component/user/user-model/user-model-creator/user-model-creator.component.spec.ts" name="UserModelCreatorComponent &gt; creates the model with the sanitized name and the toggle values" time="0.06200934">
        </testcase>
        <testcase classname="src/app/dashboard/component/user/user-model/user-model-creator/user-model-creator.component.spec.ts" name="UserModelCreatorComponent &gt; reports the rename when the entered name had to be sanitized" time="0.036633012">
        </testcase>
        <testcase classname="src/app/dashboard/component/user/user-model/user-model-creator/user-model-creator.component.spec.ts" name="UserModelCreatorComponent &gt; surfaces the server message and closes with null when creation fails" time="0.033293715">
        </testcase>
        <testcase classname="src/app/dashboard/component/user/user-model/user-model-creator/user-model-creator.component.spec.ts" name="UserModelCreatorComponent &gt; closes with null on cancel without calling the backend" time="0.072002432">
        </testcase>
    </testsuite>
    <testsuite name="src/app/dashboard/component/user/user-model/user-model-explorer/model-detail.component.spec.ts" timestamp="2026-08-04T22:49:30.553Z" hostname="ali-Inspiron-15-3520" tests="59" failures="0" errors="0" skipped="0" time="24.969521669">
        <testcase classname="src/app/dashboard/component/user/user-model/user-model-explorer/model-detail.component.spec.ts" name="ModelDetailComponent &gt; ngOnInit &gt; coerces the route param to a number and loads the model plus its versions" time="1.296959712">
        </testcase>
        <testcase classname="src/app/dashboard/component/user/user-model/user-model-explorer/model-detail.component.spec.ts" name="ModelDetailComponent &gt; ngOnInit &gt; populates the header fields, including the model-only framework and format" time="0.638446155">
        </testcase>
        <testcase classname="src/app/dashboard/component/user/user-model/user-model-explorer/model-detail.component.spec.ts" name="ModelDetailComponent &gt; version selection &gt; selects the newest version and loads its file tree and size" time="0.614784562">
        </testcase>
        <testcase classname="src/app/dashboard/component/user/user-model/user-model-explorer/model-detail.component.spec.ts" name="ModelDetailComponent &gt; version selection &gt; previews the first leaf, addressed by its full logical path" time="0.523267427">
        </testcase>
        <testcase classname="src/app/dashboard/component/user/user-model/user-model-explorer/model-detail.component.spec.ts" name="ModelDetailComponent &gt; version selection &gt; clears the preview when the version has no files" time="0.462722364">
        </testcase>
        <testcase classname="src/app/dashboard/component/user/user-model/user-model-explorer/model-detail.component.spec.ts" name="ModelDetailComponent &gt; version selection &gt; leaves no version selected when the model has none" time="0.390602601">
        </testcase>
        <testcase classname="src/app/dashboard/component/user/user-model/user-model-explorer/model-detail.component.spec.ts" name="ModelDetailComponent &gt; access and download gating &gt; userHasWriteAccess is true only for WRITE" time="0.028030377">
        </testcase>
        <testcase classname="src/app/dashboard/component/user/user-model/user-model-explorer/model-detail.component.spec.ts" name="ModelDetailComponent &gt; access and download gating &gt; allows an owner to download regardless of the downloadable flag" time="0.026960519">
        </testcase>
        <testcase classname="src/app/dashboard/component/user/user-model/user-model-explorer/model-detail.component.spec.ts" name="ModelDetailComponent &gt; access and download gating &gt; allows a non-owner on a public downloadable model" time="0.02710899">
        </testcase>
        <testcase classname="src/app/dashboard/component/user/user-model/user-model-explorer/model-detail.component.spec.ts" name="ModelDetailComponent &gt; access and download gating &gt; blocks a non-owner without access on a private model" time="0.021249829">
        </testcase>
        <testcase classname="src/app/dashboard/component/user/user-model/user-model-explorer/model-detail.component.spec.ts" name="ModelDetailComponent &gt; access and download gating &gt; blocks a non-owner when downloads are restricted" time="0.017833391">
        </testcase>
        <testcase classname="src/app/dashboard/component/user/user-model/user-model-explorer/model-detail.component.spec.ts" name="ModelDetailComponent &gt; downloads &gt; downloads the selected version as a zip" time="0.436565665">
        </testcase>
        <testcase classname="src/app/dashboard/component/user/user-model/user-model-explorer/model-detail.component.spec.ts" name="ModelDetailComponent &gt; downloads &gt; downloads the current file by its logical path" time="0.612612567">
        </testcase>
        <testcase classname="src/app/dashboard/component/user/user-model/user-model-explorer/model-detail.component.spec.ts" name="ModelDetailComponent &gt; downloads &gt; uses the public endpoint for a non-owner on a public model" time="0.481534294">
        </testcase>
        <testcase classname="src/app/dashboard/component/user/user-model/user-model-explorer/model-detail.component.spec.ts" name="ModelDetailComponent &gt; publicity and downloadable toggles &gt; updates publicity and reports the new state" time="0.480888892">
        </testcase>
        <testcase classname="src/app/dashboard/component/user/user-model/user-model-explorer/model-detail.component.spec.ts" name="ModelDetailComponent &gt; publicity and downloadable toggles &gt; leaves the flag untouched when the publicity update fails" time="0.449420572">
        </testcase>
        <testcase classname="src/app/dashboard/component/user/user-model/user-model-explorer/model-detail.component.spec.ts" name="ModelDetailComponent &gt; publicity and downloadable toggles &gt; updates the downloadable flag and reports the new state" time="0.421589833">
        </testcase>
        <testcase classname="src/app/dashboard/component/user/user-model/user-model-explorer/model-detail.component.spec.ts" name="ModelDetailComponent &gt; description &gt; persists a changed description" time="0.388272401">
        </testcase>
        <testcase classname="src/app/dashboard/component/user/user-model/user-model-explorer/model-detail.component.spec.ts" name="ModelDetailComponent &gt; description &gt; does not call the backend when the description is unchanged" time="0.33346994">
        </testcase>
        <testcase classname="src/app/dashboard/component/user/user-model/user-model-explorer/model-detail.component.spec.ts" name="ModelDetailComponent &gt; description &gt; reverts to the previous description when the update fails" time="0.697754534">
        </testcase>
        <testcase classname="src/app/dashboard/component/user/user-model/user-model-explorer/model-detail.component.spec.ts" name="ModelDetailComponent &gt; view controls &gt; toggles the maximized and collapsed flags" time="0.036716734">
        </testcase>
        <testcase classname="src/app/dashboard/component/user/user-model/user-model-explorer/model-detail.component.spec.ts" name="ModelDetailComponent &gt; view controls &gt; selecting a tree node loads its full logical path" time="0.025618913">
        </testcase>
        <testcase classname="src/app/dashboard/component/user/user-model/user-model-explorer/model-detail.component.spec.ts" name="ModelDetailComponent &gt; copyCurrentFilePath &gt; copies the displayed path and reports success" time="0.021771181">
        </testcase>
        <testcase classname="src/app/dashboard/component/user/user-model/user-model-explorer/model-detail.component.spec.ts" name="ModelDetailComponent &gt; copyCurrentFilePath &gt; does nothing when no file is displayed" time="0.024329298">
        </testcase>
        <testcase classname="src/app/dashboard/component/user/user-model/user-model-explorer/model-detail.component.spec.ts" name="ModelDetailComponent &gt; copyCurrentFilePath &gt; reports an error when the clipboard write is rejected" time="0.058330315">
        </testcase>
        <testcase classname="src/app/dashboard/component/user/user-model/user-model-explorer/model-detail.component.spec.ts" name="ModelDetailComponent &gt; upload &gt; starts at most maxConcurrentFiles uploads and queues the rest" time="0.534775372">
        </testcase>
        <testcase classname="src/app/dashboard/component/user/user-model/user-model-explorer/model-detail.component.spec.ts" name="ModelDetailComponent &gt; upload &gt; addresses the upload by owner email and model name" time="0.60859773">
        </testcase>
        <testcase classname="src/app/dashboard/component/user/user-model/user-model-explorer/model-detail.component.spec.ts" name="ModelDetailComponent &gt; upload &gt; starts the next queued upload once an active one finishes" time="0.636886387">
        </testcase>
        <testcase classname="src/app/dashboard/component/user/user-model/user-model-explorer/model-detail.component.spec.ts" name="ModelDetailComponent &gt; upload &gt; removes a queued file without ever starting it" time="0.396929339">
        </testcase>
        <testcase classname="src/app/dashboard/component/user/user-model/user-model-explorer/model-detail.component.spec.ts" name="ModelDetailComponent &gt; upload &gt; aborts an in-flight upload through the model endpoints" time="0.287314284">
        </testcase>
        <testcase classname="src/app/dashboard/component/user/user-model/user-model-explorer/model-detail.component.spec.ts" name="ModelDetailComponent &gt; upload &gt; maps upload status onto the progress-bar states" time="0.022913542">
        </testcase>
        <testcase classname="src/app/dashboard/component/user/user-model/user-model-explorer/model-detail.component.spec.ts" name="ModelDetailComponent &gt; upload &gt; tracks staged changes reported by the diff and locally" time="0.430342187">
        </testcase>
        <testcase classname="src/app/dashboard/component/user/user-model/user-model-explorer/model-detail.component.spec.ts" name="ModelDetailComponent &gt; upload &gt; stages a deletion by relative path and reports it" time="0.462527538">
        </testcase>
        <testcase classname="src/app/dashboard/component/user/user-model/user-model-explorer/model-detail.component.spec.ts" name="ModelDetailComponent &gt; upload &gt; creates a version, clears staged state and refetches the version list" time="0.470891305">
        </testcase>
        <testcase classname="src/app/dashboard/component/user/user-model/user-model-explorer/model-detail.component.spec.ts" name="ModelDetailComponent &gt; upload &gt; ignores a second submit while one is already in flight" time="0.358885515">
        </testcase>
        <testcase classname="src/app/dashboard/component/user/user-model/user-model-explorer/model-detail.component.spec.ts" name="ModelDetailComponent &gt; upload &gt; surfaces a version-creation failure and clears the loading flag" time="0.344590444">
        </testcase>
        <testcase classname="src/app/dashboard/component/user/user-model/user-model-explorer/model-detail.component.spec.ts" name="ModelDetailComponent &gt; cover image &gt; loads the cover url when the model has a cover image" time="0.508809369">
        </testcase>
        <testcase classname="src/app/dashboard/component/user/user-model/user-model-explorer/model-detail.component.spec.ts" name="ModelDetailComponent &gt; cover image &gt; leaves the cover url null when the model has no cover image" time="0.337559491">
        </testcase>
        <testcase classname="src/app/dashboard/component/user/user-model/user-model-explorer/model-detail.component.spec.ts" name="ModelDetailComponent &gt; cover image &gt; prefixes the selected version name onto the path when setting a cover" time="0.419799885">
        </testcase>
        <testcase classname="src/app/dashboard/component/user/user-model/user-model-explorer/model-detail.component.spec.ts" name="ModelDetailComponent &gt; cover image &gt; refreshes the cover url after a successful update" time="0.603267325">
        </testcase>
        <testcase classname="src/app/dashboard/component/user/user-model/user-model-explorer/model-detail.component.spec.ts" name="ModelDetailComponent &gt; cover image &gt; is a no-op when no version is selected" time="0.406362949">
        </testcase>
        <testcase classname="src/app/dashboard/component/user/user-model/user-model-explorer/model-detail.component.spec.ts" name="ModelDetailComponent &gt; cover image &gt; surfaces the backend message when setting a cover fails" time="0.649103328">
        </testcase>
        <testcase classname="src/app/dashboard/component/user/user-model/user-model-explorer/model-detail.component.spec.ts" name="ModelDetailComponent &gt; hub stats &gt; records a view on init and shows the returned count" time="0.520176604">
        </testcase>
        <testcase classname="src/app/dashboard/component/user/user-model/user-model-explorer/model-detail.component.spec.ts" name="ModelDetailComponent &gt; hub stats &gt; loads the like count and liked state on init" time="0.566738605">
        </testcase>
        <testcase classname="src/app/dashboard/component/user/user-model/user-model-explorer/model-detail.component.spec.ts" name="ModelDetailComponent &gt; hub stats &gt; toggleLike unlikes an already-liked model and refreshes the count" time="0.590971508">
        </testcase>
        <testcase classname="src/app/dashboard/component/user/user-model/user-model-explorer/model-detail.component.spec.ts" name="ModelDetailComponent &gt; hub stats &gt; toggleLike likes a model that is not yet liked" time="0.493073019">
        </testcase>
        <testcase classname="src/app/dashboard/component/user/user-model/user-model-explorer/model-detail.component.spec.ts" name="ModelDetailComponent &gt; hub stats &gt; toggleLike does nothing when the like call reports failure" time="0.912873882">
        </testcase>
        <testcase classname="src/app/dashboard/component/user/user-model/user-model-explorer/model-detail.component.spec.ts" name="ModelDetailComponent &gt; upload settings &gt; reads the model-specific upload keys, not the dataset ones" time="0.659342765">
        </testcase>
        <testcase classname="src/app/dashboard/component/user/user-model/user-model-explorer/model-detail.component.spec.ts" name="ModelDetailComponent &gt; settings tab &gt; saves a valid model name and reflects it in the header" time="0.473345577">
        </testcase>
        <testcase classname="src/app/dashboard/component/user/user-model/user-model-explorer/model-detail.component.spec.ts" name="ModelDetailComponent &gt; settings tab &gt; rejects an invalid name without calling the backend" time="0.313549864">
        </testcase>
        <testcase classname="src/app/dashboard/component/user/user-model/user-model-explorer/model-detail.component.spec.ts" name="ModelDetailComponent &gt; settings tab &gt; reverts the edited name when the save fails" time="0.391486671">
        </testcase>
        <testcase classname="src/app/dashboard/component/user/user-model/user-model-explorer/model-detail.component.spec.ts" name="ModelDetailComponent &gt; settings tab &gt; persists a framework change optimistically" time="0.378667704">
        </testcase>
        <testcase classname="src/app/dashboard/component/user/user-model/user-model-explorer/model-detail.component.spec.ts" name="ModelDetailComponent &gt; settings tab &gt; rolls the framework back when the update fails" time="0.311551889">
        </testcase>
        <testcase classname="src/app/dashboard/component/user/user-model/user-model-explorer/model-detail.component.spec.ts" name="ModelDetailComponent &gt; settings tab &gt; does not call the backend when the framework is unchanged" time="0.547406462">
        </testcase>
        <testcase classname="src/app/dashboard/component/user/user-model/user-model-explorer/model-detail.component.spec.ts" name="ModelDetailComponent &gt; settings tab &gt; persists a format change and rolls back on failure" time="0.589516314">
        </testcase>
        <testcase classname="src/app/dashboard/component/user/user-model/user-model-explorer/model-detail.component.spec.ts" name="ModelDetailComponent &gt; settings tab &gt; navigates to the models list after deleting" time="0.719455462">
        </testcase>
        <testcase classname="src/app/dashboard/component/user/user-model/user-model-explorer/model-detail.component.spec.ts" name="ModelDetailComponent &gt; usage tab &gt; generates a snippet that reads the model through the property-panel variable" time="0.351810732">
        </testcase>
        <testcase classname="src/app/dashboard/component/user/user-model/user-model-explorer/model-detail.component.spec.ts" name="ModelDetailComponent &gt; usage tab &gt; exposes the snippet as coloured tokens without losing text" time="0.448654713">
        </testcase>
        <testcase classname="src/app/dashboard/component/user/user-model/user-model-explorer/model-detail.component.spec.ts" name="ModelDetailComponent &gt; usage tab &gt; reports whether the framework/format pair has a tailored loader" time="0.693872601">
        </testcase>
    </testsuite>
    <testsuite name="src/app/dashboard/component/user/user-model/user-model-explorer/model-usage-snippet.spec.ts" timestamp="2026-08-04T22:49:30.562Z" hostname="ali-Inspiron-15-3520" tests="24" failures="0" errors="0" skipped="0" time="0.022766891">
        <testcase classname="src/app/dashboard/component/user/user-model/user-model-explorer/model-usage-snippet.spec.ts" name="modelVariableName &gt; turns a model name into a python identifier" time="0.001284358">
        </testcase>
        <testcase classname="src/app/dashboard/component/user/user-model/user-model-explorer/model-usage-snippet.spec.ts" name="modelVariableName &gt; prefixes names that would start with a digit" time="0.000521621">
        </testcase>
        <testcase classname="src/app/dashboard/component/user/user-model/user-model-explorer/model-usage-snippet.spec.ts" name="modelVariableName &gt; falls back when the name has no usable characters" time="0.000466566">
        </testcase>
        <testcase classname="src/app/dashboard/component/user/user-model/user-model-explorer/model-usage-snippet.spec.ts" name="hasKnownLoader &gt; recognises every pair that has a tailored loader" time="0.000958313">
        </testcase>
        <testcase classname="src/app/dashboard/component/user/user-model/user-model-explorer/model-usage-snippet.spec.ts" name="hasKnownLoader &gt; rejects mismatched, unknown and missing pairs" time="0.000707956">
        </testcase>
        <testcase classname="src/app/dashboard/component/user/user-model/user-model-explorer/model-usage-snippet.spec.ts" name="buildModelUsageSnippet &gt; reads the model through the property-panel variable, not a logical path" time="0.001452446">
        </testcase>
        <testcase classname="src/app/dashboard/component/user/user-model/user-model-explorer/model-usage-snippet.spec.ts" name="buildModelUsageSnippet &gt; declares the parameter the property panel offers a model picker for" time="0.000753966">
        </testcase>
        <testcase classname="src/app/dashboard/component/user/user-model/user-model-explorer/model-usage-snippet.spec.ts" name="buildModelUsageSnippet &gt; loads in open() and predicts in process_tuple()" time="0.000915484">
        </testcase>
        <testcase classname="src/app/dashboard/component/user/user-model/user-model-explorer/model-usage-snippet.spec.ts" name="buildModelUsageSnippet &gt; uses the model directory itself for a tensorflow SavedModel" time="0.001145252">
        </testcase>
        <testcase classname="src/app/dashboard/component/user/user-model/user-model-explorer/model-usage-snippet.spec.ts" name="buildModelUsageSnippet &gt; joins the relative path for every file-based format" time="0.000751848">
        </testcase>
        <testcase classname="src/app/dashboard/component/user/user-model/user-model-explorer/model-usage-snippet.spec.ts" name="buildModelUsageSnippet &gt; comments each loader so the steps are explained" time="0.001036504">
        </testcase>
        <testcase classname="src/app/dashboard/component/user/user-model/user-model-explorer/model-usage-snippet.spec.ts" name="buildModelUsageSnippet &gt; suggests a framework-appropriate prediction call" time="0.00097197">
        </testcase>
        <testcase classname="src/app/dashboard/component/user/user-model/user-model-explorer/model-usage-snippet.spec.ts" name="buildModelUsageSnippet &gt; falls back to raw bytes when the pair has no loader" time="0.000732234">
        </testcase>
        <testcase classname="src/app/dashboard/component/user/user-model/user-model-explorer/model-usage-snippet.spec.ts" name="buildModelUsageSnippet &gt; always produces a runnable operator skeleton" time="0.001472284">
        </testcase>
        <testcase classname="src/app/dashboard/component/user/user-model/user-model-explorer/model-usage-snippet.spec.ts" name="buildModelUsageSnippet &gt; indents every loader line inside open()" time="0.000815986">
        </testcase>
        <testcase classname="src/app/dashboard/component/user/user-model/user-model-explorer/model-usage-snippet.spec.ts" name="tokenizePythonLine &gt; marks a whole-line comment as a comment" time="0.000903327">
        </testcase>
        <testcase classname="src/app/dashboard/component/user/user-model/user-model-explorer/model-usage-snippet.spec.ts" name="tokenizePythonLine &gt; marks keywords, strings and plain text separately" time="0.001169775">
        </testcase>
        <testcase classname="src/app/dashboard/component/user/user-model/user-model-explorer/model-usage-snippet.spec.ts" name="tokenizePythonLine &gt; marks a double-quoted string" time="0.000639907">
        </testcase>
        <testcase classname="src/app/dashboard/component/user/user-model/user-model-explorer/model-usage-snippet.spec.ts" name="tokenizePythonLine &gt; does not treat a # inside a string as a comment" time="0.000838634">
        </testcase>
        <testcase classname="src/app/dashboard/component/user/user-model/user-model-explorer/model-usage-snippet.spec.ts" name="tokenizePythonLine &gt; splits a trailing comment from the code before it" time="0.000775703">
        </testcase>
        <testcase classname="src/app/dashboard/component/user/user-model/user-model-explorer/model-usage-snippet.spec.ts" name="tokenizePythonLine &gt; marks builtins distinctly from user names" time="0.000658124">
        </testcase>
        <testcase classname="src/app/dashboard/component/user/user-model/user-model-explorer/model-usage-snippet.spec.ts" name="tokenizePythonLine &gt; round-trips the original text" time="0.000544871">
        </testcase>
        <testcase classname="src/app/dashboard/component/user/user-model/user-model-explorer/model-usage-snippet.spec.ts" name="tokenizePythonLine &gt; handles an empty line" time="0.000569317">
        </testcase>
        <testcase classname="src/app/dashboard/component/user/user-model/user-model-explorer/model-usage-snippet.spec.ts" name="tokenizeSnippet &gt; produces one token array per line and loses no text" time="0.001375514">
        </testcase>
    </testsuite>
    <testsuite name="src/app/dashboard/component/user/user-project/public-project/public-project.component.spec.ts" timestamp="2026-08-04T22:49:30.564Z" hostname="ali-Inspiron-15-3520" tests="10" failures="0" errors="0" skipped="0" time="1.043636721">
        <testcase classname="src/app/dashboard/component/user/user-project/public-project/public-project.component.spec.ts" name="PublicProjectComponent &gt; should create and read disabledList from NZ_MODAL_DATA" time="0.197759198">
        </testcase>
        <testcase classname="src/app/dashboard/component/user/user-project/public-project/public-project.component.spec.ts" name="PublicProjectComponent &gt; ngOnInit loads publicProjectEntries from getPublicProjects and renders the rows" time="0.145346093">
        </testcase>
        <testcase classname="src/app/dashboard/component/user/user-project/public-project/public-project.component.spec.ts" name="PublicProjectComponent &gt; updateCheckedSet adds an id when checked and removes it when unchecked" time="0.104430363">
        </testcase>
        <testcase classname="src/app/dashboard/component/user/user-project/public-project/public-project.component.spec.ts" name="PublicProjectComponent &gt; onItemChecked updates the set and refreshes the checked status" time="0.085795587">
        </testcase>
        <testcase classname="src/app/dashboard/component/user/user-project/public-project/public-project.component.spec.ts" name="PublicProjectComponent &gt; onAllChecked(true) selects every entry" time="0.078888458">
        </testcase>
        <testcase classname="src/app/dashboard/component/user/user-project/public-project/public-project.component.spec.ts" name="PublicProjectComponent &gt; onAllChecked(false) unchecks all entries" time="0.090757996">
        </testcase>
        <testcase classname="src/app/dashboard/component/user/user-project/public-project/public-project.component.spec.ts" name="PublicProjectComponent &gt; refreshCheckedStatus &gt; all selected =&gt; checked true, indeterminate false" time="0.082215546">
        </testcase>
        <testcase classname="src/app/dashboard/component/user/user-project/public-project/public-project.component.spec.ts" name="PublicProjectComponent &gt; refreshCheckedStatus &gt; none selected =&gt; checked false, indeterminate false" time="0.095953877">
        </testcase>
        <testcase classname="src/app/dashboard/component/user/user-project/public-project/public-project.component.spec.ts" name="PublicProjectComponent &gt; refreshCheckedStatus &gt; some selected =&gt; checked false, indeterminate true" time="0.074834567">
        </testcase>
        <testcase classname="src/app/dashboard/component/user/user-project/public-project/public-project.component.spec.ts" name="PublicProjectComponent &gt; addPublicProjects calls the service with the checked ids and destroys the modal on success" time="0.086743498">
        </testcase>
    </testsuite>
    <testsuite name="src/app/dashboard/component/user/user-project/user-project-list-item/user-project-list-item.component.spec.ts" timestamp="2026-08-04T22:49:30.565Z" hostname="ali-Inspiron-15-3520" tests="10" failures="0" errors="0" skipped="0" time="1.296303374">
        <testcase classname="src/app/dashboard/component/user/user-project/user-project-list-item/user-project-list-item.component.spec.ts" name="UserProjectListItemComponent &gt; should create" time="0.162535721">
        </testcase>
        <testcase classname="src/app/dashboard/component/user/user-project/user-project-list-item/user-project-list-item.component.spec.ts" name="UserProjectListItemComponent &gt; updateProjectColor &gt; persists a valid color and updates local state" time="0.1210532">
        </testcase>
        <testcase classname="src/app/dashboard/component/user/user-project/user-project-list-item/user-project-list-item.component.spec.ts" name="UserProjectListItemComponent &gt; updateProjectColor &gt; rejects an invalid HEX color and does not call the service" time="0.117965411">
        </testcase>
        <testcase classname="src/app/dashboard/component/user/user-project/user-project-list-item/user-project-list-item.component.spec.ts" name="UserProjectListItemComponent &gt; updateProjectColor &gt; is a no-op when the item is not editable" time="0.118142768">
        </testcase>
        <testcase classname="src/app/dashboard/component/user/user-project/user-project-list-item/user-project-list-item.component.spec.ts" name="UserProjectListItemComponent &gt; removeProjectColor &gt; deletes the color and resets local state" time="0.153193582">
        </testcase>
        <testcase classname="src/app/dashboard/component/user/user-project/user-project-list-item/user-project-list-item.component.spec.ts" name="UserProjectListItemComponent &gt; saveProjectName &gt; persists a changed name" time="0.111731052">
        </testcase>
        <testcase classname="src/app/dashboard/component/user/user-project/user-project-list-item/user-project-list-item.component.spec.ts" name="UserProjectListItemComponent &gt; saveProjectName &gt; does not call the service when the name is unchanged" time="0.133492473">
        </testcase>
        <testcase classname="src/app/dashboard/component/user/user-project/user-project-list-item/user-project-list-item.component.spec.ts" name="UserProjectListItemComponent &gt; saveProjectDescription &gt; persists a changed description and notifies success" time="0.142211513">
        </testcase>
        <testcase classname="src/app/dashboard/component/user/user-project/user-project-list-item/user-project-list-item.component.spec.ts" name="UserProjectListItemComponent &gt; saveProjectDescription &gt; does not call the service when the description is unchanged" time="0.104107913">
        </testcase>
        <testcase classname="src/app/dashboard/component/user/user-project/user-project-list-item/user-project-list-item.component.spec.ts" name="UserProjectListItemComponent &gt; onClickOpenShareAccess &gt; opens the share-access modal and refreshes when it closes" time="0.130358815">
        </testcase>
    </testsuite>
    <testsuite name="src/app/dashboard/component/user/user-workflow/ngbd-modal-workflow-executions/workflow-execution-history.component.spec.ts" timestamp="2026-08-04T22:49:30.566Z" hostname="ali-Inspiron-15-3520" tests="46" failures="0" errors="0" skipped="0" time="27.109336563">
        <testcase classname="src/app/dashboard/component/user/user-workflow/ngbd-modal-workflow-executions/workflow-execution-history.component.spec.ts" name="WorkflowExecutionHistoryComponent &gt; initialization and wid resolution &gt; takes the wid from NZ_MODAL_DATA and loads that workflow&apos;s executions" time="1.116194058">
        </testcase>
        <testcase classname="src/app/dashboard/component/user/user-workflow/ngbd-modal-workflow-executions/workflow-execution-history.component.spec.ts" name="WorkflowExecutionHistoryComponent &gt; initialization and wid resolution &gt; falls back to the route snapshot id when modal data is absent" time="0.558448196">
        </testcase>
        <testcase classname="src/app/dashboard/component/user/user-workflow/ngbd-modal-workflow-executions/workflow-execution-history.component.spec.ts" name="WorkflowExecutionHistoryComponent &gt; initialization and wid resolution &gt; defaults the wid to 0 when neither modal data nor route param exists" time="0.527304246">
        </testcase>
        <testcase classname="src/app/dashboard/component/user/user-workflow/ngbd-modal-workflow-executions/workflow-execution-history.component.spec.ts" name="WorkflowExecutionHistoryComponent &gt; charts (ngAfterViewInit) &gt; draws a username pie, a status pie, and a process-time bar chart" time="0.551119654">
        </testcase>
        <testcase classname="src/app/dashboard/component/user/user-workflow/ngbd-modal-workflow-executions/workflow-execution-history.component.spec.ts" name="WorkflowExecutionHistoryComponent &gt; charts (ngAfterViewInit) &gt; buckets 20 rows into ceil(20/10)=2-row groups keyed by position and averages minutes" time="0.462670833">
        </testcase>
        <testcase classname="src/app/dashboard/component/user/user-workflow/ngbd-modal-workflow-executions/workflow-execution-history.component.spec.ts" name="WorkflowExecutionHistoryComponent &gt; getExecutionStatus &gt; maps every status code to its [label, icon, color] triple" time="0.471717071">
        </testcase>
        <testcase classname="src/app/dashboard/component/user/user-workflow/ngbd-modal-workflow-executions/workflow-execution-history.component.spec.ts" name="WorkflowExecutionHistoryComponent &gt; getExecutionStatus &gt; falls back to a question-circle for unknown codes" time="0.481278988">
        </testcase>
        <testcase classname="src/app/dashboard/component/user/user-workflow/ngbd-modal-workflow-executions/workflow-execution-history.component.spec.ts" name="WorkflowExecutionHistoryComponent &gt; sorting &gt; sorts by Name (ID) case-insensitively in both directions" time="0.424550511">
        </testcase>
        <testcase classname="src/app/dashboard/component/user/user-workflow/ngbd-modal-workflow-executions/workflow-execution-history.component.spec.ts" name="WorkflowExecutionHistoryComponent &gt; sorting &gt; sorts by Username in both directions" time="0.469431176">
        </testcase>
        <testcase classname="src/app/dashboard/component/user/user-workflow/ngbd-modal-workflow-executions/workflow-execution-history.component.spec.ts" name="WorkflowExecutionHistoryComponent &gt; sorting &gt; sorts by Execution Start Time in both directions" time="0.516497776">
        </testcase>
        <testcase classname="src/app/dashboard/component/user/user-workflow/ngbd-modal-workflow-executions/workflow-execution-history.component.spec.ts" name="WorkflowExecutionHistoryComponent &gt; sorting &gt; sorts by Execution Completion Time in both directions" time="0.474313053">
        </testcase>
        <testcase classname="src/app/dashboard/component/user/user-workflow/ngbd-modal-workflow-executions/workflow-execution-history.component.spec.ts" name="WorkflowExecutionHistoryComponent &gt; sorting &gt; sorts by Computing Unit ID numerically in both directions" time="0.493164898">
        </testcase>
        <testcase classname="src/app/dashboard/component/user/user-workflow/ngbd-modal-workflow-executions/workflow-execution-history.component.spec.ts" name="WorkflowExecutionHistoryComponent &gt; sorting &gt; onHit alternates between descending and ascending on repeated clicks" time="0.396864845">
        </testcase>
        <testcase classname="src/app/dashboard/component/user/user-workflow/ngbd-modal-workflow-executions/workflow-execution-history.component.spec.ts" name="WorkflowExecutionHistoryComponent &gt; pagination &gt; shows the first page of 10 by default and re-slices on page index change" time="0.772984134">
        </testcase>
        <testcase classname="src/app/dashboard/component/user/user-workflow/ngbd-modal-workflow-executions/workflow-execution-history.component.spec.ts" name="WorkflowExecutionHistoryComponent &gt; pagination &gt; re-slices with the new size on page size change (index is kept)" time="0.731617963">
        </testcase>
        <testcase classname="src/app/dashboard/component/user/user-workflow/ngbd-modal-workflow-executions/workflow-execution-history.component.spec.ts" name="WorkflowExecutionHistoryComponent &gt; pagination &gt; clears the search box whenever the page is re-sliced" time="0.938479536">
        </testcase>
        <testcase classname="src/app/dashboard/component/user/user-workflow/ngbd-modal-workflow-executions/workflow-execution-history.component.spec.ts" name="WorkflowExecutionHistoryComponent &gt; row selection &gt; updateEidSet and updateRowSet add on check and delete on uncheck" time="0.379330243">
        </testcase>
        <testcase classname="src/app/dashboard/component/user/user-workflow/ngbd-modal-workflow-executions/workflow-execution-history.component.spec.ts" name="WorkflowExecutionHistoryComponent &gt; row selection &gt; onAllChecked(true) selects every paginated row and sets the header checkbox" time="0.455052528">
        </testcase>
        <testcase classname="src/app/dashboard/component/user/user-workflow/ngbd-modal-workflow-executions/workflow-execution-history.component.spec.ts" name="WorkflowExecutionHistoryComponent &gt; row selection &gt; onItemChecked leaves the header checkbox unchecked until all rows are selected" time="0.786213066">
        </testcase>
        <testcase classname="src/app/dashboard/component/user/user-workflow/ngbd-modal-workflow-executions/workflow-execution-history.component.spec.ts" name="WorkflowExecutionHistoryComponent &gt; bookmarking &gt; onBookmarkToggle flips the flag and sends the previous value to the service" time="0.60354354">
        </testcase>
        <testcase classname="src/app/dashboard/component/user/user-workflow/ngbd-modal-workflow-executions/workflow-execution-history.component.spec.ts" name="WorkflowExecutionHistoryComponent &gt; bookmarking &gt; onBookmarkToggle reverts the flag when the service errors" time="0.770448386">
        </testcase>
        <testcase classname="src/app/dashboard/component/user/user-workflow/ngbd-modal-workflow-executions/workflow-execution-history.component.spec.ts" name="WorkflowExecutionHistoryComponent &gt; bookmarking &gt; setBookmarked bookmarks everything when the selection is mixed" time="0.4820548">
        </testcase>
        <testcase classname="src/app/dashboard/component/user/user-workflow/ngbd-modal-workflow-executions/workflow-execution-history.component.spec.ts" name="WorkflowExecutionHistoryComponent &gt; bookmarking &gt; setBookmarked un-bookmarks everything when all selected rows are bookmarked" time="0.499907833">
        </testcase>
        <testcase classname="src/app/dashboard/component/user/user-workflow/ngbd-modal-workflow-executions/workflow-execution-history.component.spec.ts" name="WorkflowExecutionHistoryComponent &gt; deletion &gt; onDelete removes the row and refreshes the pagination" time="0.477090668">
        </testcase>
        <testcase classname="src/app/dashboard/component/user/user-workflow/ngbd-modal-workflow-executions/workflow-execution-history.component.spec.ts" name="WorkflowExecutionHistoryComponent &gt; deletion &gt; onGroupDelete removes all selected rows and clears both selection sets" time="0.442560273">
        </testcase>
        <testcase classname="src/app/dashboard/component/user/user-workflow/ngbd-modal-workflow-executions/workflow-execution-history.component.spec.ts" name="WorkflowExecutionHistoryComponent &gt; deletion &gt; deleting the only row on page 2 moves back to page 1" time="0.72203684">
        </testcase>
        <testcase classname="src/app/dashboard/component/user/user-workflow/ngbd-modal-workflow-executions/workflow-execution-history.component.spec.ts" name="WorkflowExecutionHistoryComponent &gt; renaming &gt; skips the API call and just closes the editor when the name is unchanged" time="0.385989168">
        </testcase>
        <testcase classname="src/app/dashboard/component/user/user-workflow/ngbd-modal-workflow-executions/workflow-execution-history.component.spec.ts" name="WorkflowExecutionHistoryComponent &gt; renaming &gt; persists a changed name, updates all three lists, and resets the fuse collection" time="0.557864578">
        </testcase>
        <testcase classname="src/app/dashboard/component/user/user-workflow/ngbd-modal-workflow-executions/workflow-execution-history.component.spec.ts" name="WorkflowExecutionHistoryComponent &gt; renaming &gt; clears the editing flag even when the rename request errors" time="0.710082878">
        </testcase>
        <testcase classname="src/app/dashboard/component/user/user-workflow/ngbd-modal-workflow-executions/workflow-execution-history.component.spec.ts" name="WorkflowExecutionHistoryComponent &gt; searchExecution &gt; restores the full page when the search box is blank" time="0.773227016">
        </testcase>
        <testcase classname="src/app/dashboard/component/user/user-workflow/ngbd-modal-workflow-executions/workflow-execution-history.component.spec.ts" name="WorkflowExecutionHistoryComponent &gt; searchExecution &gt; translates status:running into a fuse $and query with the mapped code" time="0.694999914">
        </testcase>
        <testcase classname="src/app/dashboard/component/user/user-workflow/ngbd-modal-workflow-executions/workflow-execution-history.component.spec.ts" name="WorkflowExecutionHistoryComponent &gt; searchExecution &gt; combines multiple conditions into one $and query" time="0.596518014">
        </testcase>
        <testcase classname="src/app/dashboard/component/user/user-workflow/ngbd-modal-workflow-executions/workflow-execution-history.component.spec.ts" name="WorkflowExecutionHistoryComponent &gt; searchExecution &gt; treats a bare token as an execution-name search" time="0.783666078">
        </testcase>
        <testcase classname="src/app/dashboard/component/user/user-workflow/ngbd-modal-workflow-executions/workflow-execution-history.component.spec.ts" name="WorkflowExecutionHistoryComponent &gt; searchExecution &gt; rejects a malformed token with more than one colon" time="0.465568232">
        </testcase>
        <testcase classname="src/app/dashboard/component/user/user-workflow/ngbd-modal-workflow-executions/workflow-execution-history.component.spec.ts" name="WorkflowExecutionHistoryComponent &gt; searchExecution &gt; rejects an unknown search field" time="0.410167856">
        </testcase>
        <testcase classname="src/app/dashboard/component/user/user-workflow/ngbd-modal-workflow-executions/workflow-execution-history.component.spec.ts" name="WorkflowExecutionHistoryComponent &gt; searchExecution &gt; rejects a status value that is not a known execution status" time="0.435208303">
        </testcase>
        <testcase classname="src/app/dashboard/component/user/user-workflow/ngbd-modal-workflow-executions/workflow-execution-history.component.spec.ts" name="WorkflowExecutionHistoryComponent &gt; searchInputOnChange autocomplete &gt; suggests matching statuses with the field prefix preserved" time="0.58267599">
        </testcase>
        <testcase classname="src/app/dashboard/component/user/user-workflow/ngbd-modal-workflow-executions/workflow-execution-history.component.spec.ts" name="WorkflowExecutionHistoryComponent &gt; searchInputOnChange autocomplete &gt; suggests execution names for free text" time="0.866462062">
        </testcase>
        <testcase classname="src/app/dashboard/component/user/user-workflow/ngbd-modal-workflow-executions/workflow-execution-history.component.spec.ts" name="WorkflowExecutionHistoryComponent &gt; searchInputOnChange autocomplete &gt; deduplicates suggestions across rows with the same value" time="0.713011879">
        </testcase>
        <testcase classname="src/app/dashboard/component/user/user-workflow/ngbd-modal-workflow-executions/workflow-execution-history.component.spec.ts" name="WorkflowExecutionHistoryComponent &gt; runtime statistics modal &gt; fetches the stats then opens the runtime-statistics modal with them" time="0.608386648">
        </testcase>
        <testcase classname="src/app/dashboard/component/user/user-workflow/ngbd-modal-workflow-executions/workflow-execution-history.component.spec.ts" name="WorkflowExecutionHistoryComponent &gt; display helpers &gt; abbreviate cuts execution names at 20 characters and usernames at 5" time="0.571322018">
        </testcase>
        <testcase classname="src/app/dashboard/component/user/user-workflow/ngbd-modal-workflow-executions/workflow-execution-history.component.spec.ts" name="WorkflowExecutionHistoryComponent &gt; display helpers &gt; setAvatarColor returns a stable rgba color per user" time="0.676493669">
        </testcase>
        <testcase classname="src/app/dashboard/component/user/user-workflow/ngbd-modal-workflow-executions/workflow-execution-history.component.spec.ts" name="WorkflowExecutionHistoryComponent &gt; template rendering &gt; renders one table row per execution with its name and id" time="0.589040592">
        </testcase>
        <testcase classname="src/app/dashboard/component/user/user-workflow/ngbd-modal-workflow-executions/workflow-execution-history.component.spec.ts" name="WorkflowExecutionHistoryComponent &gt; template rendering &gt; colors the status icon from the status mapping" time="0.388849158">
        </testcase>
        <testcase classname="src/app/dashboard/component/user/user-workflow/ngbd-modal-workflow-executions/workflow-execution-history.component.spec.ts" name="WorkflowExecutionHistoryComponent &gt; template rendering &gt; swaps the name label for an input while the row is being renamed" time="0.556198428">
        </testcase>
        <testcase classname="src/app/dashboard/component/user/user-workflow/ngbd-modal-workflow-executions/workflow-execution-history.component.spec.ts" name="WorkflowExecutionHistoryComponent &gt; template rendering &gt; shows the group bookmark/delete actions only when rows are selected" time="0.729284565">
        </testcase>
    </testsuite>
    <testsuite name="src/app/dashboard/component/user/user-workflow/user-workflow-list-item/highlight-search-terms.pipe.spec.ts" timestamp="2026-08-04T22:49:30.569Z" hostname="ali-Inspiron-15-3520" tests="6" failures="0" errors="0" skipped="0" time="0.016150449">
        <testcase classname="src/app/dashboard/component/user/user-workflow/user-workflow-list-item/highlight-search-terms.pipe.spec.ts" name="HighlightSearchTermsPipe &gt; returns an empty string when the value is undefined" time="0.003531842">
        </testcase>
        <testcase classname="src/app/dashboard/component/user/user-workflow/user-workflow-list-item/highlight-search-terms.pipe.spec.ts" name="HighlightSearchTermsPipe &gt; returns the value unchanged when there are no terms to highlight" time="0.00233732">
        </testcase>
        <testcase classname="src/app/dashboard/component/user/user-workflow/user-workflow-list-item/highlight-search-terms.pipe.spec.ts" name="HighlightSearchTermsPipe &gt; wraps a single matching token in a highlight span" time="0.002257308">
        </testcase>
        <testcase classname="src/app/dashboard/component/user/user-workflow/user-workflow-list-item/highlight-search-terms.pipe.spec.ts" name="HighlightSearchTermsPipe &gt; matches case-insensitively and preserves the original casing inside the span" time="0.002605643">
        </testcase>
        <testcase classname="src/app/dashboard/component/user/user-workflow/user-workflow-list-item/highlight-search-terms.pipe.spec.ts" name="HighlightSearchTermsPipe &gt; wraps every occurrence of a token (global flag)" time="0.002522448">
        </testcase>
        <testcase classname="src/app/dashboard/component/user/user-workflow/user-workflow-list-item/highlight-search-terms.pipe.spec.ts" name="HighlightSearchTermsPipe &gt; wraps each token independently when multiple terms are given" time="0.002387451">
        </testcase>
    </testsuite>
    <testsuite name="src/app/dashboard/component/user/user-workflow/user-workflow-list-item/user-workflow-list-item.component.spec.ts" timestamp="2026-08-04T22:49:30.570Z" hostname="ali-Inspiron-15-3520" tests="15" failures="0" errors="0" skipped="0" time="2.067241744">
        <testcase classname="src/app/dashboard/component/user/user-workflow/user-workflow-list-item/user-workflow-list-item.component.spec.ts" name="UserWorkflowListItemComponent &gt; should create" time="0.167475">
        </testcase>
        <testcase classname="src/app/dashboard/component/user/user-workflow/user-workflow-list-item/user-workflow-list-item.component.spec.ts" name="UserWorkflowListItemComponent &gt; sends http request to backend to retrieve export json" time="0.110843584">
        </testcase>
        <testcase classname="src/app/dashboard/component/user/user-workflow/user-workflow-list-item/user-workflow-list-item.component.spec.ts" name="UserWorkflowListItemComponent &gt; adding a workflow description adds a description to the workflow" time="0.114966176">
            <system-err>
AssertionError: expected null to be truthy
    at /home/ali/IdeaProjects/texera-worktrees/forks/rodeo-pipeline/frontend/src/app/dashboard/component/user/user-workflow/user-workflow-list-item/user-workflow-list-item.component.spec.ts:126:40
    at _ZoneDelegate.invoke (/home/ali/IdeaProjects/texera-worktrees/forks/rodeo-pipeline/frontend/node_modules/zone.js/fesm2015/zone.js:398:28)
    at ProxyZoneSpec.onInvoke (/home/ali/IdeaProjects/texera-worktrees/forks/rodeo-pipeline/frontend/node_modules/zone.js/fesm2015/zone-testing.js:2132:39)
    at _ZoneDelegate.invoke (/home/ali/IdeaProjects/texera-worktrees/forks/rodeo-pipeline/frontend/node_modules/zone.js/fesm2015/zone.js:397:34)
    at ZoneImpl.run (/home/ali/IdeaProjects/texera-worktrees/forks/rodeo-pipeline/frontend/node_modules/zone.js/fesm2015/zone.js:113:43)
    at /home/ali/IdeaProjects/texera-worktrees/forks/rodeo-pipeline/frontend/node_modules/zone.js/fesm2015/zone.js:2537:40
    at _ZoneDelegate.invokeTask (/home/ali/IdeaProjects/texera-worktrees/forks/rodeo-pipeline/frontend/node_modules/zone.js/fesm2015/zone.js:431:33)
    at ProxyZoneSpec.onInvokeTask (/home/ali/IdeaProjects/texera-worktrees/forks/rodeo-pipeline/frontend/node_modules/zone.js/fesm2015/zone-testing.js:2163:39)
    at _ZoneDelegate.invokeTask (/home/ali/IdeaProjects/texera-worktrees/forks/rodeo-pipeline/frontend/node_modules/zone.js/fesm2015/zone.js:430:38)
    at ZoneImpl.runTask (/home/ali/IdeaProjects/texera-worktrees/forks/rodeo-pipeline/frontend/node_modules/zone.js/fesm2015/zone.js:161:47) {
  actual: null,
  expected: true,
  showDiff: true,
  operator: &apos;strictEqual&apos;
}

            </system-err>
        </testcase>
        <testcase classname="src/app/dashboard/component/user/user-workflow/user-workflow-list-item/user-workflow-list-item.component.spec.ts" name="UserWorkflowListItemComponent &gt; Editing a workflow description edits a description to the workflow" time="0.102017414">
            <system-err>
AssertionError: expected null to be truthy
    at /home/ali/IdeaProjects/texera-worktrees/forks/rodeo-pipeline/frontend/src/app/dashboard/component/user/user-workflow/user-workflow-list-item/user-workflow-list-item.component.spec.ts:146:41
    at _ZoneDelegate.invoke (/home/ali/IdeaProjects/texera-worktrees/forks/rodeo-pipeline/frontend/node_modules/zone.js/fesm2015/zone.js:398:28)
    at ProxyZoneSpec.onInvoke (/home/ali/IdeaProjects/texera-worktrees/forks/rodeo-pipeline/frontend/node_modules/zone.js/fesm2015/zone-testing.js:2132:39)
    at _ZoneDelegate.invoke (/home/ali/IdeaProjects/texera-worktrees/forks/rodeo-pipeline/frontend/node_modules/zone.js/fesm2015/zone.js:397:34)
    at ZoneImpl.run (/home/ali/IdeaProjects/texera-worktrees/forks/rodeo-pipeline/frontend/node_modules/zone.js/fesm2015/zone.js:113:43)
    at /home/ali/IdeaProjects/texera-worktrees/forks/rodeo-pipeline/frontend/node_modules/zone.js/fesm2015/zone.js:2537:40
    at _ZoneDelegate.invokeTask (/home/ali/IdeaProjects/texera-worktrees/forks/rodeo-pipeline/frontend/node_modules/zone.js/fesm2015/zone.js:431:33)
    at ProxyZoneSpec.onInvokeTask (/home/ali/IdeaProjects/texera-worktrees/forks/rodeo-pipeline/frontend/node_modules/zone.js/fesm2015/zone-testing.js:2163:39)
    at _ZoneDelegate.invokeTask (/home/ali/IdeaProjects/texera-worktrees/forks/rodeo-pipeline/frontend/node_modules/zone.js/fesm2015/zone.js:430:38)
    at ZoneImpl.runTask (/home/ali/IdeaProjects/texera-worktrees/forks/rodeo-pipeline/frontend/node_modules/zone.js/fesm2015/zone.js:161:47) {
  actual: null,
  expected: true,
  showDiff: true,
  operator: &apos;strictEqual&apos;
}

            </system-err>
        </testcase>
        <testcase classname="src/app/dashboard/component/user/user-workflow/user-workflow-list-item/user-workflow-list-item.component.spec.ts" name="UserWorkflowListItemComponent &gt; method coverage &gt; getProjectIds returns the set of the entry&apos;s project ids" time="0.120091905">
        </testcase>
        <testcase classname="src/app/dashboard/component/user/user-workflow/user-workflow-list-item/user-workflow-list-item.component.spec.ts" name="UserWorkflowListItemComponent &gt; method coverage &gt; isLightColor reports light vs dark hex colors" time="0.141371912">
        </testcase>
        <testcase classname="src/app/dashboard/component/user/user-workflow/user-workflow-list-item/user-workflow-list-item.component.spec.ts" name="UserWorkflowListItemComponent &gt; method coverage &gt; confirmUpdateWorkflowCustomName &gt; persists the new name, updates the workflow, and stops editing" time="0.110356444">
        </testcase>
        <testcase classname="src/app/dashboard/component/user/user-workflow/user-workflow-list-item/user-workflow-list-item.component.spec.ts" name="UserWorkflowListItemComponent &gt; method coverage &gt; confirmUpdateWorkflowCustomName &gt; falls back to the default name when the input is empty" time="0.149550894">
        </testcase>
        <testcase classname="src/app/dashboard/component/user/user-workflow/user-workflow-list-item/user-workflow-list-item.component.spec.ts" name="UserWorkflowListItemComponent &gt; method coverage &gt; confirmUpdateWorkflowCustomName &gt; is a no-op when the workflow has no id" time="0.171671357">
        </testcase>
        <testcase classname="src/app/dashboard/component/user/user-workflow/user-workflow-list-item/user-workflow-list-item.component.spec.ts" name="UserWorkflowListItemComponent &gt; method coverage &gt; confirmUpdateWorkflowCustomDescription &gt; persists the new description and stops editing" time="0.092369832">
        </testcase>
        <testcase classname="src/app/dashboard/component/user/user-workflow/user-workflow-list-item/user-workflow-list-item.component.spec.ts" name="UserWorkflowListItemComponent &gt; method coverage &gt; confirmUpdateWorkflowCustomDescription &gt; is a no-op when the workflow has no id" time="0.112662695">
        </testcase>
        <testcase classname="src/app/dashboard/component/user/user-workflow/user-workflow-list-item/user-workflow-list-item.component.spec.ts" name="UserWorkflowListItemComponent &gt; method coverage &gt; removeWorkflowFromProject calls the service and prunes the entry&apos;s project ids" time="0.145244302">
        </testcase>
        <testcase classname="src/app/dashboard/component/user/user-workflow/user-workflow-list-item/user-workflow-list-item.component.spec.ts" name="UserWorkflowListItemComponent &gt; method coverage &gt; onClickGetWorkflowExecutions opens the execution-history modal for the workflow" time="0.201401418">
        </testcase>
        <testcase classname="src/app/dashboard/component/user/user-workflow/user-workflow-list-item/user-workflow-list-item.component.spec.ts" name="UserWorkflowListItemComponent &gt; method coverage &gt; onClickDownloadWorkfllow &gt; delegates to the download service with the workflow id and name" time="0.188307572">
        </testcase>
        <testcase classname="src/app/dashboard/component/user/user-workflow/user-workflow-list-item/user-workflow-list-item.component.spec.ts" name="UserWorkflowListItemComponent &gt; method coverage &gt; onClickDownloadWorkfllow &gt; does nothing when the workflow has no id" time="0.137103494">
        </testcase>
    </testsuite>
    <testsuite name="src/app/workspace/component/agent/agent-panel/agent-chat/agent-chat.component.spec.ts" timestamp="2026-08-04T22:49:30.571Z" hostname="ali-Inspiron-15-3520" tests="52" failures="0" errors="0" skipped="0" time="4.666500686">
        <testcase classname="src/app/workspace/component/agent/agent-panel/agent-chat/agent-chat.component.spec.ts" name="AgentChatComponent &gt; ngOnInit workflow polling &gt; ensures workflow polling when the agent delegate carries a workflowId" time="0.214030877">
        </testcase>
        <testcase classname="src/app/workspace/component/agent/agent-panel/agent-chat/agent-chat.component.spec.ts" name="AgentChatComponent &gt; ngOnInit workflow polling &gt; does not start polling when there is no delegate" time="0.086204376">
        </testcase>
        <testcase classname="src/app/workspace/component/agent/agent-panel/agent-chat/agent-chat.component.spec.ts" name="AgentChatComponent &gt; auto-persist toggling on state transitions &gt; disables persistence when generation starts and re-enables when it finishes" time="0.086760727">
        </testcase>
        <testcase classname="src/app/workspace/component/agent/agent-panel/agent-chat/agent-chat.component.spec.ts" name="AgentChatComponent &gt; auto-persist toggling on state transitions &gt; re-enables persistence when STOPPING resolves to AVAILABLE" time="0.104061055">
        </testcase>
        <testcase classname="src/app/workspace/component/agent/agent-panel/agent-chat/agent-chat.component.spec.ts" name="AgentChatComponent &gt; auto-persist toggling on state transitions &gt; re-enables persistence on destroy if it was left disabled" time="0.078786863">
        </testcase>
        <testcase classname="src/app/workspace/component/agent/agent-panel/agent-chat/agent-chat.component.spec.ts" name="AgentChatComponent &gt; auto-persist toggling on state transitions &gt; does not touch the flag on destroy when it was never disabled" time="0.049760433">
        </testcase>
        <testcase classname="src/app/workspace/component/agent/agent-panel/agent-chat/agent-chat.component.spec.ts" name="AgentChatComponent &gt; step subscription and hovered-message tracking &gt; auto-advances the hover highlight to the latest step on new emissions" time="0.108612993">
        </testcase>
        <testcase classname="src/app/workspace/component/agent/agent-panel/agent-chat/agent-chat.component.spec.ts" name="AgentChatComponent &gt; step subscription and hovered-message tracking &gt; keeps a manually hovered non-latest step across the next emission" time="0.071476494">
        </testcase>
        <testcase classname="src/app/workspace/component/agent/agent-panel/agent-chat/agent-chat.component.spec.ts" name="AgentChatComponent &gt; step subscription and hovered-message tracking &gt; advances a hover that was sitting on the previous latest step" time="0.073234599">
        </testcase>
        <testcase classname="src/app/workspace/component/agent/agent-panel/agent-chat/agent-chat.component.spec.ts" name="AgentChatComponent &gt; step subscription and hovered-message tracking &gt; reverts to the latest step when unhovered (null)" time="0.070608585">
        </testcase>
        <testcase classname="src/app/workspace/component/agent/agent-panel/agent-chat/agent-chat.component.spec.ts" name="AgentChatComponent &gt; HEAD-path filtering of visible steps &gt; shows only the root-to-HEAD ancestor chain when a HEAD is set" time="0.096732043">
        </testcase>
        <testcase classname="src/app/workspace/component/agent/agent-panel/agent-chat/agent-chat.component.spec.ts" name="AgentChatComponent &gt; workflow reload while the tab is active &gt; reloads on activation, deduplicates identical content, and stops when deactivated" time="0.099488509">
        </testcase>
        <testcase classname="src/app/workspace/component/agent/agent-panel/agent-chat/agent-chat.component.spec.ts" name="AgentChatComponent &gt; sendMessage / onEnterPress &gt; ignores whitespace-only input" time="0.03280262">
        </testcase>
        <testcase classname="src/app/workspace/component/agent/agent-panel/agent-chat/agent-chat.component.spec.ts" name="AgentChatComponent &gt; sendMessage / onEnterPress &gt; does not send while the agent is not AVAILABLE" time="0.04323784">
        </testcase>
        <testcase classname="src/app/workspace/component/agent/agent-panel/agent-chat/agent-chat.component.spec.ts" name="AgentChatComponent &gt; sendMessage / onEnterPress &gt; sends the trimmed text and clears the input" time="0.041358898">
        </testcase>
        <testcase classname="src/app/workspace/component/agent/agent-panel/agent-chat/agent-chat.component.spec.ts" name="AgentChatComponent &gt; sendMessage / onEnterPress &gt; Enter sends the message and prevents the default newline" time="0.042655038">
        </testcase>
        <testcase classname="src/app/workspace/component/agent/agent-panel/agent-chat/agent-chat.component.spec.ts" name="AgentChatComponent &gt; sendMessage / onEnterPress &gt; Shift+Enter inserts a newline instead of sending" time="0.047210177">
        </testcase>
        <testcase classname="src/app/workspace/component/agent/agent-panel/agent-chat/agent-chat.component.spec.ts" name="AgentChatComponent &gt; state display helpers &gt; maps Available to icon &quot;check-circle&quot;, color &quot;#52c41a&quot; and its tooltip" time="0.088841097">
        </testcase>
        <testcase classname="src/app/workspace/component/agent/agent-panel/agent-chat/agent-chat.component.spec.ts" name="AgentChatComponent &gt; state display helpers &gt; maps Generating to icon &quot;sync&quot;, color &quot;#1890ff&quot; and its tooltip" time="0.065676791">
        </testcase>
        <testcase classname="src/app/workspace/component/agent/agent-panel/agent-chat/agent-chat.component.spec.ts" name="AgentChatComponent &gt; state display helpers &gt; maps Stopping to icon &quot;sync&quot;, color &quot;#1890ff&quot; and its tooltip" time="0.057587989">
        </testcase>
        <testcase classname="src/app/workspace/component/agent/agent-panel/agent-chat/agent-chat.component.spec.ts" name="AgentChatComponent &gt; state display helpers &gt; maps Unavailable to icon &quot;close-circle&quot;, color &quot;#ff4d4f&quot; and its tooltip" time="0.054929029">
        </testcase>
        <testcase classname="src/app/workspace/component/agent/agent-panel/agent-chat/agent-chat.component.spec.ts" name="AgentChatComponent &gt; state display helpers &gt; reports the per-state boolean flags" time="0.061695005">
        </testcase>
        <testcase classname="src/app/workspace/component/agent/agent-panel/agent-chat/agent-chat.component.spec.ts" name="AgentChatComponent &gt; state display helpers &gt; falls back to the unknown-status tooltip for an unrecognized state" time="0.085538374">
        </testcase>
        <testcase classname="src/app/workspace/component/agent/agent-panel/agent-chat/agent-chat.component.spec.ts" name="AgentChatComponent &gt; tool result and operator-access helpers &gt; prefers output, then result, then the raw entry" time="0.048806287">
        </testcase>
        <testcase classname="src/app/workspace/component/agent/agent-panel/agent-chat/agent-chat.component.spec.ts" name="AgentChatComponent &gt; tool result and operator-access helpers &gt; returns null for missing tool results or an out-of-range index" time="0.049826007">
        </testcase>
        <testcase classname="src/app/workspace/component/agent/agent-panel/agent-chat/agent-chat.component.spec.ts" name="AgentChatComponent &gt; tool result and operator-access helpers &gt; resolves per-tool-call operator access from the map" time="0.059202638">
        </testcase>
        <testcase classname="src/app/workspace/component/agent/agent-panel/agent-chat/agent-chat.component.spec.ts" name="AgentChatComponent &gt; tool result and operator-access helpers &gt; reports no operator access for a missing or empty map" time="0.042757941">
        </testcase>
        <testcase classname="src/app/workspace/component/agent/agent-panel/agent-chat/agent-chat.component.spec.ts" name="AgentChatComponent &gt; showSystemInfo / refreshSystemInfo &gt; populates prompt and tools, applies default settings, and sorts operator types" time="0.260480582">
        </testcase>
        <testcase classname="src/app/workspace/component/agent/agent-panel/agent-chat/agent-chat.component.spec.ts" name="AgentChatComponent &gt; showSystemInfo / refreshSystemInfo &gt; applies explicit settings values from the server" time="0.247575324">
        </testcase>
        <testcase classname="src/app/workspace/component/agent/agent-panel/agent-chat/agent-chat.component.spec.ts" name="AgentChatComponent &gt; showSystemInfo / refreshSystemInfo &gt; closeSystemInfoModal hides the modal" time="0.055704201">
        </testcase>
        <testcase classname="src/app/workspace/component/agent/agent-panel/agent-chat/agent-chat.component.spec.ts" name="AgentChatComponent &gt; settings save methods &gt; saveMaxCharLimit sends only { maxOperatorResultCharLimit } and toasts &quot;Max character limit saved&quot;" time="0.085224815">
        </testcase>
        <testcase classname="src/app/workspace/component/agent/agent-panel/agent-chat/agent-chat.component.spec.ts" name="AgentChatComponent &gt; settings save methods &gt; saveMaxCellCharLimit sends only { maxOperatorResultCellCharLimit } and toasts &quot;Max cell character limit saved&quot;" time="0.053733886">
        </testcase>
        <testcase classname="src/app/workspace/component/agent/agent-panel/agent-chat/agent-chat.component.spec.ts" name="AgentChatComponent &gt; settings save methods &gt; saveToolTimeout sends only { toolTimeoutSeconds } and toasts &quot;Tool timeout saved&quot;" time="0.074171464">
        </testcase>
        <testcase classname="src/app/workspace/component/agent/agent-panel/agent-chat/agent-chat.component.spec.ts" name="AgentChatComponent &gt; settings save methods &gt; saveExecutionTimeout sends only { executionTimeoutMinutes } and toasts &quot;Execution timeout saved&quot;" time="0.079471632">
        </testcase>
        <testcase classname="src/app/workspace/component/agent/agent-panel/agent-chat/agent-chat.component.spec.ts" name="AgentChatComponent &gt; settings save methods &gt; saveMaxSteps sends only { maxSteps } and toasts &quot;Max steps saved&quot;" time="0.091954377">
        </testcase>
        <testcase classname="src/app/workspace/component/agent/agent-panel/agent-chat/agent-chat.component.spec.ts" name="AgentChatComponent &gt; settings save methods &gt; stays silent when the settings update errors (service already notified)" time="0.116016172">
        </testcase>
        <testcase classname="src/app/workspace/component/agent/agent-panel/agent-chat/agent-chat.component.spec.ts" name="AgentChatComponent &gt; operator type selection &gt; toggling on adds without duplicates and saves; toggling off removes" time="0.13332891">
        </testcase>
        <testcase classname="src/app/workspace/component/agent/agent-panel/agent-chat/agent-chat.component.spec.ts" name="AgentChatComponent &gt; operator type selection &gt; enableAllOperatorTypes selects every known type; deselectAllOperatorTypes clears" time="0.09770246">
        </testcase>
        <testcase classname="src/app/workspace/component/agent/agent-panel/agent-chat/agent-chat.component.spec.ts" name="AgentChatComponent &gt; operator type selection &gt; filters operator types by type or description, case-insensitively" time="0.102882724">
        </testcase>
        <testcase classname="src/app/workspace/component/agent/agent-panel/agent-chat/agent-chat.component.spec.ts" name="AgentChatComponent &gt; exportReActSteps &gt; warns and skips the fetch when there is nothing to export" time="0.089446822">
        </testcase>
        <testcase classname="src/app/workspace/component/agent/agent-panel/agent-chat/agent-chat.component.spec.ts" name="AgentChatComponent &gt; exportReActSteps &gt; downloads fetched steps as JSON with operatorAccess flattened to a plain object" time="0.118477016">
        </testcase>
        <testcase classname="src/app/workspace/component/agent/agent-panel/agent-chat/agent-chat.component.spec.ts" name="AgentChatComponent &gt; exportReActSteps &gt; shows an error toast when the fetch fails" time="0.064246068">
        </testcase>
        <testcase classname="src/app/workspace/component/agent/agent-panel/agent-chat/agent-chat.component.spec.ts" name="AgentChatComponent &gt; scroll-to-step requests &gt; scrolls to and highlights the requested step of this agent" time="0.069613356">
        </testcase>
        <testcase classname="src/app/workspace/component/agent/agent-panel/agent-chat/agent-chat.component.spec.ts" name="AgentChatComponent &gt; scroll-to-step requests &gt; ignores scroll requests addressed to other agents" time="0.069219212">
        </testcase>
        <testcase classname="src/app/workspace/component/agent/agent-panel/agent-chat/agent-chat.component.spec.ts" name="AgentChatComponent &gt; template rendering &gt; renders user and agent message bubbles with roles, content and tool summary" time="0.087714084">
        </testcase>
        <testcase classname="src/app/workspace/component/agent/agent-panel/agent-chat/agent-chat.component.spec.ts" name="AgentChatComponent &gt; template rendering &gt; shows the thinking spinner and stop button while generating" time="0.07753357">
        </testcase>
        <testcase classname="src/app/workspace/component/agent/agent-panel/agent-chat/agent-chat.component.spec.ts" name="AgentChatComponent &gt; template rendering &gt; shows the stopping indicator while the agent stops" time="0.06645006">
        </testcase>
        <testcase classname="src/app/workspace/component/agent/agent-panel/agent-chat/agent-chat.component.spec.ts" name="AgentChatComponent &gt; template rendering &gt; shows the disconnected banner and hides the clear button when unavailable" time="0.079933588">
        </testcase>
        <testcase classname="src/app/workspace/component/agent/agent-panel/agent-chat/agent-chat.component.spec.ts" name="AgentChatComponent &gt; template rendering &gt; disables the send button until there is input and the agent is available" time="0.091319913">
        </testcase>
        <testcase classname="src/app/workspace/component/agent/agent-panel/agent-chat/agent-chat.component.spec.ts" name="AgentChatComponent &gt; template rendering &gt; clear button delegates to the service" time="0.058376062">
        </testcase>
        <testcase classname="src/app/workspace/component/agent/agent-panel/agent-chat/agent-chat.component.spec.ts" name="AgentChatComponent &gt; template rendering &gt; system-info modal &gt; opens from the toolbar info button and renders all four tab headers" time="0.180044896">
        </testcase>
        <testcase classname="src/app/workspace/component/agent/agent-panel/agent-chat/agent-chat.component.spec.ts" name="AgentChatComponent &gt; template rendering &gt; system-info modal &gt; renders the tools list, parameter inputs, and sorted operator toggles per tab" time="0.24869189">
        </testcase>
    </testsuite>
    <testsuite name="src/app/workspace/component/agent/agent-panel/agent-registration/agent-registration.component.spec.ts" timestamp="2026-08-04T22:49:30.576Z" hostname="ali-Inspiron-15-3520" tests="13" failures="0" errors="0" skipped="0" time="0.348228079">
        <testcase classname="src/app/workspace/component/agent/agent-panel/agent-registration/agent-registration.component.spec.ts" name="AgentRegistrationComponent &gt; should create and default customAgentName to &apos;Texera Agent&apos;" time="0.081095876">
        </testcase>
        <testcase classname="src/app/workspace/component/agent/agent-panel/agent-registration/agent-registration.component.spec.ts" name="AgentRegistrationComponent &gt; ngOnInit &gt; loads the fetched model types and clears the loading flag" time="0.04524004">
        </testcase>
        <testcase classname="src/app/workspace/component/agent/agent-panel/agent-registration/agent-registration.component.spec.ts" name="AgentRegistrationComponent &gt; ngOnInit &gt; flags an error and notifies when no models are returned" time="0.029553232">
        </testcase>
        <testcase classname="src/app/workspace/component/agent/agent-panel/agent-registration/agent-registration.component.spec.ts" name="AgentRegistrationComponent &gt; ngOnInit &gt; flags an error and notifies when fetching models fails" time="0.032931069">
        </testcase>
        <testcase classname="src/app/workspace/component/agent/agent-panel/agent-registration/agent-registration.component.spec.ts" name="AgentRegistrationComponent &gt; ngOnInit &gt; marks the computing unit connected only when the status is Running" time="0.02434776">
        </testcase>
        <testcase classname="src/app/workspace/component/agent/agent-panel/agent-registration/agent-registration.component.spec.ts" name="AgentRegistrationComponent &gt; ngOnInit &gt; marks the computing unit disconnected for a non-Running status" time="0.029061327">
        </testcase>
        <testcase classname="src/app/workspace/component/agent/agent-panel/agent-registration/agent-registration.component.spec.ts" name="AgentRegistrationComponent &gt; selectModelType &gt; updates the selected model type" time="0.020009926">
        </testcase>
        <testcase classname="src/app/workspace/component/agent/agent-panel/agent-registration/agent-registration.component.spec.ts" name="AgentRegistrationComponent &gt; createAgent &gt; emits agentCreated with the new id and resets the form on success" time="0.027887637">
        </testcase>
        <testcase classname="src/app/workspace/component/agent/agent-panel/agent-registration/agent-registration.component.spec.ts" name="AgentRegistrationComponent &gt; createAgent &gt; passes undefined as the name when customAgentName is blank" time="0.012678012">
        </testcase>
        <testcase classname="src/app/workspace/component/agent/agent-panel/agent-registration/agent-registration.component.spec.ts" name="AgentRegistrationComponent &gt; createAgent &gt; does nothing when no model type is selected" time="0.009435797">
        </testcase>
        <testcase classname="src/app/workspace/component/agent/agent-panel/agent-registration/agent-registration.component.spec.ts" name="AgentRegistrationComponent &gt; createAgent &gt; does nothing when a creation is already in progress" time="0.012581438">
        </testcase>
        <testcase classname="src/app/workspace/component/agent/agent-panel/agent-registration/agent-registration.component.spec.ts" name="AgentRegistrationComponent &gt; createAgent &gt; notifies and clears isCreating when creation fails" time="0.010464333">
        </testcase>
        <testcase classname="src/app/workspace/component/agent/agent-panel/agent-registration/agent-registration.component.spec.ts" name="AgentRegistrationComponent &gt; canCreate &gt; is true only with a selected model, an idle form, and a connected computing unit" time="0.011697619">
        </testcase>
    </testsuite>
    <testsuite name="src/app/workspace/component/agent/agent-panel/react-step-detail-modal/react-step-detail-modal.component.spec.ts" timestamp="2026-08-04T22:49:30.577Z" hostname="ali-Inspiron-15-3520" tests="27" failures="0" errors="0" skipped="0" time="1.162676214">
        <testcase classname="src/app/workspace/component/agent/agent-panel/react-step-detail-modal/react-step-detail-modal.component.spec.ts" name="ReActStepDetailModalComponent &gt; should create" time="0.02925523">
        </testcase>
        <testcase classname="src/app/workspace/component/agent/agent-panel/react-step-detail-modal/react-step-detail-modal.component.spec.ts" name="ReActStepDetailModalComponent &gt; closeModal &gt; hides the modal and emits the new visibility" time="0.00984046">
        </testcase>
        <testcase classname="src/app/workspace/component/agent/agent-panel/react-step-detail-modal/react-step-detail-modal.component.spec.ts" name="ReActStepDetailModalComponent &gt; formatResult / formatJson &gt; returns a string result unchanged" time="0.009448067">
        </testcase>
        <testcase classname="src/app/workspace/component/agent/agent-panel/react-step-detail-modal/react-step-detail-modal.component.spec.ts" name="ReActStepDetailModalComponent &gt; formatResult / formatJson &gt; pretty-prints an object result" time="0.009650244">
        </testcase>
        <testcase classname="src/app/workspace/component/agent/agent-panel/react-step-detail-modal/react-step-detail-modal.component.spec.ts" name="ReActStepDetailModalComponent &gt; formatResult / formatJson &gt; formatJson always pretty-prints" time="0.012860016">
        </testcase>
        <testcase classname="src/app/workspace/component/agent/agent-panel/react-step-detail-modal/react-step-detail-modal.component.spec.ts" name="ReActStepDetailModalComponent &gt; getToolResult &gt; returns null when there are no tool results" time="0.009490735">
        </testcase>
        <testcase classname="src/app/workspace/component/agent/agent-panel/react-step-detail-modal/react-step-detail-modal.component.spec.ts" name="ReActStepDetailModalComponent &gt; getToolResult &gt; returns null when the index is out of range" time="0.013641704">
        </testcase>
        <testcase classname="src/app/workspace/component/agent/agent-panel/react-step-detail-modal/react-step-detail-modal.component.spec.ts" name="ReActStepDetailModalComponent &gt; getToolResult &gt; prefers output, then result, then the raw entry" time="0.018282046">
        </testcase>
        <testcase classname="src/app/workspace/component/agent/agent-panel/react-step-detail-modal/react-step-detail-modal.component.spec.ts" name="ReActStepDetailModalComponent &gt; getToolOperatorAccess / hasOperatorAccess &gt; returns null when the step has no operator access" time="0.017062287">
        </testcase>
        <testcase classname="src/app/workspace/component/agent/agent-panel/react-step-detail-modal/react-step-detail-modal.component.spec.ts" name="ReActStepDetailModalComponent &gt; getToolOperatorAccess / hasOperatorAccess &gt; returns the access entry for a tool-call index" time="0.010122851">
        </testcase>
        <testcase classname="src/app/workspace/component/agent/agent-panel/react-step-detail-modal/react-step-detail-modal.component.spec.ts" name="ReActStepDetailModalComponent &gt; getToolOperatorAccess / hasOperatorAccess &gt; reports no access for an empty map" time="0.009038621">
        </testcase>
        <testcase classname="src/app/workspace/component/agent/agent-panel/react-step-detail-modal/react-step-detail-modal.component.spec.ts" name="ReActStepDetailModalComponent &gt; getMessageRoleColor &gt; maps known roles and falls back to default" time="0.008314909">
        </testcase>
        <testcase classname="src/app/workspace/component/agent/agent-panel/react-step-detail-modal/react-step-detail-modal.component.spec.ts" name="ReActStepDetailModalComponent &gt; getTextFromMessage &gt; returns empty string when there is no content" time="0.008983096">
        </testcase>
        <testcase classname="src/app/workspace/component/agent/agent-panel/react-step-detail-modal/react-step-detail-modal.component.spec.ts" name="ReActStepDetailModalComponent &gt; getTextFromMessage &gt; returns string content directly" time="0.011554451">
        </testcase>
        <testcase classname="src/app/workspace/component/agent/agent-panel/react-step-detail-modal/react-step-detail-modal.component.spec.ts" name="ReActStepDetailModalComponent &gt; getTextFromMessage &gt; joins the text parts of array content" time="0.013825005">
        </testcase>
        <testcase classname="src/app/workspace/component/agent/agent-panel/react-step-detail-modal/react-step-detail-modal.component.spec.ts" name="ReActStepDetailModalComponent &gt; getToolCallSummaries &gt; returns an empty array for non-array content" time="0.019533321">
        </testcase>
        <testcase classname="src/app/workspace/component/agent/agent-panel/react-step-detail-modal/react-step-detail-modal.component.spec.ts" name="ReActStepDetailModalComponent &gt; getToolCallSummaries &gt; summarizes tool-call parts and defaults the operatorId" time="0.022304677">
        </testcase>
        <testcase classname="src/app/workspace/component/agent/agent-panel/react-step-detail-modal/react-step-detail-modal.component.spec.ts" name="ReActStepDetailModalComponent &gt; getToolCallStrings (function-call formatting) &gt; renders tool calls as toolName(key=value, ...)" time="0.022595716">
        </testcase>
        <testcase classname="src/app/workspace/component/agent/agent-panel/react-step-detail-modal/react-step-detail-modal.component.spec.ts" name="ReActStepDetailModalComponent &gt; getToolCallStrings (function-call formatting) &gt; truncates long string and non-string argument values" time="0.017170516">
        </testcase>
        <testcase classname="src/app/workspace/component/agent/agent-panel/react-step-detail-modal/react-step-detail-modal.component.spec.ts" name="ReActStepDetailModalComponent &gt; getToolResultFullItems / getToolResultItems &gt; returns [] for non-array content" time="0.029165769">
        </testcase>
        <testcase classname="src/app/workspace/component/agent/agent-panel/react-step-detail-modal/react-step-detail-modal.component.spec.ts" name="ReActStepDetailModalComponent &gt; getToolResultFullItems / getToolResultItems &gt; resolves tool names, content, token count and the trimmed flag" time="0.02353868">
        </testcase>
        <testcase classname="src/app/workspace/component/agent/agent-panel/react-step-detail-modal/react-step-detail-modal.component.spec.ts" name="ReActStepDetailModalComponent &gt; getToolResultFullItems / getToolResultItems &gt; getToolResultItems returns name, token count and trimmed flag" time="0.012771302">
        </testcase>
        <testcase classname="src/app/workspace/component/agent/agent-panel/react-step-detail-modal/react-step-detail-modal.component.spec.ts" name="ReActStepDetailModalComponent &gt; template rendering &gt; renders identification, content, usage, input messages, tool calls and operator access for a maximal step" time="0.417239995">
        </testcase>
        <testcase classname="src/app/workspace/component/agent/agent-panel/react-step-detail-modal/react-step-detail-modal.component.spec.ts" name="ReActStepDetailModalComponent &gt; template rendering &gt; shows the empty-state message when every optional section is absent" time="0.096876627">
        </testcase>
        <testcase classname="src/app/workspace/component/agent/agent-panel/react-step-detail-modal/react-step-detail-modal.component.spec.ts" name="ReActStepDetailModalComponent &gt; template rendering &gt; hides the result and operator-access blocks without toolResults, and renders &apos;result&apos; via formatResult" time="0.099236866">
        </testcase>
        <testcase classname="src/app/workspace/component/agent/agent-panel/react-step-detail-modal/react-step-detail-modal.component.spec.ts" name="ReActStepDetailModalComponent &gt; template rendering &gt; emits visibleChange(false) and closes when the modal close button is clicked" time="0.098347988">
        </testcase>
        <testcase classname="src/app/workspace/component/agent/agent-panel/react-step-detail-modal/react-step-detail-modal.component.spec.ts" name="ReActStepDetailModalComponent &gt; template rendering &gt; renders no overlay content while hidden, and an empty body when visible without a step" time="0.106814456">
        </testcase>
    </testsuite>
    <testsuite name="src/app/workspace/component/left-panel/operator-menu/operator-label/operator-label.component.spec.ts" timestamp="2026-08-04T22:49:30.579Z" hostname="ali-Inspiron-15-3520" tests="2" failures="0" errors="0" skipped="0" time="0.031357339">
        <testcase classname="src/app/workspace/component/left-panel/operator-menu/operator-label/operator-label.component.spec.ts" name="OperatorLabelComponent &gt; should create" time="0.01453614">
        </testcase>
        <testcase classname="src/app/workspace/component/left-panel/operator-menu/operator-label/operator-label.component.spec.ts" name="OperatorLabelComponent &gt; should display operator user friendly name on the UI" time="0.016085169">
        </testcase>
    </testsuite>
    <testsuite name="src/app/workspace/component/workflow-editor/context-menu/context-menu/context-menu.component.spec.ts" timestamp="2026-08-04T22:49:30.579Z" hostname="ali-Inspiron-15-3520" tests="29" failures="0" errors="0" skipped="0" time="0.63411507">
        <testcase classname="src/app/workspace/component/workflow-editor/context-menu/context-menu/context-menu.component.spec.ts" name="ContextMenuComponent &gt; should create" time="0.026928806">
        </testcase>
        <testcase classname="src/app/workspace/component/workflow-editor/context-menu/context-menu/context-menu.component.spec.ts" name="ContextMenuComponent &gt; isSelectedOperatorValid &gt; should return false when multiple operators are highlighted" time="0.032741476">
        </testcase>
        <testcase classname="src/app/workspace/component/workflow-editor/context-menu/context-menu/context-menu.component.spec.ts" name="ContextMenuComponent &gt; isSelectedOperatorValid &gt; should return false when no operators are highlighted" time="0.043180975">
        </testcase>
        <testcase classname="src/app/workspace/component/workflow-editor/context-menu/context-menu/context-menu.component.spec.ts" name="ContextMenuComponent &gt; isSelectedOperatorValid &gt; should return false when workflow is not modifiable" time="0.028442345">
        </testcase>
        <testcase classname="src/app/workspace/component/workflow-editor/context-menu/context-menu/context-menu.component.spec.ts" name="ContextMenuComponent &gt; isSelectedOperatorValid &gt; should return true when single operator is highlighted, workflow is modifiable, and operator is valid" time="0.019545888">
        </testcase>
        <testcase classname="src/app/workspace/component/workflow-editor/context-menu/context-menu/context-menu.component.spec.ts" name="ContextMenuComponent &gt; isSelectedOperatorValid &gt; should return false when single operator is highlighted but operator is invalid" time="0.017842972">
        </testcase>
        <testcase classname="src/app/workspace/component/workflow-editor/context-menu/context-menu/context-menu.component.spec.ts" name="ContextMenuComponent &gt; canExecuteOperator &gt; should return false when multiple operators are highlighted" time="0.021285696">
        </testcase>
        <testcase classname="src/app/workspace/component/workflow-editor/context-menu/context-menu/context-menu.component.spec.ts" name="ContextMenuComponent &gt; canExecuteOperator &gt; should return false when no operators are highlighted" time="0.022063711">
        </testcase>
        <testcase classname="src/app/workspace/component/workflow-editor/context-menu/context-menu/context-menu.component.spec.ts" name="ContextMenuComponent &gt; canExecuteOperator &gt; should return false when workflow is not modifiable" time="0.010620943">
        </testcase>
        <testcase classname="src/app/workspace/component/workflow-editor/context-menu/context-menu/context-menu.component.spec.ts" name="ContextMenuComponent &gt; canExecuteOperator &gt; should return true when all conditions are met (valid, enabled, modifiable)" time="0.012214631">
        </testcase>
        <testcase classname="src/app/workspace/component/workflow-editor/context-menu/context-menu/context-menu.component.spec.ts" name="ContextMenuComponent &gt; canExecuteOperator &gt; should return false when operator is invalid and not check disabled status" time="0.019444056">
        </testcase>
        <testcase classname="src/app/workspace/component/workflow-editor/context-menu/context-menu/context-menu.component.spec.ts" name="ContextMenuComponent &gt; canExecuteOperator &gt; should return false when operator is valid but disabled" time="0.01867489">
        </testcase>
        <testcase classname="src/app/workspace/component/workflow-editor/context-menu/context-menu/context-menu.component.spec.ts" name="ContextMenuComponent &gt; canExecuteOperator &gt; should check disabled status only for valid operators" time="0.012633718">
        </testcase>
        <testcase classname="src/app/workspace/component/workflow-editor/context-menu/context-menu/context-menu.component.spec.ts" name="ContextMenuComponent &gt; onCopy / onPaste &gt; should delegate onCopy to OperatorMenuService.saveHighlightedElements" time="0.012418642">
        </testcase>
        <testcase classname="src/app/workspace/component/workflow-editor/context-menu/context-menu/context-menu.component.spec.ts" name="ContextMenuComponent &gt; onCopy / onPaste &gt; should delegate onPaste to OperatorMenuService.performPasteOperation" time="0.01298183">
        </testcase>
        <testcase classname="src/app/workspace/component/workflow-editor/context-menu/context-menu/context-menu.component.spec.ts" name="ContextMenuComponent &gt; onCut &gt; should copy the highlighted elements before deleting them" time="0.016151003">
        </testcase>
        <testcase classname="src/app/workspace/component/workflow-editor/context-menu/context-menu/context-menu.component.spec.ts" name="ContextMenuComponent &gt; hasHighlightedLinks &gt; should return false when no links are highlighted" time="0.026835587">
        </testcase>
        <testcase classname="src/app/workspace/component/workflow-editor/context-menu/context-menu/context-menu.component.spec.ts" name="ContextMenuComponent &gt; hasHighlightedLinks &gt; should return true when at least one link is highlighted" time="0.013969239">
        </testcase>
        <testcase classname="src/app/workspace/component/workflow-editor/context-menu/context-menu/context-menu.component.spec.ts" name="ContextMenuComponent &gt; onDelete &gt; should delete highlighted operators, standalone links, and comment boxes in one bundled action" time="0.013794715">
        </testcase>
        <testcase classname="src/app/workspace/component/workflow-editor/context-menu/context-menu/context-menu.component.spec.ts" name="ContextMenuComponent &gt; onDelete &gt; should perform every deletion inside the bundleActions callback" time="0.024100035">
        </testcase>
        <testcase classname="src/app/workspace/component/workflow-editor/context-menu/context-menu/context-menu.component.spec.ts" name="ContextMenuComponent &gt; onDelete &gt; should skip highlighted links that no longer exist in the graph" time="0.019807589">
        </testcase>
        <testcase classname="src/app/workspace/component/workflow-editor/context-menu/context-menu/context-menu.component.spec.ts" name="ContextMenuComponent &gt; onDelete &gt; should snapshot the highlighted IDs before deletion mutates the highlight state" time="0.019612741">
        </testcase>
        <testcase classname="src/app/workspace/component/workflow-editor/context-menu/context-menu/context-menu.component.spec.ts" name="ContextMenuComponent &gt; onClickExportHighlightedExecutionResult &gt; should open the result exportation modal with the workflow name and context-menu source" time="0.028176564">
        </testcase>
        <testcase classname="src/app/workspace/component/workflow-editor/context-menu/context-menu/context-menu.component.spec.ts" name="ContextMenuComponent &gt; highlight subscriptions &gt; should keep highlightedOperatorIds in sync with OperatorMenuService emissions" time="0.017059013">
        </testcase>
        <testcase classname="src/app/workspace/component/workflow-editor/context-menu/context-menu/context-menu.component.spec.ts" name="ContextMenuComponent &gt; highlight subscriptions &gt; should keep highlightedCommentBoxIds in sync with OperatorMenuService emissions" time="0.014275535">
        </testcase>
        <testcase classname="src/app/workspace/component/workflow-editor/context-menu/context-menu/context-menu.component.spec.ts" name="ContextMenuComponent onDelete with real WorkflowActionService &gt; should delete a highlighted operator with its attached link without double-deleting the link" time="0.02810457">
        </testcase>
        <testcase classname="src/app/workspace/component/workflow-editor/context-menu/context-menu/context-menu.component.spec.ts" name="ContextMenuComponent onDelete with real WorkflowActionService &gt; should delete a standalone highlighted link and keep its endpoint operators" time="0.029032088">
        </testcase>
        <testcase classname="src/app/workspace/component/workflow-editor/context-menu/context-menu/context-menu.component.spec.ts" name="ContextMenuComponent onDelete with real WorkflowActionService &gt; should delete highlighted comment boxes" time="0.023257353">
        </testcase>
        <testcase classname="src/app/workspace/component/workflow-editor/context-menu/context-menu/context-menu.component.spec.ts" name="ContextMenuComponent onDelete with real WorkflowActionService &gt; should bundle the whole deletion into a single undo step" time="0.047173631">
        </testcase>
    </testsuite>
    <testsuite name="src/app/dashboard/component/user/user-dataset/user-dataset-explorer/user-dataset-file-renderer/user-dataset-file-renderer.component.spec.ts" timestamp="2026-08-04T22:49:30.581Z" hostname="ali-Inspiron-15-3520" tests="34" failures="0" errors="0" skipped="0" time="0.657127182">
        <testcase classname="src/app/dashboard/component/user/user-dataset/user-dataset-explorer/user-dataset-file-renderer/user-dataset-file-renderer.component.spec.ts" name="UserDatasetFileRendererComponent &gt; should return true for supported MIME type" time="0.019267521">
        </testcase>
        <testcase classname="src/app/dashboard/component/user/user-dataset/user-dataset-explorer/user-dataset-file-renderer/user-dataset-file-renderer.component.spec.ts" name="UserDatasetFileRendererComponent &gt; should return false for unsupported MIME type" time="0.020883759">
        </testcase>
        <testcase classname="src/app/dashboard/component/user/user-dataset/user-dataset-explorer/user-dataset-file-renderer/user-dataset-file-renderer.component.spec.ts" name="UserDatasetFileRendererComponent &gt; reloadFileContent &gt; flags an unsupported file type and does not hit the backend" time="0.023265076">
        </testcase>
        <testcase classname="src/app/dashboard/component/user/user-dataset/user-dataset-explorer/user-dataset-file-renderer/user-dataset-file-renderer.component.spec.ts" name="UserDatasetFileRendererComponent &gt; reloadFileContent &gt; flags an oversized file and does not hit the backend" time="0.010793553">
        </testcase>
        <testcase classname="src/app/dashboard/component/user/user-dataset/user-dataset-explorer/user-dataset-file-renderer/user-dataset-file-renderer.component.spec.ts" name="UserDatasetFileRendererComponent &gt; reloadFileContent &gt; retrieves a supported file and switches on the matching display" time="0.017234804">
        </testcase>
        <testcase classname="src/app/dashboard/component/user/user-dataset/user-dataset-explorer/user-dataset-file-renderer/user-dataset-file-renderer.component.spec.ts" name="UserDatasetFileRendererComponent &gt; reloadFileContent &gt; fetches through ModelService when resourceType is model" time="0.014625749">
        </testcase>
        <testcase classname="src/app/dashboard/component/user/user-dataset/user-dataset-explorer/user-dataset-file-renderer/user-dataset-file-renderer.component.spec.ts" name="UserDatasetFileRendererComponent &gt; error handlers &gt; onFileLoadingError sets the loading-error state and clears displays" time="0.012265968">
        </testcase>
        <testcase classname="src/app/dashboard/component/user/user-dataset/user-dataset-explorer/user-dataset-file-renderer/user-dataset-file-renderer.component.spec.ts" name="UserDatasetFileRendererComponent &gt; error handlers &gt; onFileSizeNotLoadable sets the size-unloadable state" time="0.012421177">
        </testcase>
        <testcase classname="src/app/dashboard/component/user/user-dataset/user-dataset-explorer/user-dataset-file-renderer/user-dataset-file-renderer.component.spec.ts" name="UserDatasetFileRendererComponent &gt; error handlers &gt; onFileTypePreviewUnsupported sets the unsupported-type state" time="0.012641778">
        </testcase>
        <testcase classname="src/app/dashboard/component/user/user-dataset/user-dataset-explorer/user-dataset-file-renderer/user-dataset-file-renderer.component.spec.ts" name="UserDatasetFileRendererComponent &gt; display toggles &gt; toggleImageModal flips showImageModal" time="0.018055075">
        </testcase>
        <testcase classname="src/app/dashboard/component/user/user-dataset/user-dataset-explorer/user-dataset-file-renderer/user-dataset-file-renderer.component.spec.ts" name="UserDatasetFileRendererComponent &gt; display toggles &gt; turnOffAllDisplay resets every display and error flag" time="0.011086731">
        </testcase>
        <testcase classname="src/app/dashboard/component/user/user-dataset/user-dataset-explorer/user-dataset-file-renderer/user-dataset-file-renderer.component.spec.ts" name="UserDatasetFileRendererComponent &gt; getMimeType &gt; maps known extensions to their MIME type" time="0.010400344">
        </testcase>
        <testcase classname="src/app/dashboard/component/user/user-dataset/user-dataset-explorer/user-dataset-file-renderer/user-dataset-file-renderer.component.spec.ts" name="UserDatasetFileRendererComponent &gt; getMimeType &gt; resolves the extension case-insensitively" time="0.011297324">
        </testcase>
        <testcase classname="src/app/dashboard/component/user/user-dataset/user-dataset-explorer/user-dataset-file-renderer/user-dataset-file-renderer.component.spec.ts" name="UserDatasetFileRendererComponent &gt; getMimeType &gt; uses only the final extension for names with multiple dots" time="0.010872169">
        </testcase>
        <testcase classname="src/app/dashboard/component/user/user-dataset/user-dataset-explorer/user-dataset-file-renderer/user-dataset-file-renderer.component.spec.ts" name="UserDatasetFileRendererComponent &gt; getMimeType &gt; falls back to octet-stream for unknown extensions" time="0.016227514">
        </testcase>
        <testcase classname="src/app/dashboard/component/user/user-dataset/user-dataset-explorer/user-dataset-file-renderer/user-dataset-file-renderer.component.spec.ts" name="UserDatasetFileRendererComponent &gt; getMimeType &gt; falls back to octet-stream when there is no extension" time="0.013996752">
        </testcase>
        <testcase classname="src/app/dashboard/component/user/user-dataset/user-dataset-explorer/user-dataset-file-renderer/user-dataset-file-renderer.component.spec.ts" name="UserDatasetFileRendererComponent &gt; file content loading &gt; loadTabularFile sets the header, pads short rows to the header width, and keeps longer rows intact" time="0.013681732">
        </testcase>
        <testcase classname="src/app/dashboard/component/user/user-dataset/user-dataset-explorer/user-dataset-file-renderer/user-dataset-file-renderer.component.spec.ts" name="UserDatasetFileRendererComponent &gt; file content loading &gt; loadTabularFile leaves state unchanged for empty data" time="0.010999606">
        </testcase>
        <testcase classname="src/app/dashboard/component/user/user-dataset/user-dataset-explorer/user-dataset-file-renderer/user-dataset-file-renderer.component.spec.ts" name="UserDatasetFileRendererComponent &gt; file content loading &gt; readFileAsText reads the blob text into textContent" time="0.015769754">
        </testcase>
        <testcase classname="src/app/dashboard/component/user/user-dataset/user-dataset-explorer/user-dataset-file-renderer/user-dataset-file-renderer.component.spec.ts" name="UserDatasetFileRendererComponent &gt; ngOnChanges &gt; reloads when filePath changes" time="0.008455104">
        </testcase>
        <testcase classname="src/app/dashboard/component/user/user-dataset/user-dataset-explorer/user-dataset-file-renderer/user-dataset-file-renderer.component.spec.ts" name="UserDatasetFileRendererComponent &gt; ngOnChanges &gt; reloads when both did and dvid change together" time="0.046861782">
        </testcase>
        <testcase classname="src/app/dashboard/component/user/user-dataset/user-dataset-explorer/user-dataset-file-renderer/user-dataset-file-renderer.component.spec.ts" name="UserDatasetFileRendererComponent &gt; ngOnChanges &gt; does not reload when only did changes without dvid" time="0.015946833">
        </testcase>
        <testcase classname="src/app/dashboard/component/user/user-dataset/user-dataset-explorer/user-dataset-file-renderer/user-dataset-file-renderer.component.spec.ts" name="UserDatasetFileRendererComponent &gt; ngOnChanges &gt; does not reload for an unrelated input change" time="0.01107264">
        </testcase>
        <testcase classname="src/app/dashboard/component/user/user-dataset/user-dataset-explorer/user-dataset-file-renderer/user-dataset-file-renderer.component.spec.ts" name="UserDatasetFileRendererComponent &gt; ngOnDestroy &gt; revokes the object URL when one was created" time="0.011317635">
        </testcase>
        <testcase classname="src/app/dashboard/component/user/user-dataset/user-dataset-explorer/user-dataset-file-renderer/user-dataset-file-renderer.component.spec.ts" name="UserDatasetFileRendererComponent &gt; ngOnDestroy &gt; does nothing when no object URL exists" time="0.014237423">
        </testcase>
        <testcase classname="src/app/dashboard/component/user/user-dataset/user-dataset-explorer/user-dataset-file-renderer/user-dataset-file-renderer.component.spec.ts" name="UserDatasetFileRendererComponent &gt; turnOffAllDisplay URL cleanup &gt; revokes both the raw and the safe object URLs when present" time="0.010852931">
        </testcase>
        <testcase classname="src/app/dashboard/component/user/user-dataset/user-dataset-explorer/user-dataset-file-renderer/user-dataset-file-renderer.component.spec.ts" name="UserDatasetFileRendererComponent &gt; reloadFileContent viewer selection &gt; selects the image viewer and builds a safe URL for a PNG" time="0.010854325">
        </testcase>
        <testcase classname="src/app/dashboard/component/user/user-dataset/user-dataset-explorer/user-dataset-file-renderer/user-dataset-file-renderer.component.spec.ts" name="UserDatasetFileRendererComponent &gt; reloadFileContent viewer selection &gt; selects the video viewer for an MP4" time="0.008529803">
        </testcase>
        <testcase classname="src/app/dashboard/component/user/user-dataset/user-dataset-explorer/user-dataset-file-renderer/user-dataset-file-renderer.component.spec.ts" name="UserDatasetFileRendererComponent &gt; reloadFileContent viewer selection &gt; selects the audio viewer for an MP3" time="0.022128115">
        </testcase>
        <testcase classname="src/app/dashboard/component/user/user-dataset/user-dataset-explorer/user-dataset-file-renderer/user-dataset-file-renderer.component.spec.ts" name="UserDatasetFileRendererComponent &gt; reloadFileContent viewer selection &gt; selects the markdown viewer for a MD file" time="0.010567231">
        </testcase>
        <testcase classname="src/app/dashboard/component/user/user-dataset/user-dataset-explorer/user-dataset-file-renderer/user-dataset-file-renderer.component.spec.ts" name="UserDatasetFileRendererComponent &gt; reloadFileContent viewer selection &gt; selects the JSON viewer for a JSON file" time="0.011955055">
        </testcase>
        <testcase classname="src/app/dashboard/component/user/user-dataset/user-dataset-explorer/user-dataset-file-renderer/user-dataset-file-renderer.component.spec.ts" name="UserDatasetFileRendererComponent &gt; reloadFileContent viewer selection &gt; selects the CSV viewer and parses the file into the tabular header and content" time="0.065805016">
        </testcase>
        <testcase classname="src/app/dashboard/component/user/user-dataset/user-dataset-explorer/user-dataset-file-renderer/user-dataset-file-renderer.component.spec.ts" name="UserDatasetFileRendererComponent &gt; reloadFileContent viewer selection &gt; flags an oversized blob returned by the backend and warns the user" time="0.111404436">
        </testcase>
        <testcase classname="src/app/dashboard/component/user/user-dataset/user-dataset-explorer/user-dataset-file-renderer/user-dataset-file-renderer.component.spec.ts" name="UserDatasetFileRendererComponent &gt; reloadFileContent viewer selection &gt; re-checks preview support on the loaded blob and rejects an unsupported one" time="0.018497818">
        </testcase>
    </testsuite>
    <testsuite name="src/app/dashboard/component/user/user-dataset/user-dataset-explorer/user-dataset-staged-objects-list/user-dataset-staged-objects-list.component.spec.ts" timestamp="2026-08-04T22:49:30.584Z" hostname="ali-Inspiron-15-3520" tests="8" failures="0" errors="0" skipped="0" time="0.326954732">
        <testcase classname="src/app/dashboard/component/user/user-dataset/user-dataset-explorer/user-dataset-staged-objects-list/user-dataset-staged-objects-list.component.spec.ts" name="UserDatasetStagedObjectsListComponent &gt; fetches staged objects on init and emits them" time="0.010295974">
        </testcase>
        <testcase classname="src/app/dashboard/component/user/user-dataset/user-dataset-explorer/user-dataset-staged-objects-list/user-dataset-staged-objects-list.component.spec.ts" name="UserDatasetStagedObjectsListComponent &gt; does not fetch staged objects when did is undefined" time="0.007123694">
        </testcase>
        <testcase classname="src/app/dashboard/component/user/user-dataset/user-dataset-explorer/user-dataset-staged-objects-list/user-dataset-staged-objects-list.component.spec.ts" name="UserDatasetStagedObjectsListComponent &gt; coalesces bursts of change events into one refetch per audit window" time="0.00784615">
        </testcase>
        <testcase classname="src/app/dashboard/component/user/user-dataset/user-dataset-explorer/user-dataset-staged-objects-list/user-dataset-staged-objects-list.component.spec.ts" name="UserDatasetStagedObjectsListComponent &gt; identifies staged objects by diff type and path in trackByStagedObject" time="0.00690079">
        </testcase>
        <testcase classname="src/app/dashboard/component/user/user-dataset/user-dataset-explorer/user-dataset-staged-objects-list/user-dataset-staged-objects-list.component.spec.ts" name="UserDatasetStagedObjectsListComponent &gt; renders staged object rows inside the virtual scroll viewport" time="0.048036108">
        </testcase>
        <testcase classname="src/app/dashboard/component/user/user-dataset/user-dataset-explorer/user-dataset-staged-objects-list/user-dataset-staged-objects-list.component.spec.ts" name="UserDatasetStagedObjectsListComponent &gt; reverts a staged object from its row&apos;s delete button" time="0.039250066">
        </testcase>
        <testcase classname="src/app/dashboard/component/user/user-dataset/user-dataset-explorer/user-dataset-staged-objects-list/user-dataset-staged-objects-list.component.spec.ts" name="UserDatasetStagedObjectsListComponent &gt; shows the full path and upload time in the row tooltip" time="0.125475321">
        </testcase>
        <testcase classname="src/app/dashboard/component/user/user-dataset/user-dataset-explorer/user-dataset-staged-objects-list/user-dataset-staged-objects-list.component.spec.ts" name="UserDatasetStagedObjectsListComponent &gt; re-measures the viewport on request" time="0.080864439">
        </testcase>
    </testsuite>
    <testsuite name="src/app/dashboard/component/user/user-dataset/user-dataset-explorer/user-dataset-version-creator/user-dataset-version-creator.component.spec.ts" timestamp="2026-08-04T22:49:30.584Z" hostname="ali-Inspiron-15-3520" tests="10" failures="0" errors="0" skipped="0" time="0.544869265">
        <testcase classname="src/app/dashboard/component/user/user-dataset/user-dataset-explorer/user-dataset-version-creator/user-dataset-version-creator.component.spec.ts" name="UserDatasetVersionCreatorComponent &gt; should create and render the formly form (dataset-creation mode)" time="0.103733744">
        </testcase>
        <testcase classname="src/app/dashboard/component/user/user-dataset/user-dataset-explorer/user-dataset-version-creator/user-dataset-version-creator.component.spec.ts" name="UserDatasetVersionCreatorComponent &gt; ngOnInit builds the version-description field when creating a version" time="0.082322633">
        </testcase>
        <testcase classname="src/app/dashboard/component/user/user-dataset/user-dataset-explorer/user-dataset-version-creator/user-dataset-version-creator.component.spec.ts" name="UserDatasetVersionCreatorComponent &gt; ngOnInit builds the name + description fields when creating a dataset" time="0.036788335">
        </testcase>
        <testcase classname="src/app/dashboard/component/user/user-dataset/user-dataset-explorer/user-dataset-version-creator/user-dataset-version-creator.component.spec.ts" name="UserDatasetVersionCreatorComponent &gt; onClickCreate does nothing when the required name is empty (invalid form)" time="0.068886404">
        </testcase>
        <testcase classname="src/app/dashboard/component/user/user-dataset/user-dataset-explorer/user-dataset-version-creator/user-dataset-version-creator.component.spec.ts" name="UserDatasetVersionCreatorComponent &gt; onClickCreate creates a dataset with a sanitized name and closes the modal on success" time="0.082348894">
        </testcase>
        <testcase classname="src/app/dashboard/component/user/user-dataset/user-dataset-explorer/user-dataset-version-creator/user-dataset-version-creator.component.spec.ts" name="UserDatasetVersionCreatorComponent &gt; onClickCreate creates a dataset version and closes the modal on success" time="0.050350501">
        </testcase>
        <testcase classname="src/app/dashboard/component/user/user-dataset/user-dataset-explorer/user-dataset-version-creator/user-dataset-version-creator.component.spec.ts" name="UserDatasetVersionCreatorComponent &gt; onClickCreate notifies and closes with null when version creation fails" time="0.038515056">
        </testcase>
        <testcase classname="src/app/dashboard/component/user/user-dataset/user-dataset-explorer/user-dataset-version-creator/user-dataset-version-creator.component.spec.ts" name="UserDatasetVersionCreatorComponent &gt; onClickCancel closes the modal with null" time="0.042551464">
        </testcase>
        <testcase classname="src/app/dashboard/component/user/user-dataset/user-dataset-explorer/user-dataset-version-creator/user-dataset-version-creator.component.spec.ts" name="UserDatasetVersionCreatorComponent &gt; datasetNameSanitization lowercases, dashes non-alphanumerics, and flags the change" time="0.020380288">
        </testcase>
        <testcase classname="src/app/dashboard/component/user/user-dataset/user-dataset-explorer/user-dataset-version-creator/user-dataset-version-creator.component.spec.ts" name="UserDatasetVersionCreatorComponent &gt; switch handlers toggle the public and downloadable flags" time="0.018151383">
        </testcase>
    </testsuite>
    <testsuite name="src/app/dashboard/component/user/user-dataset/user-dataset-explorer/user-dataset-version-filetree/user-dataset-version-filetree.component.spec.ts" timestamp="2026-08-04T22:49:30.585Z" hostname="ali-Inspiron-15-3520" tests="13" failures="0" errors="0" skipped="0" time="1.143547094">
        <testcase classname="src/app/dashboard/component/user/user-dataset/user-dataset-explorer/user-dataset-version-filetree/user-dataset-version-filetree.component.spec.ts" name="UserDatasetVersionFiletreeComponent &gt; enables virtual scrolling with the 24px node height the row styles pin" time="0.053242743">
        </testcase>
        <testcase classname="src/app/dashboard/component/user/user-dataset/user-dataset-explorer/user-dataset-version-filetree/user-dataset-version-filetree.component.spec.ts" name="UserDatasetVersionFiletreeComponent &gt; keeps the full tree in the model without one DOM row per file" time="0.453349241">
        </testcase>
        <testcase classname="src/app/dashboard/component/user/user-dataset/user-dataset-explorer/user-dataset-version-filetree/user-dataset-version-filetree.component.spec.ts" name="UserDatasetVersionFiletreeComponent &gt; collapses the container when there are no files" time="0.092563883">
        </testcase>
        <testcase classname="src/app/dashboard/component/user/user-dataset/user-dataset-explorer/user-dataset-version-filetree/user-dataset-version-filetree.component.spec.ts" name="UserDatasetVersionFiletreeComponent &gt; sizes the container to its content for small trees" time="0.069744634">
        </testcase>
        <testcase classname="src/app/dashboard/component/user/user-dataset/user-dataset-explorer/user-dataset-version-filetree/user-dataset-version-filetree.component.spec.ts" name="UserDatasetVersionFiletreeComponent &gt; caps the container height at 200px for large trees" time="0.293464439">
        </testcase>
        <testcase classname="src/app/dashboard/component/user/user-dataset/user-dataset-explorer/user-dataset-version-filetree/user-dataset-version-filetree.component.spec.ts" name="UserDatasetVersionFiletreeComponent &gt; counts nested folder contents when sizing the container" time="0.029259067">
        </testcase>
        <testcase classname="src/app/dashboard/component/user/user-dataset/user-dataset-explorer/user-dataset-version-filetree/user-dataset-version-filetree.component.spec.ts" name="UserDatasetVersionFiletreeComponent &gt; treats a missing files input as an empty tree" time="0.027571618">
        </testcase>
        <testcase classname="src/app/dashboard/component/user/user-dataset/user-dataset-explorer/user-dataset-version-filetree/user-dataset-version-filetree.component.spec.ts" name="UserDatasetVersionFiletreeComponent &gt; expands all folders after view init when isExpandAllAfterViewInit is set" time="0.031584944">
        </testcase>
        <testcase classname="src/app/dashboard/component/user/user-dataset/user-dataset-explorer/user-dataset-version-filetree/user-dataset-version-filetree.component.spec.ts" name="UserDatasetVersionFiletreeComponent &gt; toggles expansion without emitting selectedTreeNode when a folder is clicked" time="0.017309863">
        </testcase>
        <testcase classname="src/app/dashboard/component/user/user-dataset/user-dataset-explorer/user-dataset-version-filetree/user-dataset-version-filetree.component.spec.ts" name="UserDatasetVersionFiletreeComponent &gt; emits selectedTreeNode when a leaf node is clicked" time="0.01824562">
        </testcase>
        <testcase classname="src/app/dashboard/component/user/user-dataset/user-dataset-explorer/user-dataset-version-filetree/user-dataset-version-filetree.component.spec.ts" name="UserDatasetVersionFiletreeComponent &gt; emits deletedTreeNode when a node deletion is requested" time="0.013408887">
        </testcase>
        <testcase classname="src/app/dashboard/component/user/user-dataset/user-dataset-explorer/user-dataset-version-filetree/user-dataset-version-filetree.component.spec.ts" name="UserDatasetVersionFiletreeComponent &gt; identifies image files by extension, case-insensitively" time="0.029226454">
        </testcase>
        <testcase classname="src/app/dashboard/component/user/user-dataset/user-dataset-explorer/user-dataset-version-filetree/user-dataset-version-filetree.component.spec.ts" name="UserDatasetVersionFiletreeComponent &gt; emits the file&apos;s dataset-relative path when set as cover" time="0.011961753">
        </testcase>
    </testsuite>
    <testsuite name="src/app/dashboard/component/user/user-model/user-model-explorer/user-model-staged-objects-list/user-model-staged-objects-list.component.spec.ts" timestamp="2026-08-04T22:49:30.586Z" hostname="ali-Inspiron-15-3520" tests="8" failures="0" errors="0" skipped="0" time="0.332285231">
        <testcase classname="src/app/dashboard/component/user/user-model/user-model-explorer/user-model-staged-objects-list/user-model-staged-objects-list.component.spec.ts" name="UserModelStagedObjectsListComponent &gt; fetches staged objects on init and emits them" time="0.012788074">
        </testcase>
        <testcase classname="src/app/dashboard/component/user/user-model/user-model-explorer/user-model-staged-objects-list/user-model-staged-objects-list.component.spec.ts" name="UserModelStagedObjectsListComponent &gt; does not fetch staged objects when did is undefined" time="0.008066123">
        </testcase>
        <testcase classname="src/app/dashboard/component/user/user-model/user-model-explorer/user-model-staged-objects-list/user-model-staged-objects-list.component.spec.ts" name="UserModelStagedObjectsListComponent &gt; coalesces bursts of change events into one refetch per audit window" time="0.010700651">
        </testcase>
        <testcase classname="src/app/dashboard/component/user/user-model/user-model-explorer/user-model-staged-objects-list/user-model-staged-objects-list.component.spec.ts" name="UserModelStagedObjectsListComponent &gt; identifies staged objects by diff type and path in trackByStagedObject" time="0.006735574">
        </testcase>
        <testcase classname="src/app/dashboard/component/user/user-model/user-model-explorer/user-model-staged-objects-list/user-model-staged-objects-list.component.spec.ts" name="UserModelStagedObjectsListComponent &gt; renders staged object rows inside the virtual scroll viewport" time="0.061206547">
        </testcase>
        <testcase classname="src/app/dashboard/component/user/user-model/user-model-explorer/user-model-staged-objects-list/user-model-staged-objects-list.component.spec.ts" name="UserModelStagedObjectsListComponent &gt; reverts a staged object from its row&apos;s delete button" time="0.055719558">
        </testcase>
        <testcase classname="src/app/dashboard/component/user/user-model/user-model-explorer/user-model-staged-objects-list/user-model-staged-objects-list.component.spec.ts" name="UserModelStagedObjectsListComponent &gt; shows the full path and upload time in the row tooltip" time="0.099133216">
        </testcase>
        <testcase classname="src/app/dashboard/component/user/user-model/user-model-explorer/user-model-staged-objects-list/user-model-staged-objects-list.component.spec.ts" name="UserModelStagedObjectsListComponent &gt; re-measures the viewport on request" time="0.077093488">
        </testcase>
    </testsuite>
    <testsuite name="src/app/dashboard/component/user/user-project/user-project-section/ngbd-modal-add-project-workflow/ngbd-modal-add-project-workflow.component.spec.ts" timestamp="2026-08-04T22:49:30.587Z" hostname="ali-Inspiron-15-3520" tests="4" failures="0" errors="0" skipped="0" time="0.213617814">
        <testcase classname="src/app/dashboard/component/user/user-project/user-project-section/ngbd-modal-add-project-workflow/ngbd-modal-add-project-workflow.component.spec.ts" name="NgbdModalAddProjectWorkflowComponent &gt; creates and renders one row per unadded workflow" time="0.093169156">
        </testcase>
        <testcase classname="src/app/dashboard/component/user/user-project/user-project-section/ngbd-modal-add-project-workflow/ngbd-modal-add-project-workflow.component.spec.ts" name="NgbdModalAddProjectWorkflowComponent &gt; isAllChecked is true only when every workflow is checked" time="0.037053558">
        </testcase>
        <testcase classname="src/app/dashboard/component/user/user-project/user-project-section/ngbd-modal-add-project-workflow/ngbd-modal-add-project-workflow.component.spec.ts" name="NgbdModalAddProjectWorkflowComponent &gt; changeAll checks all when some are unchecked, and clears all when every one is checked" time="0.029978576">
        </testcase>
        <testcase classname="src/app/dashboard/component/user/user-project/user-project-section/ngbd-modal-add-project-workflow/ngbd-modal-add-project-workflow.component.spec.ts" name="NgbdModalAddProjectWorkflowComponent &gt; submitForm adds only the checked workflows to the project and caches them" time="0.052591158">
        </testcase>
    </testsuite>
    <testsuite name="src/app/dashboard/component/user/user-project/user-project-section/ngbd-modal-remove-project-workflow/ngbd-modal-remove-project-workflow.component.spec.ts" timestamp="2026-08-04T22:49:30.587Z" hostname="ali-Inspiron-15-3520" tests="13" failures="0" errors="0" skipped="0" time="0.387110448">
        <testcase classname="src/app/dashboard/component/user/user-project/user-project-section/ngbd-modal-remove-project-workflow/ngbd-modal-remove-project-workflow.component.spec.ts" name="NgbdModalRemoveProjectWorkflowComponent &gt; should create" time="0.023780568">
        </testcase>
        <testcase classname="src/app/dashboard/component/user/user-project/user-project-section/ngbd-modal-remove-project-workflow/ngbd-modal-remove-project-workflow.component.spec.ts" name="NgbdModalRemoveProjectWorkflowComponent &gt; reads the project id from the modal data" time="0.019457453">
        </testcase>
        <testcase classname="src/app/dashboard/component/user/user-project/user-project-section/ngbd-modal-remove-project-workflow/ngbd-modal-remove-project-workflow.component.spec.ts" name="NgbdModalRemoveProjectWorkflowComponent &gt; ngOnInit &gt; loads the project&apos;s workflows and initializes the checkboxes as unchecked" time="0.027071622">
        </testcase>
        <testcase classname="src/app/dashboard/component/user/user-project/user-project-section/ngbd-modal-remove-project-workflow/ngbd-modal-remove-project-workflow.component.spec.ts" name="NgbdModalRemoveProjectWorkflowComponent &gt; isAllChecked &gt; is false when there are no workflows" time="0.016178464">
        </testcase>
        <testcase classname="src/app/dashboard/component/user/user-project/user-project-section/ngbd-modal-remove-project-workflow/ngbd-modal-remove-project-workflow.component.spec.ts" name="NgbdModalRemoveProjectWorkflowComponent &gt; isAllChecked &gt; is true only when every checkbox is checked" time="0.023240599">
        </testcase>
        <testcase classname="src/app/dashboard/component/user/user-project/user-project-section/ngbd-modal-remove-project-workflow/ngbd-modal-remove-project-workflow.component.spec.ts" name="NgbdModalRemoveProjectWorkflowComponent &gt; changeAll &gt; checks every box when not all are checked" time="0.022659614">
        </testcase>
        <testcase classname="src/app/dashboard/component/user/user-project/user-project-section/ngbd-modal-remove-project-workflow/ngbd-modal-remove-project-workflow.component.spec.ts" name="NgbdModalRemoveProjectWorkflowComponent &gt; changeAll &gt; unchecks every box when all are checked" time="0.033032075">
        </testcase>
        <testcase classname="src/app/dashboard/component/user/user-project/user-project-section/ngbd-modal-remove-project-workflow/ngbd-modal-remove-project-workflow.component.spec.ts" name="NgbdModalRemoveProjectWorkflowComponent &gt; changeAll &gt; is a safe no-op on an empty list" time="0.026348824">
        </testcase>
        <testcase classname="src/app/dashboard/component/user/user-project/user-project-section/ngbd-modal-remove-project-workflow/ngbd-modal-remove-project-workflow.component.spec.ts" name="NgbdModalRemoveProjectWorkflowComponent &gt; submitForm &gt; removes only the checked workflows and drops them from the retained list" time="0.029343312">
        </testcase>
        <testcase classname="src/app/dashboard/component/user/user-project/user-project-section/ngbd-modal-remove-project-workflow/ngbd-modal-remove-project-workflow.component.spec.ts" name="NgbdModalRemoveProjectWorkflowComponent &gt; submitForm &gt; removes every workflow when all are checked" time="0.030629197">
        </testcase>
        <testcase classname="src/app/dashboard/component/user/user-project/user-project-section/ngbd-modal-remove-project-workflow/ngbd-modal-remove-project-workflow.component.spec.ts" name="NgbdModalRemoveProjectWorkflowComponent &gt; submitForm &gt; does nothing when no workflow is checked" time="0.038304643">
        </testcase>
        <testcase classname="src/app/dashboard/component/user/user-project/user-project-section/ngbd-modal-remove-project-workflow/ngbd-modal-remove-project-workflow.component.spec.ts" name="NgbdModalRemoveProjectWorkflowComponent &gt; submitForm &gt; subscribes to the removal requests so they are actually dispatched" time="0.046720605">
        </testcase>
        <testcase classname="src/app/dashboard/component/user/user-project/user-project-section/ngbd-modal-remove-project-workflow/ngbd-modal-remove-project-workflow.component.spec.ts" name="NgbdModalRemoveProjectWorkflowComponent &gt; template wiring &gt; renders a row per workflow and connects the select-all and Confirm controls" time="0.048119804">
        </testcase>
    </testsuite>
    <testsuite name="src/app/dashboard/component/user/user-workflow/ngbd-modal-workflow-executions/workflow-runtime-statistics/workflow-runtime-statistics.component.spec.ts" timestamp="2026-08-04T22:49:30.588Z" hostname="ali-Inspiron-15-3520" tests="10" failures="0" errors="0" skipped="0" time="1.538043289">
        <testcase classname="src/app/dashboard/component/user/user-workflow/ngbd-modal-workflow-executions/workflow-runtime-statistics/workflow-runtime-statistics.component.spec.ts" name="WorkflowRuntimeStatisticsComponent &gt; should create" time="0.590570789">
        </testcase>
        <testcase classname="src/app/dashboard/component/user/user-workflow/ngbd-modal-workflow-executions/workflow-runtime-statistics/workflow-runtime-statistics.component.spec.ts" name="WorkflowRuntimeStatisticsComponent &gt; ngOnInit plots the metric-0 dataset and layout onto the #chart div" time="0.192042076">
        </testcase>
        <testcase classname="src/app/dashboard/component/user/user-workflow/ngbd-modal-workflow-executions/workflow-runtime-statistics/workflow-runtime-statistics.component.spec.ts" name="WorkflowRuntimeStatisticsComponent &gt; ngOnInit warns and does not plot when workflowRuntimeStatistics is undefined" time="0.040111664">
        </testcase>
        <testcase classname="src/app/dashboard/component/user/user-workflow/ngbd-modal-workflow-executions/workflow-runtime-statistics/workflow-runtime-statistics.component.spec.ts" name="WorkflowRuntimeStatisticsComponent &gt; groupStatisticsByOperatorId converts ns-&gt;s, makes timestamps relative, and groups repeated operatorIds" time="0.014290467">
        </testcase>
        <testcase classname="src/app/dashboard/component/user/user-workflow/ngbd-modal-workflow-executions/workflow-runtime-statistics/workflow-runtime-statistics.component.spec.ts" name="WorkflowRuntimeStatisticsComponent &gt; groupStatisticsByOperatorId skips stats missing an operatorId" time="0.018261911">
        </testcase>
        <testcase classname="src/app/dashboard/component/user/user-workflow/ngbd-modal-workflow-executions/workflow-runtime-statistics/workflow-runtime-statistics.component.spec.ts" name="WorkflowRuntimeStatisticsComponent &gt; createDataset removes sink operators and names series &apos;&lt;operatorName&gt;-&lt;last6ofId&gt;&apos;" time="0.011338796">
        </testcase>
        <testcase classname="src/app/dashboard/component/user/user-workflow/ngbd-modal-workflow-executions/workflow-runtime-statistics/workflow-runtime-statistics.component.spec.ts" name="WorkflowRuntimeStatisticsComponent &gt; createDataset selects the metric by index and scales x by 1/1000" time="0.011201852">
        </testcase>
        <testcase classname="src/app/dashboard/component/user/user-workflow/ngbd-modal-workflow-executions/workflow-runtime-statistics/workflow-runtime-statistics.component.spec.ts" name="WorkflowRuntimeStatisticsComponent &gt; onTabChanged re-plots the newly selected metric onto the #chart div" time="0.470600933">
        </testcase>
        <testcase classname="src/app/dashboard/component/user/user-workflow/ngbd-modal-workflow-executions/workflow-runtime-statistics/workflow-runtime-statistics.component.spec.ts" name="WorkflowRuntimeStatisticsComponent &gt; createChart warns and does not plot when the dataset is empty (only a sink operator)" time="0.115655483">
        </testcase>
        <testcase classname="src/app/dashboard/component/user/user-workflow/ngbd-modal-workflow-executions/workflow-runtime-statistics/workflow-runtime-statistics.component.spec.ts" name="WorkflowRuntimeStatisticsComponent &gt; createChart warns twice and does not plot when the statistics array is empty" time="0.072977103">
        </testcase>
    </testsuite>
</testsuites>
